OpenROAD 41a51eaf4ca2171c92ff38afb91eb37bbd3f36da 
This program is licensed under the BSD-3 license. See the LICENSE file for details.
Components of this program may be licensed under more restrictive licenses which must be honored.
[INFO]: Reading ODB at '/openlane/designs/bist_top/runs/RUN_2026.07.07_07.08.34/results/cts/bist_top.odb'…
define_corners Slowest Typical Fastest
read_liberty -corner Slowest /root/.ciel/sky130A/libs.ref/sky130_fd_sc_hd/lib/sky130_fd_sc_hd__ss_100C_1v60.lib
read_liberty -corner Typical /root/.ciel/sky130A/libs.ref/sky130_fd_sc_hd/lib/sky130_fd_sc_hd__tt_025C_1v80.lib
read_liberty -corner Fastest /root/.ciel/sky130A/libs.ref/sky130_fd_sc_hd/lib/sky130_fd_sc_hd__ff_n40C_1v95.lib
Using 1e-12 for capacitance...
Using 1e+03 for resistance...
Using 1e-09 for time...
Using 1e+00 for voltage...
Using 1e-03 for current...
Using 1e-09 for power...
Using 1e-06 for distance...
Reading design constraints file at '/openlane/designs/bist_top/runs/RUN_2026.07.07_07.08.34/results/cts/bist_top.sdc'…
[INFO]: Setting RC values...
[INFO RSZ-0046] Found 146 endpoints with hold violations.
[INFO RSZ-0032] Inserted 146 hold buffers.
Placement Analysis
---------------------------------
total displacement        971.8 u
average displacement        0.7 u
max displacement           11.8 u
original HPWL           17387.0 u
legalized HPWL          18773.1 u
delta HPWL                    8 %

[INFO DPL-0020] Mirrored 387 instances
[INFO DPL-0021] HPWL before           18773.1 u
[INFO DPL-0022] HPWL after            18127.1 u
[INFO DPL-0023] HPWL delta               -3.4 %
Setting global connections for newly added cells…
Writing OpenROAD database to '/openlane/designs/bist_top/runs/RUN_2026.07.07_07.08.34/tmp/cts/14-bist_top.resized.odb'…
Writing netlist to '/openlane/designs/bist_top/runs/RUN_2026.07.07_07.08.34/tmp/cts/14-bist_top.resized.nl.v'…
Writing powered netlist to '/openlane/designs/bist_top/runs/RUN_2026.07.07_07.08.34/tmp/cts/14-bist_top.resized.pnl.v'…
Writing layout to '/openlane/designs/bist_top/runs/RUN_2026.07.07_07.08.34/tmp/cts/14-bist_top.resized.def'…
Writing timing constraints to '/openlane/designs/bist_top/runs/RUN_2026.07.07_07.08.34/tmp/cts/14-bist_top.resized.sdc'…
area_report

===========================================================================
report_design_area
============================================================================
Design area 9907 u^2 49% utilization.
area_report_end
