
===========================================================================
 report_power
============================================================================
======================= Fastest Corner ===================================

Group                  Internal  Switching    Leakage      Total
                          Power      Power      Power      Power (Watts)
----------------------------------------------------------------
Sequential             9.09e-04   1.34e-04   1.64e-07   1.04e-03  38.6%
Combinational          7.69e-04   8.94e-04   8.16e-09   1.66e-03  61.4%
Macro                  0.00e+00   0.00e+00   0.00e+00   0.00e+00   0.0%
Pad                    0.00e+00   0.00e+00   0.00e+00   0.00e+00   0.0%
----------------------------------------------------------------
Total                  1.68e-03   1.03e-03   1.72e-07   2.71e-03 100.0%
                          62.0%      38.0%       0.0%

======================= Slowest Corner ===================================

Group                  Internal  Switching    Leakage      Total
                          Power      Power      Power      Power (Watts)
----------------------------------------------------------------
Sequential             6.13e-04   8.74e-05   2.52e-06   7.03e-04  38.2%
Combinational          5.53e-04   5.80e-04   3.88e-06   1.14e-03  61.8%
Macro                  0.00e+00   0.00e+00   0.00e+00   0.00e+00   0.0%
Pad                    0.00e+00   0.00e+00   0.00e+00   0.00e+00   0.0%
----------------------------------------------------------------
Total                  1.17e-03   6.68e-04   6.40e-06   1.84e-03 100.0%
                          63.4%      36.3%       0.3%

======================= Typical Corner ===================================

Group                  Internal  Switching    Leakage      Total
                          Power      Power      Power      Power (Watts)
----------------------------------------------------------------
Sequential             7.86e-04   1.12e-04   1.63e-07   8.99e-04  38.5%
Combinational          6.84e-04   7.49e-04   4.07e-09   1.43e-03  61.5%
Macro                  0.00e+00   0.00e+00   0.00e+00   0.00e+00   0.0%
Pad                    0.00e+00   0.00e+00   0.00e+00   0.00e+00   0.0%
----------------------------------------------------------------
Total                  1.47e-03   8.62e-04   1.67e-07   2.33e-03 100.0%
                          63.0%      36.9%       0.0%

