OpenROAD 41a51eaf4ca2171c92ff38afb91eb37bbd3f36da 
This program is licensed under the BSD-3 license. See the LICENSE file for details.
Components of this program may be licensed under more restrictive licenses which must be honored.
[INFO]: Reading ODB at '/openlane/designs/bist_top/runs/RUN_2026.07.07_07.08.34/results/floorplan/bist_top.odb'…
define_corners Typical
read_liberty -corner Typical /root/.ciel/sky130A/libs.ref/sky130_fd_sc_hd/lib/sky130_fd_sc_hd__tt_025C_1v80.lib
Using 1e-12 for capacitance...
Using 1e+03 for resistance...
Using 1e-09 for time...
Using 1e+00 for voltage...
Using 1e-03 for current...
Using 1e-09 for power...
Using 1e-06 for distance...
Reading design constraints file at '/openlane/designs/bist_top/runs/RUN_2026.07.07_07.08.34/tmp/floorplan/3-initial_fp.sdc'…
[INFO]: Setting RC values...
[INFO]: Setting signal min routing layer to: met1 and clock min routing layer to met3. 
[INFO]: Setting signal max routing layer to: met5 and clock max routing layer to met5. 
[INFO GPL-0002] DBU: 1000
[INFO GPL-0003] SiteSize: 460 2720
[INFO GPL-0004] CoreAreaLxLy: 5520 10880
[INFO GPL-0005] CoreAreaUxUy: 148120 152320
[INFO GPL-0006] NumInstances: 1123
[INFO GPL-0007] NumPlaceInstances: 749
[INFO GPL-0008] NumFixedInstances: 374
[INFO GPL-0009] NumDummyInstances: 0
[INFO GPL-0010] NumNets: 752
[INFO GPL-0011] NumPins: 2544
[INFO GPL-0012] DieAreaLxLy: 0 0
[INFO GPL-0013] DieAreaUxUy: 153695 164415
[INFO GPL-0014] CoreAreaLxLy: 5520 10880
[INFO GPL-0015] CoreAreaUxUy: 148120 152320
[INFO GPL-0016] CoreArea: 20169344000
[INFO GPL-0017] NonPlaceInstsArea: 728198400
[INFO GPL-0018] PlaceInstsArea: 8140307200
[INFO GPL-0019] Util(%): 41.87
[INFO GPL-0020] StdInstsArea: 8140307200
[INFO GPL-0021] MacroInstsArea: 0
[InitialPlace]  Iter: 1 CG residual: 0.00000010 HPWL: 7088870
[InitialPlace]  Iter: 2 CG residual: 0.00000008 HPWL: 7360857
[InitialPlace]  Iter: 3 CG residual: 0.00000006 HPWL: 7445214
[InitialPlace]  Iter: 4 CG residual: 0.00000008 HPWL: 7471422
[InitialPlace]  Iter: 5 CG residual: 0.00000008 HPWL: 7468530
[INFO GPL-0031] FillerInit: NumGCells: 993
[INFO GPL-0032] FillerInit: NumGNets: 752
[INFO GPL-0033] FillerInit: NumGPins: 2544
[INFO GPL-0023] TargetDensity: 0.55
[INFO GPL-0024] AveragePlaceInstArea: 10868233
[INFO GPL-0025] IdealBinArea: 19760424
[INFO GPL-0026] IdealBinCnt: 1020
[INFO GPL-0027] TotalBinArea: 20169344000
[INFO GPL-0028] BinCnt: 16 16
[INFO GPL-0029] BinSize: 8913 8840
[INFO GPL-0030] NumBins: 256
[NesterovSolve] Iter: 1 overflow: 0.96522 HPWL: 2267712
[NesterovSolve] Iter: 10 overflow: 0.940062 HPWL: 2407433
[NesterovSolve] Iter: 20 overflow: 0.927705 HPWL: 2535285
[NesterovSolve] Iter: 30 overflow: 0.9202 HPWL: 2594401
[NesterovSolve] Iter: 40 overflow: 0.917774 HPWL: 2562192
[NesterovSolve] Iter: 50 overflow: 0.931243 HPWL: 2518943
[NesterovSolve] Iter: 60 overflow: 0.928614 HPWL: 2503346
[NesterovSolve] Iter: 70 overflow: 0.923964 HPWL: 2497846
[NesterovSolve] Iter: 80 overflow: 0.932801 HPWL: 2476982
[NesterovSolve] Iter: 90 overflow: 0.92872 HPWL: 2451149
[NesterovSolve] Iter: 100 overflow: 0.940173 HPWL: 2431101
[NesterovSolve] Iter: 110 overflow: 0.930847 HPWL: 2419490
[NesterovSolve] Iter: 120 overflow: 0.943907 HPWL: 2411752
[NesterovSolve] Iter: 130 overflow: 0.936823 HPWL: 2421514
[NesterovSolve] Iter: 140 overflow: 0.929159 HPWL: 2478635
[NesterovSolve] Iter: 150 overflow: 0.926858 HPWL: 2602676
[NesterovSolve] Iter: 160 overflow: 0.919191 HPWL: 2866371
[NesterovSolve] Iter: 170 overflow: 0.895472 HPWL: 3269759
[NesterovSolve] Iter: 180 overflow: 0.880657 HPWL: 4160399
[NesterovSolve] Iter: 190 overflow: 0.852368 HPWL: 4948850
[NesterovSolve] Iter: 200 overflow: 0.818183 HPWL: 5700086
[NesterovSolve] Iter: 210 overflow: 0.793728 HPWL: 6506558
[INFO GPL-0100] worst slack 5.77e-09
[INFO GPL-0103] Weighted 75 nets.
[NesterovSolve] Iter: 220 overflow: 0.768585 HPWL: 7103119
[NesterovSolve] Iter: 230 overflow: 0.717213 HPWL: 8028273
[NesterovSolve] Iter: 240 overflow: 0.674514 HPWL: 8666985
[INFO GPL-0100] worst slack 5.57e-09
[INFO GPL-0103] Weighted 75 nets.
[NesterovSolve] Iter: 250 overflow: 0.628228 HPWL: 9523933
[NesterovSolve] Snapshot saved at iter = 256
[NesterovSolve] Iter: 260 overflow: 0.580299 HPWL: 10241450
[NesterovSolve] Iter: 270 overflow: 0.529778 HPWL: 10952513
[INFO GPL-0100] worst slack 5.76e-09
[INFO GPL-0103] Weighted 74 nets.
[NesterovSolve] Iter: 280 overflow: 0.474301 HPWL: 11595645
[NesterovSolve] Iter: 290 overflow: 0.422529 HPWL: 12255089
[NesterovSolve] Iter: 300 overflow: 0.36677 HPWL: 12673487
[NesterovSolve] Iter: 310 overflow: 0.308106 HPWL: 12895234
[INFO GPL-0100] worst slack 5.51e-09
[INFO GPL-0103] Weighted 73 nets.
[NesterovSolve] Iter: 320 overflow: 0.267067 HPWL: 13152504
[NesterovSolve] Iter: 330 overflow: 0.22748 HPWL: 13294380
[INFO GPL-0100] worst slack 5.87e-09
[INFO GPL-0103] Weighted 74 nets.
[NesterovSolve] Iter: 340 overflow: 0.199705 HPWL: 13290176
[INFO GPL-0075] Routability numCall: 1 inflationIterCnt: 1 bloatIterCnt: 0
[INFO GPL-0036] TileLxLy: 0 0
[INFO GPL-0037] TileSize: 6900 6900
[INFO GPL-0038] TileCnt: 22 23
[INFO GPL-0039] numRoutingLayers: 6
[INFO GPL-0040] NumTiles: 506
[INFO GPL-0063] TotalRouteOverflowH2: 0.0
[INFO GPL-0064] TotalRouteOverflowV2: 0.0
[INFO GPL-0065] OverflowTileCnt2: 0
[INFO GPL-0066] 0.5%RC: 1.0
[INFO GPL-0067] 1.0%RC: 1.0
[INFO GPL-0068] 2.0%RC: 1.0
[INFO GPL-0069] 5.0%RC: 0.9579364979077899
[INFO GPL-0070] 0.5rcK: 1.0
[INFO GPL-0071] 1.0rcK: 1.0
[INFO GPL-0072] 2.0rcK: 0.0
[INFO GPL-0073] 5.0rcK: 0.0
[INFO GPL-0074] FinalRC: 1.0
[NesterovSolve] Iter: 350 overflow: 0.168604 HPWL: 13390208
[INFO GPL-0100] worst slack 5.46e-09
[INFO GPL-0103] Weighted 74 nets.
[NesterovSolve] Iter: 360 overflow: 0.141312 HPWL: 13472026
[NesterovSolve] Iter: 370 overflow: 0.124847 HPWL: 13599642
[NesterovSolve] Iter: 380 overflow: 0.103549 HPWL: 13657080
[NesterovSolve] Finished with Overflow: 0.099889
Setting global connections for newly added cells…
Writing OpenROAD database to '/openlane/designs/bist_top/runs/RUN_2026.07.07_07.08.34/tmp/placement/7-global.odb'…
Writing netlist to '/openlane/designs/bist_top/runs/RUN_2026.07.07_07.08.34/tmp/placement/7-global.nl.v'…
Writing powered netlist to '/openlane/designs/bist_top/runs/RUN_2026.07.07_07.08.34/tmp/placement/7-global.pnl.v'…
Writing layout to '/openlane/designs/bist_top/runs/RUN_2026.07.07_07.08.34/tmp/placement/7-global.def'…
