OpenROAD 41a51eaf4ca2171c92ff38afb91eb37bbd3f36da 
This program is licensed under the BSD-3 license. See the LICENSE file for details.
Components of this program may be licensed under more restrictive licenses which must be honored.
[INFO]: Reading ODB at '/openlane/designs/bist_top/runs/RUN_2026.07.07_07.08.34/tmp/placement/7-global.odb'…
define_corners Slowest Typical Fastest
read_liberty -corner Slowest /root/.ciel/sky130A/libs.ref/sky130_fd_sc_hd/lib/sky130_fd_sc_hd__ss_100C_1v60.lib
read_liberty -corner Typical /root/.ciel/sky130A/libs.ref/sky130_fd_sc_hd/lib/sky130_fd_sc_hd__tt_025C_1v80.lib
read_liberty -corner Fastest /root/.ciel/sky130A/libs.ref/sky130_fd_sc_hd/lib/sky130_fd_sc_hd__ff_n40C_1v95.lib
Using 1e-12 for capacitance...
Using 1e+03 for resistance...
Using 1e-09 for time...
Using 1e+00 for voltage...
Using 1e-03 for current...
Using 1e-09 for power...
Using 1e-06 for distance...
Reading design constraints file at '/openlane/designs/bist_top/runs/RUN_2026.07.07_07.08.34/tmp/floorplan/3-initial_fp.sdc'…
[INFO]: Setting RC values...
[INFO RSZ-0027] Inserted 2 input buffers.
[INFO RSZ-0028] Inserted 2 output buffers.
[INFO RSZ-0058] Using max wire length 4508um.
[INFO RSZ-0034] Found 6 slew violations.
[INFO RSZ-0035] Found 1 fanout violations.
[INFO RSZ-0038] Inserted 13 buffers in 7 nets.
[INFO RSZ-0039] Resized 728 instances.
Placement Analysis
---------------------------------
total displacement       2283.4 u
average displacement        2.0 u
max displacement            9.7 u
original HPWL           14032.4 u
legalized HPWL          16207.2 u
delta HPWL                   15 %

[INFO DPL-0020] Mirrored 264 instances
[INFO DPL-0021] HPWL before           16207.2 u
[INFO DPL-0022] HPWL after            15798.4 u
[INFO DPL-0023] HPWL delta               -2.5 %
Setting global connections for newly added cells…
Writing OpenROAD database to '/openlane/designs/bist_top/runs/RUN_2026.07.07_07.08.34/tmp/placement/9-resizer.odb'…
Writing netlist to '/openlane/designs/bist_top/runs/RUN_2026.07.07_07.08.34/tmp/placement/9-resizer.nl.v'…
Writing powered netlist to '/openlane/designs/bist_top/runs/RUN_2026.07.07_07.08.34/tmp/placement/9-resizer.pnl.v'…
Writing layout to '/openlane/designs/bist_top/runs/RUN_2026.07.07_07.08.34/tmp/placement/9-resizer.def'…
Writing timing constraints to '/openlane/designs/bist_top/runs/RUN_2026.07.07_07.08.34/tmp/placement/9-resizer.sdc'…
area_report

===========================================================================
report_design_area
============================================================================
Design area 8200 u^2 41% utilization.
area_report_end
