Tue Jul 07 07:08:34 UTC 2026 - Executing "openroad -exit -no_init -python /openlane/scripts/odbpy/lefutil.py get_metal_layers -o /openlane/designs/bist_top/runs/RUN_2026.07.07_07.08.34/tmp/layers.list /root/.ciel/sky130A/libs.ref/sky130_fd_sc_hd/techlef/sky130_fd_sc_hd__nom.tlef"

Tue Jul 07 07:08:35 UTC 2026 - Executing "/openlane/scripts/mergeLef.py -o /openlane/designs/bist_top/runs/RUN_2026.07.07_07.08.34/tmp/merged.nom.lef -i /root/.ciel/sky130A/libs.ref/sky130_fd_sc_hd/techlef/sky130_fd_sc_hd__nom.tlef {/root/.ciel/sky130A/libs.ref/sky130_fd_sc_hd/lef/sky130_ef_sc_hd.lef /root/.ciel/sky130A/libs.ref/sky130_fd_sc_hd/lef/sky130_fd_sc_hd.lef} |& tee /dev/null"

Tue Jul 07 07:08:35 UTC 2026 - Executing "/openlane/scripts/mergeLef.py -o /openlane/designs/bist_top/runs/RUN_2026.07.07_07.08.34/tmp/merged.min.lef -i /root/.ciel/sky130A/libs.ref/sky130_fd_sc_hd/techlef/sky130_fd_sc_hd__min.tlef {/root/.ciel/sky130A/libs.ref/sky130_fd_sc_hd/lef/sky130_ef_sc_hd.lef /root/.ciel/sky130A/libs.ref/sky130_fd_sc_hd/lef/sky130_fd_sc_hd.lef} |& tee /dev/null"

Tue Jul 07 07:08:35 UTC 2026 - Executing "/openlane/scripts/mergeLef.py -o /openlane/designs/bist_top/runs/RUN_2026.07.07_07.08.34/tmp/merged.max.lef -i /root/.ciel/sky130A/libs.ref/sky130_fd_sc_hd/techlef/sky130_fd_sc_hd__max.tlef {/root/.ciel/sky130A/libs.ref/sky130_fd_sc_hd/lef/sky130_ef_sc_hd.lef /root/.ciel/sky130A/libs.ref/sky130_fd_sc_hd/lef/sky130_fd_sc_hd.lef} |& tee /dev/null"

Tue Jul 07 07:08:35 UTC 2026 - Executing "python3 /openlane/scripts/mergeLib.py --output /openlane/designs/bist_top/runs/RUN_2026.07.07_07.08.34/tmp/synthesis/merged.lib --name sky130A_merged /root/.ciel/sky130A/libs.ref/sky130_fd_sc_hd/lib/sky130_fd_sc_hd__tt_025C_1v80.lib"

Tue Jul 07 07:08:36 UTC 2026 - Executing "python3 /openlane/scripts/libtrim.py --cell-file /openlane/designs/bist_top/runs/RUN_2026.07.07_07.08.34/tmp/synthesis/trimmed.lib.exclude.list --output /openlane/designs/bist_top/runs/RUN_2026.07.07_07.08.34/tmp/synthesis/trimmed.lib /openlane/designs/bist_top/runs/RUN_2026.07.07_07.08.34/tmp/synthesis/merged.lib"

Tue Jul 07 07:08:36 UTC 2026 - Executing "python3 /openlane/scripts/libtrim.py --cell-file /openlane/designs/bist_top/runs/RUN_2026.07.07_07.08.34/tmp/cts/cts.lib.exclude.list --output /openlane/designs/bist_top/runs/RUN_2026.07.07_07.08.34/tmp/cts/cts.lib /root/.ciel/sky130A/libs.ref/sky130_fd_sc_hd/lib/sky130_fd_sc_hd__tt_025C_1v80.lib"

Tue Jul 07 07:08:36 UTC 2026 - Executing "python3 /openlane/scripts/libtrim.py --cell-file /openlane/designs/bist_top/runs/RUN_2026.07.07_07.08.34/tmp/cts/cts-fastest.lib.exclude.list --output /openlane/designs/bist_top/runs/RUN_2026.07.07_07.08.34/tmp/cts/cts-fastest.lib /root/.ciel/sky130A/libs.ref/sky130_fd_sc_hd/lib/sky130_fd_sc_hd__ff_n40C_1v95.lib"

Tue Jul 07 07:08:37 UTC 2026 - Executing "python3 /openlane/scripts/libtrim.py --cell-file /openlane/designs/bist_top/runs/RUN_2026.07.07_07.08.34/tmp/cts/cts-slowest.lib.exclude.list --output /openlane/designs/bist_top/runs/RUN_2026.07.07_07.08.34/tmp/cts/cts-slowest.lib /root/.ciel/sky130A/libs.ref/sky130_fd_sc_hd/lib/sky130_fd_sc_hd__ss_100C_1v60.lib"

Tue Jul 07 07:08:37 UTC 2026 - Executing "python3 /openlane/scripts/new_tracks.py -i /root/.ciel/sky130A/libs.tech/openlane/sky130_fd_sc_hd/tracks.info -o /openlane/designs/bist_top/runs/RUN_2026.07.07_07.08.34/tmp/routing/config.tracks"

Tue Jul 07 07:08:37 UTC 2026 - Executing "echo {OpenLane ff5509f65b17bfa4068d5336495ab1718987ff69} > /openlane/designs/bist_top/runs/RUN_2026.07.07_07.08.34/OPENLANE_COMMIT"

Tue Jul 07 07:08:37 UTC 2026 - Executing "bash -c {verilator  --lint-only  -Wall  --Wno-DECLFILENAME  --top-module bist_top  /openlane/designs/bist_top/src/pattern_generator.v /openlane/designs/bist_top/src/test_engine.v /openlane/designs/bist_top/src/data_comparator.v /openlane/designs/bist_top/src/bist_top.v /openlane/designs/bist_top/src/sram_wrapper.v /openlane/designs/bist_top/src/add_gen.v -Wno-fatal --relative-includes |& tee /openlane/designs/bist_top/runs/RUN_2026.07.07_07.08.34/logs/synthesis/linter.log /dev/null}"

Tue Jul 07 07:08:38 UTC 2026 - Executing "sed -E {s/^([[:space:]]+)pg_pin(.*)/\1pin\2\n\1    direction : "inout";/g} /root/.ciel/sky130A/libs.ref/sky130_fd_sc_hd/lib/sky130_fd_sc_hd__tt_025C_1v80.lib > /openlane/designs/bist_top/runs/RUN_2026.07.07_07.08.34/tmp/synthesis/1-sky130_fd_sc_hd__tt_025C_1v80.no_pg.lib"

Tue Jul 07 07:08:38 UTC 2026 - Executing "sed -E {s/^([[:space:]]+)pg_pin(.*)/\1pin\2\n\1    direction : "inout";/g} /openlane/designs/bist_top/runs/RUN_2026.07.07_07.08.34/tmp/synthesis/trimmed.lib > /openlane/designs/bist_top/runs/RUN_2026.07.07_07.08.34/tmp/synthesis/1-trimmed.no_pg.lib"

Tue Jul 07 07:08:38 UTC 2026 - Executing "yosys -c /openlane/scripts/yosys/synth.tcl |& tee /dev/null /openlane/designs/bist_top/runs/RUN_2026.07.07_07.08.34/logs/synthesis/1-synthesis.log"

Tue Jul 07 07:08:42 UTC 2026 - Executing "sed -i.bak -e {s/\(set ::env(CURRENT_NETLIST)\).*/\1 \/openlane\/designs\/bist_top\/runs\/RUN_2026.07.07_07.08.34\/results\/synthesis\/bist_top.v/} /openlane/designs/bist_top/runs/RUN_2026.07.07_07.08.34/config.tcl"

Tue Jul 07 07:08:42 UTC 2026 - Executing "sed -i.bak /defparam/d /openlane/designs/bist_top/runs/RUN_2026.07.07_07.08.34/results/synthesis/bist_top.v"

Tue Jul 07 07:08:42 UTC 2026 - Executing "sta -exit -no_init /openlane/scripts/openroad/sta/multi_corner.tcl |& tee /dev/null /openlane/designs/bist_top/runs/RUN_2026.07.07_07.08.34/logs/synthesis/2-sta.log"

Tue Jul 07 07:08:43 UTC 2026 - Executing "openroad -exit /openlane/scripts/openroad/floorplan.tcl |& tee /dev/null /openlane/designs/bist_top/runs/RUN_2026.07.07_07.08.34/logs/floorplan/3-initial_fp.log"

Tue Jul 07 07:08:44 UTC 2026 - Executing "openroad -exit -no_init -python /openlane/scripts/odbpy/snap_to_grid.py --output /openlane/designs/bist_top/runs/RUN_2026.07.07_07.08.34/tmp/floorplan/3-minimized_pdn.txt --input-lef /openlane/designs/bist_top/runs/RUN_2026.07.07_07.08.34/tmp/merged.nom.lef 17.825 17.68 35.65 35.36"

Tue Jul 07 07:08:44 UTC 2026 - Executing "openroad -exit -no_init -python /openlane/scripts/odbpy/defutil.py extract_core_dims --output-data /openlane/designs/bist_top/runs/RUN_2026.07.07_07.08.34/tmp/dimensions.txt --input-lef /openlane/designs/bist_top/runs/RUN_2026.07.07_07.08.34/tmp/merged.nom.lef /openlane/designs/bist_top/runs/RUN_2026.07.07_07.08.34/tmp/floorplan/3-initial_fp.def"

Tue Jul 07 07:08:45 UTC 2026 - Executing "openroad -exit /openlane/scripts/openroad/ioplacer.tcl |& tee /dev/null /openlane/designs/bist_top/runs/RUN_2026.07.07_07.08.34/logs/floorplan/4-io.log"

Tue Jul 07 07:08:44 UTC 2026 - Executing "openroad -exit /openlane/scripts/openroad/tapcell.tcl |& tee /dev/null /openlane/designs/bist_top/runs/RUN_2026.07.07_07.08.34/logs/floorplan/5-tap.log"

Tue Jul 07 07:08:45 UTC 2026 - Executing "openroad -exit /openlane/scripts/openroad/pdn.tcl |& tee /dev/null /openlane/designs/bist_top/runs/RUN_2026.07.07_07.08.34/logs/floorplan/6-pdn.log"

Tue Jul 07 07:08:46 UTC 2026 - Executing "openroad -exit /openlane/scripts/openroad/gpl.tcl |& tee /dev/null /openlane/designs/bist_top/runs/RUN_2026.07.07_07.08.34/logs/placement/7-global.log"

Tue Jul 07 07:08:49 UTC 2026 - Executing "sed -i.bak -e {s/\(set ::env(CURRENT_NETLIST)\).*/\1 \/openlane\/designs\/bist_top\/runs\/RUN_2026.07.07_07.08.34\/tmp\/placement\/7-global.nl.v/} /openlane/designs/bist_top/runs/RUN_2026.07.07_07.08.34/config.tcl"

Tue Jul 07 07:08:49 UTC 2026 - Executing "openroad -exit /openlane/scripts/openroad/sta/multi_corner.tcl |& tee /dev/null /openlane/designs/bist_top/runs/RUN_2026.07.07_07.08.34/logs/placement/8-gpl_sta.log"

Tue Jul 07 07:08:50 UTC 2026 - Executing "openroad -exit /openlane/scripts/openroad/resizer.tcl |& tee /dev/null /openlane/designs/bist_top/runs/RUN_2026.07.07_07.08.34/logs/placement/9-resizer.log"

Tue Jul 07 07:08:53 UTC 2026 - Executing "sed -i.bak -e {s/\(set ::env(CURRENT_NETLIST)\).*/\1 \/openlane\/designs\/bist_top\/runs\/RUN_2026.07.07_07.08.34\/tmp\/placement\/9-resizer.nl.v/} /openlane/designs/bist_top/runs/RUN_2026.07.07_07.08.34/config.tcl"

Tue Jul 07 07:08:54 UTC 2026 - Executing "openroad -exit /openlane/scripts/openroad/dpl.tcl |& tee /dev/null /openlane/designs/bist_top/runs/RUN_2026.07.07_07.08.34/logs/placement/10-detailed.log"

Tue Jul 07 07:08:54 UTC 2026 - Executing "sed -i.bak -e {s/\(set ::env(CURRENT_NETLIST)\).*/\1 \/openlane\/designs\/bist_top\/runs\/RUN_2026.07.07_07.08.34\/results\/placement\/bist_top.nl.v/} /openlane/designs/bist_top/runs/RUN_2026.07.07_07.08.34/config.tcl"

Tue Jul 07 07:08:55 UTC 2026 - Executing "openroad -exit /openlane/scripts/openroad/sta/multi_corner.tcl |& tee /dev/null /openlane/designs/bist_top/runs/RUN_2026.07.07_07.08.34/logs/placement/11-dpl_sta.log"

Tue Jul 07 07:08:56 UTC 2026 - Executing "openroad -exit /openlane/scripts/openroad/cts.tcl |& tee /dev/null /openlane/designs/bist_top/runs/RUN_2026.07.07_07.08.34/logs/cts/12-cts.log"

Tue Jul 07 07:09:38 UTC 2026 - Executing "openroad -exit /openlane/scripts/openroad/sta/multi_corner.tcl |& tee /dev/null /openlane/designs/bist_top/runs/RUN_2026.07.07_07.08.34/logs/cts/13-cts_sta.log"

Tue Jul 07 07:09:39 UTC 2026 - Executing "openroad -exit /openlane/scripts/openroad/resizer_timing.tcl |& tee /dev/null /openlane/designs/bist_top/runs/RUN_2026.07.07_07.08.34/logs/cts/14-resizer.log"

Tue Jul 07 07:09:41 UTC 2026 - Executing "sed -i.bak -e {s/\(set ::env(CURRENT_NETLIST)\).*/\1 \/openlane\/designs\/bist_top\/runs\/RUN_2026.07.07_07.08.34\/tmp\/cts\/14-bist_top.resized.nl.v/} /openlane/designs/bist_top/runs/RUN_2026.07.07_07.08.34/config.tcl"

Tue Jul 07 07:09:41 UTC 2026 - Executing "openroad -exit /openlane/scripts/openroad/resizer_routing_design.tcl |& tee /dev/null /openlane/designs/bist_top/runs/RUN_2026.07.07_07.08.34/logs/routing/15-resizer_design.log"

Tue Jul 07 07:09:42 UTC 2026 - Executing "sed -i.bak -e {s/\(set ::env(CURRENT_NETLIST)\).*/\1 \/openlane\/designs\/bist_top\/runs\/RUN_2026.07.07_07.08.34\/tmp\/15-bist_top.nl.v/} /openlane/designs/bist_top/runs/RUN_2026.07.07_07.08.34/config.tcl"

Tue Jul 07 07:09:42 UTC 2026 - Executing "openroad -exit /openlane/scripts/openroad/sta/multi_corner.tcl |& tee /dev/null /openlane/designs/bist_top/runs/RUN_2026.07.07_07.08.34/logs/routing/16-rsz_design_sta.log"

Tue Jul 07 07:09:43 UTC 2026 - Executing "openroad -exit /openlane/scripts/openroad/resizer_routing_timing.tcl |& tee /dev/null /openlane/designs/bist_top/runs/RUN_2026.07.07_07.08.34/logs/routing/17-resizer_timing.log"

Tue Jul 07 07:09:45 UTC 2026 - Executing "sed -i.bak -e {s/\(set ::env(CURRENT_NETLIST)\).*/\1 \/openlane\/designs\/bist_top\/runs\/RUN_2026.07.07_07.08.34\/tmp\/17-bist_top.nl.v/} /openlane/designs/bist_top/runs/RUN_2026.07.07_07.08.34/config.tcl"

Tue Jul 07 07:09:45 UTC 2026 - Executing "openroad -exit /openlane/scripts/openroad/sta/multi_corner.tcl |& tee /dev/null /openlane/designs/bist_top/runs/RUN_2026.07.07_07.08.34/logs/routing/18-rsz_timing_sta.log"

Tue Jul 07 07:09:46 UTC 2026 - Executing "openroad -exit /openlane/scripts/openroad/groute.tcl |& tee /dev/null /openlane/designs/bist_top/runs/RUN_2026.07.07_07.08.34/logs/routing/19-global.log"

Tue Jul 07 07:09:47 UTC 2026 - Executing "openroad -exit /openlane/scripts/openroad/write_views.tcl |& tee /dev/null /openlane/designs/bist_top/runs/RUN_2026.07.07_07.08.34/logs/routing/19-global_write_netlist.log"

Tue Jul 07 07:09:48 UTC 2026 - Executing "sed -i.bak -e {s/\(set ::env(CURRENT_NETLIST)\).*/\1 \/openlane\/designs\/bist_top\/runs\/RUN_2026.07.07_07.08.34\/tmp\/routing\/global.nl.v/} /openlane/designs/bist_top/runs/RUN_2026.07.07_07.08.34/config.tcl"

Tue Jul 07 07:09:48 UTC 2026 - Executing "openroad -exit /openlane/scripts/openroad/sta/multi_corner.tcl |& tee /dev/null /openlane/designs/bist_top/runs/RUN_2026.07.07_07.08.34/logs/routing/21-grt_sta.log"

Tue Jul 07 07:09:49 UTC 2026 - Executing "openroad -exit /openlane/scripts/openroad/fill.tcl |& tee /dev/null /openlane/designs/bist_top/runs/RUN_2026.07.07_07.08.34/logs/routing/22-fill.log"

Tue Jul 07 07:09:49 UTC 2026 - Executing "sed -i.bak -e {s/\(set ::env(CURRENT_NETLIST)\).*/\1 \/openlane\/designs\/bist_top\/runs\/RUN_2026.07.07_07.08.34\/tmp\/routing\/22-fill.nl.v/} /openlane/designs/bist_top/runs/RUN_2026.07.07_07.08.34/config.tcl"

Tue Jul 07 07:09:50 UTC 2026 - Executing "openroad -exit /openlane/scripts/openroad/droute.tcl |& tee /dev/null /openlane/designs/bist_top/runs/RUN_2026.07.07_07.08.34/logs/routing/23-detailed.log"

Tue Jul 07 07:10:54 UTC 2026 - Executing "sed -i.bak -e {s/\(set ::env(CURRENT_NETLIST)\).*/\1 \/openlane\/designs\/bist_top\/runs\/RUN_2026.07.07_07.08.34\/results\/routing\/bist_top.nl.v/} /openlane/designs/bist_top/runs/RUN_2026.07.07_07.08.34/config.tcl"

Tue Jul 07 07:10:54 UTC 2026 - Executing "python3 /openlane/scripts/drc_rosetta.py tr to_klayout -o /openlane/designs/bist_top/runs/RUN_2026.07.07_07.08.34/reports/routing/drt.klayout.xml --design-name bist_top /openlane/designs/bist_top/runs/RUN_2026.07.07_07.08.34/reports/routing/drt.drc"

Tue Jul 07 07:10:54 UTC 2026 - Executing "openroad -exit -no_init -python /openlane/scripts/odbpy/wire_lengths.py --report-out /openlane/designs/bist_top/runs/RUN_2026.07.07_07.08.34/reports/routing/24-wire_lengths.csv --input-lef /openlane/designs/bist_top/runs/RUN_2026.07.07_07.08.34/tmp/merged.nom.lef --output-def /dev/null --output /openlane/designs/bist_top/runs/RUN_2026.07.07_07.08.34/results/routing/bist_top.odb /openlane/designs/bist_top/runs/RUN_2026.07.07_07.08.34/results/routing/bist_top.odb |& tee /dev/null /openlane/designs/bist_top/runs/RUN_2026.07.07_07.08.34/logs/routing/24-wire_lengths.log"

Tue Jul 07 07:10:54 UTC 2026 - Executing "openroad -exit /openlane/scripts/openroad/rcx.tcl |& tee /dev/null /openlane/designs/bist_top/runs/RUN_2026.07.07_07.08.34/logs/signoff/25-parasitics_extraction.min.log"

Tue Jul 07 07:10:55 UTC 2026 - Executing "sta -exit -no_init /openlane/scripts/openroad/sta/multi_corner.tcl |& tee /dev/null /openlane/designs/bist_top/runs/RUN_2026.07.07_07.08.34/logs/signoff/26-rcx_mcsta.min.log"

Tue Jul 07 07:10:59 UTC 2026 - Executing "openroad -exit /openlane/scripts/openroad/rcx.tcl |& tee /dev/null /openlane/designs/bist_top/runs/RUN_2026.07.07_07.08.34/logs/signoff/27-parasitics_extraction.max.log"

Tue Jul 07 07:10:59 UTC 2026 - Executing "sta -exit -no_init /openlane/scripts/openroad/sta/multi_corner.tcl |& tee /dev/null /openlane/designs/bist_top/runs/RUN_2026.07.07_07.08.34/logs/signoff/28-rcx_mcsta.max.log"

Tue Jul 07 07:11:03 UTC 2026 - Executing "openroad -exit /openlane/scripts/openroad/rcx.tcl |& tee /dev/null /openlane/designs/bist_top/runs/RUN_2026.07.07_07.08.34/logs/signoff/29-parasitics_extraction.nom.log"

Tue Jul 07 07:11:04 UTC 2026 - Executing "sta -exit -no_init /openlane/scripts/openroad/sta/multi_corner.tcl |& tee /dev/null /openlane/designs/bist_top/runs/RUN_2026.07.07_07.08.34/logs/signoff/30-rcx_mcsta.nom.log"

Tue Jul 07 07:11:05 UTC 2026 - Executing "sta -exit -no_init /openlane/scripts/openroad/sta/multi_corner.tcl |& tee /dev/null /openlane/designs/bist_top/runs/RUN_2026.07.07_07.08.34/logs/signoff/31-rcx_sta.log"

Tue Jul 07 07:11:06 UTC 2026 - Executing "openroad -exit /openlane/scripts/openroad/irdrop.tcl |& tee /dev/null /openlane/designs/bist_top/runs/RUN_2026.07.07_07.08.34/logs/signoff/32-irdrop.log"

Tue Jul 07 07:11:07 UTC 2026 - Executing "magic -noconsole -dnull -rcfile /root/.ciel/sky130A/libs.tech/magic/sky130A.magicrc < /openlane/scripts/magic/wrapper.tcl |& tee /dev/null /openlane/designs/bist_top/runs/RUN_2026.07.07_07.08.34/logs/signoff/33-gdsii.log"

Tue Jul 07 07:11:08 UTC 2026 - Executing "magic -noconsole -dnull -rcfile /root/.ciel/sky130A/libs.tech/magic/sky130A.magicrc < /openlane/scripts/magic/wrapper.tcl |& tee /dev/null /openlane/designs/bist_top/runs/RUN_2026.07.07_07.08.34/logs/signoff/33-gds_ptrs.log"

Tue Jul 07 07:11:09 UTC 2026 - Executing "sed -i.bak -n {/^<< properties >>/,/^<< end >>/p} /openlane/designs/bist_top/runs/RUN_2026.07.07_07.08.34/tmp/signoff/gds_ptrs.mag"

Tue Jul 07 07:11:09 UTC 2026 - Executing "magic -noconsole -dnull -rcfile /root/.ciel/sky130A/libs.tech/magic/sky130A.magicrc < /openlane/scripts/magic/wrapper.tcl |& tee /dev/null /openlane/designs/bist_top/runs/RUN_2026.07.07_07.08.34/logs/signoff/33-lef.log"

Tue Jul 07 07:11:10 UTC 2026 - Executing "magic -noconsole -dnull -rcfile /root/.ciel/sky130A/libs.tech/magic/sky130A.magicrc < /openlane/scripts/magic/wrapper.tcl |& tee /dev/null /openlane/designs/bist_top/runs/RUN_2026.07.07_07.08.34/logs/signoff/33-maglef.log"

Tue Jul 07 07:11:10 UTC 2026 - Executing "python3 /openlane/scripts/klayout/stream_out.py --output /openlane/designs/bist_top/runs/RUN_2026.07.07_07.08.34/results/signoff/bist_top.klayout.gds --lyt /root/.ciel/sky130A/libs.tech/klayout/tech/sky130A.lyt --lym /root/.ciel/sky130A/libs.tech/klayout/tech/sky130A.map --lyp /root/.ciel/sky130A/libs.tech/klayout/tech/sky130A.lyp --top bist_top --with-gds-file /root/.ciel/sky130A/libs.ref/sky130_fd_sc_hd/gds/sky130_fd_sc_hd.gds --input-lef /openlane/designs/bist_top/runs/RUN_2026.07.07_07.08.34/tmp/merged.nom.lef /openlane/designs/bist_top/runs/RUN_2026.07.07_07.08.34/results/routing/bist_top.def |& tee /dev/null /openlane/designs/bist_top/runs/RUN_2026.07.07_07.08.34/logs/signoff/34-gdsii-klayout.log"

Tue Jul 07 07:11:11 UTC 2026 - Executing "klayout -b -r /openlane/scripts/klayout/xor.drc -rd a=/openlane/designs/bist_top/runs/RUN_2026.07.07_07.08.34/results/signoff/bist_top.gds -rd b=/openlane/designs/bist_top/runs/RUN_2026.07.07_07.08.34/results/signoff/bist_top.klayout.gds -rd jobs=1 -rd rdb_out=/openlane/designs/bist_top/runs/RUN_2026.07.07_07.08.34/reports/signoff/35-xor.xml -rd ignore=81/14 -rd rpt_out=/openlane/designs/bist_top/runs/RUN_2026.07.07_07.08.34/reports/signoff/35-xor.rpt |& tee /dev/null /openlane/designs/bist_top/runs/RUN_2026.07.07_07.08.34/logs/signoff/35-xor.log"

Tue Jul 07 07:11:13 UTC 2026 - Executing "magic -noconsole -dnull -rcfile /root/.ciel/sky130A/libs.tech/magic/sky130A.magicrc < /openlane/scripts/magic/wrapper.tcl |& tee /dev/null /openlane/designs/bist_top/runs/RUN_2026.07.07_07.08.34/logs/signoff/36-spice.log"

Tue Jul 07 07:11:15 UTC 2026 - Executing "openroad -exit -no_init -python /openlane/scripts/odbpy/power_utils.py write_powered_def --output /openlane/designs/bist_top/runs/RUN_2026.07.07_07.08.34/tmp/signoff/36-bist_top.p.def --input-lef /openlane/designs/bist_top/runs/RUN_2026.07.07_07.08.34/tmp/merged.nom.lef --power-port VPWR --ground-port VGND --powered-netlist {} /openlane/designs/bist_top/runs/RUN_2026.07.07_07.08.34/results/routing/bist_top.def |& tee /dev/null /openlane/designs/bist_top/runs/RUN_2026.07.07_07.08.34/logs/signoff/37-write_powered_def.log"

Tue Jul 07 07:11:15 UTC 2026 - Executing "openroad -exit /openlane/scripts/openroad/write_views.tcl |& tee /dev/null /openlane/designs/bist_top/runs/RUN_2026.07.07_07.08.34/logs/signoff/37-write_powered_verilog.log"

Tue Jul 07 07:11:16 UTC 2026 - Executing "sed -i.bak -e {s/\(set ::env(CURRENT_NETLIST)\).*/\1 \/openlane\/designs\/bist_top\/runs\/RUN_2026.07.07_07.08.34\/tmp\/signoff\/36-bist_top.nl.v/} /openlane/designs/bist_top/runs/RUN_2026.07.07_07.08.34/config.tcl"

Tue Jul 07 07:11:16 UTC 2026 - Executing "netgen -batch source /openlane/designs/bist_top/runs/RUN_2026.07.07_07.08.34/tmp/signoff/39-setup_file.lef.lvs |& tee /dev/null /openlane/designs/bist_top/runs/RUN_2026.07.07_07.08.34/logs/signoff/39-lvs.lef.log"

Tue Jul 07 07:11:17 UTC 2026 - Executing "magic -noconsole -dnull -rcfile /root/.ciel/sky130A/libs.tech/magic/sky130A.magicrc < /openlane/scripts/magic/wrapper.tcl |& tee /dev/null /openlane/designs/bist_top/runs/RUN_2026.07.07_07.08.34/logs/signoff/40-drc.log"

Tue Jul 07 07:11:18 UTC 2026 - Executing "python3 /openlane/scripts/drc_rosetta.py magic to_tcl -o /openlane/designs/bist_top/runs/RUN_2026.07.07_07.08.34/reports/signoff/drc.tcl /openlane/designs/bist_top/runs/RUN_2026.07.07_07.08.34/reports/signoff/drc.rpt"

Tue Jul 07 07:11:18 UTC 2026 - Executing "python3 /openlane/scripts/drc_rosetta.py magic to_tr -o /openlane/designs/bist_top/runs/RUN_2026.07.07_07.08.34/reports/signoff/drc.tr /openlane/designs/bist_top/runs/RUN_2026.07.07_07.08.34/reports/signoff/drc.rpt"

Tue Jul 07 07:11:18 UTC 2026 - Executing "python3 /openlane/scripts/drc_rosetta.py tr to_klayout -o /openlane/designs/bist_top/runs/RUN_2026.07.07_07.08.34/reports/signoff/drc.klayout.xml --design-name bist_top /openlane/designs/bist_top/runs/RUN_2026.07.07_07.08.34/reports/signoff/drc.tr"

Tue Jul 07 07:11:18 UTC 2026 - Executing "python3 /openlane/scripts/drc_rosetta.py magic to_rdb -o /openlane/designs/bist_top/runs/RUN_2026.07.07_07.08.34/reports/signoff/drc.rdb /openlane/designs/bist_top/runs/RUN_2026.07.07_07.08.34/reports/signoff/drc.rpt"

Tue Jul 07 07:11:18 UTC 2026 - Executing "openroad -exit /openlane/scripts/openroad/antenna_check.tcl |& tee /dev/null /openlane/designs/bist_top/runs/RUN_2026.07.07_07.08.34/logs/signoff/41-arc.log"

Tue Jul 07 07:11:19 UTC 2026 - Executing "python3 /openlane/scripts/extract_antenna_violators.py --output /openlane/designs/bist_top/runs/RUN_2026.07.07_07.08.34/reports/signoff/41-antenna_violators.rpt --plain-out /openlane/designs/bist_top/runs/RUN_2026.07.07_07.08.34/reports/signoff/41-antenna_violators_pins.txt /openlane/designs/bist_top/runs/RUN_2026.07.07_07.08.34/logs/signoff/41-arc.log"

Tue Jul 07 07:11:19 UTC 2026 - Executing "awk -v vdd=VPWR -v gnd=VGND -f /root/.ciel/sky130A/libs.tech/openlane/cvc/power.awk /openlane/designs/bist_top/runs/RUN_2026.07.07_07.08.34/tmp/signoff/36-bist_top.nl.v > /openlane/designs/bist_top/runs/RUN_2026.07.07_07.08.34/tmp/signoff/bist_top.power"

Tue Jul 07 07:11:19 UTC 2026 - Executing "awk -f /root/.ciel/sky130A/libs.tech/openlane/cvc/cdl.awk /root/.ciel/sky130A/libs.ref/sky130_fd_sc_hd/cdl/sky130_fd_sc_hd.cdl /openlane/designs/bist_top/runs/RUN_2026.07.07_07.08.34/results/signoff/bist_top.lef.spice > /openlane/designs/bist_top/runs/RUN_2026.07.07_07.08.34/tmp/signoff/bist_top.cdl"

Tue Jul 07 07:11:19 UTC 2026 - Executing "cvc_rv /root/.ciel/sky130A/libs.tech/openlane/cvc/cvcrc |& tee /dev/null /openlane/designs/bist_top/runs/RUN_2026.07.07_07.08.34/logs/signoff/42-erc_screen.log"

