Mon Aug 03 14:45:45 UTC 2026 - Executing "openroad -exit -no_init -python /openlane/scripts/odbpy/lefutil.py get_metal_layers -o /openlane/designs/bist_top/runs/RUN_2026.08.03_14.45.44/tmp/layers.list /home/varun/.ciel/sky130A/libs.ref/sky130_fd_sc_hd/techlef/sky130_fd_sc_hd__nom.tlef"

Mon Aug 03 14:45:45 UTC 2026 - Executing "/openlane/scripts/mergeLef.py -o /openlane/designs/bist_top/runs/RUN_2026.08.03_14.45.44/tmp/merged.nom.lef -i /home/varun/.ciel/sky130A/libs.ref/sky130_fd_sc_hd/techlef/sky130_fd_sc_hd__nom.tlef {/home/varun/.ciel/sky130A/libs.ref/sky130_fd_sc_hd/lef/sky130_fd_sc_hd.lef /home/varun/.ciel/sky130A/libs.ref/sky130_fd_sc_hd/lef/sky130_ef_sc_hd.lef} |& tee /dev/null"

Mon Aug 03 14:45:45 UTC 2026 - Executing "/openlane/scripts/mergeLef.py -o /openlane/designs/bist_top/runs/RUN_2026.08.03_14.45.44/tmp/merged.min.lef -i /home/varun/.ciel/sky130A/libs.ref/sky130_fd_sc_hd/techlef/sky130_fd_sc_hd__min.tlef {/home/varun/.ciel/sky130A/libs.ref/sky130_fd_sc_hd/lef/sky130_fd_sc_hd.lef /home/varun/.ciel/sky130A/libs.ref/sky130_fd_sc_hd/lef/sky130_ef_sc_hd.lef} |& tee /dev/null"

Mon Aug 03 14:45:46 UTC 2026 - Executing "/openlane/scripts/mergeLef.py -o /openlane/designs/bist_top/runs/RUN_2026.08.03_14.45.44/tmp/merged.max.lef -i /home/varun/.ciel/sky130A/libs.ref/sky130_fd_sc_hd/techlef/sky130_fd_sc_hd__max.tlef {/home/varun/.ciel/sky130A/libs.ref/sky130_fd_sc_hd/lef/sky130_fd_sc_hd.lef /home/varun/.ciel/sky130A/libs.ref/sky130_fd_sc_hd/lef/sky130_ef_sc_hd.lef} |& tee /dev/null"

Mon Aug 03 14:45:46 UTC 2026 - Executing "python3 /openlane/scripts/mergeLib.py --output /openlane/designs/bist_top/runs/RUN_2026.08.03_14.45.44/tmp/synthesis/merged.lib --name sky130A_merged /home/varun/.ciel/sky130A/libs.ref/sky130_fd_sc_hd/lib/sky130_fd_sc_hd__tt_025C_1v80.lib"

Mon Aug 03 14:45:46 UTC 2026 - Executing "python3 /openlane/scripts/libtrim.py --cell-file /openlane/designs/bist_top/runs/RUN_2026.08.03_14.45.44/tmp/synthesis/trimmed.lib.exclude.list --output /openlane/designs/bist_top/runs/RUN_2026.08.03_14.45.44/tmp/synthesis/trimmed.lib /openlane/designs/bist_top/runs/RUN_2026.08.03_14.45.44/tmp/synthesis/merged.lib"

Mon Aug 03 14:45:46 UTC 2026 - Executing "python3 /openlane/scripts/libtrim.py --cell-file /openlane/designs/bist_top/runs/RUN_2026.08.03_14.45.44/tmp/cts/cts.lib.exclude.list --output /openlane/designs/bist_top/runs/RUN_2026.08.03_14.45.44/tmp/cts/cts.lib /home/varun/.ciel/sky130A/libs.ref/sky130_fd_sc_hd/lib/sky130_fd_sc_hd__tt_025C_1v80.lib"

Mon Aug 03 14:45:46 UTC 2026 - Executing "python3 /openlane/scripts/libtrim.py --cell-file /openlane/designs/bist_top/runs/RUN_2026.08.03_14.45.44/tmp/cts/cts-fastest.lib.exclude.list --output /openlane/designs/bist_top/runs/RUN_2026.08.03_14.45.44/tmp/cts/cts-fastest.lib /home/varun/.ciel/sky130A/libs.ref/sky130_fd_sc_hd/lib/sky130_fd_sc_hd__ff_n40C_1v95.lib"

Mon Aug 03 14:45:47 UTC 2026 - Executing "python3 /openlane/scripts/libtrim.py --cell-file /openlane/designs/bist_top/runs/RUN_2026.08.03_14.45.44/tmp/cts/cts-slowest.lib.exclude.list --output /openlane/designs/bist_top/runs/RUN_2026.08.03_14.45.44/tmp/cts/cts-slowest.lib /home/varun/.ciel/sky130A/libs.ref/sky130_fd_sc_hd/lib/sky130_fd_sc_hd__ss_100C_1v60.lib"

Mon Aug 03 14:45:47 UTC 2026 - Executing "python3 /openlane/scripts/new_tracks.py -i /home/varun/.ciel/sky130A/libs.tech/openlane/sky130_fd_sc_hd/tracks.info -o /openlane/designs/bist_top/runs/RUN_2026.08.03_14.45.44/tmp/routing/config.tracks"

Mon Aug 03 14:45:47 UTC 2026 - Executing "echo {OpenLane ff5509f65b17bfa4068d5336495ab1718987ff69} > /openlane/designs/bist_top/runs/RUN_2026.08.03_14.45.44/OPENLANE_COMMIT"

Mon Aug 03 14:45:47 UTC 2026 - Executing "bash -c {verilator  --lint-only  -Wall  --Wno-DECLFILENAME  --top-module bist_top  /openlane/designs/bist_top/src/test_engine.v /openlane/designs/bist_top/src/bist_top.v /openlane/designs/bist_top/src/add_gen.v /openlane/designs/bist_top/src/sram_wrapper.v /openlane/designs/bist_top/src/pattern_generator.v /openlane/designs/bist_top/src/data_comparator.v -Wno-fatal --relative-includes |& tee /openlane/designs/bist_top/runs/RUN_2026.08.03_14.45.44/logs/synthesis/linter.log /dev/null}"

Mon Aug 03 14:45:47 UTC 2026 - Executing "sed -E {s/^([[:space:]]+)pg_pin(.*)/\1pin\2\n\1    direction : "inout";/g} /home/varun/.ciel/sky130A/libs.ref/sky130_fd_sc_hd/lib/sky130_fd_sc_hd__tt_025C_1v80.lib > /openlane/designs/bist_top/runs/RUN_2026.08.03_14.45.44/tmp/synthesis/1-sky130_fd_sc_hd__tt_025C_1v80.no_pg.lib"

Mon Aug 03 14:45:47 UTC 2026 - Executing "sed -E {s/^([[:space:]]+)pg_pin(.*)/\1pin\2\n\1    direction : "inout";/g} /openlane/designs/bist_top/runs/RUN_2026.08.03_14.45.44/tmp/synthesis/trimmed.lib > /openlane/designs/bist_top/runs/RUN_2026.08.03_14.45.44/tmp/synthesis/1-trimmed.no_pg.lib"

Mon Aug 03 14:45:47 UTC 2026 - Executing "yosys -c /openlane/scripts/yosys/synth.tcl |& tee /dev/null /openlane/designs/bist_top/runs/RUN_2026.08.03_14.45.44/logs/synthesis/1-synthesis.log"

Mon Aug 03 14:45:50 UTC 2026 - Executing "sed -i.bak -e {s/\(set ::env(CURRENT_NETLIST)\).*/\1 \/openlane\/designs\/bist_top\/runs\/RUN_2026.08.03_14.45.44\/results\/synthesis\/bist_top.v/} /openlane/designs/bist_top/runs/RUN_2026.08.03_14.45.44/config.tcl"

Mon Aug 03 14:45:50 UTC 2026 - Executing "sed -i.bak /defparam/d /openlane/designs/bist_top/runs/RUN_2026.08.03_14.45.44/results/synthesis/bist_top.v"

Mon Aug 03 14:45:50 UTC 2026 - Executing "sta -exit -no_init /openlane/scripts/openroad/sta/multi_corner.tcl |& tee /dev/null /openlane/designs/bist_top/runs/RUN_2026.08.03_14.45.44/logs/synthesis/2-sta.log"

Mon Aug 03 14:45:51 UTC 2026 - Executing "openroad -exit /openlane/scripts/openroad/floorplan.tcl |& tee /dev/null /openlane/designs/bist_top/runs/RUN_2026.08.03_14.45.44/logs/floorplan/3-initial_fp.log"

Mon Aug 03 14:45:51 UTC 2026 - Executing "openroad -exit -no_init -python /openlane/scripts/odbpy/snap_to_grid.py --output /openlane/designs/bist_top/runs/RUN_2026.08.03_14.45.44/tmp/floorplan/3-minimized_pdn.txt --input-lef /openlane/designs/bist_top/runs/RUN_2026.08.03_14.45.44/tmp/merged.nom.lef 17.7675 17.68 35.535 35.36"

Mon Aug 03 14:45:52 UTC 2026 - Executing "openroad -exit -no_init -python /openlane/scripts/odbpy/defutil.py extract_core_dims --output-data /openlane/designs/bist_top/runs/RUN_2026.08.03_14.45.44/tmp/dimensions.txt --input-lef /openlane/designs/bist_top/runs/RUN_2026.08.03_14.45.44/tmp/merged.nom.lef /openlane/designs/bist_top/runs/RUN_2026.08.03_14.45.44/tmp/floorplan/3-initial_fp.def"

Mon Aug 03 14:45:52 UTC 2026 - Executing "openroad -exit /openlane/scripts/openroad/ioplacer.tcl |& tee /dev/null /openlane/designs/bist_top/runs/RUN_2026.08.03_14.45.44/logs/floorplan/4-io.log"

Mon Aug 03 14:45:53 UTC 2026 - Executing "openroad -exit /openlane/scripts/openroad/tapcell.tcl |& tee /dev/null /openlane/designs/bist_top/runs/RUN_2026.08.03_14.45.44/logs/floorplan/5-tap.log"

Mon Aug 03 14:45:53 UTC 2026 - Executing "openroad -exit /openlane/scripts/openroad/pdn.tcl |& tee /dev/null /openlane/designs/bist_top/runs/RUN_2026.08.03_14.45.44/logs/floorplan/6-pdn.log"

Mon Aug 03 14:45:54 UTC 2026 - Executing "openroad -exit /openlane/scripts/openroad/gpl.tcl |& tee /dev/null /openlane/designs/bist_top/runs/RUN_2026.08.03_14.45.44/logs/placement/7-global.log"

Mon Aug 03 14:45:55 UTC 2026 - Executing "sed -i.bak -e {s/\(set ::env(CURRENT_NETLIST)\).*/\1 \/openlane\/designs\/bist_top\/runs\/RUN_2026.08.03_14.45.44\/tmp\/placement\/7-global.nl.v/} /openlane/designs/bist_top/runs/RUN_2026.08.03_14.45.44/config.tcl"

Mon Aug 03 14:45:55 UTC 2026 - Executing "openroad -exit /openlane/scripts/openroad/sta/multi_corner.tcl |& tee /dev/null /openlane/designs/bist_top/runs/RUN_2026.08.03_14.45.44/logs/placement/8-gpl_sta.log"

Mon Aug 03 14:45:56 UTC 2026 - Executing "openroad -exit /openlane/scripts/openroad/resizer.tcl |& tee /dev/null /openlane/designs/bist_top/runs/RUN_2026.08.03_14.45.44/logs/placement/9-resizer.log"

Mon Aug 03 14:45:57 UTC 2026 - Executing "sed -i.bak -e {s/\(set ::env(CURRENT_NETLIST)\).*/\1 \/openlane\/designs\/bist_top\/runs\/RUN_2026.08.03_14.45.44\/tmp\/placement\/9-resizer.nl.v/} /openlane/designs/bist_top/runs/RUN_2026.08.03_14.45.44/config.tcl"

Mon Aug 03 14:45:57 UTC 2026 - Executing "openroad -exit /openlane/scripts/openroad/dpl.tcl |& tee /dev/null /openlane/designs/bist_top/runs/RUN_2026.08.03_14.45.44/logs/placement/10-detailed.log"

Mon Aug 03 14:45:58 UTC 2026 - Executing "sed -i.bak -e {s/\(set ::env(CURRENT_NETLIST)\).*/\1 \/openlane\/designs\/bist_top\/runs\/RUN_2026.08.03_14.45.44\/results\/placement\/bist_top.nl.v/} /openlane/designs/bist_top/runs/RUN_2026.08.03_14.45.44/config.tcl"

Mon Aug 03 14:45:58 UTC 2026 - Executing "openroad -exit /openlane/scripts/openroad/sta/multi_corner.tcl |& tee /dev/null /openlane/designs/bist_top/runs/RUN_2026.08.03_14.45.44/logs/placement/11-dpl_sta.log"

Mon Aug 03 14:45:58 UTC 2026 - Executing "openroad -exit /openlane/scripts/openroad/cts.tcl |& tee /dev/null /openlane/designs/bist_top/runs/RUN_2026.08.03_14.45.44/logs/cts/12-cts.log"

Mon Aug 03 14:46:21 UTC 2026 - Executing "openroad -exit /openlane/scripts/openroad/sta/multi_corner.tcl |& tee /dev/null /openlane/designs/bist_top/runs/RUN_2026.08.03_14.45.44/logs/cts/13-cts_sta.log"

Mon Aug 03 14:46:22 UTC 2026 - Executing "openroad -exit /openlane/scripts/openroad/resizer_timing.tcl |& tee /dev/null /openlane/designs/bist_top/runs/RUN_2026.08.03_14.45.44/logs/cts/14-resizer.log"

Mon Aug 03 14:46:23 UTC 2026 - Executing "sed -i.bak -e {s/\(set ::env(CURRENT_NETLIST)\).*/\1 \/openlane\/designs\/bist_top\/runs\/RUN_2026.08.03_14.45.44\/tmp\/cts\/14-bist_top.resized.nl.v/} /openlane/designs/bist_top/runs/RUN_2026.08.03_14.45.44/config.tcl"

Mon Aug 03 14:46:23 UTC 2026 - Executing "openroad -exit /openlane/scripts/openroad/resizer_routing_design.tcl |& tee /dev/null /openlane/designs/bist_top/runs/RUN_2026.08.03_14.45.44/logs/routing/15-resizer_design.log"

Mon Aug 03 14:46:25 UTC 2026 - Executing "sed -i.bak -e {s/\(set ::env(CURRENT_NETLIST)\).*/\1 \/openlane\/designs\/bist_top\/runs\/RUN_2026.08.03_14.45.44\/tmp\/15-bist_top.nl.v/} /openlane/designs/bist_top/runs/RUN_2026.08.03_14.45.44/config.tcl"

Mon Aug 03 14:46:25 UTC 2026 - Executing "openroad -exit /openlane/scripts/openroad/sta/multi_corner.tcl |& tee /dev/null /openlane/designs/bist_top/runs/RUN_2026.08.03_14.45.44/logs/routing/16-rsz_design_sta.log"

Mon Aug 03 14:46:25 UTC 2026 - Executing "openroad -exit /openlane/scripts/openroad/resizer_routing_timing.tcl |& tee /dev/null /openlane/designs/bist_top/runs/RUN_2026.08.03_14.45.44/logs/routing/17-resizer_timing.log"

Mon Aug 03 14:46:27 UTC 2026 - Executing "sed -i.bak -e {s/\(set ::env(CURRENT_NETLIST)\).*/\1 \/openlane\/designs\/bist_top\/runs\/RUN_2026.08.03_14.45.44\/tmp\/17-bist_top.nl.v/} /openlane/designs/bist_top/runs/RUN_2026.08.03_14.45.44/config.tcl"

Mon Aug 03 14:46:27 UTC 2026 - Executing "openroad -exit /openlane/scripts/openroad/sta/multi_corner.tcl |& tee /dev/null /openlane/designs/bist_top/runs/RUN_2026.08.03_14.45.44/logs/routing/18-rsz_timing_sta.log"

Mon Aug 03 14:46:27 UTC 2026 - Executing "openroad -exit /openlane/scripts/openroad/groute.tcl |& tee /dev/null /openlane/designs/bist_top/runs/RUN_2026.08.03_14.45.44/logs/routing/19-global.log"

Mon Aug 03 14:46:28 UTC 2026 - Executing "openroad -exit /openlane/scripts/openroad/write_views.tcl |& tee /dev/null /openlane/designs/bist_top/runs/RUN_2026.08.03_14.45.44/logs/routing/19-global_write_netlist.log"

Mon Aug 03 14:46:28 UTC 2026 - Executing "sed -i.bak -e {s/\(set ::env(CURRENT_NETLIST)\).*/\1 \/openlane\/designs\/bist_top\/runs\/RUN_2026.08.03_14.45.44\/tmp\/routing\/global.nl.v/} /openlane/designs/bist_top/runs/RUN_2026.08.03_14.45.44/config.tcl"

Mon Aug 03 14:46:28 UTC 2026 - Executing "openroad -exit /openlane/scripts/openroad/sta/multi_corner.tcl |& tee /dev/null /openlane/designs/bist_top/runs/RUN_2026.08.03_14.45.44/logs/routing/21-grt_sta.log"

Mon Aug 03 14:46:29 UTC 2026 - Executing "openroad -exit /openlane/scripts/openroad/fill.tcl |& tee /dev/null /openlane/designs/bist_top/runs/RUN_2026.08.03_14.45.44/logs/routing/22-fill.log"

Mon Aug 03 14:46:30 UTC 2026 - Executing "sed -i.bak -e {s/\(set ::env(CURRENT_NETLIST)\).*/\1 \/openlane\/designs\/bist_top\/runs\/RUN_2026.08.03_14.45.44\/tmp\/routing\/22-fill.nl.v/} /openlane/designs/bist_top/runs/RUN_2026.08.03_14.45.44/config.tcl"

Mon Aug 03 14:46:30 UTC 2026 - Executing "openroad -exit /openlane/scripts/openroad/droute.tcl |& tee /dev/null /openlane/designs/bist_top/runs/RUN_2026.08.03_14.45.44/logs/routing/23-detailed.log"

Mon Aug 03 14:47:15 UTC 2026 - Executing "sed -i.bak -e {s/\(set ::env(CURRENT_NETLIST)\).*/\1 \/openlane\/designs\/bist_top\/runs\/RUN_2026.08.03_14.45.44\/results\/routing\/bist_top.nl.v/} /openlane/designs/bist_top/runs/RUN_2026.08.03_14.45.44/config.tcl"

Mon Aug 03 14:47:15 UTC 2026 - Executing "python3 /openlane/scripts/drc_rosetta.py tr to_klayout -o /openlane/designs/bist_top/runs/RUN_2026.08.03_14.45.44/reports/routing/drt.klayout.xml --design-name bist_top /openlane/designs/bist_top/runs/RUN_2026.08.03_14.45.44/reports/routing/drt.drc"

Mon Aug 03 14:47:15 UTC 2026 - Executing "openroad -exit -no_init -python /openlane/scripts/odbpy/wire_lengths.py --report-out /openlane/designs/bist_top/runs/RUN_2026.08.03_14.45.44/reports/routing/24-wire_lengths.csv --input-lef /openlane/designs/bist_top/runs/RUN_2026.08.03_14.45.44/tmp/merged.nom.lef --output-def /dev/null --output /openlane/designs/bist_top/runs/RUN_2026.08.03_14.45.44/results/routing/bist_top.odb /openlane/designs/bist_top/runs/RUN_2026.08.03_14.45.44/results/routing/bist_top.odb |& tee /dev/null /openlane/designs/bist_top/runs/RUN_2026.08.03_14.45.44/logs/routing/24-wire_lengths.log"

Mon Aug 03 14:47:16 UTC 2026 - Executing "openroad -exit /openlane/scripts/openroad/rcx.tcl |& tee /dev/null /openlane/designs/bist_top/runs/RUN_2026.08.03_14.45.44/logs/signoff/25-parasitics_extraction.min.log"

Mon Aug 03 14:47:16 UTC 2026 - Executing "sta -exit -no_init /openlane/scripts/openroad/sta/multi_corner.tcl |& tee /dev/null /openlane/designs/bist_top/runs/RUN_2026.08.03_14.45.44/logs/signoff/26-rcx_mcsta.min.log"

Mon Aug 03 14:47:18 UTC 2026 - Executing "openroad -exit /openlane/scripts/openroad/rcx.tcl |& tee /dev/null /openlane/designs/bist_top/runs/RUN_2026.08.03_14.45.44/logs/signoff/27-parasitics_extraction.max.log"

Mon Aug 03 14:47:19 UTC 2026 - Executing "sta -exit -no_init /openlane/scripts/openroad/sta/multi_corner.tcl |& tee /dev/null /openlane/designs/bist_top/runs/RUN_2026.08.03_14.45.44/logs/signoff/28-rcx_mcsta.max.log"

Mon Aug 03 14:47:21 UTC 2026 - Executing "openroad -exit /openlane/scripts/openroad/rcx.tcl |& tee /dev/null /openlane/designs/bist_top/runs/RUN_2026.08.03_14.45.44/logs/signoff/29-parasitics_extraction.nom.log"

Mon Aug 03 14:47:22 UTC 2026 - Executing "sta -exit -no_init /openlane/scripts/openroad/sta/multi_corner.tcl |& tee /dev/null /openlane/designs/bist_top/runs/RUN_2026.08.03_14.45.44/logs/signoff/30-rcx_mcsta.nom.log"

Mon Aug 03 14:47:24 UTC 2026 - Executing "sta -exit -no_init /openlane/scripts/openroad/sta/multi_corner.tcl |& tee /dev/null /openlane/designs/bist_top/runs/RUN_2026.08.03_14.45.44/logs/signoff/31-rcx_sta.log"

Mon Aug 03 14:47:24 UTC 2026 - Executing "openroad -exit /openlane/scripts/openroad/irdrop.tcl |& tee /dev/null /openlane/designs/bist_top/runs/RUN_2026.08.03_14.45.44/logs/signoff/32-irdrop.log"

Mon Aug 03 14:47:25 UTC 2026 - Executing "magic -noconsole -dnull -rcfile /home/varun/.ciel/sky130A/libs.tech/magic/sky130A.magicrc < /openlane/scripts/magic/wrapper.tcl |& tee /dev/null /openlane/designs/bist_top/runs/RUN_2026.08.03_14.45.44/logs/signoff/33-gdsii.log"

Mon Aug 03 14:47:26 UTC 2026 - Executing "magic -noconsole -dnull -rcfile /home/varun/.ciel/sky130A/libs.tech/magic/sky130A.magicrc < /openlane/scripts/magic/wrapper.tcl |& tee /dev/null /openlane/designs/bist_top/runs/RUN_2026.08.03_14.45.44/logs/signoff/33-gds_ptrs.log"

Mon Aug 03 14:47:26 UTC 2026 - Executing "sed -i.bak -n {/^<< properties >>/,/^<< end >>/p} /openlane/designs/bist_top/runs/RUN_2026.08.03_14.45.44/tmp/signoff/gds_ptrs.mag"

Mon Aug 03 14:47:26 UTC 2026 - Executing "magic -noconsole -dnull -rcfile /home/varun/.ciel/sky130A/libs.tech/magic/sky130A.magicrc < /openlane/scripts/magic/wrapper.tcl |& tee /dev/null /openlane/designs/bist_top/runs/RUN_2026.08.03_14.45.44/logs/signoff/33-lef.log"

Mon Aug 03 14:47:27 UTC 2026 - Executing "magic -noconsole -dnull -rcfile /home/varun/.ciel/sky130A/libs.tech/magic/sky130A.magicrc < /openlane/scripts/magic/wrapper.tcl |& tee /dev/null /openlane/designs/bist_top/runs/RUN_2026.08.03_14.45.44/logs/signoff/33-maglef.log"

Mon Aug 03 14:47:27 UTC 2026 - Executing "python3 /openlane/scripts/klayout/stream_out.py --output /openlane/designs/bist_top/runs/RUN_2026.08.03_14.45.44/results/signoff/bist_top.klayout.gds --lyt /home/varun/.ciel/sky130A/libs.tech/klayout/tech/sky130A.lyt --lym /home/varun/.ciel/sky130A/libs.tech/klayout/tech/sky130A.map --lyp /home/varun/.ciel/sky130A/libs.tech/klayout/tech/sky130A.lyp --top bist_top --with-gds-file /home/varun/.ciel/sky130A/libs.ref/sky130_fd_sc_hd/gds/sky130_fd_sc_hd.gds --input-lef /openlane/designs/bist_top/runs/RUN_2026.08.03_14.45.44/tmp/merged.nom.lef /openlane/designs/bist_top/runs/RUN_2026.08.03_14.45.44/results/routing/bist_top.def |& tee /dev/null /openlane/designs/bist_top/runs/RUN_2026.08.03_14.45.44/logs/signoff/34-gdsii-klayout.log"

Mon Aug 03 14:47:28 UTC 2026 - Executing "klayout -b -r /openlane/scripts/klayout/xor.drc -rd a=/openlane/designs/bist_top/runs/RUN_2026.08.03_14.45.44/results/signoff/bist_top.gds -rd b=/openlane/designs/bist_top/runs/RUN_2026.08.03_14.45.44/results/signoff/bist_top.klayout.gds -rd jobs=1 -rd rdb_out=/openlane/designs/bist_top/runs/RUN_2026.08.03_14.45.44/reports/signoff/35-xor.xml -rd ignore=81/14 -rd rpt_out=/openlane/designs/bist_top/runs/RUN_2026.08.03_14.45.44/reports/signoff/35-xor.rpt |& tee /dev/null /openlane/designs/bist_top/runs/RUN_2026.08.03_14.45.44/logs/signoff/35-xor.log"

Mon Aug 03 14:47:30 UTC 2026 - Executing "magic -noconsole -dnull -rcfile /home/varun/.ciel/sky130A/libs.tech/magic/sky130A.magicrc < /openlane/scripts/magic/wrapper.tcl |& tee /dev/null /openlane/designs/bist_top/runs/RUN_2026.08.03_14.45.44/logs/signoff/36-spice.log"

Mon Aug 03 14:47:31 UTC 2026 - Executing "openroad -exit -no_init -python /openlane/scripts/odbpy/power_utils.py write_powered_def --output /openlane/designs/bist_top/runs/RUN_2026.08.03_14.45.44/tmp/signoff/36-bist_top.p.def --input-lef /openlane/designs/bist_top/runs/RUN_2026.08.03_14.45.44/tmp/merged.nom.lef --power-port VPWR --ground-port VGND --powered-netlist {} /openlane/designs/bist_top/runs/RUN_2026.08.03_14.45.44/results/routing/bist_top.def |& tee /dev/null /openlane/designs/bist_top/runs/RUN_2026.08.03_14.45.44/logs/signoff/37-write_powered_def.log"

Mon Aug 03 14:47:31 UTC 2026 - Executing "openroad -exit /openlane/scripts/openroad/write_views.tcl |& tee /dev/null /openlane/designs/bist_top/runs/RUN_2026.08.03_14.45.44/logs/signoff/37-write_powered_verilog.log"

Mon Aug 03 14:47:32 UTC 2026 - Executing "sed -i.bak -e {s/\(set ::env(CURRENT_NETLIST)\).*/\1 \/openlane\/designs\/bist_top\/runs\/RUN_2026.08.03_14.45.44\/tmp\/signoff\/36-bist_top.nl.v/} /openlane/designs/bist_top/runs/RUN_2026.08.03_14.45.44/config.tcl"

Mon Aug 03 14:47:32 UTC 2026 - Executing "netgen -batch source /openlane/designs/bist_top/runs/RUN_2026.08.03_14.45.44/tmp/signoff/39-setup_file.lef.lvs |& tee /dev/null /openlane/designs/bist_top/runs/RUN_2026.08.03_14.45.44/logs/signoff/39-lvs.lef.log"

Mon Aug 03 14:47:33 UTC 2026 - Executing "magic -noconsole -dnull -rcfile /home/varun/.ciel/sky130A/libs.tech/magic/sky130A.magicrc < /openlane/scripts/magic/wrapper.tcl |& tee /dev/null /openlane/designs/bist_top/runs/RUN_2026.08.03_14.45.44/logs/signoff/40-drc.log"

Mon Aug 03 14:47:34 UTC 2026 - Executing "python3 /openlane/scripts/drc_rosetta.py magic to_tcl -o /openlane/designs/bist_top/runs/RUN_2026.08.03_14.45.44/reports/signoff/drc.tcl /openlane/designs/bist_top/runs/RUN_2026.08.03_14.45.44/reports/signoff/drc.rpt"

Mon Aug 03 14:47:34 UTC 2026 - Executing "python3 /openlane/scripts/drc_rosetta.py magic to_tr -o /openlane/designs/bist_top/runs/RUN_2026.08.03_14.45.44/reports/signoff/drc.tr /openlane/designs/bist_top/runs/RUN_2026.08.03_14.45.44/reports/signoff/drc.rpt"

Mon Aug 03 14:47:34 UTC 2026 - Executing "python3 /openlane/scripts/drc_rosetta.py tr to_klayout -o /openlane/designs/bist_top/runs/RUN_2026.08.03_14.45.44/reports/signoff/drc.klayout.xml --design-name bist_top /openlane/designs/bist_top/runs/RUN_2026.08.03_14.45.44/reports/signoff/drc.tr"

Mon Aug 03 14:47:34 UTC 2026 - Executing "python3 /openlane/scripts/drc_rosetta.py magic to_rdb -o /openlane/designs/bist_top/runs/RUN_2026.08.03_14.45.44/reports/signoff/drc.rdb /openlane/designs/bist_top/runs/RUN_2026.08.03_14.45.44/reports/signoff/drc.rpt"

Mon Aug 03 14:47:34 UTC 2026 - Executing "openroad -exit /openlane/scripts/openroad/antenna_check.tcl |& tee /dev/null /openlane/designs/bist_top/runs/RUN_2026.08.03_14.45.44/logs/signoff/41-arc.log"

Mon Aug 03 14:47:34 UTC 2026 - Executing "python3 /openlane/scripts/extract_antenna_violators.py --output /openlane/designs/bist_top/runs/RUN_2026.08.03_14.45.44/reports/signoff/41-antenna_violators.rpt --plain-out /openlane/designs/bist_top/runs/RUN_2026.08.03_14.45.44/reports/signoff/41-antenna_violators_pins.txt /openlane/designs/bist_top/runs/RUN_2026.08.03_14.45.44/logs/signoff/41-arc.log"

Mon Aug 03 14:47:35 UTC 2026 - Executing "awk -v vdd=VPWR -v gnd=VGND -f /home/varun/.ciel/sky130A/libs.tech/openlane/cvc/power.awk /openlane/designs/bist_top/runs/RUN_2026.08.03_14.45.44/tmp/signoff/36-bist_top.nl.v > /openlane/designs/bist_top/runs/RUN_2026.08.03_14.45.44/tmp/signoff/bist_top.power"

Mon Aug 03 14:47:35 UTC 2026 - Executing "awk -f /home/varun/.ciel/sky130A/libs.tech/openlane/cvc/cdl.awk /home/varun/.ciel/sky130A/libs.ref/sky130_fd_sc_hd/cdl/sky130_fd_sc_hd.cdl /openlane/designs/bist_top/runs/RUN_2026.08.03_14.45.44/results/signoff/bist_top.lef.spice > /openlane/designs/bist_top/runs/RUN_2026.08.03_14.45.44/tmp/signoff/bist_top.cdl"

Mon Aug 03 14:47:35 UTC 2026 - Executing "cvc_rv /home/varun/.ciel/sky130A/libs.tech/openlane/cvc/cvcrc |& tee /dev/null /openlane/designs/bist_top/runs/RUN_2026.08.03_14.45.44/logs/signoff/42-erc_screen.log"

