OpenROAD 41a51eaf4ca2171c92ff38afb91eb37bbd3f36da 
This program is licensed under the BSD-3 license. See the LICENSE file for details.
Components of this program may be licensed under more restrictive licenses which must be honored.
[INFO]: Reading ODB at '/openlane/designs/bist_top/runs/RUN_2026.08.03_14.45.44/results/routing/bist_top.odb'…
define_corners Typical
read_liberty -corner Typical /home/varun/.ciel/sky130A/libs.ref/sky130_fd_sc_hd/lib/sky130_fd_sc_hd__tt_025C_1v80.lib
Using 1e-12 for capacitance...
Using 1e+03 for resistance...
Using 1e-09 for time...
Using 1e+00 for voltage...
Using 1e-03 for current...
Using 1e-09 for power...
Using 1e-06 for distance...
Reading design constraints file at '/openlane/designs/bist_top/runs/RUN_2026.08.03_14.45.44/tmp/17-bist_top.sdc'…
Net: _0422_
  Pin: _1103_/A0 (sky130_fd_sc_hd__mux2_1)
    Layer: met2
      Partial area ratio:   11.65
      Required ratio:    0.00 (Gate area) 
      Partial area ratio:   59.48
      Required ratio: 2918.08 (Side area) 
      Cumulative area ratio:   96.18
      Required ratio:    0.00 (Cumulative area) 
      Cumulative area ratio:  492.26
      Required ratio:    0.00 (Cumulative side area) 

    Layer: met1
      Partial area ratio:    0.67
      Required ratio:    0.00 (Gate area) 
      Partial area ratio:    4.11
      Required ratio:  400.00 (Side area) 
      Cumulative area ratio:    0.67
      Required ratio:    0.00 (Cumulative area) 
      Cumulative area ratio:    4.11
      Required ratio:    0.00 (Cumulative side area) 

    Layer: li1
      Partial area ratio:    0.00
      Required ratio:    0.00 (Gate area) 
      Partial area ratio:    0.00
      Required ratio:   75.00 (Side area) 
      Cumulative area ratio:    0.00
      Required ratio:    0.00 (Cumulative area) 
      Cumulative area ratio:    0.00
      Required ratio:    0.00 (Cumulative side area) 

    Via: M1M2_PR
      Partial area ratio:    0.18
      Required ratio:    6.00 (Gate area) 
      Cumulative area ratio:    0.41
      Required ratio:    0.00 (Cumulative area) 

    Via: L1M1_PR
      Partial area ratio:    0.23
      Required ratio:    3.00 (Gate area) 
      Cumulative area ratio:    0.23
      Required ratio:    0.00 (Cumulative area) 

  Pin: _1022_/A0 (sky130_fd_sc_hd__mux2_1)
    Layer: met2
      Partial area ratio:   11.65
      Required ratio:    0.00 (Gate area) 
      Partial area ratio:   59.48
      Required ratio: 2918.08 (Side area) 
      Cumulative area ratio:   95.51
      Required ratio:    0.00 (Cumulative area) 
      Cumulative area ratio:  488.14
      Required ratio:    0.00 (Cumulative side area) 

    Layer: met1
      Partial area ratio:   83.87
      Required ratio:    0.00 (Gate area) 
      Partial area ratio:  428.67
      Required ratio:  400.00 (Side area) (VIOLATED)
      Cumulative area ratio:   83.87
      Required ratio:    0.00 (Cumulative area) 
      Cumulative area ratio:  428.67
      Required ratio:    0.00 (Cumulative side area) 

    Layer: li1
      Partial area ratio:    0.00
      Required ratio:    0.00 (Gate area) 
      Partial area ratio:    0.00
      Required ratio:   75.00 (Side area) 
      Cumulative area ratio:    0.00
      Required ratio:    0.00 (Cumulative area) 
      Cumulative area ratio:    0.00
      Required ratio:    0.00 (Cumulative side area) 

    Via: M1M2_PR
      Partial area ratio:    0.36
      Required ratio:    6.00 (Gate area) 
      Cumulative area ratio:    0.59
      Required ratio:    0.00 (Cumulative area) 

    Via: L1M1_PR
      Partial area ratio:    0.23
      Required ratio:    3.00 (Gate area) 
      Cumulative area ratio:    0.23
      Required ratio:    0.00 (Cumulative area) 

  Pin: _1028_/A0 (sky130_fd_sc_hd__mux2_1)
    Layer: met2
      Partial area ratio:   11.65
      Required ratio:    0.00 (Gate area) 
      Partial area ratio:   59.48
      Required ratio: 2918.08 (Side area) 
      Cumulative area ratio:   12.82
      Required ratio:    0.00 (Cumulative area) 
      Cumulative area ratio:   66.14
      Required ratio:    0.00 (Cumulative side area) 

    Layer: met1
      Partial area ratio:    1.18
      Required ratio:    0.00 (Gate area) 
      Partial area ratio:    6.67
      Required ratio:  400.00 (Side area) 
      Cumulative area ratio:    1.18
      Required ratio:    0.00 (Cumulative area) 
      Cumulative area ratio:    6.67
      Required ratio:    0.00 (Cumulative side area) 

    Layer: li1
      Partial area ratio:    0.00
      Required ratio:    0.00 (Gate area) 
      Partial area ratio:    0.00
      Required ratio:   75.00 (Side area) 
      Cumulative area ratio:    0.00
      Required ratio:    0.00 (Cumulative area) 
      Cumulative area ratio:    0.00
      Required ratio:    0.00 (Cumulative side area) 

    Via: M1M2_PR
      Partial area ratio:    0.18
      Required ratio:    6.00 (Gate area) 
      Cumulative area ratio:    0.41
      Required ratio:    0.00 (Cumulative area) 

    Via: L1M1_PR
      Partial area ratio:    0.23
      Required ratio:    3.00 (Gate area) 
      Cumulative area ratio:    0.23
      Required ratio:    0.00 (Cumulative area) 

  Pin: _1070_/A0 (sky130_fd_sc_hd__mux2_1)
    Layer: met2
      Partial area ratio:   11.65
      Required ratio:    0.00 (Gate area) 
      Partial area ratio:   59.48
      Required ratio: 2918.08 (Side area) 
      Cumulative area ratio:   41.87
      Required ratio:    0.00 (Cumulative area) 
      Cumulative area ratio:  216.81
      Required ratio:    0.00 (Cumulative side area) 

    Layer: met1
      Partial area ratio:   30.22
      Required ratio:    0.00 (Gate area) 
      Partial area ratio:  157.33
      Required ratio:  400.00 (Side area) 
      Cumulative area ratio:   30.22
      Required ratio:    0.00 (Cumulative area) 
      Cumulative area ratio:  157.33
      Required ratio:    0.00 (Cumulative side area) 

    Layer: li1
      Partial area ratio:    0.00
      Required ratio:    0.00 (Gate area) 
      Partial area ratio:    0.00
      Required ratio:   75.00 (Side area) 
      Cumulative area ratio:    0.00
      Required ratio:    0.00 (Cumulative area) 
      Cumulative area ratio:    0.00
      Required ratio:    0.00 (Cumulative side area) 

    Via: M1M2_PR
      Partial area ratio:    0.36
      Required ratio:    6.00 (Gate area) 
      Cumulative area ratio:    0.59
      Required ratio:    0.00 (Cumulative area) 

    Via: L1M1_PR
      Partial area ratio:    0.23
      Required ratio:    3.00 (Gate area) 
      Cumulative area ratio:    0.23
      Required ratio:    0.00 (Cumulative area) 

  Pin: _1050_/A0 (sky130_fd_sc_hd__mux2_1)
    Layer: met2
      Partial area ratio:   11.65
      Required ratio:    0.00 (Gate area) 
      Partial area ratio:   59.48
      Required ratio: 2918.08 (Side area) 
      Cumulative area ratio:   42.54
      Required ratio:    0.00 (Cumulative area) 
      Cumulative area ratio:  220.92
      Required ratio:    0.00 (Cumulative side area) 

    Layer: met1
      Partial area ratio:    0.67
      Required ratio:    0.00 (Gate area) 
      Partial area ratio:    4.11
      Required ratio:  400.00 (Side area) 
      Cumulative area ratio:    0.67
      Required ratio:    0.00 (Cumulative area) 
      Cumulative area ratio:    4.11
      Required ratio:    0.00 (Cumulative side area) 

    Layer: li1
      Partial area ratio:    0.00
      Required ratio:    0.00 (Gate area) 
      Partial area ratio:    0.00
      Required ratio:   75.00 (Side area) 
      Cumulative area ratio:    0.00
      Required ratio:    0.00 (Cumulative area) 
      Cumulative area ratio:    0.00
      Required ratio:    0.00 (Cumulative side area) 

    Via: M1M2_PR
      Partial area ratio:    0.18
      Required ratio:    6.00 (Gate area) 
      Cumulative area ratio:    0.41
      Required ratio:    0.00 (Cumulative area) 

    Via: L1M1_PR
      Partial area ratio:    0.23
      Required ratio:    3.00 (Gate area) 
      Cumulative area ratio:    0.23
      Required ratio:    0.00 (Cumulative area) 

  Pin: _1090_/A0 (sky130_fd_sc_hd__mux2_1)
    Layer: met2
      Partial area ratio:   11.65
      Required ratio:    0.00 (Gate area) 
      Partial area ratio:   59.48
      Required ratio: 2918.08 (Side area) 
      Cumulative area ratio:   62.35
      Required ratio:    0.00 (Cumulative area) 
      Cumulative area ratio:  326.59
      Required ratio:    0.00 (Cumulative side area) 

    Layer: met1
      Partial area ratio:    5.59
      Required ratio:    0.00 (Gate area) 
      Partial area ratio:   29.11
      Required ratio:  400.00 (Side area) 
      Cumulative area ratio:    5.59
      Required ratio:    0.00 (Cumulative area) 
      Cumulative area ratio:   29.11
      Required ratio:    0.00 (Cumulative side area) 

    Layer: li1
      Partial area ratio:    0.00
      Required ratio:    0.00 (Gate area) 
      Partial area ratio:    0.00
      Required ratio:   75.00 (Side area) 
      Cumulative area ratio:    0.00
      Required ratio:    0.00 (Cumulative area) 
      Cumulative area ratio:    0.00
      Required ratio:    0.00 (Cumulative side area) 

    Via: M1M2_PR
      Partial area ratio:    0.09
      Required ratio:    6.00 (Gate area) 
      Cumulative area ratio:    0.32
      Required ratio:    0.00 (Cumulative area) 

    Via: L1M1_PR
      Partial area ratio:    0.23
      Required ratio:    3.00 (Gate area) 
      Cumulative area ratio:    0.23
      Required ratio:    0.00 (Cumulative area) 

  Pin: _1080_/A0 (sky130_fd_sc_hd__mux2_1)
    Layer: met2
      Partial area ratio:   11.65
      Required ratio:    0.00 (Gate area) 
      Partial area ratio:   59.48
      Required ratio: 2918.08 (Side area) 
      Cumulative area ratio:   62.35
      Required ratio:    0.00 (Cumulative area) 
      Cumulative area ratio:  326.59
      Required ratio:    0.00 (Cumulative side area) 

    Layer: met1
      Partial area ratio:    5.59
      Required ratio:    0.00 (Gate area) 
      Partial area ratio:   29.11
      Required ratio:  400.00 (Side area) 
      Cumulative area ratio:    5.59
      Required ratio:    0.00 (Cumulative area) 
      Cumulative area ratio:   29.11
      Required ratio:    0.00 (Cumulative side area) 

    Layer: li1
      Partial area ratio:    0.00
      Required ratio:    0.00 (Gate area) 
      Partial area ratio:    0.00
      Required ratio:   75.00 (Side area) 
      Cumulative area ratio:    0.00
      Required ratio:    0.00 (Cumulative area) 
      Cumulative area ratio:    0.00
      Required ratio:    0.00 (Cumulative side area) 

    Via: M1M2_PR
      Partial area ratio:    0.09
      Required ratio:    6.00 (Gate area) 
      Cumulative area ratio:    0.32
      Required ratio:    0.00 (Cumulative area) 

    Via: L1M1_PR
      Partial area ratio:    0.23
      Required ratio:    3.00 (Gate area) 
      Cumulative area ratio:    0.23
      Required ratio:    0.00 (Cumulative area) 

  Pin: _1085_/A0 (sky130_fd_sc_hd__mux2_1)
    Layer: met2
      Partial area ratio:   11.65
      Required ratio:    0.00 (Gate area) 
      Partial area ratio:   59.48
      Required ratio: 2918.08 (Side area) 
      Cumulative area ratio:   56.76
      Required ratio:    0.00 (Cumulative area) 
      Cumulative area ratio:  297.48
      Required ratio:    0.00 (Cumulative side area) 

    Layer: met1
      Partial area ratio:   14.89
      Required ratio:    0.00 (Gate area) 
      Partial area ratio:   80.67
      Required ratio:  400.00 (Side area) 
      Cumulative area ratio:   14.89
      Required ratio:    0.00 (Cumulative area) 
      Cumulative area ratio:   80.67
      Required ratio:    0.00 (Cumulative side area) 

    Layer: li1
      Partial area ratio:    0.00
      Required ratio:    0.00 (Gate area) 
      Partial area ratio:    0.00
      Required ratio:   75.00 (Side area) 
      Cumulative area ratio:    0.00
      Required ratio:    0.00 (Cumulative area) 
      Cumulative area ratio:    0.00
      Required ratio:    0.00 (Cumulative side area) 

    Via: M1M2_PR
      Partial area ratio:    0.36
      Required ratio:    6.00 (Gate area) 
      Cumulative area ratio:    0.59
      Required ratio:    0.00 (Cumulative area) 

    Via: L1M1_PR
      Partial area ratio:    0.23
      Required ratio:    3.00 (Gate area) 
      Cumulative area ratio:    0.23
      Required ratio:    0.00 (Cumulative area) 

  Pin: _1113_/A0 (sky130_fd_sc_hd__mux2_1)
    Layer: met2
      Partial area ratio:   11.65
      Required ratio:    0.00 (Gate area) 
      Partial area ratio:   59.48
      Required ratio: 2918.08 (Side area) 
      Cumulative area ratio:   14.87
      Required ratio:    0.00 (Cumulative area) 
      Cumulative area ratio:   76.37
      Required ratio:    0.00 (Cumulative side area) 

    Layer: met1
      Partial area ratio:    3.22
      Required ratio:    0.00 (Gate area) 
      Partial area ratio:   16.89
      Required ratio:  400.00 (Side area) 
      Cumulative area ratio:    3.22
      Required ratio:    0.00 (Cumulative area) 
      Cumulative area ratio:   16.89
      Required ratio:    0.00 (Cumulative side area) 

    Layer: li1
      Partial area ratio:    0.00
      Required ratio:    0.00 (Gate area) 
      Partial area ratio:    0.00
      Required ratio:   75.00 (Side area) 
      Cumulative area ratio:    0.00
      Required ratio:    0.00 (Cumulative area) 
      Cumulative area ratio:    0.00
      Required ratio:    0.00 (Cumulative side area) 

    Via: M1M2_PR
      Partial area ratio:    0.18
      Required ratio:    6.00 (Gate area) 
      Cumulative area ratio:    0.41
      Required ratio:    0.00 (Cumulative area) 

    Via: L1M1_PR
      Partial area ratio:    0.23
      Required ratio:    3.00 (Gate area) 
      Cumulative area ratio:    0.23
      Required ratio:    0.00 (Cumulative area) 

  Pin: _1108_/A0 (sky130_fd_sc_hd__mux2_1)
    Layer: met2
      Partial area ratio:   11.65
      Required ratio:    0.00 (Gate area) 
      Partial area ratio:   59.48
      Required ratio: 2918.08 (Side area) 
      Cumulative area ratio:   12.31
      Required ratio:    0.00 (Cumulative area) 
      Cumulative area ratio:   63.59
      Required ratio:    0.00 (Cumulative side area) 

    Layer: met1
      Partial area ratio:    0.67
      Required ratio:    0.00 (Gate area) 
      Partial area ratio:    4.11
      Required ratio:  400.00 (Side area) 
      Cumulative area ratio:    0.67
      Required ratio:    0.00 (Cumulative area) 
      Cumulative area ratio:    4.11
      Required ratio:    0.00 (Cumulative side area) 

    Layer: li1
      Partial area ratio:    0.00
      Required ratio:    0.00 (Gate area) 
      Partial area ratio:    0.00
      Required ratio:   75.00 (Side area) 
      Cumulative area ratio:    0.00
      Required ratio:    0.00 (Cumulative area) 
      Cumulative area ratio:    0.00
      Required ratio:    0.00 (Cumulative side area) 

    Via: M1M2_PR
      Partial area ratio:    0.18
      Required ratio:    6.00 (Gate area) 
      Cumulative area ratio:    0.41
      Required ratio:    0.00 (Cumulative area) 

    Via: L1M1_PR
      Partial area ratio:    0.23
      Required ratio:    3.00 (Gate area) 
      Cumulative area ratio:    0.23
      Required ratio:    0.00 (Cumulative area) 


[INFO ANT-0002] Found 1 net violations.
[INFO ANT-0001] Found 1 pin violations.
