
===========================================================================
report_checks -unconstrained
===========================================================================
======================= Typical Corner ===================================

Startpoint: rst_n (input port clocked by clk)
Endpoint: _1328_ (recovery check against rising-edge clock clk)
Path Group: asynchronous
Path Type: max

Fanout     Cap    Slew   Delay    Time   Description
-----------------------------------------------------------------------------
                  0.15    0.00    0.00   clock clk (rise edge)
                          0.00    0.00   clock network delay (ideal)
                          2.00    2.00 ^ input external delay
                  0.02    0.01    2.01 ^ rst_n (in)
     1    0.00                           rst_n (net)
                  0.02    0.00    2.01 ^ input1/A (sky130_fd_sc_hd__dlymetal6s2s_1)
                  0.18    0.18    2.19 ^ input1/X (sky130_fd_sc_hd__dlymetal6s2s_1)
     3    0.02                           net1 (net)
                  0.18    0.00    2.19 ^ fanout14/A (sky130_fd_sc_hd__buf_2)
                  0.16    0.24    2.43 ^ fanout14/X (sky130_fd_sc_hd__buf_2)
     8    0.03                           net14 (net)
                  0.16    0.00    2.43 ^ fanout12/A (sky130_fd_sc_hd__clkbuf_4)
                  0.14    0.25    2.69 ^ fanout12/X (sky130_fd_sc_hd__clkbuf_4)
    10    0.04                           net12 (net)
                  0.14    0.00    2.69 ^ _1328_/SET_B (sky130_fd_sc_hd__dfstp_1)
                                  2.69   data arrival time

                  0.15   10.00   10.00   clock clk (rise edge)
                          0.00   10.00   clock network delay (ideal)
                         -0.25    9.75   clock uncertainty
                          0.00    9.75   clock reconvergence pessimism
                                  9.75 ^ _1328_/CLK (sky130_fd_sc_hd__dfstp_1)
                          0.16    9.91   library recovery time
                                  9.91   data required time
-----------------------------------------------------------------------------
                                  9.91   data required time
                                 -2.69   data arrival time
-----------------------------------------------------------------------------
                                  7.22   slack (MET)


Startpoint: rst_n (input port clocked by clk)
Endpoint: _1306_ (rising edge-triggered flip-flop clocked by clk)
Path Group: clk
Path Type: max

Fanout     Cap    Slew   Delay    Time   Description
-----------------------------------------------------------------------------
                  0.15    0.00    0.00   clock clk (rise edge)
                          0.00    0.00   clock network delay (ideal)
                          2.00    2.00 ^ input external delay
                  0.02    0.01    2.01 ^ rst_n (in)
     1    0.00                           rst_n (net)
                  0.02    0.00    2.01 ^ input1/A (sky130_fd_sc_hd__dlymetal6s2s_1)
                  0.18    0.18    2.19 ^ input1/X (sky130_fd_sc_hd__dlymetal6s2s_1)
     3    0.02                           net1 (net)
                  0.18    0.00    2.19 ^ fanout14/A (sky130_fd_sc_hd__buf_2)
                  0.16    0.24    2.43 ^ fanout14/X (sky130_fd_sc_hd__buf_2)
     8    0.03                           net14 (net)
                  0.16    0.00    2.43 ^ _0590_/C_N (sky130_fd_sc_hd__or3b_2)
                  0.13    0.56    3.00 v _0590_/X (sky130_fd_sc_hd__or3b_2)
     8    0.02                           _0519_ (net)
                  0.13    0.00    3.00 v _0591_/B (sky130_fd_sc_hd__or2_2)
                  0.11    0.39    3.39 v _0591_/X (sky130_fd_sc_hd__or2_2)
     9    0.02                           _0520_ (net)
                  0.11    0.00    3.39 v _0667_/B (sky130_fd_sc_hd__or2_1)
                  0.07    0.27    3.65 v _0667_/X (sky130_fd_sc_hd__or2_1)
     2    0.01                           _0566_ (net)
                  0.07    0.00    3.65 v _0670_/S (sky130_fd_sc_hd__mux2_1)
                  0.06    0.33    3.98 v _0670_/X (sky130_fd_sc_hd__mux2_1)
     1    0.00                           _0568_ (net)
                  0.06    0.00    3.98 v _0671_/A (sky130_fd_sc_hd__clkbuf_1)
                  0.02    0.09    4.08 v _0671_/X (sky130_fd_sc_hd__clkbuf_1)
     1    0.00                           _0140_ (net)
                  0.02    0.00    4.08 v _1306_/D (sky130_fd_sc_hd__dfxtp_1)
                                  4.08   data arrival time

                  0.15   10.00   10.00   clock clk (rise edge)
                          0.00   10.00   clock network delay (ideal)
                         -0.25    9.75   clock uncertainty
                          0.00    9.75   clock reconvergence pessimism
                                  9.75 ^ _1306_/CLK (sky130_fd_sc_hd__dfxtp_1)
                         -0.08    9.67   library setup time
                                  9.67   data required time
-----------------------------------------------------------------------------
                                  9.67   data required time
                                 -4.08   data arrival time
-----------------------------------------------------------------------------
                                  5.60   slack (MET)




===========================================================================
report_checks --slack_max -0.01
============================================================================
======================= Typical Corner ===================================

No paths found.


===========================================================================
 report_check_types -max_slew -max_cap -max_fanout -violators
============================================================================
======================= Typical Corner ===================================



===========================================================================
report_parasitic_annotation -report_unannotated
============================================================================
Found 767 unannotated drivers.
 clk
 rst_n
 start
 _0582_/X
 _0583_/X
 _0584_/X
 _0585_/X
 _0586_/X
 _0587_/X
 _0588_/X
 _0589_/X
 _0590_/X
 _0591_/X
 _0592_/X
 _0593_/X
 _0594_/X
 _0595_/X
 _0596_/X
 _0597_/X
 _0598_/X
 _0599_/X
 _0600_/X
 _0601_/X
 _0602_/X
 _0603_/X
 _0604_/X
 _0605_/X
 _0606_/X
 _0607_/X
 _0608_/X
 _0609_/X
 _0610_/X
 _0611_/X
 _0612_/Y
 _0613_/X
 _0614_/X
 _0615_/X
 _0616_/X
 _0617_/X
 _0618_/X
 _0619_/X
 _0620_/X
 _0621_/X
 _0622_/X
 _0623_/X
 _0624_/X
 _0625_/X
 _0626_/X
 _0627_/X
 _0628_/X
 _0629_/X
 _0630_/X
 _0631_/X
 _0632_/Y
 _0633_/X
 _0634_/X
 _0635_/X
 _0636_/X
 _0637_/X
 _0638_/X
 _0639_/X
 _0640_/X
 _0641_/X
 _0642_/X
 _0643_/X
 _0644_/X
 _0645_/X
 _0646_/X
 _0647_/X
 _0648_/X
 _0649_/X
 _0650_/X
 _0651_/X
 _0652_/X
 _0653_/X
 _0654_/X
 _0655_/X
 _0656_/X
 _0657_/X
 _0658_/X
 _0659_/X
 _0660_/X
 _0661_/X
 _0662_/X
 _0663_/X
 _0664_/X
 _0665_/X
 _0666_/X
 _0667_/X
 _0668_/X
 _0669_/X
 _0670_/X
 _0671_/X
 _0672_/X
 _0673_/X
 _0674_/Y
 _0675_/X
 _0676_/X
 _0677_/Y
 _0678_/X
 _0679_/Y
 _0680_/Y
 _0681_/X
 _0682_/Y
 _0683_/X
 _0684_/X
 _0685_/Y
 _0686_/Y
 _0687_/Y
 _0688_/Y
 _0689_/X
 _0690_/X
 _0691_/X
 _0692_/Y
 _0693_/Y
 _0694_/X
 _0695_/X
 _0696_/X
 _0697_/X
 _0698_/X
 _0699_/Y
 _0700_/X
 _0701_/X
 _0702_/X
 _0703_/X
 _0704_/X
 _0705_/X
 _0706_/X
 _0707_/Y
 _0708_/X
 _0709_/X
 _0710_/X
 _0711_/X
 _0712_/X
 _0713_/X
 _0714_/X
 _0715_/Y
 _0716_/Y
 _0717_/X
 _0718_/Y
 _0719_/Y
 _0720_/X
 _0721_/X
 _0722_/X
 _0723_/X
 _0724_/X
 _0725_/Y
 _0726_/X
 _0727_/X
 _0728_/Y
 _0729_/Y
 _0730_/X
 _0731_/X
 _0732_/X
 _0733_/X
 _0734_/X
 _0735_/X
 _0736_/X
 _0737_/Y
 _0738_/X
 _0739_/X
 _0740_/X
 _0741_/X
 _0742_/X
 _0743_/X
 _0744_/X
 _0745_/X
 _0746_/X
 _0747_/X
 _0748_/X
 _0749_/X
 _0750_/X
 _0751_/X
 _0752_/X
 _0753_/X
 _0754_/X
 _0755_/X
 _0756_/X
 _0757_/X
 _0758_/X
 _0759_/X
 _0760_/X
 _0761_/X
 _0762_/X
 _0763_/X
 _0764_/X
 _0765_/X
 _0766_/X
 _0767_/X
 _0768_/X
 _0769_/X
 _0770_/X
 _0771_/X
 _0772_/X
 _0773_/X
 _0774_/X
 _0775_/X
 _0776_/X
 _0777_/X
 _0778_/X
 _0779_/X
 _0780_/X
 _0781_/X
 _0782_/X
 _0783_/X
 _0784_/X
 _0785_/X
 _0786_/X
 _0787_/X
 _0788_/X
 _0789_/X
 _0790_/X
 _0791_/X
 _0792_/X
 _0793_/X
 _0794_/X
 _0795_/X
 _0796_/X
 _0797_/X
 _0798_/X
 _0799_/X
 _0800_/X
 _0801_/X
 _0802_/X
 _0803_/X
 _0804_/X
 _0805_/X
 _0806_/X
 _0807_/X
 _0808_/X
 _0809_/X
 _0810_/X
 _0811_/X
 _0812_/X
 _0813_/X
 _0814_/X
 _0815_/X
 _0816_/X
 _0817_/X
 _0818_/X
 _0819_/X
 _0820_/X
 _0821_/X
 _0822_/X
 _0823_/X
 _0824_/X
 _0825_/X
 _0826_/X
 _0827_/X
 _0828_/X
 _0829_/X
 _0830_/X
 _0831_/X
 _0832_/X
 _0833_/X
 _0834_/X
 _0835_/X
 _0836_/X
 _0837_/X
 _0838_/X
 _0839_/X
 _0840_/X
 _0841_/X
 _0842_/X
 _0843_/X
 _0844_/X
 _0845_/X
 _0846_/X
 _0847_/X
 _0848_/X
 _0849_/X
 _0850_/X
 _0851_/X
 _0852_/X
 _0853_/X
 _0854_/X
 _0855_/Y
 _0856_/X
 _0857_/X
 _0858_/X
 _0859_/X
 _0860_/X
 _0861_/X
 _0862_/X
 _0863_/X
 _0864_/X
 _0865_/X
 _0866_/X
 _0867_/X
 _0868_/Y
 _0869_/Y
 _0870_/X
 _0871_/X
 _0872_/X
 _0873_/Y
 _0874_/X
 _0875_/X
 _0876_/X
 _0877_/X
 _0878_/X
 _0879_/Y
 _0880_/Y
 _0881_/Y
 _0882_/X
 _0883_/X
 _0884_/Y
 _0885_/X
 _0886_/X
 _0887_/X
 _0888_/Y
 _0889_/X
 _0890_/Y
 _0891_/X
 _0892_/X
 _0893_/X
 _0894_/X
 _0895_/Y
 _0896_/X
 _0897_/X
 _0898_/X
 _0899_/X
 _0900_/X
 _0901_/X
 _0902_/X
 _0903_/X
 _0904_/X
 _0905_/Y
 _0906_/X
 _0907_/X
 _0908_/X
 _0909_/Y
 _0910_/X
 _0911_/X
 _0912_/X
 _0913_/X
 _0914_/X
 _0915_/X
 _0916_/X
 _0917_/X
 _0918_/X
 _0919_/X
 _0920_/X
 _0921_/X
 _0922_/X
 _0923_/X
 _0924_/X
 _0925_/X
 _0926_/X
 _0927_/X
 _0928_/X
 _0929_/X
 _0930_/X
 _0931_/X
 _0932_/X
 _0933_/X
 _0934_/Y
 _0935_/X
 _0936_/X
 _0937_/X
 _0938_/X
 _0939_/X
 _0940_/X
 _0941_/Y
 _0942_/X
 _0943_/X
 _0944_/X
 _0945_/X
 _0946_/X
 _0947_/Y
 _0948_/X
 _0949_/X
 _0950_/X
 _0951_/X
 _0952_/X
 _0953_/X
 _0954_/X
 _0955_/X
 _0956_/X
 _0957_/X
 _0958_/Y
 _0959_/X
 _0960_/X
 _0961_/X
 _0962_/X
 _0963_/X
 _0964_/Y
 _0965_/X
 _0966_/X
 _0967_/X
 _0968_/X
 _0969_/X
 _0970_/Y
 _0971_/X
 _0972_/X
 _0973_/X
 _0974_/X
 _0975_/X
 _0976_/X
 _0977_/X
 _0978_/X
 _0979_/X
 _0980_/X
 _0981_/X
 _0982_/Y
 _0983_/X
 _0984_/X
 _0985_/X
 _0986_/X
 _0987_/X
 _0988_/X
 _0989_/X
 _0990_/X
 _0991_/X
 _0992_/X
 _0993_/X
 _0994_/X
 _0995_/X
 _0996_/X
 _0997_/X
 _0998_/X
 _0999_/X
 _1000_/X
 _1001_/X
 _1002_/X
 _1003_/X
 _1004_/X
 _1005_/Y
 _1006_/X
 _1007_/X
 _1008_/Y
 _1009_/X
 _1010_/X
 _1011_/X
 _1012_/X
 _1013_/X
 _1014_/X
 _1015_/X
 _1016_/X
 _1017_/X
 _1018_/X
 _1019_/X
 _1020_/X
 _1021_/X
 _1022_/X
 _1023_/X
 _1024_/X
 _1025_/X
 _1026_/X
 _1027_/X
 _1028_/X
 _1029_/X
 _1030_/Y
 _1031_/X
 _1032_/X
 _1033_/X
 _1034_/X
 _1035_/Y
 _1036_/X
 _1037_/X
 _1038_/X
 _1039_/X
 _1040_/X
 _1041_/Y
 _1042_/X
 _1043_/X
 _1044_/X
 _1045_/X
 _1046_/X
 _1047_/X
 _1048_/X
 _1049_/X
 _1050_/X
 _1051_/X
 _1052_/Y
 _1053_/X
 _1054_/X
 _1055_/X
 _1056_/X
 _1057_/Y
 _1058_/X
 _1059_/X
 _1060_/X
 _1061_/X
 _1062_/Y
 _1063_/X
 _1064_/X
 _1065_/X
 _1066_/X
 _1067_/X
 _1068_/X
 _1069_/X
 _1070_/X
 _1071_/X
 _1072_/Y
 _1073_/X
 _1074_/X
 _1075_/X
 _1076_/X
 _1077_/X
 _1078_/X
 _1079_/X
 _1080_/X
 _1081_/X
 _1082_/X
 _1083_/X
 _1084_/X
 _1085_/X
 _1086_/X
 _1087_/X
 _1088_/X
 _1089_/X
 _1090_/X
 _1091_/X
 _1092_/Y
 _1093_/X
 _1094_/X
 _1095_/Y
 _1096_/X
 _1097_/X
 _1098_/X
 _1099_/X
 _1100_/X
 _1101_/X
 _1102_/X
 _1103_/X
 _1104_/X
 _1105_/X
 _1106_/X
 _1107_/X
 _1108_/X
 _1109_/X
 _1110_/X
 _1111_/X
 _1112_/X
 _1113_/X
 _1114_/X
 _1115_/Y
 _1116_/X
 _1117_/X
 _1118_/X
 _1119_/X
 _1120_/Y
 _1121_/X
 _1122_/X
 _1123_/X
 _1124_/X
 _1125_/Y
 _1126_/X
 _1127_/X
 _1128_/X
 _1129_/X
 _1130_/X
 _1131_/X
 _1132_/X
 _1133_/X
 _1134_/X
 _1135_/X
 _1136_/Y
 _1137_/X
 _1138_/X
 _1139_/X
 _1140_/X
 _1141_/Y
 _1142_/X
 _1143_/X
 _1144_/X
 _1145_/X
 _1146_/Y
 _1147_/X
 _1148_/X
 _1149_/X
 _1150_/X
 _1151_/X
 _1152_/X
 _1153_/X
 _1154_/X
 _1155_/X
 _1156_/X
 _1157_/Y
 _1158_/X
 _1159_/X
 _1160_/X
 _1161_/X
 _1162_/X
 _1163_/X
 _1164_/X
 _1165_/X
 _1166_/X
 _1167_/X
 _1168_/X
 _1169_/Q
 _1170_/Q
 _1171_/Q
 _1172_/Q
 _1173_/Q
 _1174_/Q
 _1175_/Q
 _1176_/Q
 _1177_/Q
 _1178_/Q
 _1179_/Q
 _1180_/Q
 _1181_/Q
 _1182_/Q
 _1183_/Q
 _1184_/Q
 _1185_/Q
 _1186_/Q
 _1187_/Q
 _1188_/Q
 _1189_/Q
 _1190_/Q
 _1191_/Q
 _1192_/Q
 _1193_/Q
 _1194_/Q
 _1195_/Q
 _1196_/Q
 _1197_/Q
 _1198_/Q
 _1199_/Q
 _1200_/Q
 _1201_/Q
 _1202_/Q
 _1203_/Q
 _1204_/Q
 _1205_/Q
 _1206_/Q
 _1207_/Q
 _1208_/Q
 _1209_/Q
 _1210_/Q
 _1211_/Q
 _1212_/Q
 _1213_/Q
 _1214_/Q
 _1215_/Q
 _1216_/Q
 _1217_/Q
 _1218_/Q
 _1219_/Q
 _1220_/Q
 _1221_/Q
 _1222_/Q
 _1223_/Q
 _1224_/Q
 _1225_/Q
 _1226_/Q
 _1227_/Q
 _1228_/Q
 _1229_/Q
 _1230_/Q
 _1231_/Q
 _1232_/Q
 _1233_/Q
 _1234_/Q
 _1235_/Q
 _1236_/Q
 _1237_/Q
 _1238_/Q
 _1239_/Q
 _1240_/Q
 _1241_/Q
 _1242_/Q
 _1243_/Q
 _1244_/Q
 _1245_/Q
 _1246_/Q
 _1247_/Q
 _1248_/Q
 _1249_/Q
 _1250_/Q
 _1251_/Q
 _1252_/Q
 _1253_/Q
 _1254_/Q
 _1255_/Q
 _1256_/Q
 _1257_/Q
 _1258_/Q
 _1259_/Q
 _1260_/Q
 _1261_/Q
 _1262_/Q
 _1263_/Q
 _1264_/Q
 _1265_/Q
 _1266_/Q
 _1267_/Q
 _1268_/Q
 _1269_/Q
 _1270_/Q
 _1271_/Q
 _1272_/Q
 _1273_/Q
 _1274_/Q
 _1275_/Q
 _1276_/Q
 _1277_/Q
 _1278_/Q
 _1279_/Q
 _1280_/Q
 _1281_/Q
 _1282_/Q
 _1283_/Q
 _1284_/Q
 _1285_/Q
 _1286_/Q
 _1287_/Q
 _1288_/Q
 _1289_/Q
 _1290_/Q
 _1291_/Q
 _1292_/Q
 _1293_/Q
 _1294_/Q
 _1295_/Q
 _1296_/Q
 _1297_/Q
 _1298_/Q
 _1299_/Q
 _1300_/Q
 _1301_/Q
 _1302_/Q
 _1303_/Q
 _1304_/Q
 _1305_/Q
 _1306_/Q
 _1307_/Q
 _1308_/Q
 _1309_/Q
 _1310_/Q
 _1311_/Q
 _1312_/Q
 _1313_/Q
 _1314_/Q
 _1315_/Q
 _1316_/Q
 _1317_/Q
 _1318_/Q
 _1319_/Q
 _1320_/Q
 _1321_/Q
 _1322_/Q
 _1323_/Q
 _1324_/Q
 _1325_/Q
 _1326_/Q
 _1327_/Q
 _1328_/Q
 _1329_/Q
 fanout12/X
 fanout13/X
 fanout14/X
 fanout15/X
 fanout16/X
 input1/X
 input2/X
 max_cap10/X
 max_cap11/X
 max_cap5/X
 max_cap6/X
 max_cap7/X
 max_cap8/X
 max_cap9/X
 output3/X
 output4/X
Found 0 partially unannotated drivers.

===========================================================================
max slew violation count 0
max fanout violation count 0
max cap violation count 0
============================================================================

===========================================================================
check_setup -verbose -unconstrained_endpoints -multiple_clock -no_clock -no_input_delay -loops -generated_clocks
===========================================================================
