
===========================================================================
report_checks -unconstrained
===========================================================================
======================= Typical Corner ===================================

Startpoint: rst_n (input port clocked by clk)
Endpoint: _1328_ (recovery check against rising-edge clock clk)
Path Group: asynchronous
Path Type: max

Fanout     Cap    Slew   Delay    Time   Description
-----------------------------------------------------------------------------
                          0.00    0.00   clock clk (rise edge)
                          0.00    0.00   clock network delay (propagated)
                          2.00    2.00 ^ input external delay
                  0.02    0.01    2.01 ^ rst_n (in)
     1    0.00                           rst_n (net)
                  0.02    0.00    2.01 ^ input1/A (sky130_fd_sc_hd__clkbuf_2)
                  0.14    0.18    2.19 ^ input1/X (sky130_fd_sc_hd__clkbuf_2)
     3    0.03                           net1 (net)
                  0.14    0.00    2.19 ^ fanout14/A (sky130_fd_sc_hd__clkbuf_4)
                  0.13    0.25    2.44 ^ fanout14/X (sky130_fd_sc_hd__clkbuf_4)
     8    0.04                           net14 (net)
                  0.13    0.00    2.44 ^ fanout12/A (sky130_fd_sc_hd__clkbuf_4)
                  0.15    0.26    2.70 ^ fanout12/X (sky130_fd_sc_hd__clkbuf_4)
    10    0.05                           net12 (net)
                  0.15    0.00    2.70 ^ _1328_/SET_B (sky130_fd_sc_hd__dfstp_1)
                                  2.70   data arrival time

                         10.00   10.00   clock clk (rise edge)
                          0.00   10.00   clock source latency
                  0.12    0.08   10.08 ^ clk (in)
     1    0.02                           clk (net)
                  0.12    0.00   10.08 ^ clkbuf_0_clk/A (sky130_fd_sc_hd__clkbuf_16)
                  0.14    0.22   10.29 ^ clkbuf_0_clk/X (sky130_fd_sc_hd__clkbuf_16)
    16    0.12                           clknet_0_clk (net)
                  0.14    0.00   10.30 ^ clkbuf_4_10_0_clk/A (sky130_fd_sc_hd__clkbuf_8)
                  0.09    0.19   10.48 ^ clkbuf_4_10_0_clk/X (sky130_fd_sc_hd__clkbuf_8)
    15    0.04                           clknet_4_10_0_clk (net)
                  0.09    0.00   10.49 ^ _1328_/CLK (sky130_fd_sc_hd__dfstp_1)
                         -0.25   10.24   clock uncertainty
                          0.00   10.24   clock reconvergence pessimism
                          0.14   10.38   library recovery time
                                 10.38   data required time
-----------------------------------------------------------------------------
                                 10.38   data required time
                                 -2.70   data arrival time
-----------------------------------------------------------------------------
                                  7.68   slack (MET)


Startpoint: rst_n (input port clocked by clk)
Endpoint: _1304_ (rising edge-triggered flip-flop clocked by clk)
Path Group: clk
Path Type: max

Fanout     Cap    Slew   Delay    Time   Description
-----------------------------------------------------------------------------
                          0.00    0.00   clock clk (rise edge)
                          0.00    0.00   clock network delay (propagated)
                          2.00    2.00 ^ input external delay
                  0.02    0.01    2.01 ^ rst_n (in)
     1    0.00                           rst_n (net)
                  0.02    0.00    2.01 ^ input1/A (sky130_fd_sc_hd__clkbuf_2)
                  0.14    0.18    2.19 ^ input1/X (sky130_fd_sc_hd__clkbuf_2)
     3    0.03                           net1 (net)
                  0.14    0.00    2.19 ^ fanout14/A (sky130_fd_sc_hd__clkbuf_4)
                  0.13    0.25    2.44 ^ fanout14/X (sky130_fd_sc_hd__clkbuf_4)
     8    0.04                           net14 (net)
                  0.13    0.00    2.44 ^ _0590_/C_N (sky130_fd_sc_hd__or3b_4)
                  0.11    0.48    2.92 v _0590_/X (sky130_fd_sc_hd__or3b_4)
     8    0.03                           _0519_ (net)
                  0.11    0.00    2.92 v _0591_/B (sky130_fd_sc_hd__or2_2)
                  0.14    0.43    3.35 v _0591_/X (sky130_fd_sc_hd__or2_2)
     9    0.04                           _0520_ (net)
                  0.14    0.00    3.36 v _0662_/B (sky130_fd_sc_hd__or2_1)
                  0.08    0.30    3.65 v _0662_/X (sky130_fd_sc_hd__or2_1)
     2    0.01                           _0563_ (net)
                  0.08    0.00    3.65 v _0665_/S (sky130_fd_sc_hd__mux2_1)
                  0.06    0.34    3.99 v _0665_/X (sky130_fd_sc_hd__mux2_1)
     1    0.00                           _0565_ (net)
                  0.06    0.00    3.99 v _0666_/A (sky130_fd_sc_hd__clkbuf_1)
                  0.03    0.10    4.09 v _0666_/X (sky130_fd_sc_hd__clkbuf_1)
     1    0.00                           _0138_ (net)
                  0.03    0.00    4.09 v _1304_/D (sky130_fd_sc_hd__dfxtp_1)
                                  4.09   data arrival time

                         10.00   10.00   clock clk (rise edge)
                          0.00   10.00   clock source latency
                  0.12    0.08   10.08 ^ clk (in)
     1    0.02                           clk (net)
                  0.12    0.00   10.08 ^ clkbuf_0_clk/A (sky130_fd_sc_hd__clkbuf_16)
                  0.14    0.22   10.29 ^ clkbuf_0_clk/X (sky130_fd_sc_hd__clkbuf_16)
    16    0.12                           clknet_0_clk (net)
                  0.14    0.00   10.30 ^ clkbuf_4_9_0_clk/A (sky130_fd_sc_hd__clkbuf_8)
                  0.07    0.17   10.47 ^ clkbuf_4_9_0_clk/X (sky130_fd_sc_hd__clkbuf_8)
     8    0.03                           clknet_4_9_0_clk (net)
                  0.07    0.00   10.47 ^ _1304_/CLK (sky130_fd_sc_hd__dfxtp_1)
                         -0.25   10.22   clock uncertainty
                          0.00   10.22   clock reconvergence pessimism
                         -0.10   10.12   library setup time
                                 10.12   data required time
-----------------------------------------------------------------------------
                                 10.12   data required time
                                 -4.09   data arrival time
-----------------------------------------------------------------------------
                                  6.03   slack (MET)




===========================================================================
report_checks --slack_max -0.01
============================================================================
======================= Typical Corner ===================================

No paths found.


===========================================================================
 report_check_types -max_slew -max_cap -max_fanout -violators
============================================================================
======================= Typical Corner ===================================

max fanout

Pin                                   Limit Fanout  Slack
---------------------------------------------------------
clkbuf_0_clk/X                           10     16     -6 (VIOLATED)
clkbuf_4_10_0_clk/X                      10     15     -5 (VIOLATED)
clkbuf_4_2_0_clk/X                       10     14     -4 (VIOLATED)
clkbuf_4_7_0_clk/X                       10     13     -3 (VIOLATED)
clkbuf_4_11_0_clk/X                      10     12     -2 (VIOLATED)
clkbuf_4_5_0_clk/X                       10     11        (VIOLATED)



===========================================================================
report_parasitic_annotation -report_unannotated
============================================================================
Found 0 unannotated drivers.
Found 0 partially unannotated drivers.

===========================================================================
max slew violation count 0
max fanout violation count 6
max cap violation count 0
============================================================================

===========================================================================
check_setup -verbose -unconstrained_endpoints -multiple_clock -no_clock -no_input_delay -loops -generated_clocks
===========================================================================
