Instance name,  X location,  Y location,  Voltage 
FILLER_0_51_277, 129.89, 149.6, 1.79935
FILLER_0_49_273, 129.89, 144.16, 1.79935
FILLER_0_47_273, 129.89, 138.72, 1.79935
FILLER_0_45_273, 129.89, 133.28, 1.79935
FILLER_0_43_273, 129.89, 127.84, 1.79935
FILLER_0_41_272, 129.89, 122.4, 1.79934
FILLER_0_39_276, 129.89, 116.96, 1.79934
fanout16, 129.89, 106.08, 1.79938
FILLER_0_35_273, 129.89, 106.08, 1.79938
_0901_, 129.89, 100.64, 1.79939
FILLER_0_33_271, 129.89, 100.64, 1.79939
_0881_, 129.89, 95.2, 1.79932
_0882_, 129.89, 95.2, 1.79932
_0887_, 129.89, 95.2, 1.79932
FILLER_0_31_275, 129.89, 95.2, 1.79932
_0858_, 129.89, 89.76, 1.79925
_0879_, 129.89, 89.76, 1.79925
_0880_, 129.89, 89.76, 1.79925
hold11, 129.89, 89.76, 1.79925
_0856_, 129.89, 84.32, 1.79917
_0859_, 129.89, 84.32, 1.79917
_0860_, 129.89, 84.32, 1.79917
_0861_, 129.89, 84.32, 1.79917
_1172_, 129.89, 84.32, 1.79917
hold10, 129.89, 84.32, 1.79917
hold15, 129.89, 84.32, 1.79917
FILLER_0_28_277, 129.89, 84.32, 1.79917
_0678_, 129.89, 78.88, 1.79918
_1320_, 129.89, 78.88, 1.79918
_1180_, 129.89, 73.44, 1.79906
fanout13, 129.89, 73.44, 1.79906
hold4, 129.89, 73.44, 1.79906
FILLER_0_22_261, 129.89, 73.44, 1.79906
FILLER_0_23_262, 129.89, 73.44, 1.79906
_0905_, 129.89, 68, 1.79909
hold5, 129.89, 68, 1.79909
FILLER_0_20_265, 129.89, 68, 1.79909
_0694_, 129.89, 62.56, 1.79903
_0695_, 129.89, 62.56, 1.79903
_0696_, 129.89, 62.56, 1.79903
_0707_, 129.89, 62.56, 1.79903
FILLER_0_18_265, 129.89, 62.56, 1.79903
FILLER_0_19_270, 129.89, 62.56, 1.79903
_0693_, 129.89, 57.12, 1.79894
_0699_, 129.89, 57.12, 1.79894
_0870_, 129.89, 57.12, 1.79894
_1326_, 129.89, 57.12, 1.79894
_0701_, 129.89, 51.68, 1.79885
_0702_, 129.89, 51.68, 1.79885
_1325_, 129.89, 51.68, 1.79885
clkbuf_4_11_0_clk, 129.89, 51.68, 1.79885
hold18, 129.89, 51.68, 1.79885
FILLER_0_14_265, 129.89, 51.68, 1.79885
FILLER_0_15_276, 129.89, 51.68, 1.79885
FILLER_0_16_273, 129.89, 51.68, 1.79885
FILLER_0_13_270, 129.89, 46.24, 1.7989
_0689_, 129.89, 40.8, 1.79882
_1321_, 129.89, 40.8, 1.79882
_1328_, 129.89, 40.8, 1.79882
_0690_, 129.89, 35.36, 1.79885
_0862_, 129.89, 35.36, 1.79885
_1329_, 129.89, 35.36, 1.79885
FILLER_0_5_277, 129.89, 24.48, 1.79893
FILLER_0_3_273, 129.89, 19.04, 1.79893
FILLER_0_0_270, 129.89, 13.6, 1.79894
FILLER_0_1_273, 129.89, 13.6, 1.79894
input1, 94.355, 149.6, 1.79933
FILLER_0_50_193, 94.355, 149.6, 1.79933
FILLER_0_51_181, 94.355, 149.6, 1.79933
FILLER_0_51_189, 94.355, 149.6, 1.79933
hold58, 94.355, 144.16, 1.79932
hold91, 94.355, 144.16, 1.79932
_1089_, 94.355, 138.72, 1.7993
_1090_, 94.355, 138.72, 1.7993
hold73, 94.355, 138.72, 1.7993
hold85, 94.355, 138.72, 1.7993
_1088_, 94.355, 133.28, 1.79929
_1091_, 94.355, 133.28, 1.79929
_1241_, 94.355, 133.28, 1.79929
FILLER_0_44_191, 94.355, 133.28, 1.79929
_0729_, 94.355, 127.84, 1.79931
_1087_, 94.355, 127.84, 1.79931
FILLER_0_42_191, 94.355, 127.84, 1.79931
FILLER_0_43_183, 94.355, 127.84, 1.79931
FILLER_0_43_193, 94.355, 127.84, 1.79931
_0721_, 94.355, 122.4, 1.79926
_1308_, 94.355, 122.4, 1.79926
_1311_, 94.355, 122.4, 1.79926
max_cap1, 94.355, 122.4, 1.79926
FILLER_0_40_186, 94.355, 122.4, 1.79926
_0758_, 94.355, 116.96, 1.79928
_0975_, 94.355, 116.96, 1.79928
_1310_, 94.355, 116.96, 1.79928
FILLER_0_39_187, 94.355, 116.96, 1.79928
FILLER_0_39_195, 94.355, 116.96, 1.79928
_0895_, 94.355, 111.52, 1.79932
_0896_, 94.355, 111.52, 1.79932
_0908_, 94.355, 111.52, 1.79932
_0909_, 94.355, 111.52, 1.79932
_0952_, 94.355, 111.52, 1.79932
_0999_, 94.355, 111.52, 1.79932
_0910_, 94.355, 106.08, 1.79937
_0919_, 94.355, 106.08, 1.79937
_0925_, 94.355, 106.08, 1.79937
_0987_, 94.355, 106.08, 1.79937
_0993_, 94.355, 106.08, 1.79937
_1047_, 94.355, 106.08, 1.79937
_1093_, 94.355, 106.08, 1.79937
max_cap5, 94.355, 106.08, 1.79937
_0582_, 94.355, 100.64, 1.79944
_0911_, 94.355, 100.64, 1.79944
_1094_, 94.355, 100.64, 1.79944
clkbuf_4_12_0_clk, 94.355, 100.64, 1.79944
FILLER_0_33_184, 94.355, 100.64, 1.79944
FILLER_0_34_202, 94.355, 100.64, 1.79944
_0585_, 94.355, 95.2, 1.79933
_1024_, 94.355, 95.2, 1.79933
_1092_, 94.355, 95.2, 1.79933
_1100_, 94.355, 95.2, 1.79933
_1102_, 94.355, 95.2, 1.79933
_1167_, 94.355, 95.2, 1.79933
hold22, 94.355, 95.2, 1.79933
FILLER_0_30_193, 94.355, 95.2, 1.79933
FILLER_0_31_187, 94.355, 95.2, 1.79933
FILLER_0_32_197, 94.355, 95.2, 1.79933
_0587_, 94.355, 89.76, 1.79927
_0588_, 94.355, 89.76, 1.79927
_0735_, 94.355, 89.76, 1.79927
_0788_, 94.355, 89.76, 1.79927
_1274_, 94.355, 89.76, 1.79927
hold31, 94.355, 89.76, 1.79927
FILLER_0_28_190, 94.355, 89.76, 1.79927
FILLER_0_29_183, 94.355, 89.76, 1.79927
FILLER_0_30_197, 94.355, 89.76, 1.79927
_0586_, 94.355, 84.32, 1.79918
_0784_, 94.355, 84.32, 1.79918
_0821_, 94.355, 84.32, 1.79918
_1273_, 94.355, 84.32, 1.79918
FILLER_0_26_193, 94.355, 84.32, 1.79918
_0817_, 94.355, 78.88, 1.79919
_0823_, 94.355, 78.88, 1.79919
_0826_, 94.355, 78.88, 1.79919
fanout14, 94.355, 78.88, 1.79919
FILLER_0_25_200, 94.355, 78.88, 1.79919
FILLER_0_26_203, 94.355, 78.88, 1.79919
_0590_, 94.355, 73.44, 1.79907
_0787_, 94.355, 73.44, 1.79907
_0869_, 94.355, 73.44, 1.79907
_1031_, 94.355, 73.44, 1.79907
hold16, 94.355, 73.44, 1.79907
FILLER_0_23_197, 94.355, 73.44, 1.79907
_0663_, 94.355, 68, 1.79908
_0785_, 94.355, 68, 1.79908
hold50, 94.355, 68, 1.79908
_0591_, 94.355, 62.56, 1.799
_0597_, 94.355, 62.56, 1.799
_0666_, 94.355, 62.56, 1.799
_0825_, 94.355, 62.56, 1.799
_0932_, 94.355, 62.56, 1.799
_1303_, 94.355, 62.56, 1.799
_1304_, 94.355, 62.56, 1.799
FILLER_0_18_184, 94.355, 62.56, 1.799
FILLER_0_20_197, 94.355, 62.56, 1.799
_0662_, 94.355, 57.12, 1.79897
_0664_, 94.355, 57.12, 1.79897
_0912_, 94.355, 57.12, 1.79897
_0916_, 94.355, 57.12, 1.79897
FILLER_0_16_185, 94.355, 57.12, 1.79897
FILLER_0_16_192, 94.355, 57.12, 1.79897
FILLER_0_17_195, 94.355, 57.12, 1.79897
_0671_, 94.355, 51.68, 1.79889
_0854_, 94.355, 51.68, 1.79889
_0871_, 94.355, 51.68, 1.79889
_0872_, 94.355, 51.68, 1.79889
_0976_, 94.355, 51.68, 1.79889
clkbuf_4_9_0_clk, 94.355, 51.68, 1.79889
_0667_, 94.355, 46.24, 1.79886
_1306_, 94.355, 46.24, 1.79886
clkbuf_4_8_0_clk, 94.355, 46.24, 1.79886
hold65, 94.355, 46.24, 1.79886
FILLER_0_12_189, 94.355, 46.24, 1.79886
FILLER_0_13_197, 94.355, 46.24, 1.79886
FILLER_0_13_205, 94.355, 46.24, 1.79886
FILLER_0_14_197, 94.355, 46.24, 1.79886
_0852_, 94.355, 40.8, 1.79885
_0915_, 94.355, 40.8, 1.79885
_0994_, 94.355, 40.8, 1.79885
FILLER_0_11_193, 94.355, 40.8, 1.79885
FILLER_0_12_197, 94.355, 40.8, 1.79885
_0876_, 94.355, 35.36, 1.79882
_0996_, 94.355, 35.36, 1.79882
_0997_, 94.355, 35.36, 1.79882
_1207_, 94.355, 35.36, 1.79882
_1208_, 94.355, 35.36, 1.79882
hold39, 94.355, 35.36, 1.79882
_0988_, 94.355, 29.92, 1.79892
_0995_, 94.355, 29.92, 1.79892
FILLER_0_6_193, 94.355, 29.92, 1.79892
_0767_, 94.355, 24.48, 1.79891
_0844_, 94.355, 24.48, 1.79891
_0913_, 94.355, 24.48, 1.79891
hold53, 94.355, 24.48, 1.79891
hold89, 94.355, 24.48, 1.79891
FILLER_0_4_193, 94.355, 24.48, 1.79891
_1001_, 94.355, 19.04, 1.7989
_1002_, 94.355, 19.04, 1.7989
_1182_, 94.355, 19.04, 1.7989
_1209_, 94.355, 19.04, 1.7989
FILLER_0_2_186, 94.355, 19.04, 1.7989
FILLER_0_3_186, 94.355, 19.04, 1.7989
_0914_, 94.355, 13.6, 1.79891
_1181_, 94.355, 13.6, 1.79891
_1210_, 94.355, 13.6, 1.79891
FILLER_0_0_193, 94.355, 13.6, 1.79891
FILLER_0_1_193, 94.355, 13.6, 1.79891
hold96, 58.82, 149.6, 1.79928
FILLER_0_51_109, 58.82, 149.6, 1.79928
_1064_, 58.82, 144.16, 1.79925
_1231_, 58.82, 144.16, 1.79925
_1232_, 58.82, 144.16, 1.79925
hold76, 58.82, 144.16, 1.79925
_0727_, 58.82, 138.72, 1.79922
_1063_, 58.82, 138.72, 1.79922
_1065_, 58.82, 138.72, 1.79922
_1235_, 58.82, 138.72, 1.79922
FILLER_0_46_110, 58.82, 138.72, 1.79922
FILLER_0_47_124, 58.82, 138.72, 1.79922
_0799_, 58.82, 133.28, 1.79923
_1070_, 58.82, 133.28, 1.79923
_1071_, 58.82, 133.28, 1.79923
_1234_, 58.82, 133.28, 1.79923
hold116, 58.82, 133.28, 1.79923
FILLER_0_44_111, 58.82, 133.28, 1.79923
_0733_, 58.82, 127.84, 1.79923
_1062_, 58.82, 127.84, 1.79923
_1067_, 58.82, 127.84, 1.79923
hold82, 58.82, 127.84, 1.79923
FILLER_0_43_108, 58.82, 127.84, 1.79923
FILLER_0_43_113, 58.82, 127.84, 1.79923
_0728_, 58.82, 122.4, 1.7992
_1037_, 58.82, 122.4, 1.7992
_1038_, 58.82, 122.4, 1.7992
_1222_, 58.82, 122.4, 1.7992
hold100, 58.82, 122.4, 1.7992
_1011_, 58.82, 116.96, 1.79921
clkbuf_4_7_0_clk, 58.82, 116.96, 1.79921
FILLER_0_39_106, 58.82, 116.96, 1.79921
FILLER_0_40_128, 58.82, 116.96, 1.79921
_0810_, 58.82, 111.52, 1.79922
_1010_, 58.82, 111.52, 1.79922
_1012_, 58.82, 111.52, 1.79922
_1211_, 58.82, 111.52, 1.79922
_1212_, 58.82, 111.52, 1.79922
clkbuf_4_6_0_clk, 58.82, 111.52, 1.79922
_1008_, 58.82, 106.08, 1.79925
_1009_, 58.82, 106.08, 1.79925
hold103, 58.82, 106.08, 1.79925
FILLER_0_35_105, 58.82, 106.08, 1.79925
_0742_, 58.82, 100.64, 1.79933
_0805_, 58.82, 100.64, 1.79933
_0812_, 58.82, 100.64, 1.79933
FILLER_0_33_105, 58.82, 100.64, 1.79933
_0739_, 58.82, 95.2, 1.79923
_0753_, 58.82, 95.2, 1.79923
_0765_, 58.82, 95.2, 1.79923
_0813_, 58.82, 95.2, 1.79923
FILLER_0_32_126, 58.82, 95.2, 1.79923
_0748_, 58.82, 89.76, 1.7992
_0804_, 58.82, 89.76, 1.7992
_1141_, 58.82, 89.76, 1.7992
_1142_, 58.82, 89.76, 1.7992
_1144_, 58.82, 89.76, 1.7992
hold29, 58.82, 89.76, 1.7992
hold30, 58.82, 89.76, 1.7992
hold69, 58.82, 89.76, 1.7992
_0803_, 58.82, 84.32, 1.79911
_1126_, 58.82, 84.32, 1.79911
FILLER_0_26_109, 58.82, 84.32, 1.79911
FILLER_0_27_109, 58.82, 84.32, 1.79911
FILLER_0_27_113, 58.82, 84.32, 1.79911
FILLER_0_27_121, 58.82, 84.32, 1.79911
_0834_, 58.82, 78.88, 1.79909
_0835_, 58.82, 78.88, 1.79909
_0945_, 58.82, 78.88, 1.79909
_1041_, 58.82, 78.88, 1.79909
hold20, 58.82, 78.88, 1.79909
FILLER_0_25_120, 58.82, 78.88, 1.79909
FILLER_0_25_127, 58.82, 78.88, 1.79909
FILLER_0_26_128, 58.82, 78.88, 1.79909
_0779_, 58.82, 73.44, 1.79905
_0830_, 58.82, 73.44, 1.79905
_0831_, 58.82, 73.44, 1.79905
_1189_, 58.82, 73.44, 1.79905
_1190_, 58.82, 73.44, 1.79905
_0780_, 58.82, 68, 1.79902
_0782_, 58.82, 68, 1.79902
_0942_, 58.82, 68, 1.79902
_0943_, 58.82, 68, 1.79902
FILLER_0_20_104, 58.82, 68, 1.79902
FILLER_0_21_105, 58.82, 68, 1.79902
FILLER_0_21_124, 58.82, 68, 1.79902
_0833_, 58.82, 62.56, 1.79898
_0950_, 58.82, 62.56, 1.79898
_1191_, 58.82, 62.56, 1.79898
_1192_, 58.82, 62.56, 1.79898
FILLER_0_20_126, 58.82, 62.56, 1.79898
_0951_, 58.82, 57.12, 1.79894
clkbuf_4_3_0_clk, 58.82, 57.12, 1.79894
hold64, 58.82, 57.12, 1.79894
_0642_, 58.82, 51.68, 1.79887
_0781_, 58.82, 51.68, 1.79887
hold112, 58.82, 51.68, 1.79887
FILLER_0_15_125, 58.82, 51.68, 1.79887
FILLER_0_16_124, 58.82, 51.68, 1.79887
_0637_, 58.82, 46.24, 1.79891
_0832_, 58.82, 46.24, 1.79891
_1198_, 58.82, 46.24, 1.79891
hold132, 58.82, 46.24, 1.79891
FILLER_0_13_109, 58.82, 46.24, 1.79891
FILLER_0_14_120, 58.82, 46.24, 1.79891
_0966_, 58.82, 40.8, 1.79888
_1197_, 58.82, 40.8, 1.79888
hold134, 58.82, 40.8, 1.79888
FILLER_0_10_114, 58.82, 40.8, 1.79888
FILLER_0_11_107, 58.82, 40.8, 1.79888
FILLER_0_11_113, 58.82, 40.8, 1.79888
FILLER_0_12_118, 58.82, 40.8, 1.79888
_0873_, 58.82, 35.36, 1.79885
_0874_, 58.82, 35.36, 1.79885
_0875_, 58.82, 35.36, 1.79885
_0877_, 58.82, 35.36, 1.79885
_0878_, 58.82, 35.36, 1.79885
_1170_, 58.82, 35.36, 1.79885
_1186_, 58.82, 35.36, 1.79885
FILLER_0_9_109, 58.82, 35.36, 1.79885
_1169_, 58.82, 29.92, 1.79888
FILLER_0_6_113, 58.82, 29.92, 1.79888
FILLER_0_7_107, 58.82, 29.92, 1.79888
_0973_, 58.82, 24.48, 1.79891
_0974_, 58.82, 24.48, 1.79891
_1200_, 58.82, 24.48, 1.79891
FILLER_0_4_109, 58.82, 24.48, 1.79891
FILLER_0_5_105, 58.82, 24.48, 1.79891
_0972_, 58.82, 19.04, 1.7989
_1194_, 58.82, 19.04, 1.7989
_1199_, 58.82, 19.04, 1.7989
FILLER_0_3_105, 58.82, 19.04, 1.7989
_0957_, 58.82, 13.6, 1.79891
_1193_, 58.82, 13.6, 1.79891
FILLER_0_0_109, 58.82, 13.6, 1.79891
FILLER_0_1_105, 58.82, 13.6, 1.79891
FILLER_0_49_51, 23.285, 144.16, 1.79924
FILLER_0_47_51, 23.285, 138.72, 1.79923
_1107_, 23.285, 133.28, 1.79923
FILLER_0_45_39, 23.285, 133.28, 1.79923
FILLER_0_45_47, 23.285, 133.28, 1.79923
_1097_, 23.285, 127.84, 1.79921
_1244_, 23.285, 127.84, 1.79921
_1247_, 23.285, 127.84, 1.79921
hold71, 23.285, 127.84, 1.79921
FILLER_0_43_35, 23.285, 127.84, 1.79921
FILLER_0_43_43, 23.285, 127.84, 1.79921
FILLER_0_44_41, 23.285, 127.84, 1.79921
_1096_, 23.285, 122.4, 1.7992
_1098_, 23.285, 122.4, 1.7992
_1099_, 23.285, 122.4, 1.7992
_1122_, 23.285, 116.96, 1.79921
_1124_, 23.285, 116.96, 1.79921
_1252_, 23.285, 116.96, 1.79921
hold120, 23.285, 116.96, 1.79921
FILLER_0_39_35, 23.285, 116.96, 1.79921
FILLER_0_40_46, 23.285, 116.96, 1.79921
_1117_, 23.285, 111.52, 1.7992
_1121_, 23.285, 111.52, 1.7992
_1253_, 23.285, 111.52, 1.7992
_1254_, 23.285, 111.52, 1.7992
_1118_, 23.285, 106.08, 1.79918
_1123_, 23.285, 106.08, 1.79918
FILLER_0_35_46, 23.285, 106.08, 1.79918
hold104, 23.285, 100.64, 1.79926
FILLER_0_32_29, 23.285, 100.64, 1.79926
FILLER_0_33_51, 23.285, 100.64, 1.79926
_1137_, 23.285, 95.2, 1.79918
_1138_, 23.285, 95.2, 1.79918
_1140_, 23.285, 95.2, 1.79918
_1165_, 23.285, 95.2, 1.79918
_1260_, 23.285, 95.2, 1.79918
hold133, 23.285, 95.2, 1.79918
_1154_, 23.285, 89.76, 1.79915
_1155_, 23.285, 89.76, 1.79915
_1156_, 23.285, 89.76, 1.79915
_1259_, 23.285, 89.76, 1.79915
_1265_, 23.285, 89.76, 1.79915
FILLER_0_28_29, 23.285, 89.76, 1.79915
FILLER_0_29_34, 23.285, 89.76, 1.79915
_1266_, 23.285, 84.32, 1.79907
FILLER_0_27_35, 23.285, 84.32, 1.79907
_0624_, 23.285, 78.88, 1.79907
hold97, 23.285, 78.88, 1.79907
FILLER_0_24_29, 23.285, 78.88, 1.79907
FILLER_0_25_35, 23.285, 78.88, 1.79907
FILLER_0_25_49, 23.285, 78.88, 1.79907
_0618_, 23.285, 73.44, 1.79901
_0620_, 23.285, 73.44, 1.79901
_1287_, 23.285, 73.44, 1.79901
hold141, 23.285, 73.44, 1.79901
FILLER_0_23_45, 23.285, 73.44, 1.79901
_0598_, 23.285, 68, 1.79901
hold118, 23.285, 68, 1.79901
FILLER_0_22_46, 23.285, 68, 1.79901
_0600_, 23.285, 62.56, 1.79895
_1278_, 23.285, 62.56, 1.79895
_1284_, 23.285, 62.56, 1.79895
hold126, 23.285, 62.56, 1.79895
FILLER_0_20_48, 23.285, 62.56, 1.79895
_0605_, 23.285, 57.12, 1.79894
_0615_, 23.285, 57.12, 1.79894
_0616_, 23.285, 57.12, 1.79894
hold80, 23.285, 57.12, 1.79894
FILLER_0_18_49, 23.285, 57.12, 1.79894
_0595_, 23.285, 51.68, 1.79888
_0841_, 23.285, 51.68, 1.79888
_1276_, 23.285, 51.68, 1.79888
hold79, 23.285, 51.68, 1.79888
_0592_, 23.285, 46.24, 1.79892
_0593_, 23.285, 46.24, 1.79892
FILLER_0_13_40, 23.285, 46.24, 1.79892
FILLER_0_13_48, 23.285, 46.24, 1.79892
_0608_, 23.285, 40.8, 1.7989
_0609_, 23.285, 40.8, 1.7989
_0610_, 23.285, 40.8, 1.7989
_0611_, 23.285, 40.8, 1.7989
_1282_, 23.285, 40.8, 1.7989
hold114, 23.285, 40.8, 1.7989
FILLER_0_11_49, 23.285, 40.8, 1.7989
_0634_, 23.285, 35.36, 1.7989
_1281_, 23.285, 35.36, 1.7989
hold83, 23.285, 35.36, 1.7989
FILLER_0_9_46, 23.285, 35.36, 1.7989
_0636_, 23.285, 29.92, 1.79886
_1291_, 23.285, 29.92, 1.79886
_1292_, 23.285, 29.92, 1.79886
FILLER_0_8_41, 23.285, 29.92, 1.79886
FILLER_0_5_51, 23.285, 24.48, 1.79893
FILLER_0_6_41, 23.285, 24.48, 1.79893
FILLER_0_6_49, 23.285, 24.48, 1.79893
FILLER_0_3_51, 23.285, 19.04, 1.79893
FILLER_0_1_51, 23.285, 13.6, 1.79892
PHY_100, 5.52, 149.6, 1.79925
PHY_102, 5.52, 149.6, 1.79925
PHY_101, 147.66, 149.6, 1.79935
PHY_103, 147.66, 149.6, 1.79935
FILLER_0_50_301, 147.66, 149.6, 1.79935
FILLER_0_51_53, 35.13, 149.6, 1.79926
FILLER_0_51_81, 46.975, 149.6, 1.79927
FILLER_0_50_132, 70.665, 149.6, 1.7993
FILLER_0_51_137, 70.665, 149.6, 1.7993
FILLER_0_51_165, 82.51, 149.6, 1.79932
FILLER_0_51_221, 106.2, 149.6, 1.79934
FILLER_0_51_249, 118.045, 149.6, 1.79935
PHY_96, 5.52, 144.16, 1.79924
PHY_98, 5.52, 144.16, 1.79924
PHY_97, 147.66, 144.16, 1.79935
PHY_99, 147.66, 144.16, 1.79935
FILLER_0_48_301, 147.66, 144.16, 1.79935
FILLER_0_50_77, 35.13, 144.16, 1.79924
_1059_, 46.975, 144.16, 1.79923
_1061_, 46.975, 144.16, 1.79923
_1066_, 46.975, 144.16, 1.79923
_1230_, 46.975, 144.16, 1.79923
hold74, 46.975, 144.16, 1.79923
FILLER_0_49_81, 46.975, 144.16, 1.79923
FILLER_0_49_89, 46.975, 144.16, 1.79923
FILLER_0_49_95, 46.975, 144.16, 1.79923
FILLER_0_50_97, 46.975, 144.16, 1.79923
_1074_, 70.665, 144.16, 1.79926
_1076_, 70.665, 144.16, 1.79926
hold101, 70.665, 144.16, 1.79926
_1079_, 82.51, 144.16, 1.79927
_1081_, 82.51, 144.16, 1.79927
_1237_, 82.51, 144.16, 1.79927
_1238_, 82.51, 144.16, 1.79927
FILLER_0_49_217, 106.2, 144.16, 1.79933
FILLER_0_48_241, 118.045, 144.16, 1.79934
FILLER_0_50_245, 118.045, 144.16, 1.79934
PHY_92, 5.52, 138.72, 1.79923
PHY_94, 5.52, 138.72, 1.79923
PHY_93, 147.66, 138.72, 1.79935
PHY_95, 147.66, 138.72, 1.79935
FILLER_0_46_301, 147.66, 138.72, 1.79935
FILLER_0_47_69, 35.13, 138.72, 1.79922
FILLER_0_47_77, 35.13, 138.72, 1.79922
FILLER_0_48_77, 35.13, 138.72, 1.79922
_1060_, 46.975, 138.72, 1.79921
_1229_, 46.975, 138.72, 1.79921
_1233_, 46.975, 138.72, 1.79921
_1073_, 70.665, 138.72, 1.7992
_1075_, 70.665, 138.72, 1.7992
_1236_, 70.665, 138.72, 1.7992
_1239_, 70.665, 138.72, 1.7992
_1240_, 70.665, 138.72, 1.7992
_0800_, 82.51, 138.72, 1.79924
_1078_, 82.51, 138.72, 1.79924
_1080_, 82.51, 138.72, 1.79924
_1085_, 82.51, 138.72, 1.79924
hold115, 82.51, 138.72, 1.79924
FILLER_0_47_219, 106.2, 138.72, 1.79932
FILLER_0_46_242, 118.045, 138.72, 1.79933
FILLER_0_48_249, 118.045, 138.72, 1.79933
PHY_88, 5.52, 133.28, 1.79923
PHY_90, 5.52, 133.28, 1.79923
PHY_89, 147.66, 133.28, 1.79935
PHY_91, 147.66, 133.28, 1.79935
FILLER_0_44_301, 147.66, 133.28, 1.79935
_1109_, 35.13, 133.28, 1.79922
_1248_, 35.13, 133.28, 1.79922
hold125, 35.13, 133.28, 1.79922
FILLER_0_45_73, 35.13, 133.28, 1.79922
FILLER_0_46_77, 35.13, 133.28, 1.79922
_1058_, 46.975, 133.28, 1.79922
_1068_, 46.975, 133.28, 1.79922
_1069_, 46.975, 133.28, 1.79922
hold105, 46.975, 133.28, 1.79922
FILLER_0_45_84, 46.975, 133.28, 1.79922
_0731_, 70.665, 133.28, 1.7992
_0802_, 70.665, 133.28, 1.7992
_1072_, 70.665, 133.28, 1.7992
_1083_, 70.665, 133.28, 1.7992
_1084_, 70.665, 133.28, 1.7992
hold99, 70.665, 133.28, 1.7992
hold123, 70.665, 133.28, 1.7992
FILLER_0_44_141, 70.665, 133.28, 1.7992
FILLER_0_45_129, 70.665, 133.28, 1.7992
FILLER_0_45_140, 70.665, 133.28, 1.7992
_0732_, 82.51, 133.28, 1.79921
_0801_, 82.51, 133.28, 1.79921
_1242_, 82.51, 133.28, 1.79921
hold57, 82.51, 133.28, 1.79921
max_cap2, 82.51, 133.28, 1.79921
FILLER_0_44_161, 82.51, 133.28, 1.79921
FILLER_0_45_169, 82.51, 133.28, 1.79921
FILLER_0_45_213, 106.2, 133.28, 1.79931
FILLER_0_45_221, 106.2, 133.28, 1.79931
PHY_84, 5.52, 127.84, 1.79921
PHY_86, 5.52, 127.84, 1.79921
PHY_85, 147.66, 127.84, 1.79935
PHY_87, 147.66, 127.84, 1.79935
FILLER_0_42_301, 147.66, 127.84, 1.79935
FILLER_0_43_27, 14.402, 127.84, 1.79921
_1106_, 35.13, 127.84, 1.79921
_1108_, 35.13, 127.84, 1.79921
_1114_, 35.13, 127.84, 1.79921
_1250_, 35.13, 127.84, 1.79921
hold61, 35.13, 127.84, 1.79921
hold67, 35.13, 127.84, 1.79921
FILLER_0_43_57, 35.13, 127.84, 1.79921
_1057_, 46.975, 127.84, 1.79922
hold68, 46.975, 127.84, 1.79922
FILLER_0_42_85, 46.975, 127.84, 1.79922
FILLER_0_43_96, 46.975, 127.84, 1.79922
FILLER_0_44_93, 46.975, 127.84, 1.79922
_0745_, 70.665, 127.84, 1.79922
_1086_, 70.665, 127.84, 1.79922
FILLER_0_42_141, 70.665, 127.84, 1.79922
FILLER_0_43_136, 70.665, 127.84, 1.79922
FILLER_0_44_153, 70.665, 127.84, 1.79922
_0722_, 82.51, 127.84, 1.79923
_0755_, 82.51, 127.84, 1.79923
_1077_, 82.51, 127.84, 1.79923
_1082_, 82.51, 127.84, 1.79923
max_cap7, 82.51, 127.84, 1.79923
max_cap9, 82.51, 127.84, 1.79923
FILLER_0_43_165, 82.51, 127.84, 1.79923
FILLER_0_43_169, 82.51, 127.84, 1.79923
FILLER_0_43_221, 106.2, 127.84, 1.79932
hold3, 118.045, 127.84, 1.79933
FILLER_0_44_245, 118.045, 127.84, 1.79933
PHY_80, 5.52, 122.4, 1.79919
PHY_82, 5.52, 122.4, 1.79919
PHY_81, 147.66, 122.4, 1.79934
PHY_83, 147.66, 122.4, 1.79934
_1243_, 14.402, 122.4, 1.79919
_0776_, 35.13, 122.4, 1.79917
_0827_, 35.13, 122.4, 1.79917
_0829_, 35.13, 122.4, 1.79917
_1112_, 35.13, 122.4, 1.79917
_1113_, 35.13, 122.4, 1.79917
_1249_, 35.13, 122.4, 1.79917
hold78, 35.13, 122.4, 1.79917
FILLER_0_41_52, 35.13, 122.4, 1.79917
FILLER_0_42_75, 35.13, 122.4, 1.79917
_1027_, 46.975, 122.4, 1.79917
_1029_, 46.975, 122.4, 1.79917
_1217_, 46.975, 122.4, 1.79917
_1218_, 46.975, 122.4, 1.79917
FILLER_0_41_84, 46.975, 122.4, 1.79917
FILLER_0_42_95, 46.975, 122.4, 1.79917
_0726_, 70.665, 122.4, 1.79917
_0730_, 70.665, 122.4, 1.79917
_0740_, 70.665, 122.4, 1.79917
_0750_, 70.665, 122.4, 1.79917
FILLER_0_40_141, 70.665, 122.4, 1.79917
_0714_, 82.51, 122.4, 1.79919
_0725_, 82.51, 122.4, 1.79919
_0737_, 82.51, 122.4, 1.79919
FILLER_0_41_165, 82.51, 122.4, 1.79919
_0754_, 106.2, 122.4, 1.79925
_1309_, 106.2, 122.4, 1.79925
hold6, 106.2, 122.4, 1.79925
FILLER_0_41_220, 106.2, 122.4, 1.79925
FILLER_0_42_222, 106.2, 122.4, 1.79925
FILLER_0_42_247, 118.045, 122.4, 1.79929
PHY_76, 5.52, 116.96, 1.79921
PHY_78, 5.52, 116.96, 1.79921
PHY_77, 147.66, 116.96, 1.79934
PHY_79, 147.66, 116.96, 1.79934
FILLER_0_38_301, 147.66, 116.96, 1.79934
FILLER_0_38_15, 14.402, 116.96, 1.79921
FILLER_0_39_27, 14.402, 116.96, 1.79921
_0778_, 35.13, 116.96, 1.7992
_0828_, 35.13, 116.96, 1.7992
_1111_, 35.13, 116.96, 1.7992
hold42, 35.13, 116.96, 1.7992
hold107, 35.13, 116.96, 1.7992
FILLER_0_39_65, 35.13, 116.96, 1.7992
_1026_, 46.975, 116.96, 1.7992
_1028_, 46.975, 116.96, 1.7992
hold66, 46.975, 116.96, 1.7992
FILLER_0_38_78, 46.975, 116.96, 1.7992
FILLER_0_38_85, 46.975, 116.96, 1.7992
FILLER_0_39_84, 46.975, 116.96, 1.7992
_0724_, 70.665, 116.96, 1.79919
_0751_, 70.665, 116.96, 1.79919
_1036_, 70.665, 116.96, 1.79919
_1039_, 70.665, 116.96, 1.79919
hold138, 70.665, 116.96, 1.79919
FILLER_0_39_136, 70.665, 116.96, 1.79919
FILLER_0_39_152, 70.665, 116.96, 1.79919
_0715_, 82.51, 116.96, 1.79921
_0723_, 82.51, 116.96, 1.79921
_0761_, 82.51, 116.96, 1.79921
_0866_, 106.2, 116.96, 1.79923
_0894_, 106.2, 116.96, 1.79923
_1174_, 106.2, 116.96, 1.79923
_1175_, 106.2, 116.96, 1.79923
fanout15, 106.2, 116.96, 1.79923
hold7, 106.2, 116.96, 1.79923
_0857_, 118.045, 116.96, 1.79928
hold1, 118.045, 116.96, 1.79928
FILLER_0_40_249, 118.045, 116.96, 1.79928
FILLER_0_40_297, 138.775, 116.96, 1.79934
PHY_72, 5.52, 111.52, 1.79918
PHY_74, 5.52, 111.52, 1.79918
PHY_73, 147.66, 111.52, 1.79934
PHY_75, 147.66, 111.52, 1.79934
FILLER_0_36_301, 147.66, 111.52, 1.79934
_1119_, 14.402, 111.52, 1.79918
_1251_, 14.402, 111.52, 1.79918
FILLER_0_37_15, 14.402, 111.52, 1.79918
_0777_, 35.13, 111.52, 1.79919
_1110_, 35.13, 111.52, 1.79919
_1116_, 35.13, 111.52, 1.79919
_1120_, 35.13, 111.52, 1.79919
hold119, 35.13, 111.52, 1.79919
FILLER_0_37_69, 35.13, 111.52, 1.79919
_0752_, 46.975, 111.52, 1.7992
_1025_, 46.975, 111.52, 1.7992
_1055_, 46.975, 111.52, 1.7992
_1221_, 46.975, 111.52, 1.7992
FILLER_0_36_80, 46.975, 111.52, 1.7992
FILLER_0_37_90, 46.975, 111.52, 1.7992
_1035_, 70.665, 111.52, 1.79924
_1051_, 70.665, 111.52, 1.79924
_1226_, 70.665, 111.52, 1.79924
hold137, 70.665, 111.52, 1.79924
FILLER_0_36_136, 70.665, 111.52, 1.79924
FILLER_0_37_137, 70.665, 111.52, 1.79924
_0963_, 82.51, 111.52, 1.79927
_1007_, 82.51, 111.52, 1.79927
hold41, 82.51, 111.52, 1.79927
FILLER_0_37_169, 82.51, 111.52, 1.79927
FILLER_0_37_179, 82.51, 111.52, 1.79927
FILLER_0_38_176, 82.51, 111.52, 1.79927
_0864_, 106.2, 111.52, 1.79923
_0865_, 106.2, 111.52, 1.79923
_0867_, 106.2, 111.52, 1.79923
_0868_, 106.2, 111.52, 1.79923
_0892_, 106.2, 111.52, 1.79923
_1173_, 106.2, 111.52, 1.79923
clkbuf_4_13_0_clk, 106.2, 111.52, 1.79923
FILLER_0_36_217, 106.2, 111.52, 1.79923
FILLER_0_37_221, 106.2, 111.52, 1.79923
_0884_, 118.045, 111.52, 1.79927
_0885_, 118.045, 111.52, 1.79927
_0893_, 118.045, 111.52, 1.79927
FILLER_0_38_247, 118.045, 111.52, 1.79927
PHY_68, 5.52, 106.08, 1.79918
PHY_70, 5.52, 106.08, 1.79918
PHY_69, 147.66, 106.08, 1.79938
PHY_71, 147.66, 106.08, 1.79938
FILLER_0_35_27, 14.402, 106.08, 1.79918
_1056_, 35.13, 106.08, 1.79911
_1095_, 35.13, 106.08, 1.79911
_1105_, 35.13, 106.08, 1.79911
_1115_, 35.13, 106.08, 1.79911
_1227_, 35.13, 106.08, 1.79911
clkbuf_4_4_0_clk, 35.13, 106.08, 1.79911
clkbuf_4_5_0_clk, 35.13, 106.08, 1.79911
FILLER_0_34_53, 35.13, 106.08, 1.79911
FILLER_0_35_68, 35.13, 106.08, 1.79911
_1053_, 46.975, 106.08, 1.79917
_1228_, 46.975, 106.08, 1.79917
hold88, 46.975, 106.08, 1.79917
FILLER_0_34_80, 46.975, 106.08, 1.79917
_0946_, 70.665, 106.08, 1.79926
_0969_, 70.665, 106.08, 1.79926
_1050_, 70.665, 106.08, 1.79926
_1225_, 70.665, 106.08, 1.79926
FILLER_0_34_129, 70.665, 106.08, 1.79926
FILLER_0_34_137, 70.665, 106.08, 1.79926
FILLER_0_34_141, 70.665, 106.08, 1.79926
FILLER_0_35_140, 70.665, 106.08, 1.79926
_0933_, 82.51, 106.08, 1.7993
_0981_, 82.51, 106.08, 1.7993
_1006_, 82.51, 106.08, 1.7993
_1048_, 82.51, 106.08, 1.7993
FILLER_0_35_169, 82.51, 106.08, 1.7993
_0886_, 106.2, 106.08, 1.7993
_0889_, 106.2, 106.08, 1.7993
_0891_, 106.2, 106.08, 1.7993
_0897_, 106.2, 106.08, 1.7993
_0898_, 106.2, 106.08, 1.7993
_1176_, 106.2, 106.08, 1.7993
_0890_, 118.045, 106.08, 1.79934
FILLER_0_34_242, 118.045, 106.08, 1.79934
FILLER_0_36_247, 118.045, 106.08, 1.79934
PHY_64, 5.52, 100.64, 1.79926
PHY_66, 5.52, 100.64, 1.79926
PHY_65, 147.66, 100.64, 1.79936
PHY_67, 147.66, 100.64, 1.79936
output4, 147.66, 100.64, 1.79936
_1054_, 35.13, 100.64, 1.79928
_1136_, 35.13, 100.64, 1.79928
hold33, 35.13, 100.64, 1.79928
FILLER_0_34_67, 35.13, 100.64, 1.79928
_0747_, 46.975, 100.64, 1.7993
_1052_, 46.975, 100.64, 1.7993
hold38, 46.975, 100.64, 1.7993
FILLER_0_32_79, 46.975, 100.64, 1.7993
FILLER_0_32_85, 46.975, 100.64, 1.7993
_0807_, 70.665, 100.64, 1.79934
_0940_, 70.665, 100.64, 1.79934
_1130_, 70.665, 100.64, 1.79934
_1134_, 70.665, 100.64, 1.79934
_1135_, 70.665, 100.64, 1.79934
_1258_, 70.665, 100.64, 1.79934
hold43, 70.665, 100.64, 1.79934
FILLER_0_33_132, 70.665, 100.64, 1.79934
_0743_, 82.51, 100.64, 1.79938
_0744_, 82.51, 100.64, 1.79938
_1049_, 82.51, 100.64, 1.79938
max_cap6, 82.51, 100.64, 1.79938
hold45, 82.51, 100.64, 1.79938
hold60, 82.51, 100.64, 1.79938
hold95, 82.51, 100.64, 1.79938
FILLER_0_33_164, 82.51, 100.64, 1.79938
FILLER_0_33_216, 106.2, 100.64, 1.7994
FILLER_0_33_225, 106.2, 100.64, 1.7994
_0888_, 118.045, 100.64, 1.79936
_0900_, 118.045, 100.64, 1.79936
_0902_, 118.045, 100.64, 1.79936
_0904_, 118.045, 100.64, 1.79936
_1178_, 118.045, 100.64, 1.79936
FILLER_0_32_236, 118.045, 100.64, 1.79936
FILLER_0_34_299, 138.775, 100.64, 1.79937
PHY_60, 5.52, 95.2, 1.79916
PHY_62, 5.52, 95.2, 1.79916
PHY_61, 147.66, 95.2, 1.79932
PHY_63, 147.66, 95.2, 1.79932
FILLER_0_30_301, 147.66, 95.2, 1.79932
_1269_, 14.402, 95.2, 1.79916
_1270_, 14.402, 95.2, 1.79916
_0749_, 35.13, 95.2, 1.79919
_0811_, 35.13, 95.2, 1.79919
_1139_, 35.13, 95.2, 1.79919
hold51, 35.13, 95.2, 1.79919
FILLER_0_31_73, 35.13, 95.2, 1.79919
_0741_, 46.975, 95.2, 1.79921
_0746_, 46.975, 95.2, 1.79921
_0808_, 46.975, 95.2, 1.79921
_0809_, 46.975, 95.2, 1.79921
_1149_, 46.975, 95.2, 1.79921
FILLER_0_32_102, 46.975, 95.2, 1.79921
_0720_, 70.665, 95.2, 1.79921
_0738_, 70.665, 95.2, 1.79921
_0806_, 70.665, 95.2, 1.79921
_1131_, 70.665, 95.2, 1.79921
_1132_, 70.665, 95.2, 1.79921
_1257_, 70.665, 95.2, 1.79921
_0584_, 82.51, 95.2, 1.79924
_1168_, 82.51, 95.2, 1.79924
_1271_, 82.51, 95.2, 1.79924
max_cap8, 82.51, 95.2, 1.79924
max_cap11, 82.51, 95.2, 1.79924
FILLER_0_30_162, 82.51, 95.2, 1.79924
FILLER_0_31_163, 82.51, 95.2, 1.79924
_1005_, 106.2, 95.2, 1.79927
_1101_, 106.2, 95.2, 1.79927
_1103_, 106.2, 95.2, 1.79927
_1245_, 106.2, 95.2, 1.79927
hold62, 106.2, 95.2, 1.79927
_0899_, 118.045, 95.2, 1.79925
_0903_, 118.045, 95.2, 1.79925
_1104_, 118.045, 95.2, 1.79925
_1177_, 118.045, 95.2, 1.79925
clkbuf_4_15_0_clk, 118.045, 95.2, 1.79925
FILLER_0_31_233, 118.045, 95.2, 1.79925
_1164_, 5.52, 89.76, 1.79914
PHY_56, 5.52, 89.76, 1.79914
PHY_58, 5.52, 89.76, 1.79914
FILLER_0_30_3, 5.52, 89.76, 1.79914
PHY_57, 147.66, 89.76, 1.79925
PHY_59, 147.66, 89.76, 1.79925
FILLER_0_28_300, 147.66, 89.76, 1.79925
_1163_, 14.402, 89.76, 1.79915
_1166_, 14.402, 89.76, 1.79915
FILLER_0_29_15, 14.402, 89.76, 1.79915
_1148_, 35.13, 89.76, 1.79915
_1150_, 35.13, 89.76, 1.79915
_1152_, 35.13, 89.76, 1.79915
_1153_, 35.13, 89.76, 1.79915
_1162_, 35.13, 89.76, 1.79915
_1263_, 35.13, 89.76, 1.79915
hold98, 35.13, 89.76, 1.79915
_1143_, 46.975, 89.76, 1.79916
_1146_, 46.975, 89.76, 1.79916
_1147_, 46.975, 89.76, 1.79916
_1261_, 46.975, 89.76, 1.79916
_1262_, 46.975, 89.76, 1.79916
_1125_, 70.665, 89.76, 1.79921
_1127_, 70.665, 89.76, 1.79921
hold106, 70.665, 89.76, 1.79921
FILLER_0_28_136, 70.665, 89.76, 1.79921
FILLER_0_29_154, 70.665, 89.76, 1.79921
_0583_, 82.51, 89.76, 1.79921
_0736_, 82.51, 89.76, 1.79921
_1157_, 82.51, 89.76, 1.79921
_1159_, 82.51, 89.76, 1.79921
_1161_, 82.51, 89.76, 1.79921
_1272_, 82.51, 89.76, 1.79921
FILLER_0_28_162, 82.51, 89.76, 1.79921
FILLER_0_29_169, 82.51, 89.76, 1.79921
_0589_, 106.2, 89.76, 1.79921
_1246_, 106.2, 89.76, 1.79921
max_cap10, 106.2, 89.76, 1.79921
hold21, 106.2, 89.76, 1.79921
hold28, 106.2, 89.76, 1.79921
FILLER_0_29_221, 106.2, 89.76, 1.79921
_0883_, 118.045, 89.76, 1.79919
_1023_, 118.045, 89.76, 1.79919
clkbuf_4_14_0_clk, 118.045, 89.76, 1.79919
FILLER_0_29_241, 118.045, 89.76, 1.79919
FILLER_0_30_249, 118.045, 89.76, 1.79919
PHY_52, 5.52, 84.32, 1.79907
PHY_54, 5.52, 84.32, 1.79907
PHY_53, 147.66, 84.32, 1.79915
PHY_55, 147.66, 84.32, 1.79915
FILLER_0_26_302, 147.66, 84.32, 1.79915
FILLER_0_27_27, 14.402, 84.32, 1.79907
_1021_, 35.13, 84.32, 1.79901
_1044_, 35.13, 84.32, 1.79901
_1133_, 35.13, 84.32, 1.79901
_1264_, 35.13, 84.32, 1.79901
hold55, 35.13, 84.32, 1.79901
FILLER_0_26_53, 35.13, 84.32, 1.79901
_1145_, 46.975, 84.32, 1.79906
hold34, 46.975, 84.32, 1.79906
FILLER_0_27_84, 46.975, 84.32, 1.79906
FILLER_0_27_97, 46.975, 84.32, 1.79906
_1128_, 70.665, 84.32, 1.79906
_1129_, 70.665, 84.32, 1.79906
_1256_, 70.665, 84.32, 1.79906
hold27, 70.665, 84.32, 1.79906
FILLER_0_28_149, 70.665, 84.32, 1.79906
_0822_, 82.51, 84.32, 1.79903
_1158_, 82.51, 84.32, 1.79903
_1160_, 82.51, 84.32, 1.79903
clkbuf_0_clk, 82.51, 84.32, 1.79903
hold56, 82.51, 84.32, 1.79903
FILLER_0_28_170, 82.51, 84.32, 1.79903
_0815_, 106.2, 84.32, 1.79915
_0816_, 106.2, 84.32, 1.79915
_0820_, 106.2, 84.32, 1.79915
_1216_, 106.2, 84.32, 1.79915
hold25, 106.2, 84.32, 1.79915
FILLER_0_26_217, 106.2, 84.32, 1.79915
FILLER_0_28_220, 106.2, 84.32, 1.79915
_0677_, 118.045, 84.32, 1.79915
_1171_, 118.045, 84.32, 1.79915
FILLER_0_26_244, 118.045, 84.32, 1.79915
_0703_, 138.775, 84.32, 1.79915
_0704_, 138.775, 84.32, 1.79915
_0855_, 138.775, 84.32, 1.79915
hold14, 138.775, 84.32, 1.79915
FILLER_0_26_286, 138.775, 84.32, 1.79915
FILLER_0_27_297, 138.775, 84.32, 1.79915
PHY_48, 5.52, 78.88, 1.79907
PHY_50, 5.52, 78.88, 1.79907
PHY_49, 147.66, 78.88, 1.79918
PHY_51, 147.66, 78.88, 1.79918
FILLER_0_24_302, 147.66, 78.88, 1.79918
FILLER_0_24_15, 14.402, 78.88, 1.79907
FILLER_0_25_27, 14.402, 78.88, 1.79907
_0623_, 35.13, 78.88, 1.79903
_1040_, 35.13, 78.88, 1.79903
hold70, 35.13, 78.88, 1.79903
FILLER_0_26_75, 35.13, 78.88, 1.79903
_1043_, 46.975, 78.88, 1.79905
_1045_, 46.975, 78.88, 1.79905
_1046_, 46.975, 78.88, 1.79905
_1224_, 46.975, 78.88, 1.79905
hold17, 46.975, 78.88, 1.79905
FILLER_0_25_81, 46.975, 78.88, 1.79905
_1255_, 70.665, 78.88, 1.79911
hold40, 70.665, 78.88, 1.79911
FILLER_0_26_150, 70.665, 78.88, 1.79911
_0824_, 82.51, 78.88, 1.79913
_1267_, 82.51, 78.88, 1.79913
_1268_, 82.51, 78.88, 1.79913
hold23, 82.51, 78.88, 1.79913
FILLER_0_25_159, 82.51, 78.88, 1.79913
_0734_, 106.2, 78.88, 1.79917
_0774_, 106.2, 78.88, 1.79917
_0818_, 106.2, 78.88, 1.79917
_1022_, 106.2, 78.88, 1.79917
FILLER_0_24_206, 106.2, 78.88, 1.79917
FILLER_0_25_255, 118.045, 78.88, 1.79918
FILLER_0_26_253, 118.045, 78.88, 1.79918
hold142, 138.775, 78.88, 1.79918
PHY_44, 5.52, 73.44, 1.79899
PHY_46, 5.52, 73.44, 1.79899
PHY_45, 147.66, 73.44, 1.79903
PHY_47, 147.66, 73.44, 1.79903
FILLER_0_23_301, 147.66, 73.44, 1.79903
_0619_, 14.402, 73.44, 1.79899
_1285_, 14.402, 73.44, 1.79899
_1286_, 14.402, 73.44, 1.79899
FILLER_0_23_15, 14.402, 73.44, 1.79899
_0625_, 35.13, 73.44, 1.79899
_0626_, 35.13, 73.44, 1.79899
_0756_, 35.13, 73.44, 1.79899
_0757_, 35.13, 73.44, 1.79899
_1288_, 35.13, 73.44, 1.79899
hold92, 35.13, 73.44, 1.79899
_0622_, 46.975, 73.44, 1.79901
_1042_, 46.975, 73.44, 1.79901
_1223_, 46.975, 73.44, 1.79901
FILLER_0_22_90, 46.975, 73.44, 1.79901
FILLER_0_23_81, 46.975, 73.44, 1.79901
FILLER_0_23_102, 46.975, 73.44, 1.79901
_0631_, 70.665, 73.44, 1.79905
_0792_, 70.665, 73.44, 1.79905
_0944_, 70.665, 73.44, 1.79905
hold35, 70.665, 73.44, 1.79905
FILLER_0_24_153, 70.665, 73.44, 1.79905
_0786_, 82.51, 73.44, 1.79906
_0819_, 82.51, 73.44, 1.79906
_1033_, 82.51, 73.44, 1.79906
_1034_, 82.51, 73.44, 1.79906
hold24, 82.51, 73.44, 1.79906
FILLER_0_24_179, 82.51, 73.44, 1.79906
_0716_, 106.2, 73.44, 1.79897
_0717_, 106.2, 73.44, 1.79897
_0719_, 106.2, 73.44, 1.79897
_0789_, 106.2, 73.44, 1.79897
_0814_, 106.2, 73.44, 1.79897
_1018_, 106.2, 73.44, 1.79897
_1312_, 106.2, 73.44, 1.79897
_1313_, 106.2, 73.44, 1.79897
FILLER_0_23_221, 106.2, 73.44, 1.79897
_1179_, 118.045, 73.44, 1.799
_1215_, 118.045, 73.44, 1.799
_1323_, 138.775, 73.44, 1.79903
_1327_, 138.775, 73.44, 1.79903
PHY_40, 5.52, 68, 1.79899
PHY_42, 5.52, 68, 1.79899
FILLER_0_21_3, 5.52, 68, 1.79899
FILLER_0_22_3, 5.52, 68, 1.79899
PHY_41, 147.66, 68, 1.79908
PHY_43, 147.66, 68, 1.79908
FILLER_0_21_300, 147.66, 68, 1.79908
_0599_, 14.402, 68, 1.79899
_0621_, 14.402, 68, 1.79899
_1277_, 14.402, 68, 1.79899
FILLER_0_20_15, 14.402, 68, 1.79899
_0617_, 35.13, 68, 1.79897
_0657_, 35.13, 68, 1.79897
_0659_, 35.13, 68, 1.79897
_0764_, 35.13, 68, 1.79897
_0836_, 35.13, 68, 1.79897
_1301_, 35.13, 68, 1.79897
hold94, 35.13, 68, 1.79897
_0783_, 46.975, 68, 1.79899
_0840_, 46.975, 68, 1.79899
_0941_, 70.665, 68, 1.799
_0947_, 70.665, 68, 1.799
_1030_, 70.665, 68, 1.799
_1289_, 70.665, 68, 1.799
_1290_, 70.665, 68, 1.799
hold77, 70.665, 68, 1.799
FILLER_0_20_141, 70.665, 68, 1.799
FILLER_0_21_138, 70.665, 68, 1.799
_0627_, 82.51, 68, 1.79902
_0630_, 82.51, 68, 1.79902
_1219_, 82.51, 68, 1.79902
_1220_, 82.51, 68, 1.79902
hold19, 82.51, 68, 1.79902
_0790_, 106.2, 68, 1.79907
_1019_, 106.2, 68, 1.79907
hold37, 106.2, 68, 1.79907
hold117, 106.2, 68, 1.79907
FILLER_0_22_222, 106.2, 68, 1.79907
_1020_, 118.045, 68, 1.79908
hold46, 118.045, 68, 1.79908
hold111, 118.045, 68, 1.79908
FILLER_0_20_244, 118.045, 68, 1.79908
FILLER_0_21_256, 118.045, 68, 1.79908
FILLER_0_22_253, 118.045, 68, 1.79908
_0683_, 138.775, 68, 1.79908
_0697_, 138.775, 68, 1.79908
FILLER_0_20_281, 138.775, 68, 1.79908
FILLER_0_21_285, 138.775, 68, 1.79908
PHY_36, 5.52, 62.56, 1.79895
PHY_38, 5.52, 62.56, 1.79895
PHY_37, 147.66, 62.56, 1.799
PHY_39, 147.66, 62.56, 1.799
FILLER_0_18_303, 147.66, 62.56, 1.799
FILLER_0_19_303, 147.66, 62.56, 1.799
_0601_, 14.402, 62.56, 1.79895
FILLER_0_19_15, 14.402, 62.56, 1.79895
FILLER_0_19_23, 14.402, 62.56, 1.79895
FILLER_0_20_21, 14.402, 62.56, 1.79895
_0658_, 35.13, 62.56, 1.79889
_1302_, 35.13, 62.56, 1.79889
clkbuf_4_0_0_clk, 35.13, 62.56, 1.79889
hold47, 35.13, 62.56, 1.79889
hold90, 35.13, 62.56, 1.79889
FILLER_0_18_64, 35.13, 62.56, 1.79889
_0949_, 46.975, 62.56, 1.79893
FILLER_0_19_93, 46.975, 62.56, 1.79893
_0628_, 70.665, 62.56, 1.79897
_0629_, 70.665, 62.56, 1.79897
_0948_, 70.665, 62.56, 1.79897
_0953_, 70.665, 62.56, 1.79897
FILLER_0_18_133, 70.665, 62.56, 1.79897
FILLER_0_18_141, 70.665, 62.56, 1.79897
FILLER_0_19_138, 70.665, 62.56, 1.79897
FILLER_0_19_151, 70.665, 62.56, 1.79897
_0791_, 82.51, 62.56, 1.79897
_0796_, 82.51, 62.56, 1.79897
_0797_, 82.51, 62.56, 1.79897
_1032_, 82.51, 62.56, 1.79897
FILLER_0_19_162, 82.51, 62.56, 1.79897
FILLER_0_19_172, 82.51, 62.56, 1.79897
_0665_, 106.2, 62.56, 1.79899
_1013_, 106.2, 62.56, 1.79899
_1014_, 106.2, 62.56, 1.79899
_1015_, 106.2, 62.56, 1.79899
_1213_, 106.2, 62.56, 1.79899
FILLER_0_19_220, 106.2, 62.56, 1.79899
_0684_, 138.775, 62.56, 1.799
_0692_, 138.775, 62.56, 1.799
_0708_, 138.775, 62.56, 1.799
hold145, 138.775, 62.56, 1.799
FILLER_0_20_293, 138.775, 62.56, 1.799
PHY_32, 5.52, 57.12, 1.79892
PHY_34, 5.52, 57.12, 1.79892
_0706_, 147.66, 57.12, 1.7989
PHY_33, 147.66, 57.12, 1.7989
PHY_35, 147.66, 57.12, 1.7989
_0606_, 14.402, 57.12, 1.79892
_1280_, 14.402, 57.12, 1.79892
hold124, 14.402, 57.12, 1.79892
FILLER_0_17_15, 14.402, 57.12, 1.79892
_0602_, 35.13, 57.12, 1.79888
_0607_, 35.13, 57.12, 1.79888
_0660_, 35.13, 57.12, 1.79888
_0837_, 35.13, 57.12, 1.79888
_0842_, 35.13, 57.12, 1.79888
clkbuf_4_1_0_clk, 35.13, 57.12, 1.79888
FILLER_0_16_53, 35.13, 57.12, 1.79888
_0647_, 46.975, 57.12, 1.7989
_0661_, 46.975, 57.12, 1.7989
hold110, 46.975, 57.12, 1.7989
FILLER_0_16_85, 46.975, 57.12, 1.7989
FILLER_0_17_95, 46.975, 57.12, 1.7989
_0921_, 70.665, 57.12, 1.79894
_0923_, 70.665, 57.12, 1.79894
_0924_, 70.665, 57.12, 1.79894
_0926_, 70.665, 57.12, 1.79894
FILLER_0_17_141, 70.665, 57.12, 1.79894
_0793_, 82.51, 57.12, 1.79895
_0794_, 82.51, 57.12, 1.79895
_0795_, 82.51, 57.12, 1.79895
_0920_, 82.51, 57.12, 1.79895
_0934_, 82.51, 57.12, 1.79895
hold26, 82.51, 57.12, 1.79895
FILLER_0_17_169, 82.51, 57.12, 1.79895
FILLER_0_17_175, 82.51, 57.12, 1.79895
FILLER_0_18_176, 82.51, 57.12, 1.79895
_0718_, 106.2, 57.12, 1.79893
_0798_, 106.2, 57.12, 1.79893
_1016_, 106.2, 57.12, 1.79893
_1017_, 106.2, 57.12, 1.79893
_1214_, 106.2, 57.12, 1.79893
hold140, 106.2, 57.12, 1.79893
FILLER_0_17_221, 106.2, 57.12, 1.79893
FILLER_0_17_225, 106.2, 57.12, 1.79893
_0712_, 118.045, 57.12, 1.79892
_0713_, 118.045, 57.12, 1.79892
fanout12, 118.045, 57.12, 1.79892
hold2, 118.045, 57.12, 1.79892
FILLER_0_17_237, 118.045, 57.12, 1.79892
FILLER_0_18_246, 118.045, 57.12, 1.79892
_0698_, 138.775, 57.12, 1.7989
_1324_, 138.775, 57.12, 1.7989
_1279_, 5.52, 51.68, 1.79886
PHY_28, 5.52, 51.68, 1.79886
PHY_30, 5.52, 51.68, 1.79886
FILLER_0_15_3, 5.52, 51.68, 1.79886
FILLER_0_16_3, 5.52, 51.68, 1.79886
PHY_29, 147.66, 51.68, 1.79881
PHY_31, 147.66, 51.68, 1.79881
FILLER_0_14_302, 147.66, 51.68, 1.79881
FILLER_0_15_303, 147.66, 51.68, 1.79881
_0603_, 14.402, 51.68, 1.79887
_0604_, 14.402, 51.68, 1.79887
FILLER_0_14_11, 14.402, 51.68, 1.79887
FILLER_0_14_17, 14.402, 51.68, 1.79887
_0612_, 35.13, 51.68, 1.79879
_0648_, 35.13, 51.68, 1.79879
_0649_, 35.13, 51.68, 1.79879
_0759_, 35.13, 51.68, 1.79879
_0843_, 35.13, 51.68, 1.79879
_1297_, 35.13, 51.68, 1.79879
hold81, 35.13, 51.68, 1.79879
_0643_, 46.975, 51.68, 1.79876
_0644_, 46.975, 51.68, 1.79876
_0646_, 46.975, 51.68, 1.79876
_1295_, 46.975, 51.68, 1.79876
_1296_, 46.975, 51.68, 1.79876
clkbuf_4_2_0_clk, 46.975, 51.68, 1.79876
hold143, 46.975, 51.68, 1.79876
FILLER_0_14_80, 46.975, 51.68, 1.79876
_0967_, 70.665, 51.68, 1.79885
_1183_, 70.665, 51.68, 1.79885
_1184_, 70.665, 51.68, 1.79885
hold87, 70.665, 51.68, 1.79885
_0846_, 82.51, 51.68, 1.79886
_0922_, 82.51, 51.68, 1.79886
_0979_, 82.51, 51.68, 1.79886
_1202_, 82.51, 51.68, 1.79886
hold86, 82.51, 51.68, 1.79886
FILLER_0_15_160, 82.51, 51.68, 1.79886
_0668_, 106.2, 51.68, 1.79884
_0853_, 106.2, 51.68, 1.79884
hold13, 106.2, 51.68, 1.79884
FILLER_0_15_231, 106.2, 51.68, 1.79884
_1314_, 118.045, 51.68, 1.79882
_1319_, 118.045, 51.68, 1.79882
FILLER_0_16_247, 118.045, 51.68, 1.79882
_0680_, 138.775, 51.68, 1.79881
_0691_, 138.775, 51.68, 1.79881
_0700_, 138.775, 51.68, 1.79881
_0705_, 138.775, 51.68, 1.79881
_0709_, 138.775, 51.68, 1.79881
_0710_, 138.775, 51.68, 1.79881
PHY_24, 5.52, 46.24, 1.79891
PHY_26, 5.52, 46.24, 1.79891
FILLER_0_14_3, 5.52, 46.24, 1.79891
PHY_25, 147.66, 46.24, 1.7989
PHY_27, 147.66, 46.24, 1.7989
_0594_, 14.402, 46.24, 1.79891
_0596_, 14.402, 46.24, 1.79891
_1275_, 14.402, 46.24, 1.79891
FILLER_0_13_15, 14.402, 46.24, 1.79891
_1298_, 35.13, 46.24, 1.79889
hold93, 35.13, 46.24, 1.79889
FILLER_0_12_59, 35.13, 46.24, 1.79889
FILLER_0_13_57, 35.13, 46.24, 1.79889
_0639_, 46.975, 46.24, 1.79889
_0640_, 46.975, 46.24, 1.79889
_0645_, 46.975, 46.24, 1.79889
_0839_, 46.975, 46.24, 1.79889
FILLER_0_13_101, 46.975, 46.24, 1.79889
_0964_, 70.665, 46.24, 1.79888
_0965_, 70.665, 46.24, 1.79888
_0968_, 70.665, 46.24, 1.79888
_0970_, 70.665, 46.24, 1.79888
hold32, 70.665, 46.24, 1.79888
hold36, 70.665, 46.24, 1.79888
_0847_, 82.51, 46.24, 1.79886
_0978_, 82.51, 46.24, 1.79886
_0980_, 82.51, 46.24, 1.79886
_1201_, 82.51, 46.24, 1.79886
FILLER_0_13_155, 82.51, 46.24, 1.79886
_0670_, 106.2, 46.24, 1.7988
_1305_, 106.2, 46.24, 1.7988
_1315_, 106.2, 46.24, 1.7988
_1316_, 106.2, 46.24, 1.7988
hold139, 106.2, 46.24, 1.7988
FILLER_0_14_221, 106.2, 46.24, 1.7988
clkbuf_4_10_0_clk, 118.045, 46.24, 1.79881
FILLER_0_12_239, 118.045, 46.24, 1.79881
FILLER_0_14_246, 118.045, 46.24, 1.79881
FILLER_0_14_253, 118.045, 46.24, 1.79881
_0681_, 138.775, 46.24, 1.7989
_0682_, 138.775, 46.24, 1.7989
_0711_, 138.775, 46.24, 1.7989
hold12, 138.775, 46.24, 1.7989
FILLER_0_13_284, 138.775, 46.24, 1.7989
FILLER_0_14_291, 138.775, 46.24, 1.7989
PHY_20, 5.52, 40.8, 1.7989
PHY_22, 5.52, 40.8, 1.7989
PHY_21, 147.66, 40.8, 1.7988
PHY_23, 147.66, 40.8, 1.7988
FILLER_0_11_27, 14.402, 40.8, 1.7989
_0650_, 35.13, 40.8, 1.79886
_0651_, 35.13, 40.8, 1.79886
_0763_, 35.13, 40.8, 1.79886
_0838_, 35.13, 40.8, 1.79886
hold52, 35.13, 40.8, 1.79886
FILLER_0_10_56, 35.13, 40.8, 1.79886
FILLER_0_12_77, 35.13, 40.8, 1.79886
_0638_, 46.975, 40.8, 1.79885
_0641_, 46.975, 40.8, 1.79885
_1293_, 46.975, 40.8, 1.79885
_1294_, 46.975, 40.8, 1.79885
FILLER_0_10_85, 46.975, 40.8, 1.79885
FILLER_0_11_83, 46.975, 40.8, 1.79885
_0770_, 70.665, 40.8, 1.79887
_0928_, 70.665, 40.8, 1.79887
_0929_, 70.665, 40.8, 1.79887
hold109, 70.665, 40.8, 1.79887
_0771_, 82.51, 40.8, 1.79885
_0773_, 82.51, 40.8, 1.79885
_0977_, 82.51, 40.8, 1.79885
hold75, 82.51, 40.8, 1.79885
FILLER_0_11_161, 82.51, 40.8, 1.79885
FILLER_0_12_169, 82.51, 40.8, 1.79885
_0669_, 106.2, 40.8, 1.79875
_0845_, 106.2, 40.8, 1.79875
_1151_, 106.2, 40.8, 1.79875
hold113, 106.2, 40.8, 1.79875
FILLER_0_11_216, 106.2, 40.8, 1.79875
FILLER_0_11_231, 106.2, 40.8, 1.79875
_0675_, 118.045, 40.8, 1.79871
_0685_, 118.045, 40.8, 1.79871
_0686_, 118.045, 40.8, 1.79871
_0687_, 118.045, 40.8, 1.79871
_0688_, 118.045, 40.8, 1.79871
_0863_, 118.045, 40.8, 1.79871
_0906_, 118.045, 40.8, 1.79871
FILLER_0_11_240, 118.045, 40.8, 1.79871
_0672_, 138.775, 40.8, 1.7988
_0673_, 138.775, 40.8, 1.7988
_0679_, 138.775, 40.8, 1.7988
_1322_, 138.775, 40.8, 1.7988
hold9, 138.775, 40.8, 1.7988
PHY_16, 5.52, 35.36, 1.7989
PHY_18, 5.52, 35.36, 1.7989
PHY_17, 147.66, 35.36, 1.79884
PHY_19, 147.66, 35.36, 1.79884
FILLER_0_8_303, 147.66, 35.36, 1.79884
FILLER_0_9_301, 147.66, 35.36, 1.79884
FILLER_0_9_27, 14.402, 35.36, 1.7989
_0613_, 35.13, 35.36, 1.79887
_0632_, 35.13, 35.36, 1.79887
_0635_, 35.13, 35.36, 1.79887
_0760_, 35.13, 35.36, 1.79887
_0762_, 35.13, 35.36, 1.79887
hold48, 35.13, 35.36, 1.79887
FILLER_0_10_77, 35.13, 35.36, 1.79887
_0652_, 46.975, 35.36, 1.79885
_0653_, 46.975, 35.36, 1.79885
_0655_, 46.975, 35.36, 1.79885
_0849_, 70.665, 35.36, 1.79878
_0927_, 70.665, 35.36, 1.79878
_0930_, 70.665, 35.36, 1.79878
_0931_, 70.665, 35.36, 1.79878
_1185_, 70.665, 35.36, 1.79878
hold63, 70.665, 35.36, 1.79878
_0772_, 82.51, 35.36, 1.79877
_0775_, 82.51, 35.36, 1.79877
_0851_, 82.51, 35.36, 1.79877
_0937_, 82.51, 35.36, 1.79877
_0958_, 82.51, 35.36, 1.79877
_0982_, 82.51, 35.36, 1.79877
_1203_, 82.51, 35.36, 1.79877
FILLER_0_9_159, 82.51, 35.36, 1.79877
FILLER_0_10_173, 82.51, 35.36, 1.79877
_0907_, 106.2, 35.36, 1.79878
_0991_, 106.2, 35.36, 1.79878
hold84, 106.2, 35.36, 1.79878
FILLER_0_9_220, 106.2, 35.36, 1.79878
FILLER_0_10_226, 106.2, 35.36, 1.79878
_0674_, 118.045, 35.36, 1.79878
_1317_, 118.045, 35.36, 1.79878
_1318_, 118.045, 35.36, 1.79878
FILLER_0_10_249, 118.045, 35.36, 1.79878
_1307_, 138.775, 35.36, 1.79884
hold8, 138.775, 35.36, 1.79884
FILLER_0_10_292, 138.775, 35.36, 1.79884
PHY_12, 5.52, 29.92, 1.79886
PHY_14, 5.52, 29.92, 1.79886
PHY_13, 147.66, 29.92, 1.79893
PHY_15, 147.66, 29.92, 1.79893
FILLER_0_6_301, 147.66, 29.92, 1.79893
_0633_, 35.13, 29.92, 1.79883
_0654_, 35.13, 29.92, 1.79883
_0656_, 35.13, 29.92, 1.79883
_1283_, 35.13, 29.92, 1.79883
hold49, 35.13, 29.92, 1.79883
hold136, 35.13, 29.92, 1.79883
_1299_, 46.975, 29.92, 1.79883
_1300_, 46.975, 29.92, 1.79883
hold144, 46.975, 29.92, 1.79883
FILLER_0_8_102, 46.975, 29.92, 1.79883
_0769_, 70.665, 29.92, 1.79888
_0848_, 70.665, 29.92, 1.79888
hold59, 70.665, 29.92, 1.79888
hold122, 70.665, 29.92, 1.79888
hold127, 70.665, 29.92, 1.79888
FILLER_0_6_137, 70.665, 29.92, 1.79888
FILLER_0_7_144, 70.665, 29.92, 1.79888
FILLER_0_8_145, 70.665, 29.92, 1.79888
_0850_, 82.51, 29.92, 1.7989
_0983_, 82.51, 29.92, 1.7989
_0984_, 82.51, 29.92, 1.7989
_0985_, 82.51, 29.92, 1.7989
FILLER_0_6_161, 82.51, 29.92, 1.7989
FILLER_0_7_157, 82.51, 29.92, 1.7989
FILLER_0_7_164, 82.51, 29.92, 1.7989
_0766_, 106.2, 29.92, 1.79891
_0989_, 106.2, 29.92, 1.79891
_0992_, 106.2, 29.92, 1.79891
_0998_, 106.2, 29.92, 1.79891
_1000_, 106.2, 29.92, 1.79891
_1206_, 106.2, 29.92, 1.79891
hold129, 106.2, 29.92, 1.79891
FILLER_0_8_226, 106.2, 29.92, 1.79891
_0676_, 118.045, 29.92, 1.79892
FILLER_0_7_233, 118.045, 29.92, 1.79892
FILLER_0_8_253, 118.045, 29.92, 1.79892
FILLER_0_8_295, 138.775, 29.92, 1.79893
PHY_8, 5.52, 24.48, 1.79893
PHY_10, 5.52, 24.48, 1.79893
PHY_9, 147.66, 24.48, 1.79893
PHY_11, 147.66, 24.48, 1.79893
FILLER_0_4_301, 147.66, 24.48, 1.79893
_0614_, 35.13, 24.48, 1.79892
_0955_, 70.665, 24.48, 1.7989
_0956_, 70.665, 24.48, 1.7989
_0971_, 70.665, 24.48, 1.7989
hold54, 70.665, 24.48, 1.7989
hold102, 70.665, 24.48, 1.7989
FILLER_0_4_135, 70.665, 24.48, 1.7989
_0768_, 82.51, 24.48, 1.7989
_0936_, 82.51, 24.48, 1.7989
_0938_, 82.51, 24.48, 1.7989
_0960_, 82.51, 24.48, 1.7989
_0986_, 82.51, 24.48, 1.7989
_1204_, 82.51, 24.48, 1.7989
hold44, 82.51, 24.48, 1.7989
_0917_, 106.2, 24.48, 1.79891
_0990_, 106.2, 24.48, 1.79891
_1003_, 106.2, 24.48, 1.79891
_1205_, 106.2, 24.48, 1.79891
hold121, 106.2, 24.48, 1.79891
hold130, 106.2, 24.48, 1.79891
FILLER_0_4_244, 118.045, 24.48, 1.79892
PHY_4, 5.52, 19.04, 1.79893
PHY_6, 5.52, 19.04, 1.79893
PHY_5, 147.66, 19.04, 1.79893
PHY_7, 147.66, 19.04, 1.79893
FILLER_0_2_301, 147.66, 19.04, 1.79893
FILLER_0_4_77, 35.13, 19.04, 1.79892
_0954_, 70.665, 19.04, 1.79888
_0959_, 70.665, 19.04, 1.79888
_1195_, 70.665, 19.04, 1.79888
_0935_, 82.51, 19.04, 1.79887
_1187_, 82.51, 19.04, 1.79887
_1188_, 82.51, 19.04, 1.79887
hold131, 82.51, 19.04, 1.79887
_1004_, 106.2, 19.04, 1.79891
hold128, 106.2, 19.04, 1.79891
hold135, 106.2, 19.04, 1.79891
PHY_0, 5.52, 13.6, 1.7989
PHY_2, 5.52, 13.6, 1.7989
output3, 5.52, 13.6, 1.7989
PHY_1, 147.66, 13.6, 1.79894
PHY_3, 147.66, 13.6, 1.79894
FILLER_0_0_21, 14.402, 13.6, 1.79891
FILLER_0_0_53, 35.13, 13.6, 1.79892
FILLER_0_2_77, 35.13, 13.6, 1.79892
FILLER_0_0_81, 46.975, 13.6, 1.79891
_0961_, 70.665, 13.6, 1.7989
_0962_, 70.665, 13.6, 1.7989
_1196_, 70.665, 13.6, 1.7989
hold108, 70.665, 13.6, 1.7989
FILLER_0_0_137, 70.665, 13.6, 1.7989
FILLER_0_1_137, 70.665, 13.6, 1.7989
FILLER_0_1_148, 70.665, 13.6, 1.7989
_0939_, 82.51, 13.6, 1.7989
hold72, 82.51, 13.6, 1.7989
FILLER_0_0_165, 82.51, 13.6, 1.7989
_0918_, 106.2, 13.6, 1.79892
FILLER_0_0_221, 106.2, 13.6, 1.79892
FILLER_0_1_216, 106.2, 13.6, 1.79892
input2, 118.045, 13.6, 1.79893
FILLER_0_0_249, 118.045, 13.6, 1.79893

