Instance name,  X location,  Y location,  Voltage 
FILLER_0_51_277, 133.19, 152.32, 0.000972913
FILLER_0_49_273, 133.19, 146.88, 0.00097483
FILLER_0_47_273, 133.19, 141.44, 0.000979693
FILLER_0_45_273, 133.19, 136, 0.000979744
FILLER_0_43_273, 133.19, 130.56, 0.000979759
FILLER_0_41_272, 133.19, 125.12, 0.00100066
FILLER_0_39_276, 133.19, 119.68, 0.00102085
FILLER_0_35_273, 133.19, 108.8, 0.000995432
_0901_, 133.19, 103.36, 0.000979635
FILLER_0_33_271, 133.19, 103.36, 0.000979635
FILLER_0_31_275, 133.19, 97.92, 0.00100519
_0858_, 133.19, 92.48, 0.000980264
_0879_, 133.19, 92.48, 0.000980264
_0880_, 133.19, 92.48, 0.000980264
_0887_, 133.19, 92.48, 0.000980264
_0856_, 133.19, 87.04, 0.000948774
_0860_, 133.19, 87.04, 0.000948774
_0861_, 133.19, 87.04, 0.000948774
_1172_, 133.19, 87.04, 0.000948774
FILLER_0_28_277, 133.19, 87.04, 0.000948774
_0678_, 133.19, 81.6, 0.000911555
_0855_, 133.19, 81.6, 0.000911555
hold14, 133.19, 81.6, 0.000911555
hold15, 133.19, 81.6, 0.000911555
fanout13, 133.19, 76.16, 0.000881026
hold4, 133.19, 76.16, 0.000881026
_1323_, 133.19, 70.72, 0.000870436
_1327_, 133.19, 70.72, 0.000870436
hold5, 133.19, 70.72, 0.000870436
_0694_, 133.19, 65.28, 0.000815489
_0696_, 133.19, 65.28, 0.000815489
_0697_, 133.19, 65.28, 0.000815489
_0707_, 133.19, 65.28, 0.000815489
FILLER_0_19_270, 133.19, 65.28, 0.000815489
FILLER_0_20_265, 133.19, 65.28, 0.000815489
FILLER_0_20_281, 133.19, 65.28, 0.000815489
FILLER_0_21_285, 133.19, 65.28, 0.000815489
_0693_, 133.19, 59.84, 0.000866943
_0695_, 133.19, 59.84, 0.000866943
_0708_, 133.19, 59.84, 0.000866943
_0870_, 133.19, 59.84, 0.000866943
_1326_, 133.19, 59.84, 0.000866943
FILLER_0_18_265, 133.19, 59.84, 0.000866943
_0698_, 133.19, 54.4, 0.000913729
_0701_, 133.19, 54.4, 0.000913729
_1324_, 133.19, 54.4, 0.000913729
hold18, 133.19, 54.4, 0.000913729
FILLER_0_15_276, 133.19, 54.4, 0.000913729
FILLER_0_16_273, 133.19, 54.4, 0.000913729
_0691_, 133.19, 48.96, 0.000967425
_1325_, 133.19, 48.96, 0.000967425
FILLER_0_13_270, 133.19, 48.96, 0.000967425
FILLER_0_14_265, 133.19, 48.96, 0.000967425
_0689_, 133.19, 43.52, 0.000903857
_0711_, 133.19, 43.52, 0.000903857
_1321_, 133.19, 43.52, 0.000903857
FILLER_0_13_284, 133.19, 43.52, 0.000903857
_0679_, 133.19, 38.08, 0.000948036
_0690_, 133.19, 38.08, 0.000948036
_1322_, 133.19, 38.08, 0.000948036
_1328_, 133.19, 38.08, 0.000948036
_1307_, 133.19, 32.64, 0.000896325
FILLER_0_5_277, 133.19, 27.2, 0.000846781
FILLER_0_3_273, 133.19, 21.76, 0.000840466
FILLER_0_1_273, 133.19, 16.32, 0.000841869
FILLER_0_0_270, 133.19, 10.88, 0.000833347
FILLER_0_51_189, 97.655, 152.32, 0.000975923
FILLER_0_50_193, 97.655, 146.88, 0.000984835
hold73, 97.655, 141.44, 0.00100777
hold85, 97.655, 141.44, 0.00100777
_1088_, 97.655, 136, 0.00101058
_1089_, 97.655, 136, 0.00101058
_0729_, 97.655, 130.56, 0.00101522
_1087_, 97.655, 130.56, 0.00101522
FILLER_0_43_193, 97.655, 130.56, 0.00101522
FILLER_0_44_191, 97.655, 130.56, 0.00101522
FILLER_0_45_213, 97.655, 130.56, 0.00101522
_1308_, 97.655, 125.12, 0.00105489
FILLER_0_42_191, 97.655, 125.12, 0.00105489
_0754_, 97.655, 119.68, 0.0011148
_0758_, 97.655, 119.68, 0.0011148
_1310_, 97.655, 119.68, 0.0011148
FILLER_0_39_195, 97.655, 119.68, 0.0011148
_0999_, 97.655, 114.24, 0.00101177
fanout15, 97.655, 114.24, 0.00101177
_0864_, 97.655, 108.8, 0.00106657
_0868_, 97.655, 108.8, 0.00106657
_0908_, 97.655, 108.8, 0.00106657
_0910_, 97.655, 108.8, 0.00106657
_0925_, 97.655, 108.8, 0.00106657
_0987_, 97.655, 108.8, 0.00106657
clkbuf_4_13_0_clk, 97.655, 108.8, 0.00106657
_0886_, 97.655, 103.36, 0.00100887
_0897_, 97.655, 103.36, 0.00100887
_0898_, 97.655, 103.36, 0.00100887
_0911_, 97.655, 103.36, 0.00100887
_0919_, 97.655, 103.36, 0.00100887
_1094_, 97.655, 103.36, 0.00100887
max_cap5, 97.655, 103.36, 0.00100887
clkbuf_4_12_0_clk, 97.655, 103.36, 0.00100887
FILLER_0_34_202, 97.655, 103.36, 0.00100887
_0585_, 97.655, 97.92, 0.00100375
_1024_, 97.655, 97.92, 0.00100375
_1092_, 97.655, 97.92, 0.00100375
_1102_, 97.655, 97.92, 0.00100375
FILLER_0_32_197, 97.655, 97.92, 0.00100375
_0588_, 97.655, 92.48, 0.000955186
_1100_, 97.655, 92.48, 0.000955186
_1101_, 97.655, 92.48, 0.000955186
_1245_, 97.655, 92.48, 0.000955186
hold31, 97.655, 92.48, 0.000955186
FILLER_0_30_193, 97.655, 92.48, 0.000955186
FILLER_0_30_197, 97.655, 92.48, 0.000955186
_0586_, 97.655, 87.04, 0.000901828
_0587_, 97.655, 87.04, 0.000901828
_0784_, 97.655, 87.04, 0.000901828
_1273_, 97.655, 87.04, 0.000901828
_1274_, 97.655, 87.04, 0.000901828
hold28, 97.655, 87.04, 0.000901828
FILLER_0_28_190, 97.655, 87.04, 0.000901828
_0820_, 97.655, 81.6, 0.000882893
_0826_, 97.655, 81.6, 0.000882893
FILLER_0_25_200, 97.655, 81.6, 0.000882893
FILLER_0_26_193, 97.655, 81.6, 0.000882893
FILLER_0_26_203, 97.655, 81.6, 0.000882893
_0590_, 97.655, 76.16, 0.000820351
_0787_, 97.655, 76.16, 0.000820351
_0818_, 97.655, 76.16, 0.000820351
fanout14, 97.655, 76.16, 0.000820351
FILLER_0_23_197, 97.655, 76.16, 0.000820351
FILLER_0_24_206, 97.655, 76.16, 0.000820351
_0663_, 97.655, 70.72, 0.000791887
_0785_, 97.655, 70.72, 0.000791887
_0789_, 97.655, 70.72, 0.000791887
_0869_, 97.655, 70.72, 0.000791887
hold50, 97.655, 70.72, 0.000791887
_0597_, 97.655, 65.28, 0.000739708
_0666_, 97.655, 65.28, 0.000739708
_1303_, 97.655, 65.28, 0.000739708
_1304_, 97.655, 65.28, 0.000739708
hold117, 97.655, 65.28, 0.000739708
FILLER_0_20_197, 97.655, 65.28, 0.000739708
_0662_, 97.655, 59.84, 0.000766613
_0664_, 97.655, 59.84, 0.000766613
_0665_, 97.655, 59.84, 0.000766613
_0932_, 97.655, 59.84, 0.000766613
FILLER_0_17_195, 97.655, 59.84, 0.000766613
_0671_, 97.655, 54.4, 0.000831663
_0718_, 97.655, 54.4, 0.000831663
_0798_, 97.655, 54.4, 0.000831663
_0854_, 97.655, 54.4, 0.000831663
_0871_, 97.655, 54.4, 0.000831663
_0912_, 97.655, 54.4, 0.000831663
_0916_, 97.655, 54.4, 0.000831663
_0976_, 97.655, 54.4, 0.000831663
FILLER_0_16_192, 97.655, 54.4, 0.000831663
_0667_, 97.655, 48.96, 0.000892025
_0668_, 97.655, 48.96, 0.000892025
_0872_, 97.655, 48.96, 0.000892025
_1306_, 97.655, 48.96, 0.000892025
FILLER_0_13_197, 97.655, 48.96, 0.000892025
FILLER_0_14_197, 97.655, 48.96, 0.000892025
_0670_, 97.655, 43.52, 0.000879601
_0852_, 97.655, 43.52, 0.000879601
_1305_, 97.655, 43.52, 0.000879601
FILLER_0_11_193, 97.655, 43.52, 0.000879601
FILLER_0_12_189, 97.655, 43.52, 0.000879601
FILLER_0_12_197, 97.655, 43.52, 0.000879601
FILLER_0_13_205, 97.655, 43.52, 0.000879601
_0876_, 97.655, 38.08, 0.000931375
_0994_, 97.655, 38.08, 0.000931375
_0997_, 97.655, 38.08, 0.000931375
_1207_, 97.655, 38.08, 0.000931375
hold113, 97.655, 38.08, 0.000931375
_0995_, 97.655, 32.64, 0.000876483
_0996_, 97.655, 32.64, 0.000876483
_1208_, 97.655, 32.64, 0.000876483
hold84, 97.655, 32.64, 0.000876483
_0766_, 97.655, 27.2, 0.000828864
_0844_, 97.655, 27.2, 0.000828864
_0988_, 97.655, 27.2, 0.000828864
_0989_, 97.655, 27.2, 0.000828864
_1000_, 97.655, 27.2, 0.000828864
hold89, 97.655, 27.2, 0.000828864
FILLER_0_6_193, 97.655, 27.2, 0.000828864
_0913_, 97.655, 21.76, 0.000828779
_1001_, 97.655, 21.76, 0.000828779
_1003_, 97.655, 21.76, 0.000828779
_1209_, 97.655, 21.76, 0.000828779
hold130, 97.655, 21.76, 0.000828779
FILLER_0_4_193, 97.655, 21.76, 0.000828779
_0914_, 97.655, 16.32, 0.000838007
_1002_, 97.655, 16.32, 0.000838007
_1181_, 97.655, 16.32, 0.000838007
_1182_, 97.655, 16.32, 0.000838007
_1210_, 97.655, 16.32, 0.000838007
FILLER_0_1_193, 97.655, 16.32, 0.000838007
FILLER_0_0_193, 97.655, 10.88, 0.000800941
_1231_, 62.12, 146.88, 0.00097128
hold76, 62.12, 146.88, 0.00097128
FILLER_0_50_132, 62.12, 146.88, 0.00097128
_1063_, 62.12, 141.44, 0.00100575
_1235_, 62.12, 141.44, 0.00100575
hold101, 62.12, 141.44, 0.00100575
_1065_, 62.12, 136, 0.00100495
_1075_, 62.12, 136, 0.00100495
_1234_, 62.12, 136, 0.00100495
_1236_, 62.12, 136, 0.00100495
hold116, 62.12, 136, 0.00100495
FILLER_0_47_124, 62.12, 136, 0.00100495
_0733_, 62.12, 130.56, 0.00101064
_0799_, 62.12, 130.56, 0.00101064
_0802_, 62.12, 130.56, 0.00101064
_1062_, 62.12, 130.56, 0.00101064
hold99, 62.12, 130.56, 0.00101064
FILLER_0_43_113, 62.12, 130.56, 0.00101064
FILLER_0_44_111, 62.12, 130.56, 0.00101064
FILLER_0_45_129, 62.12, 130.56, 0.00101064
_0728_, 62.12, 125.12, 0.0010041
_1038_, 62.12, 125.12, 0.0010041
_0740_, 62.12, 119.68, 0.00106922
_0750_, 62.12, 119.68, 0.00106922
_1222_, 62.12, 119.68, 0.00106922
clkbuf_4_7_0_clk, 62.12, 119.68, 0.00106922
hold100, 62.12, 119.68, 0.00106922
FILLER_0_40_128, 62.12, 119.68, 0.00106922
_1011_, 62.12, 114.24, 0.000982434
_1036_, 62.12, 114.24, 0.000982434
_1039_, 62.12, 114.24, 0.000982434
_1211_, 62.12, 114.24, 0.000982434
clkbuf_4_6_0_clk, 62.12, 114.24, 0.000982434
_1009_, 62.12, 108.8, 0.00094155
_1035_, 62.12, 108.8, 0.00094155
hold103, 62.12, 108.8, 0.00094155
hold137, 62.12, 108.8, 0.00094155
_0812_, 62.12, 103.36, 0.000898757
_1008_, 62.12, 103.36, 0.000898757
FILLER_0_34_129, 62.12, 103.36, 0.000898757
_0739_, 62.12, 97.92, 0.000879724
_0765_, 62.12, 97.92, 0.000879724
_0805_, 62.12, 97.92, 0.000879724
_0807_, 62.12, 97.92, 0.000879724
_0813_, 62.12, 97.92, 0.000879724
_1135_, 62.12, 97.92, 0.000879724
FILLER_0_32_126, 62.12, 97.92, 0.000879724
FILLER_0_33_132, 62.12, 97.92, 0.000879724
_0738_, 62.12, 92.48, 0.000840434
_0748_, 62.12, 92.48, 0.000840434
_0804_, 62.12, 92.48, 0.000840434
_1132_, 62.12, 92.48, 0.000840434
_1144_, 62.12, 92.48, 0.000840434
_1257_, 62.12, 92.48, 0.000840434
hold29, 62.12, 92.48, 0.000840434
_1127_, 62.12, 87.04, 0.000750449
_1141_, 62.12, 87.04, 0.000750449
hold69, 62.12, 87.04, 0.000750449
FILLER_0_27_113, 62.12, 87.04, 0.000750449
FILLER_0_27_121, 62.12, 87.04, 0.000750449
_0834_, 62.12, 81.6, 0.000806483
_0835_, 62.12, 81.6, 0.000806483
_1126_, 62.12, 81.6, 0.000806483
_1129_, 62.12, 81.6, 0.000806483
_1256_, 62.12, 81.6, 0.000806483
FILLER_0_25_120, 62.12, 81.6, 0.000806483
FILLER_0_26_128, 62.12, 81.6, 0.000806483
_0830_, 62.12, 76.16, 0.000648294
_0831_, 62.12, 76.16, 0.000648294
_0945_, 62.12, 76.16, 0.000648294
_1190_, 62.12, 76.16, 0.000648294
_1255_, 62.12, 76.16, 0.000648294
hold40, 62.12, 76.16, 0.000648294
FILLER_0_25_127, 62.12, 76.16, 0.000648294
_0780_, 62.12, 70.72, 0.000589439
_0942_, 62.12, 70.72, 0.000589439
_0943_, 62.12, 70.72, 0.000589439
_0944_, 62.12, 70.72, 0.000589439
hold35, 62.12, 70.72, 0.000589439
_0941_, 62.12, 65.28, 0.00054509
_0947_, 62.12, 65.28, 0.00054509
_0950_, 62.12, 65.28, 0.00054509
_1191_, 62.12, 65.28, 0.00054509
hold77, 62.12, 65.28, 0.00054509
FILLER_0_20_126, 62.12, 65.28, 0.00054509
FILLER_0_21_124, 62.12, 65.28, 0.00054509
_0948_, 62.12, 59.84, 0.000614495
clkbuf_4_3_0_clk, 62.12, 59.84, 0.000614495
hold64, 62.12, 59.84, 0.000614495
FILLER_0_18_133, 62.12, 59.84, 0.000614495
_0923_, 62.12, 54.4, 0.000684006
FILLER_0_16_124, 62.12, 54.4, 0.000684006
_0781_, 62.12, 48.96, 0.000735958
_0832_, 62.12, 48.96, 0.000735958
_1184_, 62.12, 48.96, 0.000735958
_1198_, 62.12, 48.96, 0.000735958
FILLER_0_14_120, 62.12, 48.96, 0.000735958
FILLER_0_15_125, 62.12, 48.96, 0.000735958
_0637_, 62.12, 43.52, 0.000738155
_0965_, 62.12, 43.52, 0.000738155
_0966_, 62.12, 43.52, 0.000738155
_0968_, 62.12, 43.52, 0.000738155
_1197_, 62.12, 43.52, 0.000738155
FILLER_0_11_113, 62.12, 43.52, 0.000738155
FILLER_0_12_118, 62.12, 43.52, 0.000738155
_0873_, 62.12, 38.08, 0.000767955
_0874_, 62.12, 38.08, 0.000767955
_0877_, 62.12, 38.08, 0.000767955
_0878_, 62.12, 38.08, 0.000767955
_0929_, 62.12, 38.08, 0.000767955
FILLER_0_10_114, 62.12, 38.08, 0.000767955
_1169_, 62.12, 32.64, 0.000800466
_1170_, 62.12, 32.64, 0.000800466
_1186_, 62.12, 32.64, 0.000800466
hold63, 62.12, 32.64, 0.000800466
_0973_, 62.12, 27.2, 0.000764813
_1200_, 62.12, 27.2, 0.000764813
hold59, 62.12, 27.2, 0.000764813
hold122, 62.12, 27.2, 0.000764813
FILLER_0_6_113, 62.12, 27.2, 0.000764813
_0955_, 62.12, 21.76, 0.000763759
_0956_, 62.12, 21.76, 0.000763759
_0972_, 62.12, 21.76, 0.000763759
_0974_, 62.12, 21.76, 0.000763759
_1194_, 62.12, 21.76, 0.000763759
_1199_, 62.12, 21.76, 0.000763759
FILLER_0_4_135, 62.12, 21.76, 0.000763759
_0954_, 62.12, 16.32, 0.000756799
_0957_, 62.12, 16.32, 0.000756799
_1193_, 62.12, 16.32, 0.000756799
FILLER_0_51_53, 26.585, 146.88, 0.000940334
FILLER_0_49_51, 26.585, 141.44, 0.000953498
FILLER_0_45_39, 26.585, 136, 0.000953739
FILLER_0_47_51, 26.585, 136, 0.000953739
_1107_, 26.585, 130.56, 0.000965084
_1109_, 26.585, 130.56, 0.000965084
_1247_, 26.585, 130.56, 0.000965084
_1248_, 26.585, 130.56, 0.000965084
FILLER_0_43_35, 26.585, 130.56, 0.000965084
FILLER_0_43_43, 26.585, 130.56, 0.000965084
FILLER_0_44_41, 26.585, 130.56, 0.000965084
FILLER_0_45_47, 26.585, 130.56, 0.000965084
_1096_, 26.585, 125.12, 0.000945281
_1098_, 26.585, 125.12, 0.000945281
hold61, 26.585, 125.12, 0.000945281
hold71, 26.585, 125.12, 0.000945281
FILLER_0_43_57, 26.585, 125.12, 0.000945281
_0776_, 26.585, 119.68, 0.000957803
_0829_, 26.585, 119.68, 0.000957803
_1124_, 26.585, 119.68, 0.000957803
hold120, 26.585, 119.68, 0.000957803
FILLER_0_39_35, 26.585, 119.68, 0.000957803
FILLER_0_40_46, 26.585, 119.68, 0.000957803
FILLER_0_41_52, 26.585, 119.68, 0.000957803
_1121_, 26.585, 114.24, 0.000927595
_1122_, 26.585, 114.24, 0.000927595
_1253_, 26.585, 114.24, 0.000927595
hold42, 26.585, 114.24, 0.000927595
hold107, 26.585, 114.24, 0.000927595
_1116_, 26.585, 108.8, 0.000902846
_1118_, 26.585, 108.8, 0.000902846
_1123_, 26.585, 108.8, 0.000902846
hold119, 26.585, 108.8, 0.000902846
_1095_, 26.585, 103.36, 0.000929744
clkbuf_4_4_0_clk, 26.585, 103.36, 0.000929744
clkbuf_4_5_0_clk, 26.585, 103.36, 0.000929744
FILLER_0_34_53, 26.585, 103.36, 0.000929744
FILLER_0_35_46, 26.585, 103.36, 0.000929744
_1136_, 26.585, 97.92, 0.000840419
_1137_, 26.585, 97.92, 0.000840419
_1138_, 26.585, 97.92, 0.000840419
_1140_, 26.585, 97.92, 0.000840419
_1260_, 26.585, 97.92, 0.000840419
FILLER_0_33_51, 26.585, 97.92, 0.000840419
_1139_, 26.585, 92.48, 0.000818836
_1154_, 26.585, 92.48, 0.000818836
_1155_, 26.585, 92.48, 0.000818836
_1259_, 26.585, 92.48, 0.000818836
hold51, 26.585, 92.48, 0.000818836
_1153_, 26.585, 87.04, 0.00077517
_1156_, 26.585, 87.04, 0.00077517
_1265_, 26.585, 87.04, 0.00077517
_1266_, 26.585, 87.04, 0.00077517
hold98, 26.585, 87.04, 0.00077517
FILLER_0_27_35, 26.585, 87.04, 0.00077517
hold55, 26.585, 81.6, 0.00076029
hold97, 26.585, 81.6, 0.00076029
FILLER_0_25_35, 26.585, 81.6, 0.00076029
FILLER_0_26_53, 26.585, 81.6, 0.00076029
_0618_, 26.585, 76.16, 0.000684841
_0623_, 26.585, 76.16, 0.000684841
_0624_, 26.585, 76.16, 0.000684841
_1287_, 26.585, 76.16, 0.000684841
FILLER_0_23_45, 26.585, 76.16, 0.000684841
FILLER_0_25_49, 26.585, 76.16, 0.000684841
_0626_, 26.585, 70.72, 0.000648608
_0757_, 26.585, 70.72, 0.000648608
_1288_, 26.585, 70.72, 0.000648608
hold141, 26.585, 70.72, 0.000648608
FILLER_0_22_46, 26.585, 70.72, 0.000648608
_0657_, 26.585, 65.28, 0.000618493
_0659_, 26.585, 65.28, 0.000618493
_0836_, 26.585, 65.28, 0.000618493
_1284_, 26.585, 65.28, 0.000618493
_1301_, 26.585, 65.28, 0.000618493
hold126, 26.585, 65.28, 0.000618493
FILLER_0_20_48, 26.585, 65.28, 0.000618493
_0616_, 26.585, 59.84, 0.000666554
clkbuf_4_0_0_clk, 26.585, 59.84, 0.000666554
hold47, 26.585, 59.84, 0.000666554
FILLER_0_18_49, 26.585, 59.84, 0.000666554
_0615_, 26.585, 54.4, 0.000735666
_0841_, 26.585, 54.4, 0.000735666
clkbuf_4_1_0_clk, 26.585, 54.4, 0.000735666
hold79, 26.585, 54.4, 0.000735666
hold80, 26.585, 54.4, 0.000735666
FILLER_0_16_53, 26.585, 54.4, 0.000735666
_0593_, 26.585, 48.96, 0.000733969
_0649_, 26.585, 48.96, 0.000733969
_0759_, 26.585, 48.96, 0.000733969
hold81, 26.585, 48.96, 0.000733969
FILLER_0_13_40, 26.585, 48.96, 0.000733969
_0592_, 26.585, 43.52, 0.000723128
_0608_, 26.585, 43.52, 0.000723128
_0610_, 26.585, 43.52, 0.000723128
_0611_, 26.585, 43.52, 0.000723128
hold114, 26.585, 43.52, 0.000723128
FILLER_0_13_48, 26.585, 43.52, 0.000723128
FILLER_0_13_57, 26.585, 43.52, 0.000723128
_0838_, 26.585, 38.08, 0.000735865
hold83, 26.585, 38.08, 0.000735865
FILLER_0_10_56, 26.585, 38.08, 0.000735865
FILLER_0_11_49, 26.585, 38.08, 0.000735865
_0634_, 26.585, 32.64, 0.000785384
_0635_, 26.585, 32.64, 0.000785384
_0636_, 26.585, 32.64, 0.000785384
_1291_, 26.585, 32.64, 0.000785384
_1292_, 26.585, 32.64, 0.000785384
FILLER_0_8_41, 26.585, 32.64, 0.000785384
FILLER_0_9_46, 26.585, 32.64, 0.000785384
_0633_, 26.585, 27.2, 0.000751183
_1283_, 26.585, 27.2, 0.000751183
FILLER_0_6_41, 26.585, 27.2, 0.000751183
FILLER_0_6_49, 26.585, 27.2, 0.000751183
FILLER_0_5_51, 26.585, 21.76, 0.000723256
FILLER_0_3_51, 26.585, 16.32, 0.000722783
FILLER_0_0_53, 26.585, 10.88, 0.000726443
FILLER_0_1_51, 26.585, 10.88, 0.000726443
PHY_102, 5.52, 152.32, 0.000937266
PHY_103, 147.66, 152.32, 0.000972913
FILLER_0_51_137, 73.965, 152.32, 0.0009637
FILLER_0_51_165, 85.81, 152.32, 0.000969811
FILLER_0_51_221, 109.5, 152.32, 0.00097492
FILLER_0_51_249, 121.345, 152.32, 0.000973916
PHY_98, 5.52, 146.88, 0.000940334
PHY_100, 5.52, 146.88, 0.000940334
PHY_99, 147.66, 146.88, 0.00097483
PHY_101, 147.66, 146.88, 0.00097483
FILLER_0_50_77, 38.43, 146.88, 0.000951155
FILLER_0_51_81, 38.43, 146.88, 0.000951155
_1061_, 50.275, 146.88, 0.000961977
hold96, 50.275, 146.88, 0.000961977
FILLER_0_49_89, 50.275, 146.88, 0.000961977
FILLER_0_49_95, 50.275, 146.88, 0.000961977
FILLER_0_50_97, 50.275, 146.88, 0.000961977
FILLER_0_51_109, 50.275, 146.88, 0.000961977
_1074_, 73.965, 146.88, 0.000981447
_1079_, 85.81, 146.88, 0.000991171
_1081_, 85.81, 146.88, 0.000991171
_1237_, 85.81, 146.88, 0.000991171
input1, 85.81, 146.88, 0.000991171
FILLER_0_51_181, 85.81, 146.88, 0.000991171
FILLER_0_49_217, 109.5, 146.88, 0.0009815
FILLER_0_50_245, 121.345, 146.88, 0.000978165
FILLER_0_50_301, 140.425, 146.88, 0.00097483
PHY_94, 5.52, 141.44, 0.000953498
PHY_96, 5.52, 141.44, 0.000953498
PHY_95, 147.66, 141.44, 0.000979693
PHY_97, 147.66, 141.44, 0.000979693
FILLER_0_47_69, 38.43, 141.44, 0.000980987
FILLER_0_48_77, 38.43, 141.44, 0.000980987
FILLER_0_49_81, 38.43, 141.44, 0.000980987
_1059_, 50.275, 141.44, 0.00100848
_1060_, 50.275, 141.44, 0.00100848
_1064_, 50.275, 141.44, 0.00100848
_1066_, 50.275, 141.44, 0.00100848
_1230_, 50.275, 141.44, 0.00100848
_1232_, 50.275, 141.44, 0.00100848
hold74, 50.275, 141.44, 0.00100848
_1076_, 73.965, 141.44, 0.00104484
_1239_, 73.965, 141.44, 0.00104484
_1240_, 73.965, 141.44, 0.00104484
_1080_, 85.81, 141.44, 0.00103926
_1238_, 85.81, 141.44, 0.00103926
hold58, 85.81, 141.44, 0.00103926
hold91, 85.81, 141.44, 0.00103926
hold115, 85.81, 141.44, 0.00103926
FILLER_0_47_219, 109.5, 141.44, 0.000998412
FILLER_0_48_241, 121.345, 141.44, 0.000989053
FILLER_0_48_249, 121.345, 141.44, 0.000989053
FILLER_0_48_301, 140.425, 141.44, 0.000979693
PHY_90, 5.52, 136, 0.000953739
PHY_92, 5.52, 136, 0.000953739
PHY_91, 147.66, 136, 0.000979744
PHY_93, 147.66, 136, 0.000979744
_1229_, 38.43, 136, 0.00098603
FILLER_0_46_77, 38.43, 136, 0.00098603
FILLER_0_47_77, 38.43, 136, 0.00098603
_0727_, 50.275, 136, 0.00100489
_1058_, 50.275, 136, 0.00100489
_1068_, 50.275, 136, 0.00100489
_1069_, 50.275, 136, 0.00100489
_1233_, 50.275, 136, 0.00100489
FILLER_0_46_110, 50.275, 136, 0.00100489
_0800_, 73.965, 136, 0.00103615
_1073_, 73.965, 136, 0.00103615
_1083_, 73.965, 136, 0.00103615
_1084_, 73.965, 136, 0.00103615
hold123, 73.965, 136, 0.00103615
FILLER_0_45_140, 73.965, 136, 0.00103615
_0732_, 85.81, 136, 0.00104948
_0801_, 85.81, 136, 0.00104948
_1078_, 85.81, 136, 0.00104948
_1085_, 85.81, 136, 0.00104948
_1090_, 85.81, 136, 0.00104948
_1242_, 85.81, 136, 0.00104948
FILLER_0_45_169, 85.81, 136, 0.00104948
FILLER_0_45_221, 109.5, 136, 0.0010003
FILLER_0_46_242, 121.345, 136, 0.000990023
FILLER_0_46_301, 140.425, 136, 0.000979744
PHY_86, 5.52, 130.56, 0.000965084
PHY_88, 5.52, 130.56, 0.000965084
PHY_87, 147.66, 130.56, 0.000979759
PHY_89, 147.66, 130.56, 0.000979759
_1106_, 38.43, 130.56, 0.000992314
_1108_, 38.43, 130.56, 0.000992314
_1250_, 38.43, 130.56, 0.000992314
hold125, 38.43, 130.56, 0.000992314
FILLER_0_45_73, 38.43, 130.56, 0.000992314
FILLER_0_45_84, 38.43, 130.56, 0.000992314
_1057_, 50.275, 130.56, 0.0010032
_1070_, 50.275, 130.56, 0.0010032
_1071_, 50.275, 130.56, 0.0010032
hold68, 50.275, 130.56, 0.0010032
hold105, 50.275, 130.56, 0.0010032
FILLER_0_43_96, 50.275, 130.56, 0.0010032
FILLER_0_44_93, 50.275, 130.56, 0.0010032
_0731_, 73.965, 130.56, 0.00104742
_0745_, 73.965, 130.56, 0.00104742
_1072_, 73.965, 130.56, 0.00104742
_1086_, 73.965, 130.56, 0.00104742
hold57, 73.965, 130.56, 0.00104742
FILLER_0_43_136, 73.965, 130.56, 0.00104742
FILLER_0_44_141, 73.965, 130.56, 0.00104742
FILLER_0_44_153, 73.965, 130.56, 0.00104742
FILLER_0_44_161, 73.965, 130.56, 0.00104742
_1082_, 85.81, 130.56, 0.00104627
_1091_, 85.81, 130.56, 0.00104627
_1241_, 85.81, 130.56, 0.00104627
max_cap2, 85.81, 130.56, 0.00104627
FILLER_0_43_165, 85.81, 130.56, 0.00104627
FILLER_0_43_169, 85.81, 130.56, 0.00104627
FILLER_0_43_221, 109.5, 130.56, 0.0010034
FILLER_0_44_245, 121.345, 130.56, 0.00099158
FILLER_0_44_301, 140.425, 130.56, 0.000979759
PHY_82, 5.52, 125.12, 0.000957676
PHY_84, 5.52, 125.12, 0.000957676
PHY_83, 147.66, 125.12, 0.00100066
PHY_85, 147.66, 125.12, 0.00100066
_1097_, 16.052, 125.12, 0.000957676
_1244_, 16.052, 125.12, 0.000957676
FILLER_0_43_27, 16.052, 125.12, 0.000957676
_0827_, 38.43, 125.12, 0.000972806
_1112_, 38.43, 125.12, 0.000972806
_1113_, 38.43, 125.12, 0.000972806
_1114_, 38.43, 125.12, 0.000972806
hold67, 38.43, 125.12, 0.000972806
FILLER_0_42_75, 38.43, 125.12, 0.000972806
_1029_, 50.275, 125.12, 0.000996095
_1067_, 50.275, 125.12, 0.000996095
_1218_, 50.275, 125.12, 0.000996095
hold82, 50.275, 125.12, 0.000996095
FILLER_0_42_85, 50.275, 125.12, 0.000996095
FILLER_0_42_95, 50.275, 125.12, 0.000996095
FILLER_0_43_108, 50.275, 125.12, 0.000996095
_0726_, 73.965, 125.12, 0.00108261
_0730_, 73.965, 125.12, 0.00108261
max_cap7, 73.965, 125.12, 0.00108261
max_cap9, 73.965, 125.12, 0.00108261
FILLER_0_42_141, 73.965, 125.12, 0.00108261
_0722_, 85.81, 125.12, 0.0010939
_0737_, 85.81, 125.12, 0.0010939
_0755_, 85.81, 125.12, 0.0010939
_1077_, 85.81, 125.12, 0.0010939
FILLER_0_41_165, 85.81, 125.12, 0.0010939
FILLER_0_43_183, 85.81, 125.12, 0.0010939
_1309_, 109.5, 125.12, 0.00106879
hold6, 109.5, 125.12, 0.00106879
FILLER_0_41_220, 109.5, 125.12, 0.00106879
FILLER_0_42_222, 109.5, 125.12, 0.00106879
hold3, 121.345, 125.12, 0.00103948
FILLER_0_42_247, 121.345, 125.12, 0.00103948
FILLER_0_42_301, 140.425, 125.12, 0.00100066
PHY_78, 5.52, 119.68, 0.000970155
PHY_80, 5.52, 119.68, 0.000970155
PHY_79, 147.66, 119.68, 0.00102085
PHY_81, 147.66, 119.68, 0.00102085
_1099_, 16.052, 119.68, 0.000970155
_1243_, 16.052, 119.68, 0.000970155
_1027_, 38.43, 119.68, 0.00101083
_1111_, 38.43, 119.68, 0.00101083
_1249_, 38.43, 119.68, 0.00101083
hold78, 38.43, 119.68, 0.00101083
FILLER_0_39_65, 38.43, 119.68, 0.00101083
FILLER_0_41_84, 38.43, 119.68, 0.00101083
_1026_, 50.275, 119.68, 0.00104781
_1028_, 50.275, 119.68, 0.00104781
_1037_, 50.275, 119.68, 0.00104781
_1217_, 50.275, 119.68, 0.00104781
_0714_, 73.965, 119.68, 0.00116925
_0724_, 73.965, 119.68, 0.00116925
_0725_, 73.965, 119.68, 0.00116925
_0751_, 73.965, 119.68, 0.00116925
FILLER_0_39_136, 73.965, 119.68, 0.00116925
FILLER_0_40_141, 73.965, 119.68, 0.00116925
_0715_, 85.81, 119.68, 0.00119652
_0721_, 85.81, 119.68, 0.00119652
_0723_, 85.81, 119.68, 0.00119652
_0761_, 85.81, 119.68, 0.00119652
_1311_, 85.81, 119.68, 0.00119652
max_cap1, 85.81, 119.68, 0.00119652
FILLER_0_40_186, 85.81, 119.68, 0.00119652
_0866_, 109.5, 119.68, 0.00114493
_0894_, 109.5, 119.68, 0.00114493
_1174_, 109.5, 119.68, 0.00114493
_1175_, 109.5, 119.68, 0.00114493
hold7, 109.5, 119.68, 0.00114493
_0857_, 121.345, 119.68, 0.0010882
hold1, 121.345, 119.68, 0.0010882
FILLER_0_40_249, 121.345, 119.68, 0.0010882
FILLER_0_40_297, 140.425, 119.68, 0.00102085
PHY_74, 5.52, 114.24, 0.00094012
PHY_76, 5.52, 114.24, 0.00094012
PHY_75, 147.66, 114.24, 0.000980575
PHY_77, 147.66, 114.24, 0.000980575
_1119_, 16.052, 114.24, 0.00094012
_1252_, 16.052, 114.24, 0.00094012
FILLER_0_37_15, 16.052, 114.24, 0.00094012
FILLER_0_38_15, 16.052, 114.24, 0.00094012
FILLER_0_39_27, 16.052, 114.24, 0.00094012
_0777_, 38.43, 114.24, 0.000956604
_0778_, 38.43, 114.24, 0.000956604
_0828_, 38.43, 114.24, 0.000956604
_1120_, 38.43, 114.24, 0.000956604
FILLER_0_37_69, 38.43, 114.24, 0.000956604
FILLER_0_38_78, 38.43, 114.24, 0.000956604
FILLER_0_39_84, 38.43, 114.24, 0.000956604
_0752_, 50.275, 114.24, 0.000977758
_1221_, 50.275, 114.24, 0.000977758
hold66, 50.275, 114.24, 0.000977758
FILLER_0_37_90, 50.275, 114.24, 0.000977758
FILLER_0_38_85, 50.275, 114.24, 0.000977758
FILLER_0_39_106, 50.275, 114.24, 0.000977758
_1051_, 73.965, 114.24, 0.00100887
_1226_, 73.965, 114.24, 0.00100887
hold138, 73.965, 114.24, 0.00100887
FILLER_0_37_137, 73.965, 114.24, 0.00100887
FILLER_0_39_152, 73.965, 114.24, 0.00100887
_0975_, 85.81, 114.24, 0.00102027
FILLER_0_37_169, 85.81, 114.24, 0.00102027
FILLER_0_38_176, 85.81, 114.24, 0.00102027
FILLER_0_39_187, 85.81, 114.24, 0.00102027
_0865_, 109.5, 114.24, 0.00103743
_0867_, 109.5, 114.24, 0.00103743
_0892_, 109.5, 114.24, 0.00103743
_1173_, 109.5, 114.24, 0.00103743
FILLER_0_37_221, 109.5, 114.24, 0.00103743
FILLER_0_38_247, 121.345, 114.24, 0.001009
FILLER_0_38_301, 140.425, 114.24, 0.000980575
PHY_70, 5.52, 108.8, 0.000927522
PHY_72, 5.52, 108.8, 0.000927522
PHY_71, 147.66, 108.8, 0.000995432
PHY_73, 147.66, 108.8, 0.000995432
_1117_, 16.052, 108.8, 0.000927522
_1251_, 16.052, 108.8, 0.000927522
_1254_, 16.052, 108.8, 0.000927522
_1056_, 38.43, 108.8, 0.000926598
_1105_, 38.43, 108.8, 0.000926598
_1110_, 38.43, 108.8, 0.000926598
_1115_, 38.43, 108.8, 0.000926598
FILLER_0_35_68, 38.43, 108.8, 0.000926598
FILLER_0_36_80, 38.43, 108.8, 0.000926598
_0810_, 50.275, 108.8, 0.000949667
_1010_, 50.275, 108.8, 0.000949667
_1012_, 50.275, 108.8, 0.000949667
_1025_, 50.275, 108.8, 0.000949667
_1055_, 50.275, 108.8, 0.000949667
_1212_, 50.275, 108.8, 0.000949667
_1228_, 50.275, 108.8, 0.000949667
hold88, 50.275, 108.8, 0.000949667
_0946_, 73.965, 108.8, 0.00101813
_0963_, 73.965, 108.8, 0.00101813
_0969_, 73.965, 108.8, 0.00101813
_1050_, 73.965, 108.8, 0.00101813
hold41, 73.965, 108.8, 0.00101813
FILLER_0_35_140, 73.965, 108.8, 0.00101813
FILLER_0_36_136, 73.965, 108.8, 0.00101813
_0895_, 85.81, 108.8, 0.00106361
_0896_, 85.81, 108.8, 0.00106361
_0909_, 85.81, 108.8, 0.00106361
_0933_, 85.81, 108.8, 0.00106361
_0952_, 85.81, 108.8, 0.00106361
_0981_, 85.81, 108.8, 0.00106361
_1006_, 85.81, 108.8, 0.00106361
_1007_, 85.81, 108.8, 0.00106361
FILLER_0_35_169, 85.81, 108.8, 0.00106361
FILLER_0_37_179, 85.81, 108.8, 0.00106361
_0885_, 109.5, 108.8, 0.00110153
_0889_, 109.5, 108.8, 0.00110153
_0891_, 109.5, 108.8, 0.00110153
_0893_, 109.5, 108.8, 0.00110153
_1176_, 109.5, 108.8, 0.00110153
FILLER_0_36_217, 109.5, 108.8, 0.00110153
_0884_, 121.345, 108.8, 0.00105196
FILLER_0_36_247, 121.345, 108.8, 0.00105196
FILLER_0_36_301, 140.425, 108.8, 0.000995432
PHY_66, 5.52, 103.36, 0.000929744
PHY_68, 5.52, 103.36, 0.000929744
PHY_67, 147.66, 103.36, 0.000979635
PHY_69, 147.66, 103.36, 0.000979635
FILLER_0_35_27, 16.052, 103.36, 0.000929744
_1054_, 38.43, 103.36, 0.00092927
_1227_, 38.43, 103.36, 0.00092927
FILLER_0_34_67, 38.43, 103.36, 0.00092927
FILLER_0_34_80, 38.43, 103.36, 0.00092927
_1052_, 50.275, 103.36, 0.000914901
_1053_, 50.275, 103.36, 0.000914901
hold38, 50.275, 103.36, 0.000914901
FILLER_0_35_105, 50.275, 103.36, 0.000914901
_0940_, 73.965, 103.36, 0.00095881
_1048_, 73.965, 103.36, 0.00095881
_1130_, 73.965, 103.36, 0.00095881
_1134_, 73.965, 103.36, 0.00095881
_1225_, 73.965, 103.36, 0.00095881
hold43, 73.965, 103.36, 0.00095881
FILLER_0_34_137, 73.965, 103.36, 0.00095881
FILLER_0_34_141, 73.965, 103.36, 0.00095881
_0743_, 85.81, 103.36, 0.00100071
_0993_, 85.81, 103.36, 0.00100071
_1047_, 85.81, 103.36, 0.00100071
_1049_, 85.81, 103.36, 0.00100071
_1093_, 85.81, 103.36, 0.00100071
hold45, 85.81, 103.36, 0.00100071
hold60, 85.81, 103.36, 0.00100071
FILLER_0_33_164, 85.81, 103.36, 0.00100071
_0890_, 109.5, 103.36, 0.00101929
FILLER_0_33_216, 109.5, 103.36, 0.00101929
FILLER_0_33_225, 109.5, 103.36, 0.00101929
_0900_, 121.345, 103.36, 0.00102601
_0902_, 121.345, 103.36, 0.00102601
_1178_, 121.345, 103.36, 0.00102601
fanout16, 121.345, 103.36, 0.00102601
FILLER_0_34_242, 121.345, 103.36, 0.00102601
FILLER_0_34_299, 140.425, 103.36, 0.000979635
PHY_62, 5.52, 97.92, 0.000853499
PHY_64, 5.52, 97.92, 0.000853499
PHY_63, 147.66, 97.92, 0.00103138
PHY_65, 147.66, 97.92, 0.00103138
output4, 147.66, 97.92, 0.00103138
_1270_, 16.052, 97.92, 0.000853499
hold104, 16.052, 97.92, 0.000853499
FILLER_0_32_29, 16.052, 97.92, 0.000853499
_0749_, 38.43, 97.92, 0.000857503
hold33, 38.43, 97.92, 0.000857503
FILLER_0_32_79, 38.43, 97.92, 0.000857503
_0742_, 50.275, 97.92, 0.000869769
_0747_, 50.275, 97.92, 0.000869769
_0809_, 50.275, 97.92, 0.000869769
FILLER_0_32_85, 50.275, 97.92, 0.000869769
FILLER_0_32_102, 50.275, 97.92, 0.000869769
FILLER_0_33_105, 50.275, 97.92, 0.000869769
_0744_, 73.965, 97.92, 0.000957781
_1131_, 73.965, 97.92, 0.000957781
_1258_, 73.965, 97.92, 0.000957781
max_cap6, 73.965, 97.92, 0.000957781
hold95, 73.965, 97.92, 0.000957781
_0582_, 85.81, 97.92, 0.00100848
_1168_, 85.81, 97.92, 0.00100848
_1271_, 85.81, 97.92, 0.00100848
max_cap11, 85.81, 97.92, 0.00100848
FILLER_0_31_163, 85.81, 97.92, 0.00100848
FILLER_0_33_184, 85.81, 97.92, 0.00100848
_0904_, 109.5, 97.92, 0.00105465
_1005_, 109.5, 97.92, 0.00105465
hold62, 109.5, 97.92, 0.00105465
FILLER_0_32_236, 109.5, 97.92, 0.00105465
_0888_, 121.345, 97.92, 0.00107779
_0903_, 121.345, 97.92, 0.00107779
_1177_, 121.345, 97.92, 0.00107779
clkbuf_4_15_0_clk, 121.345, 97.92, 0.00107779
_1164_, 5.52, 92.48, 0.000833587
PHY_58, 5.52, 92.48, 0.000833587
PHY_60, 5.52, 92.48, 0.000833587
FILLER_0_30_3, 5.52, 92.48, 0.000833587
PHY_59, 147.66, 92.48, 0.000980264
PHY_61, 147.66, 92.48, 0.000980264
_1165_, 16.052, 92.48, 0.00083322
_1166_, 16.052, 92.48, 0.00083322
_1269_, 16.052, 92.48, 0.00083322
hold133, 16.052, 92.48, 0.00083322
FILLER_0_29_15, 16.052, 92.48, 0.00083322
_0746_, 38.43, 92.48, 0.000849123
_0808_, 38.43, 92.48, 0.000849123
_0811_, 38.43, 92.48, 0.000849123
_1148_, 38.43, 92.48, 0.000849123
_1150_, 38.43, 92.48, 0.000849123
_1162_, 38.43, 92.48, 0.000849123
_1263_, 38.43, 92.48, 0.000849123
FILLER_0_31_73, 38.43, 92.48, 0.000849123
_0741_, 50.275, 92.48, 0.000859705
_0753_, 50.275, 92.48, 0.000859705
_1143_, 50.275, 92.48, 0.000859705
_1146_, 50.275, 92.48, 0.000859705
_1149_, 50.275, 92.48, 0.000859705
_1261_, 50.275, 92.48, 0.000859705
_1262_, 50.275, 92.48, 0.000859705
_0720_, 73.965, 92.48, 0.000927824
_0806_, 73.965, 92.48, 0.000927824
_1125_, 73.965, 92.48, 0.000927824
max_cap8, 73.965, 92.48, 0.000927824
_0583_, 85.81, 92.48, 0.000976339
_0584_, 85.81, 92.48, 0.000976339
_0736_, 85.81, 92.48, 0.000976339
_1167_, 85.81, 92.48, 0.000976339
_1272_, 85.81, 92.48, 0.000976339
hold22, 85.81, 92.48, 0.000976339
FILLER_0_29_169, 85.81, 92.48, 0.000976339
FILLER_0_30_162, 85.81, 92.48, 0.000976339
FILLER_0_31_187, 85.81, 92.48, 0.000976339
_0589_, 109.5, 92.48, 0.00100627
_1103_, 109.5, 92.48, 0.00100627
_1104_, 109.5, 92.48, 0.00100627
_1246_, 109.5, 92.48, 0.00100627
hold21, 109.5, 92.48, 0.00100627
FILLER_0_29_221, 109.5, 92.48, 0.00100627
FILLER_0_31_233, 109.5, 92.48, 0.00100627
_0881_, 121.345, 92.48, 0.00103934
_0882_, 121.345, 92.48, 0.00103934
_0883_, 121.345, 92.48, 0.00103934
_0899_, 121.345, 92.48, 0.00103934
clkbuf_4_14_0_clk, 121.345, 92.48, 0.00103934
FILLER_0_29_241, 121.345, 92.48, 0.00103934
FILLER_0_30_249, 121.345, 92.48, 0.00103934
FILLER_0_30_301, 140.425, 92.48, 0.000980264
PHY_54, 5.52, 87.04, 0.000775834
PHY_56, 5.52, 87.04, 0.000775834
PHY_55, 147.66, 87.04, 0.000951248
PHY_57, 147.66, 87.04, 0.000951248
_1163_, 16.052, 87.04, 0.000775834
FILLER_0_28_29, 16.052, 87.04, 0.000775834
FILLER_0_29_34, 16.052, 87.04, 0.000775834
_1021_, 38.43, 87.04, 0.000801495
_1152_, 38.43, 87.04, 0.000801495
_1264_, 38.43, 87.04, 0.000801495
_1142_, 50.275, 87.04, 0.000778093
_1145_, 50.275, 87.04, 0.000778093
_1147_, 50.275, 87.04, 0.000778093
hold30, 50.275, 87.04, 0.000778093
hold34, 50.275, 87.04, 0.000778093
FILLER_0_27_97, 50.275, 87.04, 0.000778093
_1159_, 73.965, 87.04, 0.000810411
_1161_, 73.965, 87.04, 0.000810411
hold106, 73.965, 87.04, 0.000810411
FILLER_0_28_136, 73.965, 87.04, 0.000810411
FILLER_0_28_149, 73.965, 87.04, 0.000810411
FILLER_0_29_154, 73.965, 87.04, 0.000810411
_0735_, 85.81, 87.04, 0.000868087
_0788_, 85.81, 87.04, 0.000868087
_0822_, 85.81, 87.04, 0.000868087
_1157_, 85.81, 87.04, 0.000868087
_1160_, 85.81, 87.04, 0.000868087
FILLER_0_28_162, 85.81, 87.04, 0.000868087
FILLER_0_28_170, 85.81, 87.04, 0.000868087
FILLER_0_29_183, 85.81, 87.04, 0.000868087
_0815_, 109.5, 87.04, 0.000952899
_0816_, 109.5, 87.04, 0.000952899
_1023_, 109.5, 87.04, 0.000952899
_1216_, 109.5, 87.04, 0.000952899
max_cap10, 109.5, 87.04, 0.000952899
hold25, 109.5, 87.04, 0.000952899
FILLER_0_28_220, 109.5, 87.04, 0.000952899
_1171_, 121.345, 87.04, 0.000968877
hold11, 121.345, 87.04, 0.000968877
_0703_, 140.425, 87.04, 0.000951248
FILLER_0_28_300, 140.425, 87.04, 0.000951248
PHY_50, 5.52, 81.6, 0.00076029
PHY_52, 5.52, 81.6, 0.00076029
PHY_51, 147.66, 81.6, 0.000915517
PHY_53, 147.66, 81.6, 0.000915517
FILLER_0_26_302, 147.66, 81.6, 0.000915517
FILLER_0_27_27, 16.052, 81.6, 0.00076029
_1040_, 38.43, 81.6, 0.000845646
_1044_, 38.43, 81.6, 0.000845646
_1133_, 38.43, 81.6, 0.000845646
FILLER_0_26_75, 38.43, 81.6, 0.000845646
FILLER_0_27_84, 38.43, 81.6, 0.000845646
_0803_, 50.275, 81.6, 0.000826933
_1045_, 50.275, 81.6, 0.000826933
_1046_, 50.275, 81.6, 0.000826933
FILLER_0_26_109, 50.275, 81.6, 0.000826933
FILLER_0_27_109, 50.275, 81.6, 0.000826933
_1128_, 73.965, 81.6, 0.000959974
_1158_, 73.965, 81.6, 0.000959974
clkbuf_0_clk, 73.965, 81.6, 0.000959974
hold27, 73.965, 81.6, 0.000959974
FILLER_0_26_150, 73.965, 81.6, 0.000959974
_0821_, 85.81, 81.6, 0.000929733
_0824_, 85.81, 81.6, 0.000929733
_1267_, 85.81, 81.6, 0.000929733
hold23, 85.81, 81.6, 0.000929733
hold56, 85.81, 81.6, 0.000929733
_0734_, 109.5, 81.6, 0.000907331
_1022_, 109.5, 81.6, 0.000907331
FILLER_0_26_217, 109.5, 81.6, 0.000907331
_0677_, 121.345, 81.6, 0.000920214
_0859_, 121.345, 81.6, 0.000920214
hold10, 121.345, 81.6, 0.000920214
FILLER_0_26_244, 121.345, 81.6, 0.000920214
FILLER_0_26_253, 121.345, 81.6, 0.000920214
_0704_, 140.425, 81.6, 0.000915517
hold142, 140.425, 81.6, 0.000915517
FILLER_0_26_286, 140.425, 81.6, 0.000915517
FILLER_0_27_297, 140.425, 81.6, 0.000915517
PHY_46, 5.52, 76.16, 0.000697391
PHY_48, 5.52, 76.16, 0.000697391
PHY_47, 147.66, 76.16, 0.000881026
PHY_49, 147.66, 76.16, 0.000881026
FILLER_0_24_302, 147.66, 76.16, 0.000881026
_0619_, 16.052, 76.16, 0.000697391
_1285_, 16.052, 76.16, 0.000697391
FILLER_0_23_15, 16.052, 76.16, 0.000697391
FILLER_0_24_15, 16.052, 76.16, 0.000697391
FILLER_0_24_29, 16.052, 76.16, 0.000697391
FILLER_0_25_27, 16.052, 76.16, 0.000697391
_0756_, 38.43, 76.16, 0.0006921
_1043_, 38.43, 76.16, 0.0006921
hold70, 38.43, 76.16, 0.0006921
FILLER_0_25_81, 38.43, 76.16, 0.0006921
_1041_, 50.275, 76.16, 0.000685328
_1042_, 50.275, 76.16, 0.000685328
_1223_, 50.275, 76.16, 0.000685328
_1224_, 50.275, 76.16, 0.000685328
hold17, 50.275, 76.16, 0.000685328
hold20, 50.275, 76.16, 0.000685328
_1268_, 73.965, 76.16, 0.000716008
FILLER_0_24_153, 73.965, 76.16, 0.000716008
FILLER_0_25_159, 73.965, 76.16, 0.000716008
_0786_, 85.81, 76.16, 0.000770335
_0817_, 85.81, 76.16, 0.000770335
_0823_, 85.81, 76.16, 0.000770335
_1033_, 85.81, 76.16, 0.000770335
_1034_, 85.81, 76.16, 0.000770335
FILLER_0_24_179, 85.81, 76.16, 0.000770335
_0716_, 109.5, 76.16, 0.00089539
_0719_, 109.5, 76.16, 0.00089539
_0774_, 109.5, 76.16, 0.00089539
_0814_, 109.5, 76.16, 0.00089539
_1018_, 109.5, 76.16, 0.00089539
_1313_, 109.5, 76.16, 0.00089539
FILLER_0_23_221, 109.5, 76.16, 0.00089539
_1179_, 121.345, 76.16, 0.000908629
_1320_, 121.345, 76.16, 0.000908629
FILLER_0_25_255, 121.345, 76.16, 0.000908629
PHY_42, 5.52, 70.72, 0.000673618
PHY_44, 5.52, 70.72, 0.000673618
FILLER_0_22_3, 5.52, 70.72, 0.000673618
PHY_43, 147.66, 70.72, 0.000873891
PHY_45, 147.66, 70.72, 0.000873891
_0620_, 16.052, 70.72, 0.000673618
_1277_, 16.052, 70.72, 0.000673618
_1286_, 16.052, 70.72, 0.000673618
_0617_, 38.43, 70.72, 0.000655682
_0625_, 38.43, 70.72, 0.000655682
_0764_, 38.43, 70.72, 0.000655682
hold92, 38.43, 70.72, 0.000655682
FILLER_0_23_81, 38.43, 70.72, 0.000655682
_0622_, 50.275, 70.72, 0.00063305
_0779_, 50.275, 70.72, 0.00063305
_0783_, 50.275, 70.72, 0.00063305
_1189_, 50.275, 70.72, 0.00063305
FILLER_0_22_90, 50.275, 70.72, 0.00063305
FILLER_0_23_102, 50.275, 70.72, 0.00063305
_0631_, 73.965, 70.72, 0.000705233
_0792_, 73.965, 70.72, 0.000705233
_1030_, 73.965, 70.72, 0.000705233
_1289_, 73.965, 70.72, 0.000705233
_1290_, 73.965, 70.72, 0.000705233
hold24, 73.965, 70.72, 0.000705233
FILLER_0_21_138, 73.965, 70.72, 0.000705233
_0819_, 85.81, 70.72, 0.000763736
_1031_, 85.81, 70.72, 0.000763736
_1219_, 85.81, 70.72, 0.000763736
_1220_, 85.81, 70.72, 0.000763736
hold16, 85.81, 70.72, 0.000763736
_0717_, 109.5, 70.72, 0.000886467
_0790_, 109.5, 70.72, 0.000886467
_1019_, 109.5, 70.72, 0.000886467
_1215_, 109.5, 70.72, 0.000886467
_1312_, 109.5, 70.72, 0.000886467
hold37, 109.5, 70.72, 0.000886467
FILLER_0_22_222, 109.5, 70.72, 0.000886467
_1020_, 121.345, 70.72, 0.000885761
_1180_, 121.345, 70.72, 0.000885761
FILLER_0_22_253, 121.345, 70.72, 0.000885761
FILLER_0_22_261, 121.345, 70.72, 0.000885761
FILLER_0_23_262, 121.345, 70.72, 0.000885761
_0683_, 140.425, 70.72, 0.000873891
FILLER_0_23_301, 140.425, 70.72, 0.000873891
PHY_38, 5.52, 65.28, 0.00062107
PHY_40, 5.52, 65.28, 0.00062107
FILLER_0_21_3, 5.52, 65.28, 0.00062107
PHY_39, 147.66, 65.28, 0.000826347
PHY_41, 147.66, 65.28, 0.000826347
FILLER_0_19_303, 147.66, 65.28, 0.000826347
_0598_, 16.052, 65.28, 0.00062107
_0599_, 16.052, 65.28, 0.00062107
_0621_, 16.052, 65.28, 0.00062107
hold118, 16.052, 65.28, 0.00062107
FILLER_0_19_15, 16.052, 65.28, 0.00062107
FILLER_0_20_15, 16.052, 65.28, 0.00062107
FILLER_0_20_21, 16.052, 65.28, 0.00062107
_0658_, 38.43, 65.28, 0.000627514
_1302_, 38.43, 65.28, 0.000627514
hold90, 38.43, 65.28, 0.000627514
hold94, 38.43, 65.28, 0.000627514
_0782_, 50.275, 65.28, 0.000590132
_0840_, 50.275, 65.28, 0.000590132
FILLER_0_19_93, 50.275, 65.28, 0.000590132
FILLER_0_20_104, 50.275, 65.28, 0.000590132
FILLER_0_21_105, 50.275, 65.28, 0.000590132
_0628_, 73.965, 65.28, 0.000633392
_0629_, 73.965, 65.28, 0.000633392
_0630_, 73.965, 65.28, 0.000633392
_0953_, 73.965, 65.28, 0.000633392
hold19, 73.965, 65.28, 0.000633392
FILLER_0_19_138, 73.965, 65.28, 0.000633392
FILLER_0_20_141, 73.965, 65.28, 0.000633392
_0627_, 85.81, 65.28, 0.000699124
_0796_, 85.81, 65.28, 0.000699124
_0797_, 85.81, 65.28, 0.000699124
_1032_, 85.81, 65.28, 0.000699124
FILLER_0_19_162, 85.81, 65.28, 0.000699124
FILLER_0_19_172, 85.81, 65.28, 0.000699124
_1013_, 109.5, 65.28, 0.000767857
_1014_, 109.5, 65.28, 0.000767857
hold46, 109.5, 65.28, 0.000767857
hold111, 109.5, 65.28, 0.000767857
FILLER_0_19_220, 109.5, 65.28, 0.000767857
_0905_, 121.345, 65.28, 0.000792884
FILLER_0_20_244, 121.345, 65.28, 0.000792884
FILLER_0_21_256, 121.345, 65.28, 0.000792884
_0684_, 140.425, 65.28, 0.000826347
_0692_, 140.425, 65.28, 0.000826347
hold145, 140.425, 65.28, 0.000826347
FILLER_0_20_293, 140.425, 65.28, 0.000826347
FILLER_0_21_300, 140.425, 65.28, 0.000826347
PHY_34, 5.52, 59.84, 0.000680152
PHY_36, 5.52, 59.84, 0.000680152
_0706_, 147.66, 59.84, 0.00087128
PHY_35, 147.66, 59.84, 0.00087128
PHY_37, 147.66, 59.84, 0.00087128
FILLER_0_18_303, 147.66, 59.84, 0.00087128
_0600_, 16.052, 59.84, 0.000680152
_0601_, 16.052, 59.84, 0.000680152
_0606_, 16.052, 59.84, 0.000680152
_1278_, 16.052, 59.84, 0.000680152
FILLER_0_17_15, 16.052, 59.84, 0.000680152
FILLER_0_19_23, 16.052, 59.84, 0.000680152
_0660_, 38.43, 59.84, 0.000664559
_0837_, 38.43, 59.84, 0.000664559
_0842_, 38.43, 59.84, 0.000664559
FILLER_0_18_64, 38.43, 59.84, 0.000664559
_0833_, 50.275, 59.84, 0.000648731
_0949_, 50.275, 59.84, 0.000648731
_1192_, 50.275, 59.84, 0.000648731
FILLER_0_17_95, 50.275, 59.84, 0.000648731
_0791_, 73.965, 59.84, 0.000672884
_0921_, 73.965, 59.84, 0.000672884
_0924_, 73.965, 59.84, 0.000672884
_0926_, 73.965, 59.84, 0.000672884
FILLER_0_17_141, 73.965, 59.84, 0.000672884
FILLER_0_18_141, 73.965, 59.84, 0.000672884
FILLER_0_19_151, 73.965, 59.84, 0.000672884
_0591_, 85.81, 59.84, 0.00072876
_0825_, 85.81, 59.84, 0.00072876
_0920_, 85.81, 59.84, 0.00072876
_0934_, 85.81, 59.84, 0.00072876
FILLER_0_17_169, 85.81, 59.84, 0.00072876
FILLER_0_18_176, 85.81, 59.84, 0.00072876
FILLER_0_18_184, 85.81, 59.84, 0.00072876
_1015_, 109.5, 59.84, 0.000820714
_1017_, 109.5, 59.84, 0.000820714
_1213_, 109.5, 59.84, 0.000820714
_1214_, 109.5, 59.84, 0.000820714
hold140, 109.5, 59.84, 0.000820714
FILLER_0_17_221, 109.5, 59.84, 0.000820714
FILLER_0_17_225, 109.5, 59.84, 0.000820714
fanout12, 121.345, 59.84, 0.000845358
FILLER_0_18_246, 121.345, 59.84, 0.000845358
PHY_30, 5.52, 54.4, 0.000749433
PHY_32, 5.52, 54.4, 0.000749433
FILLER_0_16_3, 5.52, 54.4, 0.000749433
PHY_31, 147.66, 54.4, 0.000923149
PHY_33, 147.66, 54.4, 0.000923149
FILLER_0_15_303, 147.66, 54.4, 0.000923149
_0605_, 16.052, 54.4, 0.000749433
_1280_, 16.052, 54.4, 0.000749433
hold124, 16.052, 54.4, 0.000749433
_0602_, 38.43, 54.4, 0.000775485
_0607_, 38.43, 54.4, 0.000775485
_0612_, 38.43, 54.4, 0.000775485
_0647_, 38.43, 54.4, 0.000775485
_0648_, 38.43, 54.4, 0.000775485
_0661_, 38.43, 54.4, 0.000775485
_0843_, 38.43, 54.4, 0.000775485
_0643_, 50.275, 54.4, 0.000784706
_0646_, 50.275, 54.4, 0.000784706
_0951_, 50.275, 54.4, 0.000784706
_1295_, 50.275, 54.4, 0.000784706
clkbuf_4_2_0_clk, 50.275, 54.4, 0.000784706
hold110, 50.275, 54.4, 0.000784706
FILLER_0_16_85, 50.275, 54.4, 0.000784706
_0794_, 73.965, 54.4, 0.000749027
_1183_, 73.965, 54.4, 0.000749027
hold26, 73.965, 54.4, 0.000749027
_0793_, 85.81, 54.4, 0.00079935
_0795_, 85.81, 54.4, 0.00079935
_0979_, 85.81, 54.4, 0.00079935
FILLER_0_16_185, 85.81, 54.4, 0.00079935
FILLER_0_17_175, 85.81, 54.4, 0.00079935
_0853_, 109.5, 54.4, 0.000890884
_1016_, 109.5, 54.4, 0.000890884
hold13, 109.5, 54.4, 0.000890884
FILLER_0_17_237, 109.5, 54.4, 0.000890884
_0699_, 121.345, 54.4, 0.000929077
_0712_, 121.345, 54.4, 0.000929077
_0713_, 121.345, 54.4, 0.000929077
_1319_, 121.345, 54.4, 0.000929077
hold2, 121.345, 54.4, 0.000929077
FILLER_0_16_247, 121.345, 54.4, 0.000929077
_0705_, 140.425, 54.4, 0.000923149
_0709_, 140.425, 54.4, 0.000923149
_0710_, 140.425, 54.4, 0.000923149
_1279_, 5.52, 48.96, 0.000772783
PHY_26, 5.52, 48.96, 0.000772783
PHY_28, 5.52, 48.96, 0.000772783
FILLER_0_14_3, 5.52, 48.96, 0.000772783
FILLER_0_14_11, 5.52, 48.96, 0.000772783
FILLER_0_15_3, 5.52, 48.96, 0.000772783
PHY_27, 147.66, 48.96, 0.000977312
PHY_29, 147.66, 48.96, 0.000977312
FILLER_0_14_302, 147.66, 48.96, 0.000977312
_0594_, 16.052, 48.96, 0.000760584
_0595_, 16.052, 48.96, 0.000760584
_0596_, 16.052, 48.96, 0.000760584
_0603_, 16.052, 48.96, 0.000760584
_0604_, 16.052, 48.96, 0.000760584
_1276_, 16.052, 48.96, 0.000760584
FILLER_0_13_15, 16.052, 48.96, 0.000760584
FILLER_0_14_17, 16.052, 48.96, 0.000760584
_1297_, 38.43, 48.96, 0.000787357
_1298_, 38.43, 48.96, 0.000787357
hold143, 38.43, 48.96, 0.000787357
FILLER_0_14_80, 38.43, 48.96, 0.000787357
_0642_, 50.275, 48.96, 0.000784094
_0644_, 50.275, 48.96, 0.000784094
_0645_, 50.275, 48.96, 0.000784094
_0839_, 50.275, 48.96, 0.000784094
_1296_, 50.275, 48.96, 0.000784094
hold112, 50.275, 48.96, 0.000784094
_0846_, 73.965, 48.96, 0.000820285
_0922_, 73.965, 48.96, 0.000820285
_0964_, 73.965, 48.96, 0.000820285
_0967_, 73.965, 48.96, 0.000820285
_0970_, 73.965, 48.96, 0.000820285
hold32, 73.965, 48.96, 0.000820285
hold87, 73.965, 48.96, 0.000820285
FILLER_0_15_160, 73.965, 48.96, 0.000820285
_0980_, 85.81, 48.96, 0.000899092
_1201_, 85.81, 48.96, 0.000899092
_1202_, 85.81, 48.96, 0.000899092
clkbuf_4_9_0_clk, 85.81, 48.96, 0.000899092
hold86, 85.81, 48.96, 0.000899092
_1314_, 109.5, 48.96, 0.000992224
_1315_, 109.5, 48.96, 0.000992224
FILLER_0_14_221, 109.5, 48.96, 0.000992224
FILLER_0_15_231, 109.5, 48.96, 0.000992224
_0702_, 121.345, 48.96, 0.00105209
clkbuf_4_10_0_clk, 121.345, 48.96, 0.00105209
clkbuf_4_11_0_clk, 121.345, 48.96, 0.00105209
FILLER_0_14_246, 121.345, 48.96, 0.00105209
FILLER_0_14_253, 121.345, 48.96, 0.00105209
_0680_, 140.425, 48.96, 0.000977312
_0700_, 140.425, 48.96, 0.000977312
hold12, 140.425, 48.96, 0.000977312
FILLER_0_14_291, 140.425, 48.96, 0.000977312
PHY_22, 5.52, 43.52, 0.000735126
PHY_24, 5.52, 43.52, 0.000735126
PHY_23, 147.66, 43.52, 0.000907877
PHY_25, 147.66, 43.52, 0.000907877
_1275_, 16.052, 43.52, 0.000735126
_0639_, 38.43, 43.52, 0.000762177
_0650_, 38.43, 43.52, 0.000762177
_0651_, 38.43, 43.52, 0.000762177
_0763_, 38.43, 43.52, 0.000762177
hold93, 38.43, 43.52, 0.000762177
FILLER_0_12_59, 38.43, 43.52, 0.000762177
FILLER_0_12_77, 38.43, 43.52, 0.000762177
_0638_, 50.275, 43.52, 0.000772401
_0640_, 50.275, 43.52, 0.000772401
_0641_, 50.275, 43.52, 0.000772401
_1293_, 50.275, 43.52, 0.000772401
hold132, 50.275, 43.52, 0.000772401
FILLER_0_13_101, 50.275, 43.52, 0.000772401
FILLER_0_13_109, 50.275, 43.52, 0.000772401
_0770_, 73.965, 43.52, 0.000812433
_0847_, 73.965, 43.52, 0.000812433
_0928_, 73.965, 43.52, 0.000812433
_0978_, 73.965, 43.52, 0.000812433
hold36, 73.965, 43.52, 0.000812433
FILLER_0_13_155, 73.965, 43.52, 0.000812433
_0771_, 85.81, 43.52, 0.00087824
_0977_, 85.81, 43.52, 0.00087824
clkbuf_4_8_0_clk, 85.81, 43.52, 0.00087824
hold65, 85.81, 43.52, 0.00087824
FILLER_0_12_169, 85.81, 43.52, 0.00087824
_0669_, 109.5, 43.52, 0.000955628
_1151_, 109.5, 43.52, 0.000955628
_1316_, 109.5, 43.52, 0.000955628
hold139, 109.5, 43.52, 0.000955628
FILLER_0_11_216, 109.5, 43.52, 0.000955628
_0685_, 121.345, 43.52, 0.000940267
_0686_, 121.345, 43.52, 0.000940267
_0688_, 121.345, 43.52, 0.000940267
FILLER_0_11_240, 121.345, 43.52, 0.000940267
FILLER_0_12_239, 121.345, 43.52, 0.000940267
_0681_, 140.425, 43.52, 0.000907877
_0682_, 140.425, 43.52, 0.000907877
hold9, 140.425, 43.52, 0.000907877
PHY_18, 5.52, 38.08, 0.000748294
PHY_20, 5.52, 38.08, 0.000748294
PHY_19, 147.66, 38.08, 0.00094917
PHY_21, 147.66, 38.08, 0.00094917
_0609_, 16.052, 38.08, 0.000748294
_1282_, 16.052, 38.08, 0.000748294
FILLER_0_11_27, 16.052, 38.08, 0.000748294
_0632_, 38.43, 38.08, 0.000770596
_0760_, 38.43, 38.08, 0.000770596
hold48, 38.43, 38.08, 0.000770596
hold52, 38.43, 38.08, 0.000770596
FILLER_0_10_77, 38.43, 38.08, 0.000770596
FILLER_0_11_83, 38.43, 38.08, 0.000770596
_0652_, 50.275, 38.08, 0.00078546
_1294_, 50.275, 38.08, 0.00078546
hold134, 50.275, 38.08, 0.00078546
FILLER_0_10_85, 50.275, 38.08, 0.00078546
FILLER_0_11_107, 50.275, 38.08, 0.00078546
_0849_, 73.965, 38.08, 0.000866188
_1185_, 73.965, 38.08, 0.000866188
hold109, 73.965, 38.08, 0.000866188
FILLER_0_11_161, 73.965, 38.08, 0.000866188
_0772_, 85.81, 38.08, 0.000945071
_0773_, 85.81, 38.08, 0.000945071
_0851_, 85.81, 38.08, 0.000945071
_0915_, 85.81, 38.08, 0.000945071
_0937_, 85.81, 38.08, 0.000945071
_0982_, 85.81, 38.08, 0.000945071
hold75, 85.81, 38.08, 0.000945071
FILLER_0_10_173, 85.81, 38.08, 0.000945071
_0845_, 109.5, 38.08, 0.00102603
_0863_, 109.5, 38.08, 0.00102603
_0906_, 109.5, 38.08, 0.00102603
FILLER_0_9_220, 109.5, 38.08, 0.00102603
FILLER_0_10_226, 109.5, 38.08, 0.00102603
FILLER_0_11_231, 109.5, 38.08, 0.00102603
_0675_, 121.345, 38.08, 0.00101117
_0687_, 121.345, 38.08, 0.00101117
_1317_, 121.345, 38.08, 0.00101117
FILLER_0_10_249, 121.345, 38.08, 0.00101117
_0672_, 140.425, 38.08, 0.00094917
_0673_, 140.425, 38.08, 0.00094917
hold8, 140.425, 38.08, 0.00094917
FILLER_0_10_292, 140.425, 38.08, 0.00094917
PHY_14, 5.52, 32.64, 0.00079751
PHY_16, 5.52, 32.64, 0.00079751
PHY_15, 147.66, 32.64, 0.000896325
PHY_17, 147.66, 32.64, 0.000896325
FILLER_0_8_303, 147.66, 32.64, 0.000896325
_1281_, 16.052, 32.64, 0.00079751
FILLER_0_9_27, 16.052, 32.64, 0.00079751
_0613_, 38.43, 32.64, 0.000811272
_0653_, 38.43, 32.64, 0.000811272
_0654_, 38.43, 32.64, 0.000811272
_0762_, 38.43, 32.64, 0.000811272
hold49, 38.43, 32.64, 0.000811272
hold136, 38.43, 32.64, 0.000811272
_0655_, 50.275, 32.64, 0.000813084
_0875_, 50.275, 32.64, 0.000813084
hold144, 50.275, 32.64, 0.000813084
FILLER_0_8_102, 50.275, 32.64, 0.000813084
FILLER_0_9_109, 50.275, 32.64, 0.000813084
_0848_, 73.965, 32.64, 0.000869696
_0927_, 73.965, 32.64, 0.000869696
_0930_, 73.965, 32.64, 0.000869696
_0931_, 73.965, 32.64, 0.000869696
_0958_, 73.965, 32.64, 0.000869696
_1203_, 73.965, 32.64, 0.000869696
FILLER_0_7_144, 73.965, 32.64, 0.000869696
FILLER_0_8_145, 73.965, 32.64, 0.000869696
FILLER_0_9_159, 73.965, 32.64, 0.000869696
_0775_, 85.81, 32.64, 0.000876178
_0850_, 85.81, 32.64, 0.000876178
_0983_, 85.81, 32.64, 0.000876178
hold39, 85.81, 32.64, 0.000876178
FILLER_0_7_164, 85.81, 32.64, 0.000876178
_0674_, 109.5, 32.64, 0.000946699
_0907_, 109.5, 32.64, 0.000946699
_0991_, 109.5, 32.64, 0.000946699
_0992_, 109.5, 32.64, 0.000946699
_0998_, 109.5, 32.64, 0.000946699
_1318_, 109.5, 32.64, 0.000946699
hold129, 109.5, 32.64, 0.000946699
FILLER_0_8_226, 109.5, 32.64, 0.000946699
_0676_, 121.345, 32.64, 0.000943294
_0862_, 121.345, 32.64, 0.000943294
_1329_, 121.345, 32.64, 0.000943294
FILLER_0_8_253, 121.345, 32.64, 0.000943294
FILLER_0_8_295, 140.425, 32.64, 0.000896325
FILLER_0_9_301, 140.425, 32.64, 0.000896325
PHY_10, 5.52, 27.2, 0.000751183
PHY_12, 5.52, 27.2, 0.000751183
PHY_11, 147.66, 27.2, 0.000846781
PHY_13, 147.66, 27.2, 0.000846781
_0614_, 38.43, 27.2, 0.000781757
_0656_, 38.43, 27.2, 0.000781757
_1300_, 38.43, 27.2, 0.000781757
_1299_, 50.275, 27.2, 0.000784264
FILLER_0_7_107, 50.275, 27.2, 0.000784264
_0769_, 73.965, 27.2, 0.000796437
_0984_, 73.965, 27.2, 0.000796437
hold102, 73.965, 27.2, 0.000796437
hold127, 73.965, 27.2, 0.000796437
FILLER_0_6_137, 73.965, 27.2, 0.000796437
FILLER_0_6_161, 73.965, 27.2, 0.000796437
FILLER_0_7_157, 73.965, 27.2, 0.000796437
_0985_, 85.81, 27.2, 0.00082042
_0986_, 85.81, 27.2, 0.00082042
_1204_, 85.81, 27.2, 0.00082042
hold44, 85.81, 27.2, 0.00082042
_0990_, 109.5, 27.2, 0.000853847
_1205_, 109.5, 27.2, 0.000853847
_1206_, 109.5, 27.2, 0.000853847
hold121, 109.5, 27.2, 0.000853847
FILLER_0_7_233, 109.5, 27.2, 0.000853847
FILLER_0_6_301, 140.425, 27.2, 0.000846781
PHY_6, 5.52, 21.76, 0.000723256
PHY_8, 5.52, 21.76, 0.000723256
PHY_7, 147.66, 21.76, 0.000840466
PHY_9, 147.66, 21.76, 0.000840466
FILLER_0_4_77, 38.43, 21.76, 0.000736757
FILLER_0_4_109, 50.275, 21.76, 0.000750258
FILLER_0_5_105, 50.275, 21.76, 0.000750258
_0768_, 73.965, 21.76, 0.000806796
_0959_, 73.965, 21.76, 0.000806796
_0960_, 73.965, 21.76, 0.000806796
_0971_, 73.965, 21.76, 0.000806796
_1195_, 73.965, 21.76, 0.000806796
hold54, 73.965, 21.76, 0.000806796
_0767_, 85.81, 21.76, 0.000829505
_0935_, 85.81, 21.76, 0.000829505
_0936_, 85.81, 21.76, 0.000829505
_0938_, 85.81, 21.76, 0.000829505
_1187_, 85.81, 21.76, 0.000829505
hold53, 85.81, 21.76, 0.000829505
_0917_, 109.5, 21.76, 0.0008343
_1004_, 109.5, 21.76, 0.0008343
hold128, 109.5, 21.76, 0.0008343
FILLER_0_4_244, 121.345, 21.76, 0.000837383
FILLER_0_4_301, 140.425, 21.76, 0.000840466
PHY_2, 5.52, 16.32, 0.000722783
PHY_4, 5.52, 16.32, 0.000722783
PHY_3, 147.66, 16.32, 0.000841869
PHY_5, 147.66, 16.32, 0.000841869
FILLER_0_2_77, 38.43, 16.32, 0.000734122
FILLER_0_3_105, 50.275, 16.32, 0.00074546
_0962_, 73.965, 16.32, 0.00079972
_1196_, 73.965, 16.32, 0.00079972
hold108, 73.965, 16.32, 0.00079972
hold131, 73.965, 16.32, 0.00079972
FILLER_0_1_137, 73.965, 16.32, 0.00079972
FILLER_0_1_148, 73.965, 16.32, 0.00079972
_0939_, 85.81, 16.32, 0.000826495
_1188_, 85.81, 16.32, 0.000826495
hold72, 85.81, 16.32, 0.000826495
FILLER_0_2_186, 85.81, 16.32, 0.000826495
FILLER_0_3_186, 85.81, 16.32, 0.000826495
_0918_, 109.5, 16.32, 0.000840372
hold135, 109.5, 16.32, 0.000840372
FILLER_0_1_216, 109.5, 16.32, 0.000840372
FILLER_0_2_301, 140.425, 16.32, 0.000841869
PHY_0, 5.52, 10.88, 0.000747525
output3, 5.52, 10.88, 0.000747525
PHY_1, 147.66, 10.88, 0.000833347
FILLER_0_0_21, 16.052, 10.88, 0.000736984
FILLER_0_0_81, 38.43, 10.88, 0.000729354
FILLER_0_0_109, 50.275, 10.88, 0.000732266
FILLER_0_1_105, 50.275, 10.88, 0.000732266
_0961_, 73.965, 10.88, 0.000757548
FILLER_0_0_137, 73.965, 10.88, 0.000757548
FILLER_0_0_165, 85.81, 10.88, 0.000779244
FILLER_0_0_221, 109.5, 10.88, 0.000812037
input2, 121.345, 10.88, 0.000823134
FILLER_0_0_249, 121.345, 10.88, 0.000823134

