CVC: Log output to /openlane/designs/bist_top/runs/RUN_2026.08.02_17.54.18/reports/signoff/bist_top.rpt
CVC: Error output to /openlane/designs/bist_top/runs/RUN_2026.08.02_17.54.18/reports/signoff/bist_top.rpt.error.gz
CVC: Debug output to /openlane/designs/bist_top/runs/RUN_2026.08.02_17.54.18/reports/signoff/bist_top.rpt.debug.gz
CVC: Circuit Validation Check  Version 1.1.4
CVC: Start: Sun Aug  2 17:56:09 2026

Using the following parameters for CVC (Circuit Validation Check) from /home/varun/.ciel/sky130A/libs.tech/openlane/cvc/cvcrc
CVC_TOP = 'bist_top'
CVC_NETLIST = '/openlane/designs/bist_top/runs/RUN_2026.08.02_17.54.18/tmp/signoff/bist_top.cdl'
CVC_MODE = 'bist_top'
CVC_MODEL_FILE = '/home/varun/.ciel/sky130A/libs.tech/openlane/cvc/models'
CVC_POWER_FILE = '/openlane/designs/bist_top/runs/RUN_2026.08.02_17.54.18/tmp/signoff/bist_top.power'
CVC_FUSE_FILE = ''
CVC_REPORT_FILE = '/openlane/designs/bist_top/runs/RUN_2026.08.02_17.54.18/reports/signoff/bist_top.rpt'
CVC_REPORT_TITLE = 'CVC $CVC_TOP'
CVC_CIRCUIT_ERROR_LIMIT = '100'
CVC_SEARCH_LIMIT = '100'
CVC_LEAK_LIMIT = '0.0002'
CVC_SOI = 'false'
CVC_SCRC = 'false'
CVC_VTH_GATES = 'false'
CVC_MIN_VTH_GATES = 'false'
CVC_IGNORE_VTH_FLOATING = 'false'
CVC_IGNORE_NO_LEAK_FLOATING = 'false'
CVC_LEAK_OVERVOLTAGE = 'true'
CVC_LOGIC_DIODES = 'false'
CVC_ANALOG_GATES = 'true'
CVC_BACKUP_RESULTS = 'false'
CVC_MOS_DIODE_ERROR_THRESHOLD = '0'
CVC_SHORT_ERROR_THRESHOLD = '0'
CVC_BIAS_ERROR_THRESHOLD = '0'
CVC_FORWARD_ERROR_THRESHOLD = '0'
CVC_FLOATING_ERROR_THRESHOLD = '0'
CVC_GATE_ERROR_THRESHOLD = '0'
CVC_LEAK?_ERROR_THRESHOLD = '0'
CVC_EXPECTED_ERROR_THRESHOLD = '0'
CVC_OVERVOLTAGE_ERROR_THRESHOLD = '0'
CVC_PARALLEL_CIRCUIT_PORT_LIMIT = '0'
CVC_CELL_ERROR_LIMIT_FILE = ''
CVC_CELL_CHECKSUM_FILE = ''
CVC_LARGE_CIRCUIT_SIZE = '10000000'
CVC_NET_CHECK_FILE = ''
CVC_MODEL_CHECK_FILE = ''
End of parameters

CVC: Reading device model settings...
CVC: Reading power settings...
CVC: Parsing netlist /openlane/designs/bist_top/runs/RUN_2026.08.02_17.54.18/tmp/signoff/bist_top.cdl
Cdl fixed data size 55825
Usage CDL: Time: 0  Memory: 16556  I/O: 5312  Swap: 0
CVC: Counting and linking...
