OpenROAD 41a51eaf4ca2171c92ff38afb91eb37bbd3f36da 
This program is licensed under the BSD-3 license. See the LICENSE file for details.
Components of this program may be licensed under more restrictive licenses which must be honored.
[INFO]: Reading ODB at '/openlane/designs/bist_top/runs/RUN_2026.08.02_17.54.18/tmp/routing/22-fill.odb'…
define_corners Typical
read_liberty -corner Typical /home/varun/.ciel/sky130A/libs.ref/sky130_fd_sc_hd/lib/sky130_fd_sc_hd__tt_025C_1v80.lib
Using 1e-12 for capacitance...
Using 1e+03 for resistance...
Using 1e-09 for time...
Using 1e+00 for voltage...
Using 1e-03 for current...
Using 1e-09 for power...
Using 1e-06 for distance...
Reading design constraints file at '/openlane/designs/bist_top/runs/RUN_2026.08.02_17.54.18/tmp/17-bist_top.sdc'…
[INFO ORD-0030] Using 2 thread(s).
[INFO DRT-0149] Reading tech and libs.

Units:                1000
Number of layers:     13
Number of macros:     441
Number of vias:       25
Number of viarulegen: 25

[INFO DRT-0150] Reading design.

Design:                   bist_top
Die area:                 ( 0 0 ) ( 153565 164285 )
Number of track patterns: 12
Number of DEF vias:       0
Number of components:     2541
Number of terminals:      7
Number of snets:          2
Number of nets:           931

[INFO DRT-0167] List of default vias:
  Layer mcon
    default via: L1M1_PR
  Layer via
    default via: M1M2_PR
  Layer via2
    default via: M2M3_PR
  Layer via3
    default via: M3M4_PR
  Layer via4
    default via: M4M5_PR
[INFO DRT-0162] Library cell analysis.
[INFO DRT-0163] Instance analysis.
[INFO DRT-0164] Number of unique instances = 177.
[INFO DRT-0168] Init region query.
[INFO DRT-0024]   Complete FR_MASTERSLICE.
[INFO DRT-0024]   Complete licon.
[INFO DRT-0024]   Complete li1.
[INFO DRT-0024]   Complete mcon.
[INFO DRT-0024]   Complete met1.
[INFO DRT-0024]   Complete via.
[INFO DRT-0024]   Complete met2.
[INFO DRT-0024]   Complete via2.
[INFO DRT-0024]   Complete met3.
[INFO DRT-0024]   Complete via3.
[INFO DRT-0024]   Complete met4.
[INFO DRT-0024]   Complete via4.
[INFO DRT-0024]   Complete met5.
[INFO DRT-0033] FR_MASTERSLICE shape region query size = 0.
[INFO DRT-0033] licon shape region query size = 0.
[INFO DRT-0033] li1 shape region query size = 36533.
[INFO DRT-0033] mcon shape region query size = 10536.
[INFO DRT-0033] met1 shape region query size = 7811.
[INFO DRT-0033] via shape region query size = 1060.
[INFO DRT-0033] met2 shape region query size = 639.
[INFO DRT-0033] via2 shape region query size = 848.
[INFO DRT-0033] met3 shape region query size = 638.
[INFO DRT-0033] via3 shape region query size = 848.
[INFO DRT-0033] met4 shape region query size = 260.
[INFO DRT-0033] via4 shape region query size = 32.
[INFO DRT-0033] met5 shape region query size = 48.
[INFO DRT-0165] Start pin access.
[INFO DRT-0076]   Complete 100 pins.
[INFO DRT-0076]   Complete 200 pins.
[INFO DRT-0076]   Complete 300 pins.
[INFO DRT-0076]   Complete 400 pins.
[INFO DRT-0076]   Complete 500 pins.
[INFO DRT-0076]   Complete 600 pins.
[INFO DRT-0078]   Complete 601 pins.
[INFO DRT-0079]   Complete 100 unique inst patterns.
[INFO DRT-0081]   Complete 159 unique inst patterns.
[INFO DRT-0084]   Complete 498 groups.
#scanned instances     = 2541
#unique  instances     = 177
#stdCellGenAp          = 4464
#stdCellValidPlanarAp  = 52
#stdCellValidViaAp     = 3403
#stdCellPinNoAp        = 0
#stdCellPinCnt         = 2901
#instTermValidViaApCnt = 0
#macroGenAp            = 0
#macroValidPlanarAp    = 0
#macroValidViaAp       = 0
#macroNoAp             = 0
[INFO DRT-0166] Complete pin access.
[INFO DRT-0267] cpu time = 00:00:14, elapsed time = 00:00:07, memory = 124.52 (MB), peak = 124.20 (MB)

Number of guides:     6455

[INFO DRT-0169] Post process guides.
[INFO DRT-0176] GCELLGRID X 0 DO 22 STEP 6900 ;
[INFO DRT-0177] GCELLGRID Y 0 DO 23 STEP 6900 ;
[INFO DRT-0028]   Complete FR_MASTERSLICE.
[INFO DRT-0028]   Complete licon.
[INFO DRT-0028]   Complete li1.
[INFO DRT-0028]   Complete mcon.
[INFO DRT-0028]   Complete met1.
[INFO DRT-0028]   Complete via.
[INFO DRT-0028]   Complete met2.
[INFO DRT-0028]   Complete via2.
[INFO DRT-0028]   Complete met3.
[INFO DRT-0028]   Complete via3.
[INFO DRT-0028]   Complete met4.
[INFO DRT-0028]   Complete via4.
[INFO DRT-0028]   Complete met5.
[INFO DRT-0178] Init guide query.
[INFO DRT-0035]   Complete FR_MASTERSLICE (guide).
[INFO DRT-0035]   Complete licon (guide).
[INFO DRT-0035]   Complete li1 (guide).
[INFO DRT-0035]   Complete mcon (guide).
[INFO DRT-0035]   Complete met1 (guide).
[INFO DRT-0035]   Complete via (guide).
[INFO DRT-0035]   Complete met2 (guide).
[INFO DRT-0035]   Complete via2 (guide).
[INFO DRT-0035]   Complete met3 (guide).
[INFO DRT-0035]   Complete via3 (guide).
[INFO DRT-0035]   Complete met4 (guide).
[INFO DRT-0035]   Complete via4 (guide).
[INFO DRT-0035]   Complete met5 (guide).
[INFO DRT-0036] FR_MASTERSLICE guide region query size = 0.
[INFO DRT-0036] licon guide region query size = 0.
[INFO DRT-0036] li1 guide region query size = 2312.
[INFO DRT-0036] mcon guide region query size = 0.
[INFO DRT-0036] met1 guide region query size = 1769.
[INFO DRT-0036] via guide region query size = 0.
[INFO DRT-0036] met2 guide region query size = 912.
[INFO DRT-0036] via2 guide region query size = 0.
[INFO DRT-0036] met3 guide region query size = 58.
[INFO DRT-0036] via3 guide region query size = 0.
[INFO DRT-0036] met4 guide region query size = 24.
[INFO DRT-0036] via4 guide region query size = 0.
[INFO DRT-0036] met5 guide region query size = 0.
[INFO DRT-0179] Init gr pin query.
[INFO DRT-0245] skipped writing guide updates to database.
[INFO DRT-0185] Post process initialize RPin region query.
[INFO DRT-0181] Start track assignment.
[INFO DRT-0184] Done with 3248 vertical wires in 1 frboxes and 1827 horizontal wires in 1 frboxes.
[INFO DRT-0186] Done with 340 vertical wires in 1 frboxes and 553 horizontal wires in 1 frboxes.
[INFO DRT-0182] Complete track assignment.
[INFO DRT-0267] cpu time = 00:00:00, elapsed time = 00:00:00, memory = 135.84 (MB), peak = 145.61 (MB)
[INFO DRT-0187] Start routing data preparation.
[INFO DRT-0267] cpu time = 00:00:00, elapsed time = 00:00:00, memory = 135.84 (MB), peak = 145.61 (MB)
[INFO DRT-0194] Start detail routing.
[INFO DRT-0195] Start 0th optimization iteration.
    Completing 10% with 0 violations.
    elapsed time = 00:00:00, memory = 193.44 (MB).
    Completing 20% with 0 violations.
    elapsed time = 00:00:01, memory = 204.86 (MB).
    Completing 30% with 93 violations.
    elapsed time = 00:00:01, memory = 172.87 (MB).
    Completing 40% with 93 violations.
    elapsed time = 00:00:01, memory = 217.71 (MB).
    Completing 50% with 93 violations.
    elapsed time = 00:00:03, memory = 207.88 (MB).
    Completing 60% with 192 violations.
    elapsed time = 00:00:03, memory = 216.61 (MB).
    Completing 70% with 192 violations.
    elapsed time = 00:00:05, memory = 222.12 (MB).
    Completing 80% with 327 violations.
    elapsed time = 00:00:06, memory = 188.95 (MB).
    Completing 90% with 327 violations.
    elapsed time = 00:00:06, memory = 190.74 (MB).
    Completing 100% with 423 violations.
    elapsed time = 00:00:10, memory = 182.21 (MB).
[INFO DRT-0199]   Number of violations = 619.
Viol/Layer         li1   mcon   met1    via   met2   met3   met4
Cut Spacing          0      0      0      1      0      0      0
Metal Spacing        4      0     90      0     20      1      0
Min Hole             0      0      1      0      0      0      0
Recheck              0      0    102      0     83      8      3
Short                0      1    263      0     42      0      0
[INFO DRT-0267] cpu time = 00:00:13, elapsed time = 00:00:11, memory = 501.46 (MB), peak = 501.07 (MB)
Total wire length = 22617 um.
Total wire length on LAYER li1 = 0 um.
Total wire length on LAYER met1 = 10915 um.
Total wire length on LAYER met2 = 9982 um.
Total wire length on LAYER met3 = 973 um.
Total wire length on LAYER met4 = 745 um.
Total wire length on LAYER met5 = 0 um.
Total number of vias = 5994.
Up-via summary (total 5994):.

-----------------------
 FR_MASTERSLICE       0
            li1    2870
           met1    2994
           met2      92
           met3      38
           met4       0
-----------------------
                   5994


[INFO DRT-0195] Start 1st optimization iteration.
    Completing 10% with 619 violations.
    elapsed time = 00:00:00, memory = 512.92 (MB).
    Completing 20% with 619 violations.
    elapsed time = 00:00:02, memory = 512.95 (MB).
    Completing 30% with 485 violations.
    elapsed time = 00:00:02, memory = 512.95 (MB).
    Completing 40% with 485 violations.
    elapsed time = 00:00:02, memory = 545.74 (MB).
    Completing 50% with 485 violations.
    elapsed time = 00:00:04, memory = 551.65 (MB).
    Completing 60% with 400 violations.
    elapsed time = 00:00:04, memory = 534.85 (MB).
    Completing 70% with 400 violations.
    elapsed time = 00:00:06, memory = 546.52 (MB).
    Completing 80% with 281 violations.
    elapsed time = 00:00:06, memory = 510.62 (MB).
    Completing 90% with 281 violations.
    elapsed time = 00:00:07, memory = 522.92 (MB).
    Completing 100% with 186 violations.
    elapsed time = 00:00:08, memory = 494.21 (MB).
[INFO DRT-0199]   Number of violations = 277.
Viol/Layer        met1   met2   met3
Metal Spacing       30      4      0
Recheck              0      0     91
Short              143      9      0
[INFO DRT-0267] cpu time = 00:00:09, elapsed time = 00:00:08, memory = 495.96 (MB), peak = 551.32 (MB)
Total wire length = 22243 um.
Total wire length on LAYER li1 = 0 um.
Total wire length on LAYER met1 = 10765 um.
Total wire length on LAYER met2 = 9808 um.
Total wire length on LAYER met3 = 949 um.
Total wire length on LAYER met4 = 720 um.
Total wire length on LAYER met5 = 0 um.
Total number of vias = 5927.
Up-via summary (total 5927):.

-----------------------
 FR_MASTERSLICE       0
            li1    2867
           met1    2937
           met2      88
           met3      35
           met4       0
-----------------------
                   5927


[INFO DRT-0195] Start 2nd optimization iteration.
    Completing 10% with 277 violations.
    elapsed time = 00:00:00, memory = 495.96 (MB).
    Completing 20% with 277 violations.
    elapsed time = 00:00:03, memory = 495.96 (MB).
    Completing 30% with 251 violations.
    elapsed time = 00:00:03, memory = 495.96 (MB).
    Completing 40% with 251 violations.
    elapsed time = 00:00:04, memory = 530.45 (MB).
    Completing 50% with 251 violations.
    elapsed time = 00:00:05, memory = 530.45 (MB).
    Completing 60% with 256 violations.
    elapsed time = 00:00:05, memory = 494.65 (MB).
    Completing 70% with 256 violations.
    elapsed time = 00:00:06, memory = 524.50 (MB).
    Completing 80% with 265 violations.
    elapsed time = 00:00:07, memory = 524.86 (MB).
    Completing 90% with 265 violations.
    elapsed time = 00:00:07, memory = 541.27 (MB).
    Completing 100% with 178 violations.
    elapsed time = 00:00:07, memory = 494.27 (MB).
[INFO DRT-0199]   Number of violations = 178.
Viol/Layer        met1   met2
Metal Spacing       39      0
Short              130      9
[INFO DRT-0267] cpu time = 00:00:10, elapsed time = 00:00:07, memory = 496.12 (MB), peak = 551.32 (MB)
Total wire length = 22238 um.
Total wire length on LAYER li1 = 0 um.
Total wire length on LAYER met1 = 10685 um.
Total wire length on LAYER met2 = 9882 um.
Total wire length on LAYER met3 = 975 um.
Total wire length on LAYER met4 = 694 um.
Total wire length on LAYER met5 = 0 um.
Total number of vias = 5944.
Up-via summary (total 5944):.

-----------------------
 FR_MASTERSLICE       0
            li1    2867
           met1    2958
           met2      87
           met3      32
           met4       0
-----------------------
                   5944


[INFO DRT-0195] Start 3rd optimization iteration.
    Completing 10% with 178 violations.
    elapsed time = 00:00:00, memory = 521.32 (MB).
    Completing 20% with 178 violations.
    elapsed time = 00:00:00, memory = 524.24 (MB).
    Completing 30% with 151 violations.
    elapsed time = 00:00:00, memory = 494.67 (MB).
    Completing 40% with 151 violations.
    elapsed time = 00:00:00, memory = 539.04 (MB).
    Completing 50% with 151 violations.
    elapsed time = 00:00:02, memory = 550.14 (MB).
    Completing 60% with 127 violations.
    elapsed time = 00:00:02, memory = 541.74 (MB).
    Completing 70% with 127 violations.
    elapsed time = 00:00:05, memory = 553.29 (MB).
    Completing 80% with 91 violations.
    elapsed time = 00:00:05, memory = 494.99 (MB).
    Completing 90% with 91 violations.
    elapsed time = 00:00:05, memory = 494.99 (MB).
    Completing 100% with 21 violations.
    elapsed time = 00:00:07, memory = 494.99 (MB).
[INFO DRT-0199]   Number of violations = 21.
Viol/Layer        met1   met2
Metal Spacing        4      2
Short                4     11
[INFO DRT-0267] cpu time = 00:00:08, elapsed time = 00:00:07, memory = 494.99 (MB), peak = 552.94 (MB)
Total wire length = 22213 um.
Total wire length on LAYER li1 = 0 um.
Total wire length on LAYER met1 = 10240 um.
Total wire length on LAYER met2 = 9908 um.
Total wire length on LAYER met3 = 1374 um.
Total wire length on LAYER met4 = 690 um.
Total wire length on LAYER met5 = 0 um.
Total number of vias = 6025.
Up-via summary (total 6025):.

-----------------------
 FR_MASTERSLICE       0
            li1    2867
           met1    2985
           met2     141
           met3      32
           met4       0
-----------------------
                   6025


[INFO DRT-0195] Start 4th optimization iteration.
    Completing 10% with 21 violations.
    elapsed time = 00:00:00, memory = 494.99 (MB).
    Completing 20% with 21 violations.
    elapsed time = 00:00:00, memory = 494.99 (MB).
    Completing 30% with 21 violations.
    elapsed time = 00:00:00, memory = 494.99 (MB).
    Completing 40% with 21 violations.
    elapsed time = 00:00:00, memory = 494.99 (MB).
    Completing 50% with 21 violations.
    elapsed time = 00:00:00, memory = 546.95 (MB).
    Completing 60% with 16 violations.
    elapsed time = 00:00:00, memory = 494.85 (MB).
    Completing 70% with 16 violations.
    elapsed time = 00:00:00, memory = 494.85 (MB).
    Completing 80% with 2 violations.
    elapsed time = 00:00:00, memory = 494.85 (MB).
    Completing 90% with 2 violations.
    elapsed time = 00:00:00, memory = 494.85 (MB).
    Completing 100% with 0 violations.
    elapsed time = 00:00:01, memory = 494.85 (MB).
[INFO DRT-0199]   Number of violations = 0.
[INFO DRT-0267] cpu time = 00:00:01, elapsed time = 00:00:01, memory = 494.85 (MB), peak = 552.94 (MB)
Total wire length = 22210 um.
Total wire length on LAYER li1 = 0 um.
Total wire length on LAYER met1 = 10256 um.
Total wire length on LAYER met2 = 9898 um.
Total wire length on LAYER met3 = 1365 um.
Total wire length on LAYER met4 = 690 um.
Total wire length on LAYER met5 = 0 um.
Total number of vias = 6022.
Up-via summary (total 6022):.

-----------------------
 FR_MASTERSLICE       0
            li1    2867
           met1    2984
           met2     139
           met3      32
           met4       0
-----------------------
                   6022


[INFO DRT-0198] Complete detail routing.
Total wire length = 22210 um.
Total wire length on LAYER li1 = 0 um.
Total wire length on LAYER met1 = 10256 um.
Total wire length on LAYER met2 = 9898 um.
Total wire length on LAYER met3 = 1365 um.
Total wire length on LAYER met4 = 690 um.
Total wire length on LAYER met5 = 0 um.
Total number of vias = 6022.
Up-via summary (total 6022):.

-----------------------
 FR_MASTERSLICE       0
            li1    2867
           met1    2984
           met2     139
           met3      32
           met4       0
-----------------------
                   6022


[INFO DRT-0267] cpu time = 00:00:44, elapsed time = 00:00:36, memory = 494.85 (MB), peak = 552.94 (MB)

[INFO DRT-0180] Post processing.
Setting global connections for newly added cells…
Writing OpenROAD database to '/openlane/designs/bist_top/runs/RUN_2026.08.02_17.54.18/results/routing/bist_top.odb'…
Writing netlist to '/openlane/designs/bist_top/runs/RUN_2026.08.02_17.54.18/results/routing/bist_top.nl.v'…
Writing powered netlist to '/openlane/designs/bist_top/runs/RUN_2026.08.02_17.54.18/results/routing/bist_top.pnl.v'…
Writing layout to '/openlane/designs/bist_top/runs/RUN_2026.08.02_17.54.18/results/routing/bist_top.def'…
