Instance name,  X location,  Y location,  Voltage 
FILLER_0_51_277, 133.19, 152.32, 0.000973469
FILLER_0_49_273, 133.19, 146.88, 0.000976123
FILLER_0_47_273, 133.19, 141.44, 0.000980987
FILLER_0_45_273, 133.19, 136, 0.000980253
FILLER_0_43_273, 133.19, 130.56, 0.000979567
FILLER_0_41_277, 133.19, 125.12, 0.00101151
FILLER_0_39_271, 133.19, 119.68, 0.000994053
FILLER_0_35_273, 133.19, 108.8, 0.00100009
FILLER_0_33_276, 133.19, 103.36, 0.000979648
_0880_, 133.19, 97.92, 0.000984976
_0858_, 133.19, 92.48, 0.000965593
_0879_, 133.19, 92.48, 0.000965593
_0887_, 133.19, 92.48, 0.000965593
_0704_, 133.19, 87.04, 0.00095191
_0859_, 133.19, 87.04, 0.00095191
_0860_, 133.19, 87.04, 0.00095191
_1172_, 133.19, 87.04, 0.00095191
FILLER_0_29_281, 133.19, 87.04, 0.00095191
_0678_, 133.19, 81.6, 0.000946157
_0856_, 133.19, 81.6, 0.000946157
_0861_, 133.19, 81.6, 0.000946157
fanout11, 133.19, 81.6, 0.000946157
hold15, 133.19, 81.6, 0.000946157
hold16, 133.19, 81.6, 0.000946157
_1327_, 133.19, 76.16, 0.000904157
hold8, 133.19, 76.16, 0.000904157
_0684_, 133.19, 70.72, 0.00084309
_1323_, 133.19, 70.72, 0.00084309
fanout12, 133.19, 70.72, 0.00084309
hold9, 133.19, 70.72, 0.00084309
_0696_, 133.19, 65.28, 0.000823845
_0697_, 133.19, 65.28, 0.000823845
_0705_, 133.19, 65.28, 0.000823845
_0707_, 133.19, 65.28, 0.000823845
_0712_, 133.19, 65.28, 0.000823845
FILLER_0_21_285, 133.19, 65.28, 0.000823845
_0694_, 133.19, 59.84, 0.000876532
_0695_, 133.19, 59.84, 0.000876532
_0708_, 133.19, 59.84, 0.000876532
_0870_, 133.19, 59.84, 0.000876532
_1326_, 133.19, 59.84, 0.000876532
_0698_, 133.19, 54.4, 0.000925252
_1324_, 133.19, 54.4, 0.000925252
hold17, 133.19, 54.4, 0.000925252
_0692_, 133.19, 48.96, 0.000967894
_0700_, 133.19, 48.96, 0.000967894
_0702_, 133.19, 48.96, 0.000967894
_0706_, 133.19, 48.96, 0.000967894
_0711_, 133.19, 48.96, 0.000967894
FILLER_0_13_277, 133.19, 48.96, 0.000967894
FILLER_0_14_272, 133.19, 48.96, 0.000967894
_0689_, 133.19, 43.52, 0.000919952
_1321_, 133.19, 43.52, 0.000919952
FILLER_0_12_269, 133.19, 43.52, 0.000919952
FILLER_0_13_281, 133.19, 43.52, 0.000919952
_0690_, 133.19, 38.08, 0.000944953
_1322_, 133.19, 38.08, 0.000944953
_1328_, 133.19, 38.08, 0.000944953
FILLER_0_9_274, 133.19, 38.08, 0.000944953
FILLER_0_10_265, 133.19, 38.08, 0.000944953
_1307_, 133.19, 32.64, 0.000860986
FILLER_0_7_270, 133.19, 32.64, 0.000860986
FILLER_0_5_277, 133.19, 27.2, 0.000855371
FILLER_0_1_273, 133.19, 16.32, 0.000842156
FILLER_0_0_270, 133.19, 10.88, 0.000836511
_1088_, 97.655, 141.44, 0.00101247
hold76, 97.655, 141.44, 0.00101247
hold132, 97.655, 141.44, 0.00101247
_1241_, 97.655, 136, 0.00101221
_0729_, 97.655, 130.56, 0.00101435
_1087_, 97.655, 130.56, 0.00101435
FILLER_0_43_194, 97.655, 130.56, 0.00101435
FILLER_0_44_189, 97.655, 130.56, 0.00101435
_1308_, 97.655, 125.12, 0.00107259
fanout14, 97.655, 125.12, 0.00107259
_0754_, 97.655, 119.68, 0.00106652
_0758_, 97.655, 119.68, 0.00106652
_1310_, 97.655, 119.68, 0.00106652
FILLER_0_39_193, 97.655, 119.68, 0.00106652
FILLER_0_40_193, 97.655, 119.68, 0.00106652
_0999_, 97.655, 114.24, 0.00102913
hold3, 97.655, 114.24, 0.00102913
FILLER_0_38_190, 97.655, 114.24, 0.00102913
_0864_, 97.655, 108.8, 0.00106693
_0886_, 97.655, 108.8, 0.00106693
_0897_, 97.655, 108.8, 0.00106693
_0908_, 97.655, 108.8, 0.00106693
_0925_, 97.655, 108.8, 0.00106693
_0987_, 97.655, 108.8, 0.00106693
_0993_, 97.655, 108.8, 0.00106693
_0910_, 97.655, 103.36, 0.00102848
_0911_, 97.655, 103.36, 0.00102848
_0919_, 97.655, 103.36, 0.00102848
_0932_, 97.655, 103.36, 0.00102848
_1094_, 97.655, 103.36, 0.00102848
clkbuf_4_12_0_clk, 97.655, 103.36, 0.00102848
clkbuf_4_13_0_clk, 97.655, 103.36, 0.00102848
_0585_, 97.655, 97.92, 0.00096873
_0868_, 97.655, 97.92, 0.00096873
_1092_, 97.655, 97.92, 0.00096873
_1102_, 97.655, 97.92, 0.00096873
FILLER_0_31_194, 97.655, 97.92, 0.00096873
FILLER_0_32_193, 97.655, 97.92, 0.00096873
FILLER_0_32_197, 97.655, 97.92, 0.00096873
FILLER_0_33_207, 97.655, 97.92, 0.00096873
_0588_, 97.655, 92.48, 0.000972543
_1024_, 97.655, 92.48, 0.000972543
_1101_, 97.655, 92.48, 0.000972543
_1245_, 97.655, 92.48, 0.000972543
_1274_, 97.655, 92.48, 0.000972543
hold35, 97.655, 92.48, 0.000972543
FILLER_0_30_193, 97.655, 92.48, 0.000972543
_0586_, 97.655, 87.04, 0.000886301
_1273_, 97.655, 87.04, 0.000886301
wire9, 97.655, 87.04, 0.000886301
hold27, 97.655, 87.04, 0.000886301
_0587_, 97.655, 81.6, 0.000899407
_0784_, 97.655, 81.6, 0.000899407
_0815_, 97.655, 81.6, 0.000899407
_0816_, 97.655, 81.6, 0.000899407
_0820_, 97.655, 81.6, 0.000899407
FILLER_0_25_199, 97.655, 81.6, 0.000899407
FILLER_0_26_190, 97.655, 81.6, 0.000899407
FILLER_0_26_202, 97.655, 81.6, 0.000899407
_0590_, 97.655, 76.16, 0.000860033
_0717_, 97.655, 76.16, 0.000860033
_0817_, 97.655, 76.16, 0.000860033
_0818_, 97.655, 76.16, 0.000860033
fanout13, 97.655, 76.16, 0.000860033
hold18, 97.655, 76.16, 0.000860033
FILLER_0_23_196, 97.655, 76.16, 0.000860033
FILLER_0_24_193, 97.655, 76.16, 0.000860033
FILLER_0_24_197, 97.655, 76.16, 0.000860033
FILLER_0_24_211, 97.655, 76.16, 0.000860033
_0785_, 97.655, 70.72, 0.000757967
_0787_, 97.655, 70.72, 0.000757967
_0789_, 97.655, 70.72, 0.000757967
_0814_, 97.655, 70.72, 0.000757967
_0869_, 97.655, 70.72, 0.000757967
FILLER_0_21_196, 97.655, 70.72, 0.000757967
FILLER_0_22_204, 97.655, 70.72, 0.000757967
_0597_, 97.655, 65.28, 0.000737343
_0662_, 97.655, 65.28, 0.000737343
_0666_, 97.655, 65.28, 0.000737343
_0790_, 97.655, 65.28, 0.000737343
_1304_, 97.655, 65.28, 0.000737343
FILLER_0_20_190, 97.655, 65.28, 0.000737343
_0664_, 97.655, 59.84, 0.000784394
_0665_, 97.655, 59.84, 0.000784394
_1303_, 97.655, 59.84, 0.000784394
hold119, 97.655, 59.84, 0.000784394
FILLER_0_17_190, 97.655, 59.84, 0.000784394
_0668_, 97.655, 54.4, 0.000829897
_0718_, 97.655, 54.4, 0.000829897
_0798_, 97.655, 54.4, 0.000829897
_0853_, 97.655, 54.4, 0.000829897
_0912_, 97.655, 54.4, 0.000829897
hold14, 97.655, 54.4, 0.000829897
FILLER_0_16_197, 97.655, 54.4, 0.000829897
FILLER_0_17_207, 97.655, 54.4, 0.000829897
_0667_, 97.655, 48.96, 0.000893143
_0670_, 97.655, 48.96, 0.000893143
_0671_, 97.655, 48.96, 0.000893143
_1305_, 97.655, 48.96, 0.000893143
_1306_, 97.655, 48.96, 0.000893143
FILLER_0_13_191, 97.655, 48.96, 0.000893143
_0669_, 97.655, 43.52, 0.000934839
_0876_, 97.655, 43.52, 0.000934839
_0994_, 97.655, 43.52, 0.000934839
_1000_, 97.655, 43.52, 0.000934839
clkbuf_4_8_0_clk, 97.655, 43.52, 0.000934839
FILLER_0_11_196, 97.655, 43.52, 0.000934839
_0852_, 97.655, 38.08, 0.000939478
_0937_, 97.655, 38.08, 0.000939478
_0988_, 97.655, 38.08, 0.000939478
_0995_, 97.655, 38.08, 0.000939478
_1207_, 97.655, 38.08, 0.000939478
hold125, 97.655, 38.08, 0.000939478
FILLER_0_10_197, 97.655, 38.08, 0.000939478
FILLER_0_11_205, 97.655, 38.08, 0.000939478
_0996_, 97.655, 32.64, 0.000830993
_0997_, 97.655, 32.64, 0.000830993
_1208_, 97.655, 32.64, 0.000830993
_0766_, 97.655, 27.2, 0.000839853
_0767_, 97.655, 27.2, 0.000839853
_0845_, 97.655, 27.2, 0.000839853
FILLER_0_5_195, 97.655, 27.2, 0.000839853
FILLER_0_7_202, 97.655, 27.2, 0.000839853
_0844_, 97.655, 21.76, 0.000835937
_1001_, 97.655, 21.76, 0.000835937
_1003_, 97.655, 21.76, 0.000835937
_1209_, 97.655, 21.76, 0.000835937
hold97, 97.655, 21.76, 0.000835937
FILLER_0_3_188, 97.655, 21.76, 0.000835937
FILLER_0_4_191, 97.655, 21.76, 0.000835937
_1002_, 97.655, 16.32, 0.000835207
_1004_, 97.655, 16.32, 0.000835207
_1182_, 97.655, 16.32, 0.000835207
_1210_, 97.655, 16.32, 0.000835207
FILLER_0_2_193, 97.655, 16.32, 0.000835207
_1181_, 97.655, 10.88, 0.000812286
FILLER_0_0_193, 97.655, 10.88, 0.000812286
_1231_, 62.12, 146.88, 0.000977522
hold92, 62.12, 146.88, 0.000977522
FILLER_0_50_124, 62.12, 146.88, 0.000977522
FILLER_0_50_135, 62.12, 146.88, 0.000977522
_1063_, 62.12, 141.44, 0.00101427
_1065_, 62.12, 141.44, 0.00101427
_1075_, 62.12, 141.44, 0.00101427
_1236_, 62.12, 141.44, 0.00101427
hold55, 62.12, 141.44, 0.00101427
FILLER_0_49_129, 62.12, 141.44, 0.00101427
_0727_, 62.12, 136, 0.00100092
_0733_, 62.12, 136, 0.00100092
_0799_, 62.12, 136, 0.00100092
_1064_, 62.12, 136, 0.00100092
_1074_, 62.12, 136, 0.00100092
hold102, 62.12, 136, 0.00100092
_0802_, 62.12, 130.56, 0.0010052
_1062_, 62.12, 130.56, 0.0010052
_1070_, 62.12, 130.56, 0.0010052
hold67, 62.12, 130.56, 0.0010052
FILLER_0_44_135, 62.12, 130.56, 0.0010052
_0728_, 62.12, 125.12, 0.00102111
_1067_, 62.12, 125.12, 0.00102111
FILLER_0_41_113, 62.12, 125.12, 0.00102111
FILLER_0_42_132, 62.12, 125.12, 0.00102111
_0750_, 62.12, 119.68, 0.00103075
clkbuf_4_7_0_clk, 62.12, 119.68, 0.00103075
hold57, 62.12, 119.68, 0.00103075
FILLER_0_40_131, 62.12, 119.68, 0.00103075
_0810_, 62.12, 114.24, 0.000996696
_1009_, 62.12, 114.24, 0.000996696
_1010_, 62.12, 114.24, 0.000996696
_1211_, 62.12, 114.24, 0.000996696
clkbuf_4_6_0_clk, 62.12, 114.24, 0.000996696
hold52, 62.12, 114.24, 0.000996696
FILLER_0_38_113, 62.12, 114.24, 0.000996696
_1011_, 62.12, 108.8, 0.000933262
_1012_, 62.12, 108.8, 0.000933262
_1212_, 62.12, 108.8, 0.000933262
hold99, 62.12, 108.8, 0.000933262
FILLER_0_35_113, 62.12, 108.8, 0.000933262
FILLER_0_37_135, 62.12, 108.8, 0.000933262
_0720_, 62.12, 97.92, 0.00086968
_0742_, 62.12, 97.92, 0.00086968
_0805_, 62.12, 97.92, 0.00086968
_0813_, 62.12, 97.92, 0.00086968
_1135_, 62.12, 97.92, 0.00086968
FILLER_0_32_120, 62.12, 97.92, 0.00086968
FILLER_0_32_128, 62.12, 97.92, 0.00086968
_0738_, 62.12, 92.48, 0.00083952
_0739_, 62.12, 92.48, 0.00083952
_0741_, 62.12, 92.48, 0.00083952
_1132_, 62.12, 92.48, 0.00083952
_1257_, 62.12, 92.48, 0.00083952
hold26, 62.12, 92.48, 0.00083952
hold49, 62.12, 92.48, 0.00083952
_0804_, 62.12, 87.04, 0.000737856
_1141_, 62.12, 87.04, 0.000737856
FILLER_0_28_135, 62.12, 87.04, 0.000737856
_0831_, 62.12, 81.6, 0.000815908
_0834_, 62.12, 81.6, 0.000815908
_0835_, 62.12, 81.6, 0.000815908
_0830_, 62.12, 76.16, 0.000650157
_0944_, 62.12, 76.16, 0.000650157
_0945_, 62.12, 76.16, 0.000650157
_1127_, 62.12, 76.16, 0.000650157
_1256_, 62.12, 76.16, 0.000650157
hold20, 62.12, 76.16, 0.000650157
FILLER_0_25_127, 62.12, 76.16, 0.000650157
_0779_, 62.12, 70.72, 0.000579757
_0780_, 62.12, 70.72, 0.000579757
_0941_, 62.12, 70.72, 0.000579757
_0942_, 62.12, 70.72, 0.000579757
_0943_, 62.12, 70.72, 0.000579757
hold32, 62.12, 70.72, 0.000579757
_0833_, 62.12, 65.28, 0.000536986
_0947_, 62.12, 65.28, 0.000536986
_0948_, 62.12, 65.28, 0.000536986
hold51, 62.12, 65.28, 0.000536986
FILLER_0_19_123, 62.12, 65.28, 0.000536986
FILLER_0_20_132, 62.12, 65.28, 0.000536986
FILLER_0_21_135, 62.12, 65.28, 0.000536986
_0950_, 62.12, 59.84, 0.000606556
_1191_, 62.12, 59.84, 0.000606556
hold42, 62.12, 59.84, 0.000606556
FILLER_0_18_134, 62.12, 59.84, 0.000606556
FILLER_0_19_135, 62.12, 59.84, 0.000606556
_0645_, 62.12, 54.4, 0.000708341
_0832_, 62.12, 54.4, 0.000708341
_0924_, 62.12, 54.4, 0.000708341
clkbuf_4_3_0_clk, 62.12, 54.4, 0.000708341
hold128, 62.12, 54.4, 0.000708341
FILLER_0_16_131, 62.12, 54.4, 0.000708341
_1184_, 62.12, 48.96, 0.000735731
_1198_, 62.12, 48.96, 0.000735731
FILLER_0_13_113, 62.12, 48.96, 0.000735731
FILLER_0_13_121, 62.12, 48.96, 0.000735731
FILLER_0_14_114, 62.12, 48.96, 0.000735731
_0637_, 62.12, 43.52, 0.000753314
_0873_, 62.12, 43.52, 0.000753314
_0964_, 62.12, 43.52, 0.000753314
_0967_, 62.12, 43.52, 0.000753314
_0968_, 62.12, 43.52, 0.000753314
_1197_, 62.12, 43.52, 0.000753314
FILLER_0_11_113, 62.12, 43.52, 0.000753314
FILLER_0_12_119, 62.12, 43.52, 0.000753314
FILLER_0_12_128, 62.12, 43.52, 0.000753314
FILLER_0_12_135, 62.12, 43.52, 0.000753314
_0770_, 62.12, 38.08, 0.000801973
_0874_, 62.12, 38.08, 0.000801973
_0877_, 62.12, 38.08, 0.000801973
_0931_, 62.12, 38.08, 0.000801973
_0965_, 62.12, 38.08, 0.000801973
_0966_, 62.12, 38.08, 0.000801973
FILLER_0_9_113, 62.12, 38.08, 0.000801973
_0878_, 62.12, 32.64, 0.000782189
_0929_, 62.12, 32.64, 0.000782189
_1186_, 62.12, 32.64, 0.000782189
hold83, 62.12, 32.64, 0.000782189
_0848_, 62.12, 27.2, 0.000749591
_0930_, 62.12, 27.2, 0.000749591
_0973_, 62.12, 27.2, 0.000749591
_0974_, 62.12, 27.2, 0.000749591
FILLER_0_5_113, 62.12, 27.2, 0.000749591
FILLER_0_6_121, 62.12, 27.2, 0.000749591
FILLER_0_7_132, 62.12, 27.2, 0.000749591
_0971_, 62.12, 21.76, 0.000768386
_1199_, 62.12, 21.76, 0.000768386
_1200_, 62.12, 21.76, 0.000768386
hold37, 62.12, 21.76, 0.000768386
FILLER_0_3_113, 62.12, 21.76, 0.000768386
_0957_, 62.12, 16.32, 0.000767151
_1193_, 62.12, 16.32, 0.000767151
_1194_, 62.12, 16.32, 0.000767151
FILLER_0_1_113, 62.12, 16.32, 0.000767151
FILLER_0_51_53, 26.585, 146.88, 0.000942542
FILLER_0_49_51, 26.585, 141.44, 0.000958875
_1107_, 26.585, 136, 0.000948669
FILLER_0_46_53, 26.585, 136, 0.000948669
FILLER_0_47_51, 26.585, 136, 0.000948669
_1109_, 26.585, 130.56, 0.000967359
_1247_, 26.585, 130.56, 0.000967359
_1248_, 26.585, 130.56, 0.000967359
hold47, 26.585, 130.56, 0.000967359
FILLER_0_44_41, 26.585, 130.56, 0.000967359
FILLER_0_44_49, 26.585, 130.56, 0.000967359
_1096_, 26.585, 125.12, 0.000960533
_1098_, 26.585, 125.12, 0.000960533
hold59, 26.585, 125.12, 0.000960533
FILLER_0_43_52, 26.585, 125.12, 0.000960533
_0776_, 26.585, 119.68, 0.00094038
_0829_, 26.585, 119.68, 0.00094038
hold86, 26.585, 119.68, 0.00094038
FILLER_0_40_45, 26.585, 119.68, 0.00094038
FILLER_0_41_46, 26.585, 119.68, 0.00094038
_0828_, 26.585, 114.24, 0.000944308
_1122_, 26.585, 114.24, 0.000944308
_1253_, 26.585, 114.24, 0.000944308
_1254_, 26.585, 114.24, 0.000944308
hold111, 26.585, 114.24, 0.000944308
_1116_, 26.585, 108.8, 0.000885897
_1121_, 26.585, 108.8, 0.000885897
_1123_, 26.585, 108.8, 0.000885897
_1124_, 26.585, 108.8, 0.000885897
hold66, 26.585, 108.8, 0.000885897
FILLER_0_35_39, 26.585, 108.8, 0.000885897
FILLER_0_36_37, 26.585, 108.8, 0.000885897
_1095_, 26.585, 103.36, 0.000931836
_1137_, 26.585, 103.36, 0.000931836
_1138_, 26.585, 103.36, 0.000931836
_1140_, 26.585, 103.36, 0.000931836
clkbuf_4_4_0_clk, 26.585, 103.36, 0.000931836
clkbuf_4_5_0_clk, 26.585, 103.36, 0.000931836
FILLER_0_33_38, 26.585, 103.36, 0.000931836
FILLER_0_34_53, 26.585, 103.36, 0.000931836
FILLER_0_35_51, 26.585, 103.36, 0.000931836
_1139_, 26.585, 97.92, 0.000852791
_1259_, 26.585, 97.92, 0.000852791
_1260_, 26.585, 97.92, 0.000852791
hold65, 26.585, 97.92, 0.000852791
_0749_, 26.585, 92.48, 0.000817976
_0811_, 26.585, 92.48, 0.000817976
_1156_, 26.585, 92.48, 0.000817976
_1162_, 26.585, 92.48, 0.000817976
_1164_, 26.585, 92.48, 0.000817976
hold126, 26.585, 92.48, 0.000817976
FILLER_0_31_53, 26.585, 92.48, 0.000817976
_1153_, 26.585, 87.04, 0.000760072
_1154_, 26.585, 87.04, 0.000760072
_1265_, 26.585, 87.04, 0.000760072
_1266_, 26.585, 87.04, 0.000760072
FILLER_0_29_48, 26.585, 87.04, 0.000760072
_1155_, 26.585, 81.6, 0.000779304
FILLER_0_26_53, 26.585, 81.6, 0.000779304
_0623_, 26.585, 76.16, 0.000663219
_0624_, 26.585, 76.16, 0.000663219
hold90, 26.585, 76.16, 0.000663219
FILLER_0_24_41, 26.585, 76.16, 0.000663219
FILLER_0_25_51, 26.585, 76.16, 0.000663219
_0618_, 26.585, 70.72, 0.000663985
_1286_, 26.585, 70.72, 0.000663985
FILLER_0_21_40, 26.585, 70.72, 0.000663985
FILLER_0_23_49, 26.585, 70.72, 0.000663985
_0621_, 26.585, 65.28, 0.000617722
_0626_, 26.585, 65.28, 0.000617722
_0659_, 26.585, 65.28, 0.000617722
_0756_, 26.585, 65.28, 0.000617722
_1301_, 26.585, 65.28, 0.000617722
hold114, 26.585, 65.28, 0.000617722
hold135, 26.585, 65.28, 0.000617722
FILLER_0_21_51, 26.585, 65.28, 0.000617722
_1302_, 26.585, 59.84, 0.000682357
clkbuf_4_0_0_clk, 26.585, 59.84, 0.000682357
FILLER_0_18_41, 26.585, 59.84, 0.000682357
_0660_, 26.585, 54.4, 0.00075107
_0661_, 26.585, 54.4, 0.00075107
_0841_, 26.585, 54.4, 0.00075107
clkbuf_4_1_0_clk, 26.585, 54.4, 0.00075107
hold94, 26.585, 54.4, 0.00075107
FILLER_0_15_43, 26.585, 54.4, 0.00075107
FILLER_0_16_53, 26.585, 54.4, 0.00075107
FILLER_0_17_50, 26.585, 54.4, 0.00075107
_0616_, 26.585, 48.96, 0.00075109
_0649_, 26.585, 48.96, 0.00075109
_0657_, 26.585, 48.96, 0.00075109
_0759_, 26.585, 48.96, 0.00075109
_1284_, 26.585, 48.96, 0.00075109
_1297_, 26.585, 48.96, 0.00075109
FILLER_0_14_38, 26.585, 48.96, 0.00075109
_0592_, 26.585, 43.52, 0.000735296
_0615_, 26.585, 43.52, 0.000735296
_0651_, 26.585, 43.52, 0.000735296
_1298_, 26.585, 43.52, 0.000735296
FILLER_0_12_53, 26.585, 43.52, 0.000735296
_0608_, 26.585, 38.08, 0.000754001
_0632_, 26.585, 38.08, 0.000754001
_0838_, 26.585, 38.08, 0.000754001
hold138, 26.585, 38.08, 0.000754001
_0614_, 26.585, 32.64, 0.000805071
_0634_, 26.585, 32.64, 0.000805071
_0635_, 26.585, 32.64, 0.000805071
_0636_, 26.585, 32.64, 0.000805071
_1291_, 26.585, 32.64, 0.000805071
_1292_, 26.585, 32.64, 0.000805071
FILLER_0_9_53, 26.585, 32.64, 0.000805071
_0633_, 26.585, 27.2, 0.000741865
_1283_, 26.585, 27.2, 0.000741865
FILLER_0_6_41, 26.585, 27.2, 0.000741865
FILLER_0_5_51, 26.585, 21.76, 0.000729256
FILLER_0_3_51, 26.585, 16.32, 0.000730072
FILLER_0_0_53, 26.585, 10.88, 0.000732655
FILLER_0_1_51, 26.585, 10.88, 0.000732655
PHY_102, 5.52, 152.32, 0.000938602
PHY_103, 147.66, 152.32, 0.000973469
FILLER_0_51_137, 73.965, 152.32, 0.000964858
FILLER_0_51_165, 85.81, 152.32, 0.00097093
FILLER_0_51_221, 109.5, 152.32, 0.000975825
FILLER_0_51_249, 121.345, 152.32, 0.000974647
PHY_98, 5.52, 146.88, 0.000942542
PHY_100, 5.52, 146.88, 0.000942542
PHY_99, 147.66, 146.88, 0.000976123
PHY_101, 147.66, 146.88, 0.000976123
FILLER_0_50_77, 38.43, 146.88, 0.000954348
FILLER_0_51_81, 38.43, 146.88, 0.000954348
_1066_, 50.275, 146.88, 0.000966155
FILLER_0_49_93, 50.275, 146.88, 0.000966155
FILLER_0_51_109, 50.275, 146.88, 0.000966155
_1235_, 73.965, 146.88, 0.000995786
_1079_, 85.81, 146.88, 0.00100056
_1237_, 85.81, 146.88, 0.00100056
input1, 85.81, 146.88, 0.00100056
FILLER_0_49_165, 85.81, 146.88, 0.00100056
FILLER_0_50_169, 85.81, 146.88, 0.00100056
FILLER_0_51_181, 85.81, 146.88, 0.00100056
FILLER_0_49_217, 109.5, 146.88, 0.000984909
FILLER_0_50_245, 121.345, 146.88, 0.000980516
FILLER_0_50_301, 140.425, 146.88, 0.000976123
PHY_94, 5.52, 141.44, 0.000958875
PHY_96, 5.52, 141.44, 0.000958875
PHY_95, 147.66, 141.44, 0.000980987
PHY_97, 147.66, 141.44, 0.000980987
FILLER_0_48_77, 38.43, 141.44, 0.000991159
_1229_, 50.275, 141.44, 0.00102344
_1230_, 50.275, 141.44, 0.00102344
_1232_, 50.275, 141.44, 0.00102344
hold75, 50.275, 141.44, 0.00102344
FILLER_0_48_85, 50.275, 141.44, 0.00102344
FILLER_0_49_101, 50.275, 141.44, 0.00102344
_1073_, 73.965, 141.44, 0.00105484
_1076_, 73.965, 141.44, 0.00105484
_1081_, 73.965, 141.44, 0.00105484
_1239_, 73.965, 141.44, 0.00105484
_1240_, 73.965, 141.44, 0.00105484
hold95, 73.965, 141.44, 0.00105484
hold130, 73.965, 141.44, 0.00105484
_1080_, 85.81, 141.44, 0.00104682
_1238_, 85.81, 141.44, 0.00104682
hold80, 85.81, 141.44, 0.00104682
hold106, 85.81, 141.44, 0.00104682
hold115, 85.81, 141.44, 0.00104682
FILLER_0_47_218, 109.5, 141.44, 0.00100198
FILLER_0_48_241, 121.345, 141.44, 0.000991482
FILLER_0_48_249, 121.345, 141.44, 0.000991482
FILLER_0_48_301, 140.425, 141.44, 0.000980987
PHY_90, 5.52, 136, 0.000948669
PHY_92, 5.52, 136, 0.000948669
PHY_91, 147.66, 136, 0.000980253
PHY_93, 147.66, 136, 0.000980253
_1061_, 38.43, 136, 0.0009732
_1106_, 38.43, 136, 0.0009732
hold104, 38.43, 136, 0.0009732
FILLER_0_46_71, 38.43, 136, 0.0009732
_1058_, 50.275, 136, 0.00099539
_1059_, 50.275, 136, 0.00099539
_1060_, 50.275, 136, 0.00099539
_1069_, 50.275, 136, 0.00099539
_1233_, 50.275, 136, 0.00099539
hold53, 50.275, 136, 0.00099539
FILLER_0_46_85, 50.275, 136, 0.00099539
_0800_, 73.965, 136, 0.00103219
_1083_, 73.965, 136, 0.00103219
_1084_, 73.965, 136, 0.00103219
_1085_, 73.965, 136, 0.00103219
_1086_, 73.965, 136, 0.00103219
FILLER_0_46_137, 73.965, 136, 0.00103219
FILLER_0_46_141, 73.965, 136, 0.00103219
_0732_, 85.81, 136, 0.00103929
_0801_, 85.81, 136, 0.00103929
_1078_, 85.81, 136, 0.00103929
_1089_, 85.81, 136, 0.00103929
_1090_, 85.81, 136, 0.00103929
_1091_, 85.81, 136, 0.00103929
FILLER_0_45_169, 85.81, 136, 0.00103929
FILLER_0_45_214, 109.5, 136, 0.00100156
FILLER_0_46_249, 121.345, 136, 0.000990904
FILLER_0_46_301, 140.425, 136, 0.000980253
PHY_86, 5.52, 130.56, 0.000967359
PHY_88, 5.52, 130.56, 0.000967359
PHY_87, 147.66, 130.56, 0.000979567
PHY_89, 147.66, 130.56, 0.000979567
_1108_, 38.43, 130.56, 0.000995306
_1114_, 38.43, 130.56, 0.000995306
_1250_, 38.43, 130.56, 0.000995306
hold93, 38.43, 130.56, 0.000995306
FILLER_0_44_79, 38.43, 130.56, 0.000995306
FILLER_0_45_82, 38.43, 130.56, 0.000995306
_1068_, 50.275, 130.56, 0.0010073
_1234_, 50.275, 130.56, 0.0010073
FILLER_0_43_95, 50.275, 130.56, 0.0010073
FILLER_0_44_85, 50.275, 130.56, 0.0010073
FILLER_0_45_108, 50.275, 130.56, 0.0010073
_0724_, 73.965, 130.56, 0.00104783
_0731_, 73.965, 130.56, 0.00104783
_1072_, 73.965, 130.56, 0.00104783
hold91, 73.965, 130.56, 0.00104783
FILLER_0_44_153, 73.965, 130.56, 0.00104783
FILLER_0_45_152, 73.965, 130.56, 0.00104783
_1077_, 85.81, 130.56, 0.0010445
_1082_, 85.81, 130.56, 0.0010445
_1242_, 85.81, 130.56, 0.0010445
max_cap2, 85.81, 130.56, 0.0010445
FILLER_0_43_165, 85.81, 130.56, 0.0010445
FILLER_0_43_169, 85.81, 130.56, 0.0010445
FILLER_0_44_165, 85.81, 130.56, 0.0010445
FILLER_0_44_175, 85.81, 130.56, 0.0010445
FILLER_0_44_183, 85.81, 130.56, 0.0010445
FILLER_0_45_181, 85.81, 130.56, 0.0010445
FILLER_0_43_215, 109.5, 130.56, 0.00100276
FILLER_0_44_245, 121.345, 130.56, 0.000991162
FILLER_0_44_301, 140.425, 130.56, 0.000979567
PHY_82, 5.52, 125.12, 0.000984893
PHY_84, 5.52, 125.12, 0.000984893
PHY_83, 147.66, 125.12, 0.00101151
PHY_85, 147.66, 125.12, 0.00101151
_1097_, 16.052, 125.12, 0.000984893
_1243_, 16.052, 125.12, 0.000984893
_1244_, 16.052, 125.12, 0.000984893
FILLER_0_42_15, 16.052, 125.12, 0.000984893
_0778_, 38.43, 125.12, 0.000992178
_0827_, 38.43, 125.12, 0.000992178
_1113_, 38.43, 125.12, 0.000992178
hold68, 38.43, 125.12, 0.000992178
FILLER_0_42_62, 38.43, 125.12, 0.000992178
_1057_, 50.275, 125.12, 0.001015
_1071_, 50.275, 125.12, 0.001015
_1218_, 50.275, 125.12, 0.001015
hold123, 50.275, 125.12, 0.001015
hold134, 50.275, 125.12, 0.001015
FILLER_0_43_109, 50.275, 125.12, 0.001015
_0721_, 73.965, 125.12, 0.00111954
_0726_, 73.965, 125.12, 0.00111954
_0730_, 73.965, 125.12, 0.00111954
_0745_, 73.965, 125.12, 0.00111954
max_cap7, 73.965, 125.12, 0.00111954
_0714_, 85.81, 125.12, 0.00111885
_0737_, 85.81, 125.12, 0.00111885
_0755_, 85.81, 125.12, 0.00111885
FILLER_0_43_179, 85.81, 125.12, 0.00111885
_1174_, 109.5, 125.12, 0.00109628
_1309_, 109.5, 125.12, 0.00109628
FILLER_0_41_219, 109.5, 125.12, 0.00109628
hold1, 121.345, 125.12, 0.00106339
hold5, 121.345, 125.12, 0.00106339
FILLER_0_42_301, 140.425, 125.12, 0.00101151
PHY_78, 5.52, 119.68, 0.000940752
PHY_80, 5.52, 119.68, 0.000940752
PHY_79, 147.66, 119.68, 0.000994053
PHY_81, 147.66, 119.68, 0.000994053
_1099_, 16.052, 119.68, 0.000940752
FILLER_0_40_29, 16.052, 119.68, 0.000940752
FILLER_0_41_27, 16.052, 119.68, 0.000940752
FILLER_0_41_34, 16.052, 119.68, 0.000940752
_1111_, 38.43, 119.68, 0.000986537
_1112_, 38.43, 119.68, 0.000986537
_1249_, 38.43, 119.68, 0.000986537
hold78, 38.43, 119.68, 0.000986537
FILLER_0_39_64, 38.43, 119.68, 0.000986537
FILLER_0_40_81, 38.43, 119.68, 0.000986537
FILLER_0_41_83, 38.43, 119.68, 0.000986537
_1026_, 50.275, 119.68, 0.00101667
_1028_, 50.275, 119.68, 0.00101667
_1029_, 50.275, 119.68, 0.00101667
_1037_, 50.275, 119.68, 0.00101667
_1222_, 50.275, 119.68, 0.00101667
FILLER_0_41_107, 50.275, 119.68, 0.00101667
_0725_, 73.965, 119.68, 0.00110147
_0740_, 73.965, 119.68, 0.00110147
_0751_, 73.965, 119.68, 0.00110147
_0761_, 73.965, 119.68, 0.00110147
FILLER_0_40_141, 73.965, 119.68, 0.00110147
FILLER_0_40_157, 73.965, 119.68, 0.00110147
_0715_, 85.81, 119.68, 0.00112208
_0722_, 85.81, 119.68, 0.00112208
_1311_, 85.81, 119.68, 0.00112208
FILLER_0_41_176, 85.81, 119.68, 0.00112208
_0894_, 109.5, 119.68, 0.00106641
_1175_, 109.5, 119.68, 0.00106641
FILLER_0_40_220, 109.5, 119.68, 0.00106641
_0857_, 121.345, 119.68, 0.00103092
FILLER_0_40_301, 140.425, 119.68, 0.000994053
PHY_74, 5.52, 114.24, 0.000957524
PHY_76, 5.52, 114.24, 0.000957524
PHY_75, 147.66, 114.24, 0.000990313
PHY_77, 147.66, 114.24, 0.000990313
_1117_, 16.052, 114.24, 0.000957524
_1118_, 16.052, 114.24, 0.000957524
_1251_, 16.052, 114.24, 0.000957524
FILLER_0_37_15, 16.052, 114.24, 0.000957524
FILLER_0_38_15, 16.052, 114.24, 0.000957524
FILLER_0_39_27, 16.052, 114.24, 0.000957524
_0777_, 38.43, 114.24, 0.000978155
_1217_, 38.43, 114.24, 0.000978155
hold34, 38.43, 114.24, 0.000978155
FILLER_0_37_66, 38.43, 114.24, 0.000978155
FILLER_0_38_74, 38.43, 114.24, 0.000978155
FILLER_0_39_77, 38.43, 114.24, 0.000978155
_0752_, 50.275, 114.24, 0.000995819
_1027_, 50.275, 114.24, 0.000995819
_1038_, 50.275, 114.24, 0.000995819
_1039_, 50.275, 114.24, 0.000995819
_1221_, 50.275, 114.24, 0.000995819
_0723_, 73.965, 114.24, 0.00103745
_1226_, 73.965, 114.24, 0.00103745
hold113, 73.965, 114.24, 0.00103745
FILLER_0_38_137, 73.965, 114.24, 0.00103745
FILLER_0_38_161, 73.965, 114.24, 0.00103745
FILLER_0_39_158, 73.965, 114.24, 0.00103745
_1007_, 85.81, 114.24, 0.00103674
_1047_, 85.81, 114.24, 0.00103674
_1049_, 85.81, 114.24, 0.00103674
wire1, 85.81, 114.24, 0.00103674
FILLER_0_38_168, 85.81, 114.24, 0.00103674
_0865_, 109.5, 114.24, 0.00107101
_0866_, 109.5, 114.24, 0.00107101
_0867_, 109.5, 114.24, 0.00107101
_0892_, 109.5, 114.24, 0.00107101
_1173_, 109.5, 114.24, 0.00107101
hold4, 109.5, 114.24, 0.00107101
FILLER_0_38_247, 121.345, 114.24, 0.00103066
FILLER_0_38_301, 140.425, 114.24, 0.000990313
PHY_70, 5.52, 108.8, 0.000898489
PHY_72, 5.52, 108.8, 0.000898489
PHY_71, 147.66, 108.8, 0.00100009
PHY_73, 147.66, 108.8, 0.00100009
_1119_, 16.052, 108.8, 0.000898489
_1252_, 16.052, 108.8, 0.000898489
FILLER_0_36_29, 16.052, 108.8, 0.000898489
_1105_, 38.43, 108.8, 0.000902493
_1110_, 38.43, 108.8, 0.000902493
_1115_, 38.43, 108.8, 0.000902493
_1120_, 38.43, 108.8, 0.000902493
_1025_, 50.275, 108.8, 0.000918862
_1035_, 50.275, 108.8, 0.000918862
_1036_, 50.275, 108.8, 0.000918862
hold69, 50.275, 108.8, 0.000918862
FILLER_0_36_97, 50.275, 108.8, 0.000918862
FILLER_0_36_106, 50.275, 108.8, 0.000918862
_0946_, 73.965, 108.8, 0.00101161
_0963_, 73.965, 108.8, 0.00101161
_1008_, 73.965, 108.8, 0.00101161
_1050_, 73.965, 108.8, 0.00101161
_1051_, 73.965, 108.8, 0.00101161
hold36, 73.965, 108.8, 0.00101161
hold39, 73.965, 108.8, 0.00101161
FILLER_0_35_140, 73.965, 108.8, 0.00101161
_0895_, 85.81, 108.8, 0.00107598
_0933_, 85.81, 108.8, 0.00107598
_0952_, 85.81, 108.8, 0.00107598
_0969_, 85.81, 108.8, 0.00107598
_0975_, 85.81, 108.8, 0.00107598
_0981_, 85.81, 108.8, 0.00107598
FILLER_0_37_178, 85.81, 108.8, 0.00107598
_0885_, 109.5, 108.8, 0.00109829
_0889_, 109.5, 108.8, 0.00109829
_0893_, 109.5, 108.8, 0.00109829
_0909_, 109.5, 108.8, 0.00109829
_1176_, 109.5, 108.8, 0.00109829
_0884_, 121.345, 108.8, 0.0010624
_0891_, 121.345, 108.8, 0.0010624
FILLER_0_36_248, 121.345, 108.8, 0.0010624
FILLER_0_36_301, 140.425, 108.8, 0.00100009
PHY_66, 5.52, 103.36, 0.000931836
PHY_68, 5.52, 103.36, 0.000931836
PHY_67, 147.66, 103.36, 0.000979648
PHY_69, 147.66, 103.36, 0.000979648
_1053_, 38.43, 103.36, 0.000928189
_1054_, 38.43, 103.36, 0.000928189
_1055_, 38.43, 103.36, 0.000928189
_1056_, 38.43, 103.36, 0.000928189
FILLER_0_33_65, 38.43, 103.36, 0.000928189
FILLER_0_34_69, 38.43, 103.36, 0.000928189
FILLER_0_35_76, 38.43, 103.36, 0.000928189
_1052_, 50.275, 103.36, 0.000922334
_1228_, 50.275, 103.36, 0.000922334
hold62, 50.275, 103.36, 0.000922334
FILLER_0_35_106, 50.275, 103.36, 0.000922334
_0807_, 73.965, 103.36, 0.000963859
_0940_, 73.965, 103.36, 0.000963859
_1048_, 73.965, 103.36, 0.000963859
_1130_, 73.965, 103.36, 0.000963859
_1225_, 73.965, 103.36, 0.000963859
FILLER_0_33_137, 73.965, 103.36, 0.000963859
FILLER_0_34_137, 73.965, 103.36, 0.000963859
FILLER_0_34_141, 73.965, 103.36, 0.000963859
_0743_, 85.81, 103.36, 0.00100874
_0896_, 85.81, 103.36, 0.00100874
_1006_, 85.81, 103.36, 0.00100874
_1093_, 85.81, 103.36, 0.00100874
wire8, 85.81, 103.36, 0.00100874
hold41, 85.81, 103.36, 0.00100874
FILLER_0_34_178, 85.81, 103.36, 0.00100874
FILLER_0_35_183, 85.81, 103.36, 0.00100874
_0890_, 109.5, 103.36, 0.00103628
_0898_, 109.5, 103.36, 0.00103628
FILLER_0_33_215, 109.5, 103.36, 0.00103628
_0902_, 121.345, 103.36, 0.00103197
_1178_, 121.345, 103.36, 0.00103197
fanout15, 121.345, 103.36, 0.00103197
PHY_62, 5.52, 97.92, 0.000865804
PHY_64, 5.52, 97.92, 0.000865804
PHY_63, 147.66, 97.92, 0.00101117
PHY_65, 147.66, 97.92, 0.00101117
output4, 147.66, 97.92, 0.00101117
_1269_, 16.052, 97.92, 0.000865804
hold140, 16.052, 97.92, 0.000865804
FILLER_0_33_27, 16.052, 97.92, 0.000865804
_1136_, 38.43, 97.92, 0.000869452
_1227_, 38.43, 97.92, 0.000869452
hold43, 38.43, 97.92, 0.000869452
FILLER_0_32_74, 38.43, 97.92, 0.000869452
FILLER_0_33_73, 38.43, 97.92, 0.000869452
_0747_, 50.275, 97.92, 0.000871606
_0753_, 50.275, 97.92, 0.000871606
_0808_, 50.275, 97.92, 0.000871606
_0809_, 50.275, 97.92, 0.000871606
_0812_, 50.275, 97.92, 0.000871606
_0744_, 73.965, 97.92, 0.000935272
_0806_, 73.965, 97.92, 0.000935272
_1134_, 73.965, 97.92, 0.000935272
_1258_, 73.965, 97.92, 0.000935272
hold82, 73.965, 97.92, 0.000935272
_0582_, 85.81, 97.92, 0.000982942
_1168_, 85.81, 97.92, 0.000982942
_1271_, 85.81, 97.92, 0.000982942
max_cap5, 85.81, 97.92, 0.000982942
max_cap10, 85.81, 97.92, 0.000982942
FILLER_0_31_164, 85.81, 97.92, 0.000982942
FILLER_0_31_169, 85.81, 97.92, 0.000982942
FILLER_0_32_185, 85.81, 97.92, 0.000982942
FILLER_0_33_187, 85.81, 97.92, 0.000982942
_1005_, 109.5, 97.92, 0.00101073
hold45, 109.5, 97.92, 0.00101073
FILLER_0_33_237, 109.5, 97.92, 0.00101073
_0888_, 121.345, 97.92, 0.0010318
_0899_, 121.345, 97.92, 0.0010318
_0900_, 121.345, 97.92, 0.0010318
_0904_, 121.345, 97.92, 0.0010318
_1177_, 121.345, 97.92, 0.0010318
PHY_58, 5.52, 92.48, 0.000831027
PHY_60, 5.52, 92.48, 0.000831027
FILLER_0_30_3, 5.52, 92.48, 0.000831027
PHY_59, 147.66, 92.48, 0.000965593
PHY_61, 147.66, 92.48, 0.000965593
_1165_, 16.052, 92.48, 0.000831027
_1166_, 16.052, 92.48, 0.000831027
_1270_, 16.052, 92.48, 0.000831027
FILLER_0_29_15, 16.052, 92.48, 0.000831027
FILLER_0_31_31, 16.052, 92.48, 0.000831027
_1146_, 38.43, 92.48, 0.000853443
_1147_, 38.43, 92.48, 0.000853443
_1148_, 38.43, 92.48, 0.000853443
_1150_, 38.43, 92.48, 0.000853443
_1152_, 38.43, 92.48, 0.000853443
_1263_, 38.43, 92.48, 0.000853443
hold109, 38.43, 92.48, 0.000853443
FILLER_0_31_76, 38.43, 92.48, 0.000853443
_0748_, 50.275, 92.48, 0.000872446
_0765_, 50.275, 92.48, 0.000872446
_0803_, 50.275, 92.48, 0.000872446
_1144_, 50.275, 92.48, 0.000872446
_1145_, 50.275, 92.48, 0.000872446
_1261_, 50.275, 92.48, 0.000872446
hold44, 50.275, 92.48, 0.000872446
_1125_, 73.965, 92.48, 0.000915208
_1131_, 73.965, 92.48, 0.000915208
max_cap6, 73.965, 92.48, 0.000915208
hold24, 73.965, 92.48, 0.000915208
_0583_, 85.81, 92.48, 0.000978301
_0584_, 85.81, 92.48, 0.000978301
_0736_, 85.81, 92.48, 0.000978301
_1167_, 85.81, 92.48, 0.000978301
_1272_, 85.81, 92.48, 0.000978301
hold22, 85.81, 92.48, 0.000978301
FILLER_0_29_165, 85.81, 92.48, 0.000978301
FILLER_0_30_162, 85.81, 92.48, 0.000978301
FILLER_0_31_186, 85.81, 92.48, 0.000978301
_1100_, 109.5, 92.48, 0.000999101
_1103_, 109.5, 92.48, 0.000999101
_1246_, 109.5, 92.48, 0.000999101
hold33, 109.5, 92.48, 0.000999101
FILLER_0_31_233, 109.5, 92.48, 0.000999101
_0881_, 121.345, 92.48, 0.00101019
_0882_, 121.345, 92.48, 0.00101019
_0901_, 121.345, 92.48, 0.00101019
_0903_, 121.345, 92.48, 0.00101019
clkbuf_4_15_0_clk, 121.345, 92.48, 0.00101019
FILLER_0_30_242, 121.345, 92.48, 0.00101019
FILLER_0_30_299, 140.425, 92.48, 0.000965593
PHY_54, 5.52, 87.04, 0.000760747
PHY_56, 5.52, 87.04, 0.000760747
PHY_55, 147.66, 87.04, 0.00095453
PHY_57, 147.66, 87.04, 0.00095453
_1163_, 16.052, 87.04, 0.000760747
FILLER_0_28_29, 16.052, 87.04, 0.000760747
_1149_, 38.43, 87.04, 0.000768265
_1264_, 38.43, 87.04, 0.000768265
hold72, 38.43, 87.04, 0.000768265
_0746_, 50.275, 87.04, 0.00076116
_1142_, 50.275, 87.04, 0.00076116
_1143_, 50.275, 87.04, 0.00076116
_1262_, 50.275, 87.04, 0.00076116
hold31, 50.275, 87.04, 0.00076116
_1128_, 73.965, 87.04, 0.000790231
_1129_, 73.965, 87.04, 0.000790231
_1161_, 73.965, 87.04, 0.000790231
hold60, 73.965, 87.04, 0.000790231
FILLER_0_28_141, 73.965, 87.04, 0.000790231
FILLER_0_28_154, 73.965, 87.04, 0.000790231
FILLER_0_28_160, 73.965, 87.04, 0.000790231
FILLER_0_29_157, 73.965, 87.04, 0.000790231
_0788_, 85.81, 87.04, 0.000839832
_0822_, 85.81, 87.04, 0.000839832
_1157_, 85.81, 87.04, 0.000839832
_1160_, 85.81, 87.04, 0.000839832
hold25, 85.81, 87.04, 0.000839832
FILLER_0_28_166, 85.81, 87.04, 0.000839832
FILLER_0_28_184, 85.81, 87.04, 0.000839832
_0589_, 109.5, 87.04, 0.000932246
_1023_, 109.5, 87.04, 0.000932246
_1104_, 109.5, 87.04, 0.000932246
FILLER_0_27_217, 109.5, 87.04, 0.000932246
_0883_, 121.345, 87.04, 0.000974984
_1171_, 121.345, 87.04, 0.000974984
hold13, 121.345, 87.04, 0.000974984
FILLER_0_28_246, 121.345, 87.04, 0.000974984
_0703_, 140.425, 87.04, 0.00095453
FILLER_0_28_299, 140.425, 87.04, 0.00095453
FILLER_0_29_300, 140.425, 87.04, 0.00095453
PHY_50, 5.52, 81.6, 0.000779304
PHY_52, 5.52, 81.6, 0.000779304
PHY_51, 147.66, 81.6, 0.000949863
PHY_53, 147.66, 81.6, 0.000949863
_1021_, 38.43, 81.6, 0.000886104
_1040_, 38.43, 81.6, 0.000886104
_1044_, 38.43, 81.6, 0.000886104
_1133_, 38.43, 81.6, 0.000886104
FILLER_0_26_79, 38.43, 81.6, 0.000886104
FILLER_0_27_74, 38.43, 81.6, 0.000886104
_1045_, 50.275, 81.6, 0.000851564
_1046_, 50.275, 81.6, 0.000851564
FILLER_0_26_109, 50.275, 81.6, 0.000851564
FILLER_0_27_108, 50.275, 81.6, 0.000851564
_1126_, 73.965, 81.6, 0.000981438
_1268_, 73.965, 81.6, 0.000981438
clkbuf_0_clk, 73.965, 81.6, 0.000981438
FILLER_0_26_150, 73.965, 81.6, 0.000981438
_0735_, 85.81, 81.6, 0.000953947
_0823_, 85.81, 81.6, 0.000953947
_1158_, 85.81, 81.6, 0.000953947
hold23, 85.81, 81.6, 0.000953947
FILLER_0_27_178, 85.81, 81.6, 0.000953947
_1022_, 109.5, 81.6, 0.000946663
_1216_, 109.5, 81.6, 0.000946663
hold21, 109.5, 81.6, 0.000946663
FILLER_0_25_216, 109.5, 81.6, 0.000946663
_0677_, 121.345, 81.6, 0.000978522
clkbuf_4_14_0_clk, 121.345, 81.6, 0.000978522
hold10, 121.345, 81.6, 0.000978522
FILLER_0_26_241, 121.345, 81.6, 0.000978522
FILLER_0_26_249, 121.345, 81.6, 0.000978522
FILLER_0_26_253, 121.345, 81.6, 0.000978522
_0855_, 140.425, 81.6, 0.000949863
hold144, 140.425, 81.6, 0.000949863
FILLER_0_26_292, 140.425, 81.6, 0.000949863
FILLER_0_27_298, 140.425, 81.6, 0.000949863
PHY_46, 5.52, 76.16, 0.000663219
PHY_48, 5.52, 76.16, 0.000663219
PHY_47, 147.66, 76.16, 0.000904157
PHY_49, 147.66, 76.16, 0.000904157
FILLER_0_24_302, 147.66, 76.16, 0.000904157
FILLER_0_24_29, 16.052, 76.16, 0.000663219
_1043_, 38.43, 76.16, 0.000670456
hold101, 38.43, 76.16, 0.000670456
hold129, 38.43, 76.16, 0.000670456
FILLER_0_24_70, 38.43, 76.16, 0.000670456
FILLER_0_24_78, 38.43, 76.16, 0.000670456
FILLER_0_25_81, 38.43, 76.16, 0.000670456
_1042_, 50.275, 76.16, 0.000674896
_1190_, 50.275, 76.16, 0.000674896
_1224_, 50.275, 76.16, 0.000674896
hold28, 50.275, 76.16, 0.000674896
FILLER_0_25_108, 50.275, 76.16, 0.000674896
_1255_, 73.965, 76.16, 0.000745471
_1267_, 73.965, 76.16, 0.000745471
hold70, 73.965, 76.16, 0.000745471
FILLER_0_23_146, 73.965, 76.16, 0.000745471
_0786_, 85.81, 76.16, 0.000812529
_0819_, 85.81, 76.16, 0.000812529
_0821_, 85.81, 76.16, 0.000812529
_0824_, 85.81, 76.16, 0.000812529
_0826_, 85.81, 76.16, 0.000812529
_1030_, 85.81, 76.16, 0.000812529
FILLER_0_24_185, 85.81, 76.16, 0.000812529
FILLER_0_25_178, 85.81, 76.16, 0.000812529
_0716_, 109.5, 76.16, 0.000935499
_0719_, 109.5, 76.16, 0.000935499
_0734_, 109.5, 76.16, 0.000935499
_0774_, 109.5, 76.16, 0.000935499
_1018_, 109.5, 76.16, 0.000935499
_1313_, 109.5, 76.16, 0.000935499
_1179_, 121.345, 76.16, 0.000940177
_1320_, 121.345, 76.16, 0.000940177
FILLER_0_24_253, 121.345, 76.16, 0.000940177
PHY_42, 5.52, 70.72, 0.00070925
PHY_44, 5.52, 70.72, 0.00070925
FILLER_0_22_3, 5.52, 70.72, 0.00070925
PHY_43, 147.66, 70.72, 0.000846782
PHY_45, 147.66, 70.72, 0.000846782
_0599_, 16.052, 70.72, 0.00070925
_0619_, 16.052, 70.72, 0.00070925
_1277_, 16.052, 70.72, 0.00070925
_1285_, 16.052, 70.72, 0.00070925
_1287_, 16.052, 70.72, 0.00070925
FILLER_0_21_15, 16.052, 70.72, 0.00070925
FILLER_0_23_27, 16.052, 70.72, 0.00070925
_0617_, 38.43, 70.72, 0.000679483
_0620_, 38.43, 70.72, 0.000679483
_0757_, 38.43, 70.72, 0.000679483
_0764_, 38.43, 70.72, 0.000679483
_1223_, 38.43, 70.72, 0.000679483
_1288_, 38.43, 70.72, 0.000679483
FILLER_0_23_79, 38.43, 70.72, 0.000679483
_0622_, 50.275, 70.72, 0.00064067
_0783_, 50.275, 70.72, 0.00064067
_1041_, 50.275, 70.72, 0.00064067
_1189_, 50.275, 70.72, 0.00064067
hold19, 50.275, 70.72, 0.00064067
FILLER_0_22_90, 50.275, 70.72, 0.00064067
_0631_, 73.965, 70.72, 0.000667538
_0792_, 73.965, 70.72, 0.000667538
_1032_, 73.965, 70.72, 0.000667538
_1159_, 73.965, 70.72, 0.000667538
_1290_, 73.965, 70.72, 0.000667538
FILLER_0_22_141, 73.965, 70.72, 0.000667538
FILLER_0_23_154, 73.965, 70.72, 0.000667538
FILLER_0_23_160, 73.965, 70.72, 0.000667538
_1031_, 85.81, 70.72, 0.000727254
_1033_, 85.81, 70.72, 0.000727254
_1034_, 85.81, 70.72, 0.000727254
_1219_, 85.81, 70.72, 0.000727254
_1220_, 85.81, 70.72, 0.000727254
_1019_, 109.5, 70.72, 0.000808213
_1312_, 109.5, 70.72, 0.000808213
hold40, 109.5, 70.72, 0.000808213
FILLER_0_21_225, 109.5, 70.72, 0.000808213
FILLER_0_22_217, 109.5, 70.72, 0.000808213
_1015_, 121.345, 70.72, 0.000832996
_1180_, 121.345, 70.72, 0.000832996
FILLER_0_22_242, 121.345, 70.72, 0.000832996
FILLER_0_22_253, 121.345, 70.72, 0.000832996
FILLER_0_22_261, 121.345, 70.72, 0.000832996
FILLER_0_23_263, 121.345, 70.72, 0.000832996
_0683_, 140.425, 70.72, 0.000846782
FILLER_0_22_299, 140.425, 70.72, 0.000846782
PHY_38, 5.52, 65.28, 0.000632672
PHY_40, 5.52, 65.28, 0.000632672
PHY_39, 147.66, 65.28, 0.000829656
PHY_41, 147.66, 65.28, 0.000829656
_0598_, 16.052, 65.28, 0.000632672
_0600_, 16.052, 65.28, 0.000632672
_0601_, 16.052, 65.28, 0.000632672
_1278_, 16.052, 65.28, 0.000632672
hold124, 16.052, 65.28, 0.000632672
FILLER_0_20_15, 16.052, 65.28, 0.000632672
FILLER_0_20_22, 16.052, 65.28, 0.000632672
_0625_, 38.43, 65.28, 0.000605996
_0658_, 38.43, 65.28, 0.000605996
_0840_, 38.43, 65.28, 0.000605996
hold74, 38.43, 65.28, 0.000605996
FILLER_0_20_81, 38.43, 65.28, 0.000605996
FILLER_0_20_109, 50.275, 65.28, 0.000571491
FILLER_0_21_109, 50.275, 65.28, 0.000571491
_0629_, 73.965, 65.28, 0.000635234
_0630_, 73.965, 65.28, 0.000635234
_0791_, 73.965, 65.28, 0.000635234
_1289_, 73.965, 65.28, 0.000635234
hold48, 73.965, 65.28, 0.000635234
FILLER_0_20_141, 73.965, 65.28, 0.000635234
_0627_, 85.81, 65.28, 0.000693553
_0796_, 85.81, 65.28, 0.000693553
_0825_, 85.81, 65.28, 0.000693553
hold30, 85.81, 65.28, 0.000693553
FILLER_0_19_165, 85.81, 65.28, 0.000693553
FILLER_0_19_169, 85.81, 65.28, 0.000693553
FILLER_0_20_172, 85.81, 65.28, 0.000693553
_1013_, 109.5, 65.28, 0.000793122
_1014_, 109.5, 65.28, 0.000793122
_1020_, 109.5, 65.28, 0.000793122
_1213_, 109.5, 65.28, 0.000793122
_1215_, 109.5, 65.28, 0.000793122
hold77, 109.5, 65.28, 0.000793122
FILLER_0_20_214, 109.5, 65.28, 0.000793122
_0905_, 121.345, 65.28, 0.000810559
_1017_, 121.345, 65.28, 0.000810559
hold100, 121.345, 65.28, 0.000810559
_0682_, 140.425, 65.28, 0.000829656
hold145, 140.425, 65.28, 0.000829656
PHY_34, 5.52, 59.84, 0.000683856
PHY_36, 5.52, 59.84, 0.000683856
FILLER_0_19_3, 5.52, 59.84, 0.000683856
FILLER_0_19_11, 5.52, 59.84, 0.000683856
PHY_35, 147.66, 59.84, 0.000876532
PHY_37, 147.66, 59.84, 0.000876532
_0606_, 16.052, 59.84, 0.000683856
hold131, 16.052, 59.84, 0.000683856
FILLER_0_19_30, 16.052, 59.84, 0.000683856
_0836_, 38.43, 59.84, 0.000676105
_0842_, 38.43, 59.84, 0.000676105
hold85, 38.43, 59.84, 0.000676105
FILLER_0_18_80, 38.43, 59.84, 0.000676105
_0642_, 50.275, 59.84, 0.000653246
_0643_, 50.275, 59.84, 0.000653246
_0782_, 50.275, 59.84, 0.000653246
_0951_, 50.275, 59.84, 0.000653246
_1192_, 50.275, 59.84, 0.000653246
FILLER_0_17_89, 50.275, 59.84, 0.000653246
FILLER_0_19_101, 50.275, 59.84, 0.000653246
_0628_, 73.965, 59.84, 0.000685797
_0953_, 73.965, 59.84, 0.000685797
hold46, 73.965, 59.84, 0.000685797
FILLER_0_17_141, 73.965, 59.84, 0.000685797
FILLER_0_18_141, 73.965, 59.84, 0.000685797
_0663_, 85.81, 59.84, 0.00075108
_0795_, 85.81, 59.84, 0.00075108
_0797_, 85.81, 59.84, 0.00075108
FILLER_0_19_182, 85.81, 59.84, 0.00075108
_1016_, 109.5, 59.84, 0.000834801
_1214_, 109.5, 59.84, 0.000834801
hold136, 109.5, 59.84, 0.000834801
FILLER_0_17_215, 109.5, 59.84, 0.000834801
FILLER_0_17_225, 109.5, 59.84, 0.000834801
FILLER_0_18_221, 109.5, 59.84, 0.000834801
_0691_, 121.345, 59.84, 0.000869514
_0699_, 121.345, 59.84, 0.000869514
FILLER_0_18_245, 121.345, 59.84, 0.000869514
FILLER_0_18_253, 121.345, 59.84, 0.000869514
FILLER_0_18_300, 140.425, 59.84, 0.000876532
FILLER_0_19_300, 140.425, 59.84, 0.000876532
_1280_, 5.52, 54.4, 0.000788986
PHY_30, 5.52, 54.4, 0.000788986
PHY_32, 5.52, 54.4, 0.000788986
FILLER_0_16_3, 5.52, 54.4, 0.000788986
FILLER_0_17_3, 5.52, 54.4, 0.000788986
FILLER_0_17_11, 5.52, 54.4, 0.000788986
PHY_31, 147.66, 54.4, 0.000955853
PHY_33, 147.66, 54.4, 0.000955853
_0605_, 16.052, 54.4, 0.000776858
_1276_, 16.052, 54.4, 0.000776858
hold107, 16.052, 54.4, 0.000776858
FILLER_0_17_25, 16.052, 54.4, 0.000776858
_0602_, 38.43, 54.4, 0.000783318
_0612_, 38.43, 54.4, 0.000783318
_0647_, 38.43, 54.4, 0.000783318
_0648_, 38.43, 54.4, 0.000783318
_0837_, 38.43, 54.4, 0.000783318
_0843_, 38.43, 54.4, 0.000783318
hold146, 38.43, 54.4, 0.000783318
FILLER_0_16_79, 38.43, 54.4, 0.000783318
_0644_, 50.275, 54.4, 0.000776485
_0646_, 50.275, 54.4, 0.000776485
_0949_, 50.275, 54.4, 0.000776485
_1295_, 50.275, 54.4, 0.000776485
_1296_, 50.275, 54.4, 0.000776485
hold88, 50.275, 54.4, 0.000776485
FILLER_0_16_105, 50.275, 54.4, 0.000776485
_0920_, 73.965, 54.4, 0.000756664
_0921_, 73.965, 54.4, 0.000756664
_0923_, 73.965, 54.4, 0.000756664
_0926_, 73.965, 54.4, 0.000756664
hold54, 73.965, 54.4, 0.000756664
FILLER_0_16_137, 73.965, 54.4, 0.000756664
_0591_, 85.81, 54.4, 0.000802282
_0793_, 85.81, 54.4, 0.000802282
_0794_, 85.81, 54.4, 0.000802282
hold29, 85.81, 54.4, 0.000802282
FILLER_0_15_162, 85.81, 54.4, 0.000802282
FILLER_0_16_166, 85.81, 54.4, 0.000802282
FILLER_0_16_187, 85.81, 54.4, 0.000802282
_0871_, 109.5, 54.4, 0.000894624
_0872_, 109.5, 54.4, 0.000894624
_1314_, 109.5, 54.4, 0.000894624
hold61, 109.5, 54.4, 0.000894624
_0713_, 121.345, 54.4, 0.000928232
_1319_, 121.345, 54.4, 0.000928232
hold2, 121.345, 54.4, 0.000928232
FILLER_0_16_249, 121.345, 54.4, 0.000928232
FILLER_0_17_258, 121.345, 54.4, 0.000928232
_0693_, 140.425, 54.4, 0.000955853
_0701_, 140.425, 54.4, 0.000955853
_0709_, 140.425, 54.4, 0.000955853
hold12, 140.425, 54.4, 0.000955853
_0603_, 5.52, 48.96, 0.000790996
_1279_, 5.52, 48.96, 0.000790996
PHY_26, 5.52, 48.96, 0.000790996
PHY_28, 5.52, 48.96, 0.000790996
FILLER_0_14_3, 5.52, 48.96, 0.000790996
FILLER_0_15_3, 5.52, 48.96, 0.000790996
PHY_27, 147.66, 48.96, 0.000970079
PHY_29, 147.66, 48.96, 0.000970079
_0593_, 16.052, 48.96, 0.000778183
_0594_, 16.052, 48.96, 0.000778183
_0595_, 16.052, 48.96, 0.000778183
_0596_, 16.052, 48.96, 0.000778183
_0604_, 16.052, 48.96, 0.000778183
_1275_, 16.052, 48.96, 0.000778183
_0607_, 38.43, 48.96, 0.000775615
_0650_, 38.43, 48.96, 0.000775615
_0781_, 50.275, 48.96, 0.000794661
clkbuf_4_2_0_clk, 50.275, 48.96, 0.000794661
hold108, 50.275, 48.96, 0.000794661
FILLER_0_14_93, 50.275, 48.96, 0.000794661
_0846_, 73.965, 48.96, 0.000814184
_0922_, 73.965, 48.96, 0.000814184
_0970_, 73.965, 48.96, 0.000814184
_1183_, 73.965, 48.96, 0.000814184
_1201_, 73.965, 48.96, 0.000814184
hold38, 73.965, 48.96, 0.000814184
FILLER_0_13_139, 73.965, 48.96, 0.000814184
FILLER_0_15_154, 73.965, 48.96, 0.000814184
_0854_, 85.81, 48.96, 0.000862054
_0934_, 85.81, 48.96, 0.000862054
_0976_, 85.81, 48.96, 0.000862054
_0977_, 85.81, 48.96, 0.000862054
hold117, 85.81, 48.96, 0.000862054
FILLER_0_13_164, 85.81, 48.96, 0.000862054
FILLER_0_14_187, 85.81, 48.96, 0.000862054
FILLER_0_15_180, 85.81, 48.96, 0.000862054
_1315_, 109.5, 48.96, 0.00100227
_1316_, 109.5, 48.96, 0.00100227
FILLER_0_13_215, 109.5, 48.96, 0.00100227
FILLER_0_14_216, 109.5, 48.96, 0.00100227
_0685_, 121.345, 48.96, 0.00106946
_0687_, 121.345, 48.96, 0.00106946
_1325_, 121.345, 48.96, 0.00106946
clkbuf_4_10_0_clk, 121.345, 48.96, 0.00106946
clkbuf_4_11_0_clk, 121.345, 48.96, 0.00106946
FILLER_0_14_264, 121.345, 48.96, 0.00106946
FILLER_0_15_257, 121.345, 48.96, 0.00106946
_0680_, 140.425, 48.96, 0.000970079
_0681_, 140.425, 48.96, 0.000970079
_0710_, 140.425, 48.96, 0.000970079
hold11, 140.425, 48.96, 0.000970079
FILLER_0_14_300, 140.425, 48.96, 0.000970079
FILLER_0_15_300, 140.425, 48.96, 0.000970079
PHY_22, 5.52, 43.52, 0.000736251
PHY_24, 5.52, 43.52, 0.000736251
FILLER_0_13_3, 5.52, 43.52, 0.000736251
PHY_23, 147.66, 43.52, 0.000923546
PHY_25, 147.66, 43.52, 0.000923546
FILLER_0_12_302, 147.66, 43.52, 0.000923546
hold63, 16.052, 43.52, 0.000736251
_0763_, 38.43, 43.52, 0.000767998
_0839_, 38.43, 43.52, 0.000767998
hold133, 38.43, 43.52, 0.000767998
FILLER_0_11_70, 38.43, 43.52, 0.000767998
FILLER_0_12_75, 38.43, 43.52, 0.000767998
_0638_, 50.275, 43.52, 0.000787719
_0639_, 50.275, 43.52, 0.000787719
_0641_, 50.275, 43.52, 0.000787719
_1294_, 50.275, 43.52, 0.000787719
hold122, 50.275, 43.52, 0.000787719
hold142, 50.275, 43.52, 0.000787719
FILLER_0_11_85, 50.275, 43.52, 0.000787719
FILLER_0_12_85, 50.275, 43.52, 0.000787719
FILLER_0_12_94, 50.275, 43.52, 0.000787719
_0978_, 73.965, 43.52, 0.000840145
_0980_, 73.965, 43.52, 0.000840145
hold56, 73.965, 43.52, 0.000840145
FILLER_0_11_143, 73.965, 43.52, 0.000840145
FILLER_0_12_149, 73.965, 43.52, 0.000840145
FILLER_0_12_156, 73.965, 43.52, 0.000840145
_0979_, 85.81, 43.52, 0.000925072
_1202_, 85.81, 43.52, 0.000925072
clkbuf_4_9_0_clk, 85.81, 43.52, 0.000925072
hold58, 85.81, 43.52, 0.000925072
FILLER_0_12_187, 85.81, 43.52, 0.000925072
_0906_, 109.5, 43.52, 0.00101159
_0998_, 109.5, 43.52, 0.00101159
_1151_, 109.5, 43.52, 0.00101159
FILLER_0_11_217, 109.5, 43.52, 0.00101159
FILLER_0_12_228, 109.5, 43.52, 0.00101159
_0686_, 121.345, 43.52, 0.000974276
_0688_, 121.345, 43.52, 0.000974276
FILLER_0_12_249, 121.345, 43.52, 0.000974276
_0679_, 140.425, 43.52, 0.000923546
hold7, 140.425, 43.52, 0.000923546
PHY_18, 5.52, 38.08, 0.000768142
PHY_20, 5.52, 38.08, 0.000768142
PHY_19, 147.66, 38.08, 0.00094608
PHY_21, 147.66, 38.08, 0.00094608
_0610_, 16.052, 38.08, 0.000768142
_0611_, 16.052, 38.08, 0.000768142
_1282_, 16.052, 38.08, 0.000768142
hold110, 16.052, 38.08, 0.000768142
FILLER_0_9_15, 16.052, 38.08, 0.000768142
FILLER_0_10_15, 16.052, 38.08, 0.000768142
FILLER_0_11_27, 16.052, 38.08, 0.000768142
_0655_, 38.43, 38.08, 0.000797774
_0760_, 38.43, 38.08, 0.000797774
hold64, 38.43, 38.08, 0.000797774
hold73, 38.43, 38.08, 0.000797774
hold143, 38.43, 38.08, 0.000797774
_0640_, 50.275, 38.08, 0.000815534
_0652_, 50.275, 38.08, 0.000815534
_0656_, 50.275, 38.08, 0.000815534
_1293_, 50.275, 38.08, 0.000815534
FILLER_0_10_107, 50.275, 38.08, 0.000815534
FILLER_0_11_107, 50.275, 38.08, 0.000815534
_0771_, 73.965, 38.08, 0.000889255
_0847_, 73.965, 38.08, 0.000889255
_0849_, 73.965, 38.08, 0.000889255
hold87, 73.965, 38.08, 0.000889255
_0772_, 85.81, 38.08, 0.000962311
_0773_, 85.81, 38.08, 0.000962311
_0851_, 85.81, 38.08, 0.000962311
_0915_, 85.81, 38.08, 0.000962311
_0916_, 85.81, 38.08, 0.000962311
_0958_, 85.81, 38.08, 0.000962311
_0962_, 85.81, 38.08, 0.000962311
_0982_, 85.81, 38.08, 0.000962311
_1196_, 85.81, 38.08, 0.000962311
hold81, 85.81, 38.08, 0.000962311
FILLER_0_11_182, 85.81, 38.08, 0.000962311
_0674_, 109.5, 38.08, 0.00102375
_0862_, 109.5, 38.08, 0.00102375
_0863_, 109.5, 38.08, 0.00102375
_0907_, 109.5, 38.08, 0.00102375
hold103, 109.5, 38.08, 0.00102375
FILLER_0_9_221, 109.5, 38.08, 0.00102375
FILLER_0_9_225, 109.5, 38.08, 0.00102375
FILLER_0_10_229, 109.5, 38.08, 0.00102375
_0675_, 121.345, 38.08, 0.00100516
_1317_, 121.345, 38.08, 0.00100516
FILLER_0_10_249, 121.345, 38.08, 0.00100516
FILLER_0_11_261, 121.345, 38.08, 0.00100516
_0672_, 140.425, 38.08, 0.00094608
_0673_, 140.425, 38.08, 0.00094608
hold6, 140.425, 38.08, 0.00094608
PHY_14, 5.52, 32.64, 0.0008176
PHY_16, 5.52, 32.64, 0.0008176
PHY_15, 147.66, 32.64, 0.000860986
PHY_17, 147.66, 32.64, 0.000860986
_0609_, 16.052, 32.64, 0.0008176
_1281_, 16.052, 32.64, 0.0008176
FILLER_0_8_15, 16.052, 32.64, 0.0008176
FILLER_0_8_29, 16.052, 32.64, 0.0008176
_0613_, 38.43, 32.64, 0.000843591
_1299_, 38.43, 32.64, 0.000843591
_1300_, 38.43, 32.64, 0.000843591
_0654_, 50.275, 32.64, 0.000835645
_0762_, 50.275, 32.64, 0.000835645
_1169_, 50.275, 32.64, 0.000835645
_1170_, 50.275, 32.64, 0.000835645
hold96, 50.275, 32.64, 0.000835645
hold120, 50.275, 32.64, 0.000835645
FILLER_0_7_97, 50.275, 32.64, 0.000835645
_0927_, 73.965, 32.64, 0.000810927
_0928_, 73.965, 32.64, 0.000810927
_1185_, 73.965, 32.64, 0.000810927
hold112, 73.965, 32.64, 0.000810927
FILLER_0_8_161, 73.965, 32.64, 0.000810927
_0775_, 85.81, 32.64, 0.000823545
_0850_, 85.81, 32.64, 0.000823545
_0961_, 85.81, 32.64, 0.000823545
FILLER_0_9_185, 85.81, 32.64, 0.000823545
_0676_, 109.5, 32.64, 0.000852867
_0991_, 109.5, 32.64, 0.000852867
_0992_, 109.5, 32.64, 0.000852867
hold116, 109.5, 32.64, 0.000852867
FILLER_0_7_216, 109.5, 32.64, 0.000852867
FILLER_0_9_233, 109.5, 32.64, 0.000852867
_1329_, 121.345, 32.64, 0.000866388
FILLER_0_8_242, 121.345, 32.64, 0.000866388
FILLER_0_8_253, 121.345, 32.64, 0.000866388
FILLER_0_9_301, 140.425, 32.64, 0.000860986
PHY_10, 5.52, 27.2, 0.000741865
PHY_12, 5.52, 27.2, 0.000741865
PHY_11, 147.66, 27.2, 0.000855371
PHY_13, 147.66, 27.2, 0.000855371
_0653_, 38.43, 27.2, 0.000753772
hold127, 38.43, 27.2, 0.000753772
FILLER_0_6_80, 38.43, 27.2, 0.000753772
FILLER_0_7_73, 38.43, 27.2, 0.000753772
_0875_, 50.275, 27.2, 0.000751914
_0768_, 73.965, 27.2, 0.000787715
_0769_, 73.965, 27.2, 0.000787715
_0972_, 73.965, 27.2, 0.000787715
hold79, 73.965, 27.2, 0.000787715
FILLER_0_7_153, 73.965, 27.2, 0.000787715
_0938_, 85.81, 27.2, 0.00081567
_0959_, 85.81, 27.2, 0.00081567
hold50, 85.81, 27.2, 0.00081567
hold71, 85.81, 27.2, 0.00081567
FILLER_0_6_187, 85.81, 27.2, 0.00081567
_0918_, 109.5, 27.2, 0.000880445
_0989_, 109.5, 27.2, 0.000880445
_1205_, 109.5, 27.2, 0.000880445
_1206_, 109.5, 27.2, 0.000880445
_1318_, 109.5, 27.2, 0.000880445
FILLER_0_7_234, 109.5, 27.2, 0.000880445
hold98, 121.345, 27.2, 0.000868499
FILLER_0_6_247, 121.345, 27.2, 0.000868499
FILLER_0_6_301, 140.425, 27.2, 0.000855371
PHY_6, 5.52, 21.76, 0.000729256
PHY_8, 5.52, 21.76, 0.000729256
PHY_7, 147.66, 21.76, 0.000842688
PHY_9, 147.66, 21.76, 0.000842688
FILLER_0_4_77, 38.43, 21.76, 0.000742299
FILLER_0_4_109, 50.275, 21.76, 0.000755343
FILLER_0_5_105, 50.275, 21.76, 0.000755343
_0939_, 73.965, 21.76, 0.000812787
_0954_, 73.965, 21.76, 0.000812787
_0956_, 73.965, 21.76, 0.000812787
_0960_, 73.965, 21.76, 0.000812787
_1195_, 73.965, 21.76, 0.000812787
hold84, 73.965, 21.76, 0.000812787
hold105, 73.965, 21.76, 0.000812787
_0935_, 85.81, 21.76, 0.000839198
_0985_, 85.81, 21.76, 0.000839198
_1187_, 85.81, 21.76, 0.000839198
_1204_, 85.81, 21.76, 0.000839198
hold89, 85.81, 21.76, 0.000839198
_0913_, 109.5, 21.76, 0.00084016
_0917_, 109.5, 21.76, 0.00084016
_0990_, 109.5, 21.76, 0.00084016
hold118, 109.5, 21.76, 0.00084016
FILLER_0_4_248, 121.345, 21.76, 0.000841424
FILLER_0_4_301, 140.425, 21.76, 0.000842688
PHY_2, 5.52, 16.32, 0.000730072
PHY_4, 5.52, 16.32, 0.000730072
PHY_3, 147.66, 16.32, 0.000842156
PHY_5, 147.66, 16.32, 0.000842156
FILLER_0_2_77, 38.43, 16.32, 0.000742432
FILLER_0_3_105, 50.275, 16.32, 0.000754791
_0955_, 73.965, 16.32, 0.000806136
_0983_, 73.965, 16.32, 0.000806136
_0984_, 73.965, 16.32, 0.000806136
_0986_, 73.965, 16.32, 0.000806136
_1188_, 73.965, 16.32, 0.000806136
hold139, 73.965, 16.32, 0.000806136
FILLER_0_2_152, 73.965, 16.32, 0.000806136
_0936_, 85.81, 16.32, 0.000828286
_1203_, 85.81, 16.32, 0.000828286
hold141, 85.81, 16.32, 0.000828286
_0914_, 109.5, 16.32, 0.000839462
hold121, 109.5, 16.32, 0.000839462
hold137, 109.5, 16.32, 0.000839462
FILLER_0_1_220, 109.5, 16.32, 0.000839462
FILLER_0_2_244, 121.345, 16.32, 0.000840809
FILLER_0_2_301, 140.425, 16.32, 0.000842156
PHY_0, 5.52, 10.88, 0.000753785
output3, 5.52, 10.88, 0.000753785
PHY_1, 147.66, 10.88, 0.000836512
FILLER_0_0_21, 16.052, 10.88, 0.000743221
FILLER_0_0_81, 38.43, 10.88, 0.000735302
FILLER_0_0_109, 50.275, 10.88, 0.000737948
FILLER_0_1_105, 50.275, 10.88, 0.000737948
FILLER_0_0_137, 73.965, 10.88, 0.000764491
FILLER_0_1_161, 73.965, 10.88, 0.000764491
FILLER_0_0_165, 85.81, 10.88, 0.000788389
FILLER_0_0_221, 109.5, 10.88, 0.000820615
input2, 121.345, 10.88, 0.000828944
FILLER_0_0_249, 121.345, 10.88, 0.000828944

