Instance name,  X location,  Y location,  Voltage 
FILLER_0_51_277, 129.89, 149.6, 1.79935
FILLER_0_49_273, 129.89, 144.16, 1.79934
FILLER_0_47_273, 129.89, 138.72, 1.79934
FILLER_0_45_273, 129.89, 133.28, 1.79934
FILLER_0_43_273, 129.89, 127.84, 1.79935
FILLER_0_41_277, 129.89, 122.4, 1.79933
FILLER_0_39_271, 129.89, 116.96, 1.79935
FILLER_0_35_273, 129.89, 106.08, 1.79938
FILLER_0_33_276, 129.89, 100.64, 1.79938
_0880_, 129.89, 95.2, 1.79935
_0881_, 129.89, 95.2, 1.79935
_0882_, 129.89, 95.2, 1.79935
_0887_, 129.89, 95.2, 1.79935
_0858_, 129.89, 89.76, 1.79926
_0879_, 129.89, 89.76, 1.79926
hold13, 129.89, 89.76, 1.79926
_0677_, 129.89, 84.32, 1.79914
_0859_, 129.89, 84.32, 1.79914
_0860_, 129.89, 84.32, 1.79914
_1172_, 129.89, 84.32, 1.79914
hold10, 129.89, 84.32, 1.79914
hold16, 129.89, 84.32, 1.79914
_0678_, 129.89, 78.88, 1.79913
_1320_, 129.89, 78.88, 1.79913
fanout11, 129.89, 78.88, 1.79913
_1180_, 129.89, 73.44, 1.7991
hold8, 129.89, 73.44, 1.7991
FILLER_0_22_261, 129.89, 73.44, 1.7991
FILLER_0_23_263, 129.89, 73.44, 1.7991
_0712_, 129.89, 68, 1.79908
_0905_, 129.89, 68, 1.79908
hold9, 129.89, 68, 1.79908
_0691_, 129.89, 62.56, 1.79901
_0695_, 129.89, 62.56, 1.79901
_0696_, 129.89, 62.56, 1.79901
_0699_, 129.89, 62.56, 1.79901
_0705_, 129.89, 62.56, 1.79901
_0707_, 129.89, 62.56, 1.79901
_0694_, 129.89, 57.12, 1.79894
_0713_, 129.89, 57.12, 1.79894
_0870_, 129.89, 57.12, 1.79894
_1326_, 129.89, 57.12, 1.79894
FILLER_0_17_258, 129.89, 57.12, 1.79894
_0702_, 129.89, 51.68, 1.79887
_1325_, 129.89, 51.68, 1.79887
hold17, 129.89, 51.68, 1.79887
FILLER_0_14_264, 129.89, 51.68, 1.79887
_0692_, 129.89, 46.24, 1.79887
FILLER_0_12_269, 129.89, 46.24, 1.79887
FILLER_0_13_277, 129.89, 46.24, 1.79887
FILLER_0_14_272, 129.89, 46.24, 1.79887
_0689_, 129.89, 40.8, 1.79883
_1321_, 129.89, 40.8, 1.79883
_1328_, 129.89, 40.8, 1.79883
FILLER_0_10_265, 129.89, 40.8, 1.79883
FILLER_0_11_261, 129.89, 40.8, 1.79883
_1329_, 129.89, 35.36, 1.79889
FILLER_0_9_274, 129.89, 35.36, 1.79889
FILLER_0_7_270, 129.89, 29.92, 1.79892
FILLER_0_5_277, 129.89, 24.48, 1.79893
FILLER_0_0_270, 129.89, 13.6, 1.79893
FILLER_0_1_273, 129.89, 13.6, 1.79893
input1, 94.355, 149.6, 1.79933
FILLER_0_51_181, 94.355, 149.6, 1.79933
hold106, 94.355, 144.16, 1.79931
hold115, 94.355, 144.16, 1.79931
_1088_, 94.355, 138.72, 1.7993
_1089_, 94.355, 138.72, 1.7993
_1090_, 94.355, 138.72, 1.7993
_1091_, 94.355, 138.72, 1.7993
hold76, 94.355, 138.72, 1.7993
hold132, 94.355, 138.72, 1.7993
_1241_, 94.355, 133.28, 1.79929
_1242_, 94.355, 133.28, 1.79929
max_cap2, 94.355, 133.28, 1.79929
FILLER_0_44_183, 94.355, 133.28, 1.79929
FILLER_0_44_189, 94.355, 133.28, 1.79929
FILLER_0_45_181, 94.355, 133.28, 1.79929
_0729_, 94.355, 127.84, 1.7993
_1087_, 94.355, 127.84, 1.7993
FILLER_0_43_194, 94.355, 127.84, 1.7993
_1308_, 94.355, 122.4, 1.79925
_1311_, 94.355, 122.4, 1.79925
FILLER_0_40_193, 94.355, 122.4, 1.79925
_0758_, 94.355, 116.96, 1.7993
_1310_, 94.355, 116.96, 1.7993
FILLER_0_38_190, 94.355, 116.96, 1.7993
FILLER_0_39_193, 94.355, 116.96, 1.7993
_0895_, 94.355, 111.52, 1.79931
_0908_, 94.355, 111.52, 1.79931
_0952_, 94.355, 111.52, 1.79931
_0975_, 94.355, 111.52, 1.79931
_0999_, 94.355, 111.52, 1.79931
_0896_, 94.355, 106.08, 1.79935
_0897_, 94.355, 106.08, 1.79935
_0925_, 94.355, 106.08, 1.79935
_0932_, 94.355, 106.08, 1.79935
_0987_, 94.355, 106.08, 1.79935
_0993_, 94.355, 106.08, 1.79935
_1093_, 94.355, 106.08, 1.79935
_1094_, 94.355, 106.08, 1.79935
FILLER_0_35_183, 94.355, 106.08, 1.79935
_0582_, 94.355, 100.64, 1.7994
_0910_, 94.355, 100.64, 1.7994
_0911_, 94.355, 100.64, 1.7994
max_cap10, 94.355, 100.64, 1.7994
clkbuf_4_12_0_clk, 94.355, 100.64, 1.7994
FILLER_0_32_185, 94.355, 100.64, 1.7994
FILLER_0_32_193, 94.355, 100.64, 1.7994
FILLER_0_33_187, 94.355, 100.64, 1.7994
_0585_, 94.355, 95.2, 1.79938
_1024_, 94.355, 95.2, 1.79938
_1102_, 94.355, 95.2, 1.79938
_1167_, 94.355, 95.2, 1.79938
hold22, 94.355, 95.2, 1.79938
FILLER_0_30_193, 94.355, 95.2, 1.79938
FILLER_0_31_186, 94.355, 95.2, 1.79938
FILLER_0_31_194, 94.355, 95.2, 1.79938
FILLER_0_32_197, 94.355, 95.2, 1.79938
_0588_, 94.355, 89.76, 1.79929
_0788_, 94.355, 89.76, 1.79929
_1274_, 94.355, 89.76, 1.79929
wire9, 94.355, 89.76, 1.79929
hold35, 94.355, 89.76, 1.79929
FILLER_0_28_184, 94.355, 89.76, 1.79929
_0586_, 94.355, 84.32, 1.79915
_0587_, 94.355, 84.32, 1.79915
_0735_, 94.355, 84.32, 1.79915
_0823_, 94.355, 84.32, 1.79915
_1273_, 94.355, 84.32, 1.79915
FILLER_0_26_190, 94.355, 84.32, 1.79915
_0784_, 94.355, 78.88, 1.79916
_0826_, 94.355, 78.88, 1.79916
FILLER_0_24_185, 94.355, 78.88, 1.79916
FILLER_0_24_193, 94.355, 78.88, 1.79916
FILLER_0_25_199, 94.355, 78.88, 1.79916
FILLER_0_26_202, 94.355, 78.88, 1.79916
_0590_, 94.355, 73.44, 1.79911
_1034_, 94.355, 73.44, 1.79911
fanout13, 94.355, 73.44, 1.79911
hold18, 94.355, 73.44, 1.79911
FILLER_0_23_196, 94.355, 73.44, 1.79911
FILLER_0_24_197, 94.355, 73.44, 1.79911
_0785_, 94.355, 68, 1.79908
_0787_, 94.355, 68, 1.79908
_0790_, 94.355, 68, 1.79908
_0825_, 94.355, 68, 1.79908
FILLER_0_20_190, 94.355, 68, 1.79908
FILLER_0_21_196, 94.355, 68, 1.79908
FILLER_0_22_204, 94.355, 68, 1.79908
_0597_, 94.355, 62.56, 1.799
_0662_, 94.355, 62.56, 1.799
_0663_, 94.355, 62.56, 1.799
_0666_, 94.355, 62.56, 1.799
_1304_, 94.355, 62.56, 1.799
FILLER_0_19_182, 94.355, 62.56, 1.799
_0591_, 94.355, 57.12, 1.79896
_0664_, 94.355, 57.12, 1.79896
_0665_, 94.355, 57.12, 1.79896
_1303_, 94.355, 57.12, 1.79896
FILLER_0_16_187, 94.355, 57.12, 1.79896
FILLER_0_17_190, 94.355, 57.12, 1.79896
_0667_, 94.355, 51.68, 1.7989
_0668_, 94.355, 51.68, 1.7989
_0718_, 94.355, 51.68, 1.7989
_0798_, 94.355, 51.68, 1.7989
_0853_, 94.355, 51.68, 1.7989
_0854_, 94.355, 51.68, 1.7989
_0976_, 94.355, 51.68, 1.7989
FILLER_0_14_187, 94.355, 51.68, 1.7989
FILLER_0_16_197, 94.355, 51.68, 1.7989
_0671_, 94.355, 46.24, 1.79884
_1305_, 94.355, 46.24, 1.79884
_1306_, 94.355, 46.24, 1.79884
FILLER_0_12_187, 94.355, 46.24, 1.79884
FILLER_0_13_191, 94.355, 46.24, 1.79884
_0851_, 94.355, 40.8, 1.79877
_0876_, 94.355, 40.8, 1.79877
_0915_, 94.355, 40.8, 1.79877
_0937_, 94.355, 40.8, 1.79877
_0994_, 94.355, 40.8, 1.79877
clkbuf_4_8_0_clk, 94.355, 40.8, 1.79877
FILLER_0_11_182, 94.355, 40.8, 1.79877
FILLER_0_11_196, 94.355, 40.8, 1.79877
FILLER_0_11_205, 94.355, 40.8, 1.79877
_0852_, 94.355, 35.36, 1.79888
_0995_, 94.355, 35.36, 1.79888
_1207_, 94.355, 35.36, 1.79888
FILLER_0_9_185, 94.355, 35.36, 1.79888
FILLER_0_10_197, 94.355, 35.36, 1.79888
_0996_, 94.355, 29.92, 1.7989
_1208_, 94.355, 29.92, 1.7989
FILLER_0_6_187, 94.355, 29.92, 1.7989
FILLER_0_7_202, 94.355, 29.92, 1.7989
_0767_, 94.355, 24.48, 1.7989
hold89, 94.355, 24.48, 1.7989
hold97, 94.355, 24.48, 1.7989
FILLER_0_4_191, 94.355, 24.48, 1.7989
FILLER_0_5_195, 94.355, 24.48, 1.7989
_0936_, 94.355, 19.04, 1.79889
_1001_, 94.355, 19.04, 1.79889
_1209_, 94.355, 19.04, 1.79889
FILLER_0_2_193, 94.355, 19.04, 1.79889
FILLER_0_3_188, 94.355, 19.04, 1.79889
_1002_, 94.355, 13.6, 1.7989
_1004_, 94.355, 13.6, 1.7989
_1181_, 94.355, 13.6, 1.7989
_1182_, 94.355, 13.6, 1.7989
FILLER_0_0_193, 94.355, 13.6, 1.7989
_1066_, 58.82, 149.6, 1.79927
FILLER_0_51_109, 58.82, 149.6, 1.79927
_1231_, 58.82, 144.16, 1.79924
_1232_, 58.82, 144.16, 1.79924
hold75, 58.82, 144.16, 1.79924
hold92, 58.82, 144.16, 1.79924
FILLER_0_50_124, 58.82, 144.16, 1.79924
_0799_, 58.82, 138.72, 1.79924
_1063_, 58.82, 138.72, 1.79924
_1065_, 58.82, 138.72, 1.79924
hold53, 58.82, 138.72, 1.79924
hold55, 58.82, 138.72, 1.79924
_0727_, 58.82, 133.28, 1.79922
_0733_, 58.82, 133.28, 1.79922
_1234_, 58.82, 133.28, 1.79922
hold102, 58.82, 133.28, 1.79922
FILLER_0_45_108, 58.82, 133.28, 1.79922
_0802_, 58.82, 127.84, 1.79922
_1057_, 58.82, 127.84, 1.79922
_1062_, 58.82, 127.84, 1.79922
_1067_, 58.82, 127.84, 1.79922
_1070_, 58.82, 127.84, 1.79922
_1071_, 58.82, 127.84, 1.79922
hold67, 58.82, 127.84, 1.79922
hold134, 58.82, 127.84, 1.79922
FILLER_0_43_109, 58.82, 127.84, 1.79922
_0728_, 58.82, 122.4, 1.7992
_1222_, 58.82, 122.4, 1.7992
FILLER_0_41_107, 58.82, 122.4, 1.7992
FILLER_0_41_113, 58.82, 122.4, 1.7992
_1038_, 58.82, 116.96, 1.79921
clkbuf_4_7_0_clk, 58.82, 116.96, 1.79921
hold52, 58.82, 116.96, 1.79921
hold57, 58.82, 116.96, 1.79921
FILLER_0_38_113, 58.82, 116.96, 1.79921
_1009_, 58.82, 111.52, 1.79921
_1010_, 58.82, 111.52, 1.79921
_1035_, 58.82, 111.52, 1.79921
_1036_, 58.82, 111.52, 1.79921
_1211_, 58.82, 111.52, 1.79921
_1212_, 58.82, 111.52, 1.79921
clkbuf_4_6_0_clk, 58.82, 111.52, 1.79921
FILLER_0_36_106, 58.82, 111.52, 1.79921
_1011_, 58.82, 106.08, 1.79925
_1052_, 58.82, 106.08, 1.79925
FILLER_0_35_106, 58.82, 106.08, 1.79925
FILLER_0_35_113, 58.82, 106.08, 1.79925
_0742_, 58.82, 100.64, 1.79929
_0812_, 58.82, 100.64, 1.79929
_0748_, 58.82, 95.2, 1.79926
_0765_, 58.82, 95.2, 1.79926
_0805_, 58.82, 95.2, 1.79926
_0813_, 58.82, 95.2, 1.79926
_1257_, 58.82, 95.2, 1.79926
FILLER_0_32_120, 58.82, 95.2, 1.79926
FILLER_0_32_128, 58.82, 95.2, 1.79926
_0739_, 58.82, 89.76, 1.79921
_0741_, 58.82, 89.76, 1.79921
_0804_, 58.82, 89.76, 1.79921
_1142_, 58.82, 89.76, 1.79921
hold26, 58.82, 89.76, 1.79921
hold49, 58.82, 89.76, 1.79921
_1141_, 58.82, 84.32, 1.79911
FILLER_0_26_109, 58.82, 84.32, 1.79911
FILLER_0_27_108, 58.82, 84.32, 1.79911
_0831_, 58.82, 78.88, 1.79907
_0834_, 58.82, 78.88, 1.79907
_0835_, 58.82, 78.88, 1.79907
_1190_, 58.82, 78.88, 1.79907
FILLER_0_25_108, 58.82, 78.88, 1.79907
FILLER_0_25_127, 58.82, 78.88, 1.79907
_0779_, 58.82, 73.44, 1.79907
_0944_, 58.82, 73.44, 1.79907
_0945_, 58.82, 73.44, 1.79907
_1189_, 58.82, 73.44, 1.79907
hold20, 58.82, 73.44, 1.79907
_0780_, 58.82, 68, 1.79904
_0833_, 58.82, 68, 1.79904
_0942_, 58.82, 68, 1.79904
_0943_, 58.82, 68, 1.79904
FILLER_0_20_109, 58.82, 68, 1.79904
FILLER_0_21_109, 58.82, 68, 1.79904
_0782_, 58.82, 62.56, 1.79897
_0948_, 58.82, 62.56, 1.79897
_1192_, 58.82, 62.56, 1.79897
hold42, 58.82, 62.56, 1.79897
hold51, 58.82, 62.56, 1.79897
FILLER_0_19_123, 58.82, 62.56, 1.79897
_0949_, 58.82, 57.12, 1.7989
_0950_, 58.82, 57.12, 1.7989
_1191_, 58.82, 57.12, 1.7989
clkbuf_4_3_0_clk, 58.82, 57.12, 1.7989
FILLER_0_16_105, 58.82, 57.12, 1.7989
_0645_, 58.82, 51.68, 1.79888
_0781_, 58.82, 51.68, 1.79888
_0832_, 58.82, 51.68, 1.79888
clkbuf_4_2_0_clk, 58.82, 51.68, 1.79888
hold128, 58.82, 51.68, 1.79888
FILLER_0_14_114, 58.82, 51.68, 1.79888
_0637_, 58.82, 46.24, 1.79888
_0967_, 58.82, 46.24, 1.79888
_0968_, 58.82, 46.24, 1.79888
_1198_, 58.82, 46.24, 1.79888
hold122, 58.82, 46.24, 1.79888
hold142, 58.82, 46.24, 1.79888
FILLER_0_13_113, 58.82, 46.24, 1.79888
FILLER_0_13_121, 58.82, 46.24, 1.79888
_0873_, 58.82, 40.8, 1.79885
_0874_, 58.82, 40.8, 1.79885
_1197_, 58.82, 40.8, 1.79885
FILLER_0_10_107, 58.82, 40.8, 1.79885
FILLER_0_11_107, 58.82, 40.8, 1.79885
FILLER_0_11_113, 58.82, 40.8, 1.79885
FILLER_0_12_119, 58.82, 40.8, 1.79885
FILLER_0_12_128, 58.82, 40.8, 1.79885
_0770_, 58.82, 35.36, 1.79888
_0877_, 58.82, 35.36, 1.79888
_0966_, 58.82, 35.36, 1.79888
_1170_, 58.82, 35.36, 1.79888
hold83, 58.82, 35.36, 1.79888
hold120, 58.82, 35.36, 1.79888
FILLER_0_9_113, 58.82, 35.36, 1.79888
_0875_, 58.82, 29.92, 1.79887
_0878_, 58.82, 29.92, 1.79887
_1186_, 58.82, 29.92, 1.79887
_0973_, 58.82, 24.48, 1.79891
_0974_, 58.82, 24.48, 1.79891
_1200_, 58.82, 24.48, 1.79891
FILLER_0_4_109, 58.82, 24.48, 1.79891
FILLER_0_5_105, 58.82, 24.48, 1.79891
FILLER_0_5_113, 58.82, 24.48, 1.79891
FILLER_0_6_121, 58.82, 24.48, 1.79891
_1199_, 58.82, 19.04, 1.7989
FILLER_0_3_105, 58.82, 19.04, 1.7989
FILLER_0_3_113, 58.82, 19.04, 1.7989
_0957_, 58.82, 13.6, 1.7989
_1193_, 58.82, 13.6, 1.7989
_1194_, 58.82, 13.6, 1.7989
FILLER_0_0_109, 58.82, 13.6, 1.7989
FILLER_0_1_105, 58.82, 13.6, 1.7989
FILLER_0_1_113, 58.82, 13.6, 1.7989
FILLER_0_49_51, 23.285, 144.16, 1.79924
FILLER_0_47_51, 23.285, 138.72, 1.79924
_1244_, 23.285, 127.84, 1.79921
hold47, 23.285, 127.84, 1.79921
FILLER_0_44_41, 23.285, 127.84, 1.79921
FILLER_0_44_49, 23.285, 127.84, 1.79921
_1096_, 23.285, 122.4, 1.79921
_1098_, 23.285, 122.4, 1.79921
_1099_, 23.285, 122.4, 1.79921
hold86, 23.285, 122.4, 1.79921
FILLER_0_40_29, 23.285, 122.4, 1.79921
FILLER_0_41_34, 23.285, 122.4, 1.79921
FILLER_0_41_46, 23.285, 122.4, 1.79921
_1118_, 23.285, 116.96, 1.79921
_1251_, 23.285, 116.96, 1.79921
hold111, 23.285, 116.96, 1.79921
FILLER_0_40_45, 23.285, 116.96, 1.79921
_1119_, 23.285, 111.52, 1.79919
_1253_, 23.285, 111.52, 1.79919
_1254_, 23.285, 111.52, 1.79919
FILLER_0_36_29, 23.285, 111.52, 1.79919
FILLER_0_36_37, 23.285, 111.52, 1.79919
_1095_, 23.285, 106.08, 1.79918
_1116_, 23.285, 106.08, 1.79918
_1123_, 23.285, 106.08, 1.79918
_1124_, 23.285, 106.08, 1.79918
FILLER_0_35_39, 23.285, 106.08, 1.79918
FILLER_0_35_51, 23.285, 106.08, 1.79918
_1137_, 23.285, 100.64, 1.79923
_1138_, 23.285, 100.64, 1.79923
_1140_, 23.285, 100.64, 1.79923
_1260_, 23.285, 100.64, 1.79923
hold140, 23.285, 100.64, 1.79923
FILLER_0_33_38, 23.285, 100.64, 1.79923
_1165_, 23.285, 95.2, 1.79919
_1259_, 23.285, 95.2, 1.79919
hold126, 23.285, 95.2, 1.79919
FILLER_0_31_31, 23.285, 95.2, 1.79919
_1154_, 23.285, 89.76, 1.79917
_1156_, 23.285, 89.76, 1.79917
_1162_, 23.285, 89.76, 1.79917
_1164_, 23.285, 89.76, 1.79917
FILLER_0_28_29, 23.285, 89.76, 1.79917
FILLER_0_29_48, 23.285, 89.76, 1.79917
_1265_, 23.285, 84.32, 1.79908
_1266_, 23.285, 84.32, 1.79908
_0624_, 23.285, 78.88, 1.79905
FILLER_0_24_29, 23.285, 78.88, 1.79905
FILLER_0_25_51, 23.285, 78.88, 1.79905
_0619_, 23.285, 73.44, 1.79903
_0623_, 23.285, 73.44, 1.79903
_1285_, 23.285, 73.44, 1.79903
_1287_, 23.285, 73.44, 1.79903
FILLER_0_23_49, 23.285, 73.44, 1.79903
FILLER_0_24_41, 23.285, 73.44, 1.79903
_0600_, 23.285, 68, 1.79901
_0621_, 23.285, 68, 1.79901
_1286_, 23.285, 68, 1.79901
hold124, 23.285, 68, 1.79901
hold135, 23.285, 68, 1.79901
FILLER_0_21_40, 23.285, 68, 1.79901
FILLER_0_21_51, 23.285, 68, 1.79901
_0659_, 23.285, 62.56, 1.79894
_0756_, 23.285, 62.56, 1.79894
_1301_, 23.285, 62.56, 1.79894
FILLER_0_19_30, 23.285, 62.56, 1.79894
_0605_, 23.285, 57.12, 1.79889
_1302_, 23.285, 57.12, 1.79889
hold94, 23.285, 57.12, 1.79889
hold107, 23.285, 57.12, 1.79889
FILLER_0_17_50, 23.285, 57.12, 1.79889
FILLER_0_18_41, 23.285, 57.12, 1.79889
_0593_, 23.285, 51.68, 1.79891
_0595_, 23.285, 51.68, 1.79891
_0616_, 23.285, 51.68, 1.79891
_0841_, 23.285, 51.68, 1.79891
FILLER_0_14_38, 23.285, 51.68, 1.79891
FILLER_0_15_43, 23.285, 51.68, 1.79891
_0592_, 23.285, 46.24, 1.7989
_0759_, 23.285, 46.24, 1.7989
_1284_, 23.285, 46.24, 1.7989
hold63, 23.285, 46.24, 1.7989
_0608_, 23.285, 40.8, 1.7989
_0610_, 23.285, 40.8, 1.7989
hold110, 23.285, 40.8, 1.7989
_0634_, 23.285, 35.36, 1.79887
_0636_, 23.285, 35.36, 1.79887
_1281_, 23.285, 35.36, 1.79887
hold138, 23.285, 35.36, 1.79887
FILLER_0_8_29, 23.285, 35.36, 1.79887
_1291_, 23.285, 29.92, 1.79886
_1292_, 23.285, 29.92, 1.79886
_0633_, 23.285, 24.48, 1.79892
FILLER_0_5_51, 23.285, 24.48, 1.79892
FILLER_0_6_41, 23.285, 24.48, 1.79892
FILLER_0_3_51, 23.285, 19.04, 1.79892
FILLER_0_1_51, 23.285, 13.6, 1.79891
PHY_100, 5.52, 149.6, 1.79925
PHY_102, 5.52, 149.6, 1.79925
PHY_101, 147.66, 149.6, 1.79935
PHY_103, 147.66, 149.6, 1.79935
FILLER_0_50_301, 147.66, 149.6, 1.79935
FILLER_0_51_53, 35.13, 149.6, 1.79925
FILLER_0_51_81, 46.975, 149.6, 1.79926
_1235_, 70.665, 149.6, 1.79928
FILLER_0_50_135, 70.665, 149.6, 1.79928
FILLER_0_51_137, 70.665, 149.6, 1.79928
FILLER_0_51_165, 82.51, 149.6, 1.7993
FILLER_0_51_221, 106.2, 149.6, 1.79933
FILLER_0_51_249, 118.045, 149.6, 1.79934
PHY_96, 5.52, 144.16, 1.79924
PHY_98, 5.52, 144.16, 1.79924
PHY_97, 147.66, 144.16, 1.79934
PHY_99, 147.66, 144.16, 1.79934
FILLER_0_48_301, 147.66, 144.16, 1.79934
FILLER_0_50_77, 35.13, 144.16, 1.79923
_1230_, 46.975, 144.16, 1.79923
FILLER_0_48_85, 46.975, 144.16, 1.79923
FILLER_0_49_93, 46.975, 144.16, 1.79923
FILLER_0_49_101, 46.975, 144.16, 1.79923
_1075_, 70.665, 144.16, 1.79924
_1076_, 70.665, 144.16, 1.79924
_1236_, 70.665, 144.16, 1.79924
hold130, 70.665, 144.16, 1.79924
FILLER_0_49_129, 70.665, 144.16, 1.79924
_1079_, 82.51, 144.16, 1.79926
_1081_, 82.51, 144.16, 1.79926
_1237_, 82.51, 144.16, 1.79926
_1238_, 82.51, 144.16, 1.79926
hold95, 82.51, 144.16, 1.79926
FILLER_0_49_165, 82.51, 144.16, 1.79926
FILLER_0_50_169, 82.51, 144.16, 1.79926
FILLER_0_49_217, 106.2, 144.16, 1.79932
FILLER_0_48_241, 118.045, 144.16, 1.79933
FILLER_0_50_245, 118.045, 144.16, 1.79933
PHY_92, 5.52, 138.72, 1.79924
PHY_94, 5.52, 138.72, 1.79924
PHY_93, 147.66, 138.72, 1.79934
PHY_95, 147.66, 138.72, 1.79934
FILLER_0_46_301, 147.66, 138.72, 1.79934
_1106_, 35.13, 138.72, 1.79923
_1107_, 35.13, 138.72, 1.79923
FILLER_0_46_53, 35.13, 138.72, 1.79923
FILLER_0_48_77, 35.13, 138.72, 1.79923
_1059_, 46.975, 138.72, 1.79923
_1060_, 46.975, 138.72, 1.79923
_1061_, 46.975, 138.72, 1.79923
_1229_, 46.975, 138.72, 1.79923
FILLER_0_46_85, 46.975, 138.72, 1.79923
_1064_, 70.665, 138.72, 1.79922
_1073_, 70.665, 138.72, 1.79922
_1074_, 70.665, 138.72, 1.79922
_1239_, 70.665, 138.72, 1.79922
_1240_, 70.665, 138.72, 1.79922
FILLER_0_46_137, 70.665, 138.72, 1.79922
FILLER_0_46_141, 70.665, 138.72, 1.79922
_0800_, 82.51, 138.72, 1.79925
_1078_, 82.51, 138.72, 1.79925
_1080_, 82.51, 138.72, 1.79925
_1085_, 82.51, 138.72, 1.79925
hold80, 82.51, 138.72, 1.79925
FILLER_0_47_218, 106.2, 138.72, 1.79931
FILLER_0_48_249, 118.045, 138.72, 1.79933
PHY_88, 5.52, 133.28, 1.79922
PHY_90, 5.52, 133.28, 1.79922
PHY_89, 147.66, 133.28, 1.79934
PHY_91, 147.66, 133.28, 1.79934
FILLER_0_44_301, 147.66, 133.28, 1.79934
_1108_, 35.13, 133.28, 1.79919
_1109_, 35.13, 133.28, 1.79919
_1247_, 35.13, 133.28, 1.79919
_1248_, 35.13, 133.28, 1.79919
hold104, 35.13, 133.28, 1.79919
FILLER_0_46_71, 35.13, 133.28, 1.79919
_1058_, 46.975, 133.28, 1.7992
_1069_, 46.975, 133.28, 1.7992
_1233_, 46.975, 133.28, 1.7992
FILLER_0_44_79, 46.975, 133.28, 1.7992
FILLER_0_44_85, 46.975, 133.28, 1.7992
FILLER_0_45_82, 46.975, 133.28, 1.7992
_1083_, 70.665, 133.28, 1.79922
_1084_, 70.665, 133.28, 1.79922
_1086_, 70.665, 133.28, 1.79922
FILLER_0_44_135, 70.665, 133.28, 1.79922
FILLER_0_45_152, 70.665, 133.28, 1.79922
_0731_, 82.51, 133.28, 1.79923
_0732_, 82.51, 133.28, 1.79923
_0801_, 82.51, 133.28, 1.79923
hold91, 82.51, 133.28, 1.79923
FILLER_0_44_165, 82.51, 133.28, 1.79923
FILLER_0_45_169, 82.51, 133.28, 1.79923
FILLER_0_45_214, 106.2, 133.28, 1.7993
FILLER_0_46_249, 118.045, 133.28, 1.79932
PHY_84, 5.52, 127.84, 1.7992
PHY_86, 5.52, 127.84, 1.7992
PHY_85, 147.66, 127.84, 1.79935
PHY_87, 147.66, 127.84, 1.79935
FILLER_0_42_301, 147.66, 127.84, 1.79935
_1243_, 14.402, 127.84, 1.7992
FILLER_0_42_15, 14.402, 127.84, 1.7992
_1114_, 35.13, 127.84, 1.7992
_1250_, 35.13, 127.84, 1.7992
hold59, 35.13, 127.84, 1.7992
hold68, 35.13, 127.84, 1.7992
hold93, 35.13, 127.84, 1.7992
FILLER_0_42_62, 35.13, 127.84, 1.7992
FILLER_0_43_52, 35.13, 127.84, 1.7992
_1068_, 46.975, 127.84, 1.79921
FILLER_0_43_95, 46.975, 127.84, 1.79921
_0724_, 70.665, 127.84, 1.7992
_0745_, 70.665, 127.84, 1.7992
_1072_, 70.665, 127.84, 1.7992
FILLER_0_42_132, 70.665, 127.84, 1.7992
FILLER_0_44_153, 70.665, 127.84, 1.7992
_0714_, 82.51, 127.84, 1.79923
_0721_, 82.51, 127.84, 1.79923
_1077_, 82.51, 127.84, 1.79923
_1082_, 82.51, 127.84, 1.79923
FILLER_0_43_165, 82.51, 127.84, 1.79923
FILLER_0_43_169, 82.51, 127.84, 1.79923
FILLER_0_43_179, 82.51, 127.84, 1.79923
FILLER_0_44_175, 82.51, 127.84, 1.79923
fanout14, 106.2, 127.84, 1.79931
FILLER_0_43_215, 106.2, 127.84, 1.79931
hold1, 118.045, 127.84, 1.79932
FILLER_0_44_245, 118.045, 127.84, 1.79932
PHY_80, 5.52, 122.4, 1.79921
PHY_82, 5.52, 122.4, 1.79921
PHY_81, 147.66, 122.4, 1.79933
PHY_83, 147.66, 122.4, 1.79933
FILLER_0_40_301, 147.66, 122.4, 1.79933
_1097_, 14.402, 122.4, 1.79921
FILLER_0_41_27, 14.402, 122.4, 1.79921
_0776_, 35.13, 122.4, 1.79918
_0778_, 35.13, 122.4, 1.79918
_0827_, 35.13, 122.4, 1.79918
_0829_, 35.13, 122.4, 1.79918
_1113_, 35.13, 122.4, 1.79918
_1249_, 35.13, 122.4, 1.79918
hold78, 35.13, 122.4, 1.79918
_1028_, 46.975, 122.4, 1.79918
_1029_, 46.975, 122.4, 1.79918
_1112_, 46.975, 122.4, 1.79918
_1218_, 46.975, 122.4, 1.79918
hold123, 46.975, 122.4, 1.79918
FILLER_0_40_81, 46.975, 122.4, 1.79918
FILLER_0_41_83, 46.975, 122.4, 1.79918
_0726_, 70.665, 122.4, 1.79915
_0730_, 70.665, 122.4, 1.79915
_0750_, 70.665, 122.4, 1.79915
max_cap7, 70.665, 122.4, 1.79915
FILLER_0_40_131, 70.665, 122.4, 1.79915
FILLER_0_40_141, 70.665, 122.4, 1.79915
_0722_, 82.51, 122.4, 1.79916
_0737_, 82.51, 122.4, 1.79916
_0740_, 82.51, 122.4, 1.79916
_0755_, 82.51, 122.4, 1.79916
_0761_, 82.51, 122.4, 1.79916
FILLER_0_40_157, 82.51, 122.4, 1.79916
FILLER_0_41_176, 82.51, 122.4, 1.79916
_0754_, 106.2, 122.4, 1.79923
_1174_, 106.2, 122.4, 1.79923
_1309_, 106.2, 122.4, 1.79923
FILLER_0_41_219, 106.2, 122.4, 1.79923
hold5, 118.045, 122.4, 1.79927
PHY_76, 5.52, 116.96, 1.79921
PHY_78, 5.52, 116.96, 1.79921
PHY_77, 147.66, 116.96, 1.79935
PHY_79, 147.66, 116.96, 1.79935
FILLER_0_38_301, 147.66, 116.96, 1.79935
FILLER_0_38_15, 14.402, 116.96, 1.79921
FILLER_0_39_27, 14.402, 116.96, 1.79921
_0828_, 35.13, 116.96, 1.7992
_1111_, 35.13, 116.96, 1.7992
_1122_, 35.13, 116.96, 1.7992
hold34, 35.13, 116.96, 1.7992
FILLER_0_39_64, 35.13, 116.96, 1.7992
FILLER_0_39_77, 35.13, 116.96, 1.7992
_0752_, 46.975, 116.96, 1.7992
_1026_, 46.975, 116.96, 1.7992
_1027_, 46.975, 116.96, 1.7992
_1037_, 46.975, 116.96, 1.7992
_1039_, 46.975, 116.96, 1.7992
_1217_, 46.975, 116.96, 1.7992
_0725_, 70.665, 116.96, 1.7992
_0751_, 70.665, 116.96, 1.7992
_0810_, 70.665, 116.96, 1.7992
hold113, 70.665, 116.96, 1.7992
FILLER_0_38_137, 70.665, 116.96, 1.7992
_0715_, 82.51, 116.96, 1.79923
_0723_, 82.51, 116.96, 1.79923
_1049_, 82.51, 116.96, 1.79923
FILLER_0_38_161, 82.51, 116.96, 1.79923
FILLER_0_39_158, 82.51, 116.96, 1.79923
_0865_, 106.2, 116.96, 1.79927
_0894_, 106.2, 116.96, 1.79927
_1175_, 106.2, 116.96, 1.79927
hold3, 106.2, 116.96, 1.79927
FILLER_0_40_220, 106.2, 116.96, 1.79927
_0857_, 118.045, 116.96, 1.7993
hold4, 118.045, 116.96, 1.7993
PHY_72, 5.52, 111.52, 1.79918
PHY_74, 5.52, 111.52, 1.79918
PHY_73, 147.66, 111.52, 1.79933
PHY_75, 147.66, 111.52, 1.79933
FILLER_0_36_301, 147.66, 111.52, 1.79933
_1117_, 14.402, 111.52, 1.79918
_1252_, 14.402, 111.52, 1.79918
FILLER_0_37_15, 14.402, 111.52, 1.79918
_0777_, 35.13, 111.52, 1.79919
_1110_, 35.13, 111.52, 1.79919
_1121_, 35.13, 111.52, 1.79919
hold66, 35.13, 111.52, 1.79919
FILLER_0_37_66, 35.13, 111.52, 1.79919
FILLER_0_38_74, 35.13, 111.52, 1.79919
_1221_, 46.975, 111.52, 1.7992
_1008_, 70.665, 111.52, 1.79923
_1012_, 70.665, 111.52, 1.79923
_1051_, 70.665, 111.52, 1.79923
_1226_, 70.665, 111.52, 1.79923
hold99, 70.665, 111.52, 1.79923
FILLER_0_37_135, 70.665, 111.52, 1.79923
_1007_, 82.51, 111.52, 1.79926
_1047_, 82.51, 111.52, 1.79926
hold36, 82.51, 111.52, 1.79926
hold39, 82.51, 111.52, 1.79926
wire1, 82.51, 111.52, 1.79926
FILLER_0_37_178, 82.51, 111.52, 1.79926
FILLER_0_38_168, 82.51, 111.52, 1.79926
_0864_, 106.2, 111.52, 1.79921
_0866_, 106.2, 111.52, 1.79921
_0867_, 106.2, 111.52, 1.79921
_0886_, 106.2, 111.52, 1.79921
_0892_, 106.2, 111.52, 1.79921
_1173_, 106.2, 111.52, 1.79921
_1176_, 106.2, 111.52, 1.79921
_0884_, 118.045, 111.52, 1.79925
_0885_, 118.045, 111.52, 1.79925
_0891_, 118.045, 111.52, 1.79925
_0893_, 118.045, 111.52, 1.79925
FILLER_0_38_247, 118.045, 111.52, 1.79925
PHY_68, 5.52, 106.08, 1.79918
PHY_70, 5.52, 106.08, 1.79918
PHY_69, 147.66, 106.08, 1.79938
PHY_71, 147.66, 106.08, 1.79938
_1105_, 35.13, 106.08, 1.79912
_1115_, 35.13, 106.08, 1.79912
_1120_, 35.13, 106.08, 1.79912
clkbuf_4_4_0_clk, 35.13, 106.08, 1.79912
clkbuf_4_5_0_clk, 35.13, 106.08, 1.79912
FILLER_0_34_53, 35.13, 106.08, 1.79912
FILLER_0_35_76, 35.13, 106.08, 1.79912
_1025_, 46.975, 106.08, 1.79918
_1055_, 46.975, 106.08, 1.79918
_1056_, 46.975, 106.08, 1.79918
_1228_, 46.975, 106.08, 1.79918
hold69, 46.975, 106.08, 1.79918
FILLER_0_36_97, 46.975, 106.08, 1.79918
_0946_, 70.665, 106.08, 1.79925
_0963_, 70.665, 106.08, 1.79925
_1050_, 70.665, 106.08, 1.79925
_1225_, 70.665, 106.08, 1.79925
FILLER_0_34_137, 70.665, 106.08, 1.79925
FILLER_0_34_141, 70.665, 106.08, 1.79925
FILLER_0_35_140, 70.665, 106.08, 1.79925
_0933_, 82.51, 106.08, 1.79928
_0969_, 82.51, 106.08, 1.79928
_0981_, 82.51, 106.08, 1.79928
_1006_, 82.51, 106.08, 1.79928
_1048_, 82.51, 106.08, 1.79928
_0889_, 106.2, 106.08, 1.7993
_0898_, 106.2, 106.08, 1.7993
_0909_, 106.2, 106.08, 1.7993
_0919_, 106.2, 106.08, 1.7993
clkbuf_4_13_0_clk, 106.2, 106.08, 1.7993
_0890_, 118.045, 106.08, 1.79934
FILLER_0_36_248, 118.045, 106.08, 1.79934
PHY_64, 5.52, 100.64, 1.79923
PHY_66, 5.52, 100.64, 1.79923
PHY_65, 147.66, 100.64, 1.79934
PHY_67, 147.66, 100.64, 1.79934
output4, 147.66, 100.64, 1.79934
FILLER_0_33_27, 14.402, 100.64, 1.79923
_1053_, 35.13, 100.64, 1.79924
_1054_, 35.13, 100.64, 1.79924
_1139_, 35.13, 100.64, 1.79924
_1227_, 35.13, 100.64, 1.79924
hold43, 35.13, 100.64, 1.79924
hold65, 35.13, 100.64, 1.79924
FILLER_0_33_65, 35.13, 100.64, 1.79924
FILLER_0_33_73, 35.13, 100.64, 1.79924
FILLER_0_34_69, 35.13, 100.64, 1.79924
hold62, 46.975, 100.64, 1.79927
_0720_, 70.665, 100.64, 1.79928
_0806_, 70.665, 100.64, 1.79928
_0807_, 70.665, 100.64, 1.79928
_0940_, 70.665, 100.64, 1.79928
_1130_, 70.665, 100.64, 1.79928
_1135_, 70.665, 100.64, 1.79928
_1258_, 70.665, 100.64, 1.79928
FILLER_0_33_137, 70.665, 100.64, 1.79928
_0743_, 82.51, 100.64, 1.79931
_0744_, 82.51, 100.64, 1.79931
_1271_, 82.51, 100.64, 1.79931
max_cap5, 82.51, 100.64, 1.79931
wire8, 82.51, 100.64, 1.79931
hold41, 82.51, 100.64, 1.79931
hold82, 82.51, 100.64, 1.79931
FILLER_0_34_178, 82.51, 100.64, 1.79931
_0868_, 106.2, 100.64, 1.79935
_1092_, 106.2, 100.64, 1.79935
FILLER_0_33_207, 106.2, 100.64, 1.79935
FILLER_0_33_215, 106.2, 100.64, 1.79935
_0888_, 118.045, 100.64, 1.79933
_0902_, 118.045, 100.64, 1.79933
_0904_, 118.045, 100.64, 1.79933
_1178_, 118.045, 100.64, 1.79933
fanout15, 118.045, 100.64, 1.79933
FILLER_0_33_237, 118.045, 100.64, 1.79933
PHY_60, 5.52, 95.2, 1.79917
PHY_62, 5.52, 95.2, 1.79917
PHY_61, 147.66, 95.2, 1.79935
PHY_63, 147.66, 95.2, 1.79935
_1269_, 14.402, 95.2, 1.79917
_1270_, 14.402, 95.2, 1.79917
_0749_, 35.13, 95.2, 1.7992
_0811_, 35.13, 95.2, 1.7992
_1136_, 35.13, 95.2, 1.7992
_1152_, 35.13, 95.2, 1.7992
FILLER_0_31_53, 35.13, 95.2, 1.7992
FILLER_0_31_76, 35.13, 95.2, 1.7992
FILLER_0_32_74, 35.13, 95.2, 1.7992
_0747_, 46.975, 95.2, 1.79923
_0753_, 46.975, 95.2, 1.79923
_0808_, 46.975, 95.2, 1.79923
_0809_, 46.975, 95.2, 1.79923
_1146_, 46.975, 95.2, 1.79923
hold44, 46.975, 95.2, 1.79923
_0738_, 70.665, 95.2, 1.79929
_1131_, 70.665, 95.2, 1.79929
_1132_, 70.665, 95.2, 1.79929
_1134_, 70.665, 95.2, 1.79929
hold24, 70.665, 95.2, 1.79929
_0584_, 82.51, 95.2, 1.79933
_1168_, 82.51, 95.2, 1.79933
max_cap6, 82.51, 95.2, 1.79933
FILLER_0_30_162, 82.51, 95.2, 1.79933
FILLER_0_31_164, 82.51, 95.2, 1.79933
FILLER_0_31_169, 82.51, 95.2, 1.79933
_1005_, 106.2, 95.2, 1.79933
_1100_, 106.2, 95.2, 1.79933
_1101_, 106.2, 95.2, 1.79933
_1245_, 106.2, 95.2, 1.79933
hold45, 106.2, 95.2, 1.79933
_0899_, 118.045, 95.2, 1.79931
_0900_, 118.045, 95.2, 1.79931
_0903_, 118.045, 95.2, 1.79931
_1177_, 118.045, 95.2, 1.79931
FILLER_0_30_242, 118.045, 95.2, 1.79931
FILLER_0_31_233, 118.045, 95.2, 1.79931
PHY_56, 5.52, 89.76, 1.79916
PHY_58, 5.52, 89.76, 1.79916
FILLER_0_30_3, 5.52, 89.76, 1.79916
PHY_57, 147.66, 89.76, 1.79925
PHY_59, 147.66, 89.76, 1.79925
FILLER_0_29_300, 147.66, 89.76, 1.79925
_1163_, 14.402, 89.76, 1.79916
_1166_, 14.402, 89.76, 1.79916
FILLER_0_29_15, 14.402, 89.76, 1.79916
_1147_, 35.13, 89.76, 1.79916
_1148_, 35.13, 89.76, 1.79916
_1150_, 35.13, 89.76, 1.79916
_1153_, 35.13, 89.76, 1.79916
_1263_, 35.13, 89.76, 1.79916
hold109, 35.13, 89.76, 1.79916
_0746_, 46.975, 89.76, 1.79917
_0803_, 46.975, 89.76, 1.79917
_1144_, 46.975, 89.76, 1.79917
_1145_, 46.975, 89.76, 1.79917
_1149_, 46.975, 89.76, 1.79917
_1261_, 46.975, 89.76, 1.79917
_1262_, 46.975, 89.76, 1.79917
_1125_, 70.665, 89.76, 1.79922
FILLER_0_28_135, 70.665, 89.76, 1.79922
FILLER_0_28_141, 70.665, 89.76, 1.79922
_0583_, 82.51, 89.76, 1.79922
_0736_, 82.51, 89.76, 1.79922
_1157_, 82.51, 89.76, 1.79922
_1161_, 82.51, 89.76, 1.79922
_1272_, 82.51, 89.76, 1.79922
FILLER_0_28_160, 82.51, 89.76, 1.79922
FILLER_0_28_166, 82.51, 89.76, 1.79922
FILLER_0_29_157, 82.51, 89.76, 1.79922
FILLER_0_29_165, 82.51, 89.76, 1.79922
_0589_, 106.2, 89.76, 1.79923
_1103_, 106.2, 89.76, 1.79923
_1246_, 106.2, 89.76, 1.79923
hold27, 106.2, 89.76, 1.79923
hold33, 106.2, 89.76, 1.79923
_0883_, 118.045, 89.76, 1.79921
_0901_, 118.045, 89.76, 1.79921
clkbuf_4_15_0_clk, 118.045, 89.76, 1.79921
_0704_, 138.775, 89.76, 1.79925
FILLER_0_29_281, 138.775, 89.76, 1.79925
FILLER_0_30_299, 138.775, 89.76, 1.79925
PHY_52, 5.52, 84.32, 1.79908
PHY_54, 5.52, 84.32, 1.79908
PHY_53, 147.66, 84.32, 1.79912
PHY_55, 147.66, 84.32, 1.79912
_1044_, 35.13, 84.32, 1.79905
_1155_, 35.13, 84.32, 1.79905
_1264_, 35.13, 84.32, 1.79905
hold72, 35.13, 84.32, 1.79905
FILLER_0_26_53, 35.13, 84.32, 1.79905
FILLER_0_27_74, 35.13, 84.32, 1.79905
_1021_, 46.975, 84.32, 1.79906
_1143_, 46.975, 84.32, 1.79906
hold31, 46.975, 84.32, 1.79906
FILLER_0_26_79, 46.975, 84.32, 1.79906
_1126_, 70.665, 84.32, 1.79905
_1128_, 70.665, 84.32, 1.79905
_1129_, 70.665, 84.32, 1.79905
_1268_, 70.665, 84.32, 1.79905
hold60, 70.665, 84.32, 1.79905
FILLER_0_28_154, 70.665, 84.32, 1.79905
_0822_, 82.51, 84.32, 1.79901
_1160_, 82.51, 84.32, 1.79901
clkbuf_0_clk, 82.51, 84.32, 1.79901
hold25, 82.51, 84.32, 1.79901
FILLER_0_27_178, 82.51, 84.32, 1.79901
_0815_, 106.2, 84.32, 1.79912
_0816_, 106.2, 84.32, 1.79912
_0820_, 106.2, 84.32, 1.79912
_1022_, 106.2, 84.32, 1.79912
_1023_, 106.2, 84.32, 1.79912
_1104_, 106.2, 84.32, 1.79912
FILLER_0_27_217, 106.2, 84.32, 1.79912
_1171_, 118.045, 84.32, 1.79909
clkbuf_4_14_0_clk, 118.045, 84.32, 1.79909
FILLER_0_26_241, 118.045, 84.32, 1.79909
FILLER_0_28_246, 118.045, 84.32, 1.79909
_0703_, 138.775, 84.32, 1.79912
_0855_, 138.775, 84.32, 1.79912
_0856_, 138.775, 84.32, 1.79912
_0861_, 138.775, 84.32, 1.79912
hold15, 138.775, 84.32, 1.79912
FILLER_0_27_298, 138.775, 84.32, 1.79912
FILLER_0_28_299, 138.775, 84.32, 1.79912
PHY_48, 5.52, 78.88, 1.79905
PHY_50, 5.52, 78.88, 1.79905
PHY_49, 147.66, 78.88, 1.79912
PHY_51, 147.66, 78.88, 1.79912
FILLER_0_24_302, 147.66, 78.88, 1.79912
_1040_, 35.13, 78.88, 1.79899
_1133_, 35.13, 78.88, 1.79899
hold90, 35.13, 78.88, 1.79899
hold129, 35.13, 78.88, 1.79899
_1043_, 46.975, 78.88, 1.79902
_1045_, 46.975, 78.88, 1.79902
_1046_, 46.975, 78.88, 1.79902
_1224_, 46.975, 78.88, 1.79902
hold28, 46.975, 78.88, 1.79902
FILLER_0_24_78, 46.975, 78.88, 1.79902
FILLER_0_25_81, 46.975, 78.88, 1.79902
_0830_, 70.665, 78.88, 1.79907
_1127_, 70.665, 78.88, 1.79907
_1255_, 70.665, 78.88, 1.79907
_1256_, 70.665, 78.88, 1.79907
_1267_, 70.665, 78.88, 1.79907
FILLER_0_26_150, 70.665, 78.88, 1.79907
_1030_, 82.51, 78.88, 1.79911
_1158_, 82.51, 78.88, 1.79911
hold23, 82.51, 78.88, 1.79911
hold70, 82.51, 78.88, 1.79911
FILLER_0_25_178, 82.51, 78.88, 1.79911
_0717_, 106.2, 78.88, 1.79909
_0774_, 106.2, 78.88, 1.79909
_0817_, 106.2, 78.88, 1.79909
_0818_, 106.2, 78.88, 1.79909
_1216_, 106.2, 78.88, 1.79909
hold21, 106.2, 78.88, 1.79909
FILLER_0_24_211, 106.2, 78.88, 1.79909
FILLER_0_25_216, 106.2, 78.88, 1.79909
_0734_, 118.045, 78.88, 1.7991
_1179_, 118.045, 78.88, 1.7991
FILLER_0_26_249, 118.045, 78.88, 1.7991
FILLER_0_26_253, 118.045, 78.88, 1.7991
_1327_, 138.775, 78.88, 1.79912
hold144, 138.775, 78.88, 1.79912
FILLER_0_26_292, 138.775, 78.88, 1.79912
PHY_44, 5.52, 73.44, 1.79902
PHY_46, 5.52, 73.44, 1.79902
PHY_45, 147.66, 73.44, 1.79908
PHY_47, 147.66, 73.44, 1.79908
_1277_, 14.402, 73.44, 1.79902
FILLER_0_23_27, 14.402, 73.44, 1.79902
_0617_, 35.13, 73.44, 1.79903
_0618_, 35.13, 73.44, 1.79903
_0620_, 35.13, 73.44, 1.79903
hold101, 35.13, 73.44, 1.79903
FILLER_0_24_70, 35.13, 73.44, 1.79903
_0622_, 46.975, 73.44, 1.79904
_0764_, 46.975, 73.44, 1.79904
_1041_, 46.975, 73.44, 1.79904
_1042_, 46.975, 73.44, 1.79904
_1223_, 46.975, 73.44, 1.79904
hold19, 46.975, 73.44, 1.79904
FILLER_0_22_90, 46.975, 73.44, 1.79904
FILLER_0_23_79, 46.975, 73.44, 1.79904
_0941_, 70.665, 73.44, 1.79908
hold32, 70.665, 73.44, 1.79908
FILLER_0_22_141, 70.665, 73.44, 1.79908
FILLER_0_23_146, 70.665, 73.44, 1.79908
FILLER_0_23_154, 70.665, 73.44, 1.79908
_0786_, 82.51, 73.44, 1.79908
_0819_, 82.51, 73.44, 1.79908
_0821_, 82.51, 73.44, 1.79908
_0824_, 82.51, 73.44, 1.79908
_1032_, 82.51, 73.44, 1.79908
_1033_, 82.51, 73.44, 1.79908
_1159_, 82.51, 73.44, 1.79908
_1219_, 82.51, 73.44, 1.79908
FILLER_0_23_160, 82.51, 73.44, 1.79908
_0716_, 106.2, 73.44, 1.79905
_0719_, 106.2, 73.44, 1.79905
_0789_, 106.2, 73.44, 1.79905
_0814_, 106.2, 73.44, 1.79905
_0869_, 106.2, 73.44, 1.79905
_1018_, 106.2, 73.44, 1.79905
_1312_, 106.2, 73.44, 1.79905
_1313_, 106.2, 73.44, 1.79905
FILLER_0_22_217, 106.2, 73.44, 1.79905
hold40, 118.045, 73.44, 1.79907
FILLER_0_22_242, 118.045, 73.44, 1.79907
FILLER_0_24_253, 118.045, 73.44, 1.79907
_0684_, 138.775, 73.44, 1.79908
_1323_, 138.775, 73.44, 1.79908
fanout12, 138.775, 73.44, 1.79908
PHY_40, 5.52, 68, 1.79901
PHY_42, 5.52, 68, 1.79901
FILLER_0_22_3, 5.52, 68, 1.79901
PHY_41, 147.66, 68, 1.79907
PHY_43, 147.66, 68, 1.79907
_0598_, 14.402, 68, 1.79901
_0599_, 14.402, 68, 1.79901
_0601_, 14.402, 68, 1.79901
FILLER_0_20_15, 14.402, 68, 1.79901
FILLER_0_21_15, 14.402, 68, 1.79901
_0626_, 35.13, 68, 1.79898
_0757_, 35.13, 68, 1.79898
_1288_, 35.13, 68, 1.79898
hold74, 35.13, 68, 1.79898
hold114, 35.13, 68, 1.79898
_0783_, 46.975, 68, 1.799
FILLER_0_20_81, 46.975, 68, 1.799
_0631_, 70.665, 68, 1.79902
_0792_, 70.665, 68, 1.79902
_0947_, 70.665, 68, 1.79902
_1290_, 70.665, 68, 1.79902
FILLER_0_20_132, 70.665, 68, 1.79902
FILLER_0_20_141, 70.665, 68, 1.79902
FILLER_0_21_135, 70.665, 68, 1.79902
_0627_, 82.51, 68, 1.79904
_0791_, 82.51, 68, 1.79904
_1031_, 82.51, 68, 1.79904
_1220_, 82.51, 68, 1.79904
hold30, 82.51, 68, 1.79904
hold48, 82.51, 68, 1.79904
_1014_, 106.2, 68, 1.79907
_1019_, 106.2, 68, 1.79907
_1020_, 106.2, 68, 1.79907
_1215_, 106.2, 68, 1.79907
FILLER_0_20_214, 106.2, 68, 1.79907
FILLER_0_21_225, 106.2, 68, 1.79907
_1015_, 118.045, 68, 1.79908
hold100, 118.045, 68, 1.79908
FILLER_0_22_253, 118.045, 68, 1.79908
_0682_, 138.775, 68, 1.79907
_0683_, 138.775, 68, 1.79907
_0697_, 138.775, 68, 1.79907
hold145, 138.775, 68, 1.79907
FILLER_0_21_285, 138.775, 68, 1.79907
FILLER_0_22_299, 138.775, 68, 1.79907
PHY_36, 5.52, 62.56, 1.79893
PHY_38, 5.52, 62.56, 1.79893
FILLER_0_19_3, 5.52, 62.56, 1.79893
PHY_37, 147.66, 62.56, 1.799
PHY_39, 147.66, 62.56, 1.799
FILLER_0_18_300, 147.66, 62.56, 1.799
FILLER_0_19_300, 147.66, 62.56, 1.799
_1278_, 14.402, 62.56, 1.79893
FILLER_0_19_11, 14.402, 62.56, 1.79893
FILLER_0_20_22, 14.402, 62.56, 1.79893
_0625_, 35.13, 62.56, 1.7989
_0658_, 35.13, 62.56, 1.7989
_0840_, 35.13, 62.56, 1.7989
clkbuf_4_0_0_clk, 35.13, 62.56, 1.7989
FILLER_0_18_80, 46.975, 62.56, 1.79894
FILLER_0_19_101, 46.975, 62.56, 1.79894
_0629_, 70.665, 62.56, 1.79895
_0630_, 70.665, 62.56, 1.79895
_1289_, 70.665, 62.56, 1.79895
FILLER_0_18_134, 70.665, 62.56, 1.79895
FILLER_0_18_141, 70.665, 62.56, 1.79895
FILLER_0_19_135, 70.665, 62.56, 1.79895
_0796_, 82.51, 62.56, 1.79896
_0797_, 82.51, 62.56, 1.79896
_0953_, 82.51, 62.56, 1.79896
hold46, 82.51, 62.56, 1.79896
FILLER_0_19_165, 82.51, 62.56, 1.79896
FILLER_0_19_169, 82.51, 62.56, 1.79896
FILLER_0_20_172, 82.51, 62.56, 1.79896
_1013_, 106.2, 62.56, 1.79898
_1213_, 106.2, 62.56, 1.79898
_1214_, 106.2, 62.56, 1.79898
hold77, 106.2, 62.56, 1.79898
hold119, 106.2, 62.56, 1.79898
_1017_, 118.045, 62.56, 1.79899
hold136, 118.045, 62.56, 1.79899
_0708_, 138.775, 62.56, 1.799
PHY_32, 5.52, 57.12, 1.79888
PHY_34, 5.52, 57.12, 1.79888
FILLER_0_17_3, 5.52, 57.12, 1.79888
_0693_, 147.66, 57.12, 1.79891
PHY_33, 147.66, 57.12, 1.79891
PHY_35, 147.66, 57.12, 1.79891
_0606_, 14.402, 57.12, 1.79888
_1280_, 14.402, 57.12, 1.79888
hold131, 14.402, 57.12, 1.79888
FILLER_0_17_11, 14.402, 57.12, 1.79888
FILLER_0_17_25, 14.402, 57.12, 1.79888
_0660_, 35.13, 57.12, 1.79881
_0661_, 35.13, 57.12, 1.79881
_0836_, 35.13, 57.12, 1.79881
_0842_, 35.13, 57.12, 1.79881
_0843_, 35.13, 57.12, 1.79881
clkbuf_4_1_0_clk, 35.13, 57.12, 1.79881
hold85, 35.13, 57.12, 1.79881
FILLER_0_16_53, 35.13, 57.12, 1.79881
_0642_, 46.975, 57.12, 1.79883
_0643_, 46.975, 57.12, 1.79883
_0646_, 46.975, 57.12, 1.79883
_0837_, 46.975, 57.12, 1.79883
_0951_, 46.975, 57.12, 1.79883
_1295_, 46.975, 57.12, 1.79883
hold88, 46.975, 57.12, 1.79883
FILLER_0_16_79, 46.975, 57.12, 1.79883
FILLER_0_17_89, 46.975, 57.12, 1.79883
_0628_, 70.665, 57.12, 1.79891
_0920_, 70.665, 57.12, 1.79891
_0924_, 70.665, 57.12, 1.79891
_0926_, 70.665, 57.12, 1.79891
FILLER_0_16_131, 70.665, 57.12, 1.79891
FILLER_0_16_137, 70.665, 57.12, 1.79891
FILLER_0_17_141, 70.665, 57.12, 1.79891
_0793_, 82.51, 57.12, 1.79893
_0795_, 82.51, 57.12, 1.79893
_0921_, 82.51, 57.12, 1.79893
FILLER_0_16_166, 82.51, 57.12, 1.79893
_0912_, 106.2, 57.12, 1.79894
_1016_, 106.2, 57.12, 1.79894
hold14, 106.2, 57.12, 1.79894
FILLER_0_17_207, 106.2, 57.12, 1.79894
FILLER_0_17_215, 106.2, 57.12, 1.79894
FILLER_0_17_225, 106.2, 57.12, 1.79894
FILLER_0_18_221, 106.2, 57.12, 1.79894
_1314_, 118.045, 57.12, 1.79893
hold2, 118.045, 57.12, 1.79893
FILLER_0_18_245, 118.045, 57.12, 1.79893
FILLER_0_18_253, 118.045, 57.12, 1.79893
_0698_, 138.775, 57.12, 1.79891
_1324_, 138.775, 57.12, 1.79891
_0603_, 5.52, 51.68, 1.7989
PHY_28, 5.52, 51.68, 1.7989
PHY_30, 5.52, 51.68, 1.7989
FILLER_0_15_3, 5.52, 51.68, 1.7989
FILLER_0_16_3, 5.52, 51.68, 1.7989
PHY_29, 147.66, 51.68, 1.79882
PHY_31, 147.66, 51.68, 1.79882
FILLER_0_14_300, 147.66, 51.68, 1.79882
FILLER_0_15_300, 147.66, 51.68, 1.79882
_1276_, 14.402, 51.68, 1.7989
_0602_, 35.13, 51.68, 1.79886
_0612_, 35.13, 51.68, 1.79886
_0647_, 35.13, 51.68, 1.79886
_0648_, 35.13, 51.68, 1.79886
_0649_, 35.13, 51.68, 1.79886
_0657_, 35.13, 51.68, 1.79886
_1297_, 35.13, 51.68, 1.79886
hold146, 35.13, 51.68, 1.79886
_0607_, 46.975, 51.68, 1.79885
_0644_, 46.975, 51.68, 1.79885
_1296_, 46.975, 51.68, 1.79885
hold108, 46.975, 51.68, 1.79885
_0923_, 70.665, 51.68, 1.79887
_1184_, 70.665, 51.68, 1.79887
hold38, 70.665, 51.68, 1.79887
hold54, 70.665, 51.68, 1.79887
FILLER_0_15_154, 70.665, 51.68, 1.79887
_0794_, 82.51, 51.68, 1.79888
_0922_, 82.51, 51.68, 1.79888
_0934_, 82.51, 51.68, 1.79888
_1183_, 82.51, 51.68, 1.79888
hold29, 82.51, 51.68, 1.79888
FILLER_0_15_162, 82.51, 51.68, 1.79888
FILLER_0_15_180, 82.51, 51.68, 1.79888
_0670_, 106.2, 51.68, 1.79885
_0871_, 106.2, 51.68, 1.79885
_0872_, 106.2, 51.68, 1.79885
hold61, 106.2, 51.68, 1.79885
FILLER_0_14_216, 106.2, 51.68, 1.79885
_1319_, 118.045, 51.68, 1.79881
clkbuf_4_10_0_clk, 118.045, 51.68, 1.79881
FILLER_0_15_257, 118.045, 51.68, 1.79881
FILLER_0_16_249, 118.045, 51.68, 1.79881
_0680_, 138.775, 51.68, 1.79882
_0700_, 138.775, 51.68, 1.79882
_0701_, 138.775, 51.68, 1.79882
_0706_, 138.775, 51.68, 1.79882
_0709_, 138.775, 51.68, 1.79882
_0710_, 138.775, 51.68, 1.79882
_0711_, 138.775, 51.68, 1.79882
hold12, 138.775, 51.68, 1.79882
_1279_, 5.52, 46.24, 1.79886
PHY_24, 5.52, 46.24, 1.79886
PHY_26, 5.52, 46.24, 1.79886
FILLER_0_13_3, 5.52, 46.24, 1.79886
FILLER_0_14_3, 5.52, 46.24, 1.79886
PHY_25, 147.66, 46.24, 1.79886
PHY_27, 147.66, 46.24, 1.79886
FILLER_0_12_302, 147.66, 46.24, 1.79886
_0594_, 14.402, 46.24, 1.79887
_0596_, 14.402, 46.24, 1.79887
_0604_, 14.402, 46.24, 1.79887
_1275_, 14.402, 46.24, 1.79887
_0615_, 35.13, 46.24, 1.79887
_0650_, 35.13, 46.24, 1.79887
_0651_, 35.13, 46.24, 1.79887
_0839_, 35.13, 46.24, 1.79887
_1298_, 35.13, 46.24, 1.79887
FILLER_0_12_53, 35.13, 46.24, 1.79887
FILLER_0_12_85, 46.975, 46.24, 1.79888
FILLER_0_14_93, 46.975, 46.24, 1.79888
_0846_, 70.665, 46.24, 1.79883
_0964_, 70.665, 46.24, 1.79883
_0970_, 70.665, 46.24, 1.79883
_1201_, 70.665, 46.24, 1.79883
hold56, 70.665, 46.24, 1.79883
FILLER_0_12_135, 70.665, 46.24, 1.79883
FILLER_0_13_139, 70.665, 46.24, 1.79883
_0977_, 82.51, 46.24, 1.7988
_0980_, 82.51, 46.24, 1.7988
_1202_, 82.51, 46.24, 1.7988
clkbuf_4_9_0_clk, 82.51, 46.24, 1.7988
hold117, 82.51, 46.24, 1.7988
FILLER_0_12_156, 82.51, 46.24, 1.7988
FILLER_0_13_164, 82.51, 46.24, 1.7988
_0669_, 106.2, 46.24, 1.79877
_1000_, 106.2, 46.24, 1.79877
_1315_, 106.2, 46.24, 1.79877
_1316_, 106.2, 46.24, 1.79877
FILLER_0_13_215, 106.2, 46.24, 1.79877
_0685_, 118.045, 46.24, 1.79875
_0686_, 118.045, 46.24, 1.79875
_0687_, 118.045, 46.24, 1.79875
_0906_, 118.045, 46.24, 1.79875
clkbuf_4_11_0_clk, 118.045, 46.24, 1.79875
_0681_, 138.775, 46.24, 1.79886
hold7, 138.775, 46.24, 1.79886
hold11, 138.775, 46.24, 1.79886
FILLER_0_13_281, 138.775, 46.24, 1.79886
PHY_20, 5.52, 40.8, 1.7989
PHY_22, 5.52, 40.8, 1.7989
PHY_21, 147.66, 40.8, 1.79881
PHY_23, 147.66, 40.8, 1.79881
FILLER_0_10_15, 14.402, 40.8, 1.7989
FILLER_0_11_27, 14.402, 40.8, 1.7989
_0632_, 35.13, 40.8, 1.79885
_0763_, 35.13, 40.8, 1.79885
_0838_, 35.13, 40.8, 1.79885
hold73, 35.13, 40.8, 1.79885
hold133, 35.13, 40.8, 1.79885
hold143, 35.13, 40.8, 1.79885
FILLER_0_11_70, 35.13, 40.8, 1.79885
FILLER_0_12_75, 35.13, 40.8, 1.79885
_0638_, 46.975, 40.8, 1.79884
_0639_, 46.975, 40.8, 1.79884
_0641_, 46.975, 40.8, 1.79884
_0652_, 46.975, 40.8, 1.79884
_1294_, 46.975, 40.8, 1.79884
FILLER_0_11_85, 46.975, 40.8, 1.79884
FILLER_0_12_94, 46.975, 40.8, 1.79884
_0771_, 70.665, 40.8, 1.79878
_0931_, 70.665, 40.8, 1.79878
_0965_, 70.665, 40.8, 1.79878
_0978_, 70.665, 40.8, 1.79878
hold87, 70.665, 40.8, 1.79878
FILLER_0_11_143, 70.665, 40.8, 1.79878
FILLER_0_12_149, 70.665, 40.8, 1.79878
_0773_, 82.51, 40.8, 1.79875
_0847_, 82.51, 40.8, 1.79875
_0916_, 82.51, 40.8, 1.79875
_0958_, 82.51, 40.8, 1.79875
_0979_, 82.51, 40.8, 1.79875
hold58, 82.51, 40.8, 1.79875
_0988_, 106.2, 40.8, 1.79872
_0998_, 106.2, 40.8, 1.79872
_1151_, 106.2, 40.8, 1.79872
hold103, 106.2, 40.8, 1.79872
hold125, 106.2, 40.8, 1.79872
FILLER_0_11_217, 106.2, 40.8, 1.79872
FILLER_0_12_228, 106.2, 40.8, 1.79872
_0674_, 118.045, 40.8, 1.79874
_0675_, 118.045, 40.8, 1.79874
_0688_, 118.045, 40.8, 1.79874
_0862_, 118.045, 40.8, 1.79874
_0863_, 118.045, 40.8, 1.79874
FILLER_0_12_249, 118.045, 40.8, 1.79874
_0679_, 138.775, 40.8, 1.79881
_0690_, 138.775, 40.8, 1.79881
_1322_, 138.775, 40.8, 1.79881
PHY_16, 5.52, 35.36, 1.79886
PHY_18, 5.52, 35.36, 1.79886
PHY_17, 147.66, 35.36, 1.79888
PHY_19, 147.66, 35.36, 1.79888
FILLER_0_9_301, 147.66, 35.36, 1.79888
_0611_, 14.402, 35.36, 1.79886
_1282_, 14.402, 35.36, 1.79886
FILLER_0_8_15, 14.402, 35.36, 1.79886
FILLER_0_9_15, 14.402, 35.36, 1.79886
_0613_, 35.13, 35.36, 1.79884
_0614_, 35.13, 35.36, 1.79884
_0635_, 35.13, 35.36, 1.79884
_0655_, 35.13, 35.36, 1.79884
_0760_, 35.13, 35.36, 1.79884
_1300_, 35.13, 35.36, 1.79884
hold64, 35.13, 35.36, 1.79884
FILLER_0_9_53, 35.13, 35.36, 1.79884
_0640_, 46.975, 35.36, 1.79884
_0656_, 46.975, 35.36, 1.79884
_0762_, 46.975, 35.36, 1.79884
_1293_, 46.975, 35.36, 1.79884
_0849_, 70.665, 35.36, 1.79887
_0927_, 70.665, 35.36, 1.79887
_0929_, 70.665, 35.36, 1.79887
_0772_, 82.51, 35.36, 1.79887
_0928_, 82.51, 35.36, 1.79887
_0961_, 82.51, 35.36, 1.79887
_0962_, 82.51, 35.36, 1.79887
_0982_, 82.51, 35.36, 1.79887
_1196_, 82.51, 35.36, 1.79887
hold81, 82.51, 35.36, 1.79887
FILLER_0_8_161, 82.51, 35.36, 1.79887
_0907_, 106.2, 35.36, 1.79885
_0997_, 106.2, 35.36, 1.79885
FILLER_0_9_221, 106.2, 35.36, 1.79885
FILLER_0_9_225, 106.2, 35.36, 1.79885
FILLER_0_10_229, 106.2, 35.36, 1.79885
_0676_, 118.045, 35.36, 1.79885
_1317_, 118.045, 35.36, 1.79885
hold116, 118.045, 35.36, 1.79885
FILLER_0_8_242, 118.045, 35.36, 1.79885
FILLER_0_9_233, 118.045, 35.36, 1.79885
FILLER_0_10_249, 118.045, 35.36, 1.79885
_0672_, 138.775, 35.36, 1.79888
_0673_, 138.775, 35.36, 1.79888
_1307_, 138.775, 35.36, 1.79888
hold6, 138.775, 35.36, 1.79888
PHY_12, 5.52, 29.92, 1.79886
PHY_14, 5.52, 29.92, 1.79886
PHY_13, 147.66, 29.92, 1.79892
PHY_15, 147.66, 29.92, 1.79892
FILLER_0_6_301, 147.66, 29.92, 1.79892
_0609_, 14.402, 29.92, 1.79886
_0653_, 35.13, 29.92, 1.79882
_1283_, 35.13, 29.92, 1.79882
_1299_, 35.13, 29.92, 1.79882
hold127, 35.13, 29.92, 1.79882
FILLER_0_7_73, 35.13, 29.92, 1.79882
_0654_, 46.975, 29.92, 1.79884
_1169_, 46.975, 29.92, 1.79884
hold96, 46.975, 29.92, 1.79884
FILLER_0_6_80, 46.975, 29.92, 1.79884
FILLER_0_7_97, 46.975, 29.92, 1.79884
_0768_, 70.665, 29.92, 1.79886
_0848_, 70.665, 29.92, 1.79886
_0930_, 70.665, 29.92, 1.79886
_1185_, 70.665, 29.92, 1.79886
hold112, 70.665, 29.92, 1.79886
FILLER_0_7_132, 70.665, 29.92, 1.79886
FILLER_0_7_153, 70.665, 29.92, 1.79886
_0769_, 82.51, 29.92, 1.79888
_0775_, 82.51, 29.92, 1.79888
_0850_, 82.51, 29.92, 1.79888
_0959_, 82.51, 29.92, 1.79888
_0766_, 106.2, 29.92, 1.79889
_0845_, 106.2, 29.92, 1.79889
_0989_, 106.2, 29.92, 1.79889
_0991_, 106.2, 29.92, 1.79889
_0992_, 106.2, 29.92, 1.79889
FILLER_0_7_216, 106.2, 29.92, 1.79889
_1318_, 118.045, 29.92, 1.79889
hold98, 118.045, 29.92, 1.79889
FILLER_0_7_234, 118.045, 29.92, 1.79889
FILLER_0_8_253, 118.045, 29.92, 1.79889
PHY_8, 5.52, 24.48, 1.79892
PHY_10, 5.52, 24.48, 1.79892
PHY_9, 147.66, 24.48, 1.79893
PHY_11, 147.66, 24.48, 1.79893
FILLER_0_4_301, 147.66, 24.48, 1.79893
_0971_, 70.665, 24.48, 1.79889
_0972_, 70.665, 24.48, 1.79889
_1195_, 70.665, 24.48, 1.79889
hold37, 70.665, 24.48, 1.79889
hold79, 70.665, 24.48, 1.79889
hold105, 70.665, 24.48, 1.79889
_0935_, 82.51, 24.48, 1.79889
_0938_, 82.51, 24.48, 1.79889
_0985_, 82.51, 24.48, 1.79889
hold50, 82.51, 24.48, 1.79889
hold71, 82.51, 24.48, 1.79889
hold84, 82.51, 24.48, 1.79889
_0844_, 106.2, 24.48, 1.79889
_0917_, 106.2, 24.48, 1.79889
_0918_, 106.2, 24.48, 1.79889
_1003_, 106.2, 24.48, 1.79889
_1205_, 106.2, 24.48, 1.79889
_1206_, 106.2, 24.48, 1.79889
_0990_, 118.045, 24.48, 1.79891
FILLER_0_6_247, 118.045, 24.48, 1.79891
PHY_4, 5.52, 19.04, 1.79892
PHY_6, 5.52, 19.04, 1.79892
PHY_5, 147.66, 19.04, 1.79893
PHY_7, 147.66, 19.04, 1.79893
FILLER_0_2_301, 147.66, 19.04, 1.79893
FILLER_0_4_77, 35.13, 19.04, 1.79891
_0939_, 70.665, 19.04, 1.79888
_0954_, 70.665, 19.04, 1.79888
_0955_, 70.665, 19.04, 1.79888
_0956_, 70.665, 19.04, 1.79888
_0960_, 70.665, 19.04, 1.79888
_0983_, 82.51, 19.04, 1.79887
_0984_, 82.51, 19.04, 1.79887
_0986_, 82.51, 19.04, 1.79887
_1187_, 82.51, 19.04, 1.79887
_1188_, 82.51, 19.04, 1.79887
_1204_, 82.51, 19.04, 1.79887
_0913_, 106.2, 19.04, 1.79889
_1210_, 106.2, 19.04, 1.79889
hold118, 106.2, 19.04, 1.79889
hold137, 118.045, 19.04, 1.79891
FILLER_0_2_244, 118.045, 19.04, 1.79891
FILLER_0_4_248, 118.045, 19.04, 1.79891
PHY_0, 5.52, 13.6, 1.79889
PHY_2, 5.52, 13.6, 1.79889
output3, 5.52, 13.6, 1.79889
PHY_1, 147.66, 13.6, 1.79893
PHY_3, 147.66, 13.6, 1.79893
FILLER_0_0_21, 14.402, 13.6, 1.7989
FILLER_0_0_53, 35.13, 13.6, 1.79891
FILLER_0_2_77, 35.13, 13.6, 1.79891
FILLER_0_0_81, 46.975, 13.6, 1.7989
hold139, 70.665, 13.6, 1.79889
FILLER_0_0_137, 70.665, 13.6, 1.79889
FILLER_0_2_152, 70.665, 13.6, 1.79889
_1203_, 82.51, 13.6, 1.79889
hold141, 82.51, 13.6, 1.79889
FILLER_0_0_165, 82.51, 13.6, 1.79889
FILLER_0_1_161, 82.51, 13.6, 1.79889
_0914_, 106.2, 13.6, 1.79891
hold121, 106.2, 13.6, 1.79891
FILLER_0_0_221, 106.2, 13.6, 1.79891
FILLER_0_1_220, 106.2, 13.6, 1.79891
input2, 118.045, 13.6, 1.79892
FILLER_0_0_249, 118.045, 13.6, 1.79892

