
Magic 8.3 revision 413 - Compiled on Wed Jul 12 10:04:40 UTC 2023.
Starting magic under Tcl interpreter
Using the terminal as the console.
Using NULL graphics device.
Processing system .magicrc file
Sourcing design .magicrc for technology sky130A ...
2 Magic internal units = 1 Lambda
Input style sky130(): scaleFactor=2, multiplier=2
The following types are not handled by extraction and will be treated as non-electrical types:
    ubm 
Scaled tech values by 2 / 1 to match internal grid scaling
Loading sky130A Device Generator Menu ...
Using technology "sky130A", version 1.0.493-0-g0fe599b
Reading LEF data from file /root/.ciel/sky130A/libs.ref/sky130_fd_sc_hd/techlef/sky130_fd_sc_hd__nom.tlef.
This action cannot be undone.
LEF read, Line 82 (Message): Unknown keyword "ANTENNAMODEL" in LEF file; ignoring.
LEF read, Line 83 (Message): Unknown keyword "ANTENNADIFFSIDEAREARATIO" in LEF file; ignoring.
LEF read, Line 116 (Message): Unknown keyword "MINENCLOSEDAREA" in LEF file; ignoring.
LEF read, Line 118 (Message): Unknown keyword "ANTENNAMODEL" in LEF file; ignoring.
LEF read, Line 119 (Message): Unknown keyword "ANTENNADIFFSIDEAREARATIO" in LEF file; ignoring.
LEF read, Line 125 (Message): Unknown keyword "MAXIMUMDENSITY" in LEF file; ignoring.
LEF read, Line 126 (Message): Unknown keyword "DENSITYCHECKWINDOW" in LEF file; ignoring.
LEF read, Line 127 (Message): Unknown keyword "DENSITYCHECKSTEP" in LEF file; ignoring.
LEF read, Line 160 (Message): Unknown keyword "MINENCLOSEDAREA" in LEF file; ignoring.
LEF read, Line 168 (Message): Unknown keyword "ANTENNAMODEL" in LEF file; ignoring.
LEF read, Line 169 (Message): Unknown keyword "ANTENNADIFFSIDEAREARATIO" in LEF file; ignoring.
LEF read, Line 171 (Message): Unknown keyword "MAXIMUMDENSITY" in LEF file; ignoring.
LEF read, Line 172 (Message): Unknown keyword "DENSITYCHECKWINDOW" in LEF file; ignoring.
LEF read, Line 173 (Message): Unknown keyword "DENSITYCHECKSTEP" in LEF file; ignoring.
LEF read, Line 210 (Message): Unknown keyword "ANTENNAMODEL" in LEF file; ignoring.
LEF read, Line 211 (Message): Unknown keyword "ANTENNADIFFSIDEAREARATIO" in LEF file; ignoring.
LEF read, Line 213 (Message): Unknown keyword "MAXIMUMDENSITY" in LEF file; ignoring.
LEF read, Line 214 (Message): Unknown keyword "DENSITYCHECKWINDOW" in LEF file; ignoring.
LEF read, Line 215 (Message): Unknown keyword "DENSITYCHECKSTEP" in LEF file; ignoring.
LEF read, Line 252 (Message): Unknown keyword "ANTENNAMODEL" in LEF file; ignoring.
LEF read, Line 253 (Message): Unknown keyword "ANTENNADIFFSIDEAREARATIO" in LEF file; ignoring.
LEF read, Line 255 (Message): Unknown keyword "MAXIMUMDENSITY" in LEF file; ignoring.
LEF read, Line 256 (Message): Unknown keyword "DENSITYCHECKWINDOW" in LEF file; ignoring.
LEF read, Line 257 (Message): Unknown keyword "DENSITYCHECKSTEP" in LEF file; ignoring.
LEF read, Line 294 (Message): Unknown keyword "ANTENNAMODEL" in LEF file; ignoring.
LEF read, Line 295 (Message): Unknown keyword "ANTENNADIFFSIDEAREARATIO" in LEF file; ignoring.
LEF read: Processed 801 lines.
Reading LEF data from file /openlane/designs/bist_top/macros/sram_64x4.lef.
This action cannot be undone.
LEF read: Processed 227 lines.
Reading DEF data from file /openlane/designs/bist_top/runs/RUN_2026.07.07_06.59.45/results/routing/bist_top.def.
This action cannot be undone.
  Processed 4 vias total.
Cell sky130_fd_sc_hd__decap_3 read from path /root/.ciel/sky130A/libs.ref/sky130_fd_sc_hd/mag
Cell sky130_ef_sc_hd__decap_12 read from path /root/.ciel/sky130A/libs.ref/sky130_fd_sc_hd/mag
Cell sky130_fd_sc_hd__decap_6 read from path /root/.ciel/sky130A/libs.ref/sky130_fd_sc_hd/mag
Cell sky130_fd_sc_hd__fill_2 read from path /root/.ciel/sky130A/libs.ref/sky130_fd_sc_hd/mag
Cell sky130_fd_sc_hd__fill_1 read from path /root/.ciel/sky130A/libs.ref/sky130_fd_sc_hd/mag
Cell sky130_fd_sc_hd__decap_8 read from path /root/.ciel/sky130A/libs.ref/sky130_fd_sc_hd/mag
Cell sky130_fd_sc_hd__decap_4 read from path /root/.ciel/sky130A/libs.ref/sky130_fd_sc_hd/mag
Cell sky130_fd_sc_hd__tapvpwrvgnd_1 read from path /root/.ciel/sky130A/libs.ref/sky130_fd_sc_hd/mag
Cell sky130_fd_sc_hd__clkbuf_1 read from path /root/.ciel/sky130A/libs.ref/sky130_fd_sc_hd/mag
Cell sky130_fd_sc_hd__mux2_1 read from path /root/.ciel/sky130A/libs.ref/sky130_fd_sc_hd/mag
Cell sky130_fd_sc_hd__or2_1 read from path /root/.ciel/sky130A/libs.ref/sky130_fd_sc_hd/mag
Cell sky130_fd_sc_hd__or3b_4 read from path /root/.ciel/sky130A/libs.ref/sky130_fd_sc_hd/mag
Cell sky130_fd_sc_hd__or2_2 read from path /root/.ciel/sky130A/libs.ref/sky130_fd_sc_hd/mag
Cell sky130_fd_sc_hd__nor2_1 read from path /root/.ciel/sky130A/libs.ref/sky130_fd_sc_hd/mag
Cell sky130_fd_sc_hd__or3_1 read from path /root/.ciel/sky130A/libs.ref/sky130_fd_sc_hd/mag
Cell sky130_fd_sc_hd__xnor2_1 read from path /root/.ciel/sky130A/libs.ref/sky130_fd_sc_hd/mag
Cell sky130_fd_sc_hd__o21ai_1 read from path /root/.ciel/sky130A/libs.ref/sky130_fd_sc_hd/mag
Cell sky130_fd_sc_hd__a22o_1 read from path /root/.ciel/sky130A/libs.ref/sky130_fd_sc_hd/mag
Cell sky130_fd_sc_hd__inv_2 read from path /root/.ciel/sky130A/libs.ref/sky130_fd_sc_hd/mag
Cell sky130_fd_sc_hd__a221o_1 read from path /root/.ciel/sky130A/libs.ref/sky130_fd_sc_hd/mag
Cell sky130_fd_sc_hd__a21oi_1 read from path /root/.ciel/sky130A/libs.ref/sky130_fd_sc_hd/mag
Cell sky130_fd_sc_hd__and3b_1 read from path /root/.ciel/sky130A/libs.ref/sky130_fd_sc_hd/mag
Cell sky130_fd_sc_hd__and3_1 read from path /root/.ciel/sky130A/libs.ref/sky130_fd_sc_hd/mag
Cell sky130_fd_sc_hd__and4bb_1 read from path /root/.ciel/sky130A/libs.ref/sky130_fd_sc_hd/mag
Cell sky130_fd_sc_hd__a21o_1 read from path /root/.ciel/sky130A/libs.ref/sky130_fd_sc_hd/mag
Cell sky130_fd_sc_hd__clkbuf_2 read from path /root/.ciel/sky130A/libs.ref/sky130_fd_sc_hd/mag
Cell sky130_fd_sc_hd__a211oi_1 read from path /root/.ciel/sky130A/libs.ref/sky130_fd_sc_hd/mag
Cell sky130_fd_sc_hd__or3b_2 read from path /root/.ciel/sky130A/libs.ref/sky130_fd_sc_hd/mag
Cell sky130_fd_sc_hd__or3b_1 read from path /root/.ciel/sky130A/libs.ref/sky130_fd_sc_hd/mag
Cell sky130_fd_sc_hd__buf_1 read from path /root/.ciel/sky130A/libs.ref/sky130_fd_sc_hd/mag
Cell sky130_fd_sc_hd__a211o_1 read from path /root/.ciel/sky130A/libs.ref/sky130_fd_sc_hd/mag
Cell sky130_fd_sc_hd__a31o_1 read from path /root/.ciel/sky130A/libs.ref/sky130_fd_sc_hd/mag
Cell sky130_fd_sc_hd__and2_1 read from path /root/.ciel/sky130A/libs.ref/sky130_fd_sc_hd/mag
Cell sky130_fd_sc_hd__buf_2 read from path /root/.ciel/sky130A/libs.ref/sky130_fd_sc_hd/mag
Cell sky130_fd_sc_hd__nor4_2 read from path /root/.ciel/sky130A/libs.ref/sky130_fd_sc_hd/mag
Cell sky130_fd_sc_hd__nand2_1 read from path /root/.ciel/sky130A/libs.ref/sky130_fd_sc_hd/mag
Cell sky130_fd_sc_hd__nor2b_2 read from path /root/.ciel/sky130A/libs.ref/sky130_fd_sc_hd/mag
Cell sky130_fd_sc_hd__clkbuf_4 read from path /root/.ciel/sky130A/libs.ref/sky130_fd_sc_hd/mag
Cell sky130_fd_sc_hd__and4bb_4 read from path /root/.ciel/sky130A/libs.ref/sky130_fd_sc_hd/mag
Cell sky130_fd_sc_hd__nor4b_4 read from path /root/.ciel/sky130A/libs.ref/sky130_fd_sc_hd/mag
Cell sky130_fd_sc_hd__nor4b_2 read from path /root/.ciel/sky130A/libs.ref/sky130_fd_sc_hd/mag
Cell sky130_fd_sc_hd__and2b_1 read from path /root/.ciel/sky130A/libs.ref/sky130_fd_sc_hd/mag
Cell sky130_fd_sc_hd__nor4b_1 read from path /root/.ciel/sky130A/libs.ref/sky130_fd_sc_hd/mag
Cell sky130_fd_sc_hd__and4_4 read from path /root/.ciel/sky130A/libs.ref/sky130_fd_sc_hd/mag
Cell sky130_fd_sc_hd__and4b_4 read from path /root/.ciel/sky130A/libs.ref/sky130_fd_sc_hd/mag
Cell sky130_fd_sc_hd__or4_1 read from path /root/.ciel/sky130A/libs.ref/sky130_fd_sc_hd/mag
Cell sky130_fd_sc_hd__o21a_1 read from path /root/.ciel/sky130A/libs.ref/sky130_fd_sc_hd/mag
Cell sky130_fd_sc_hd__a2111o_1 read from path /root/.ciel/sky130A/libs.ref/sky130_fd_sc_hd/mag
Cell sky130_fd_sc_hd__and2_2 read from path /root/.ciel/sky130A/libs.ref/sky130_fd_sc_hd/mag
Cell sky130_fd_sc_hd__o31a_1 read from path /root/.ciel/sky130A/libs.ref/sky130_fd_sc_hd/mag
Cell sky130_fd_sc_hd__a32o_1 read from path /root/.ciel/sky130A/libs.ref/sky130_fd_sc_hd/mag
Cell sky130_fd_sc_hd__a311o_1 read from path /root/.ciel/sky130A/libs.ref/sky130_fd_sc_hd/mag
Cell sky130_fd_sc_hd__o221a_1 read from path /root/.ciel/sky130A/libs.ref/sky130_fd_sc_hd/mag
Cell sky130_fd_sc_hd__and4_1 read from path /root/.ciel/sky130A/libs.ref/sky130_fd_sc_hd/mag
Cell sky130_fd_sc_hd__xor2_2 read from path /root/.ciel/sky130A/libs.ref/sky130_fd_sc_hd/mag
Cell sky130_fd_sc_hd__nand2_2 read from path /root/.ciel/sky130A/libs.ref/sky130_fd_sc_hd/mag
Cell sky130_fd_sc_hd__nand3_4 read from path /root/.ciel/sky130A/libs.ref/sky130_fd_sc_hd/mag
Cell sky130_fd_sc_hd__or4b_2 read from path /root/.ciel/sky130A/libs.ref/sky130_fd_sc_hd/mag
Cell sky130_fd_sc_hd__o21ba_2 read from path /root/.ciel/sky130A/libs.ref/sky130_fd_sc_hd/mag
Cell sky130_fd_sc_hd__or2b_1 read from path /root/.ciel/sky130A/libs.ref/sky130_fd_sc_hd/mag
Cell sky130_fd_sc_hd__a2bb2o_1 read from path /root/.ciel/sky130A/libs.ref/sky130_fd_sc_hd/mag
Cell sky130_fd_sc_hd__a21bo_1 read from path /root/.ciel/sky130A/libs.ref/sky130_fd_sc_hd/mag
Cell sky130_fd_sc_hd__o21bai_1 read from path /root/.ciel/sky130A/libs.ref/sky130_fd_sc_hd/mag
Cell sky130_fd_sc_hd__or3_2 read from path /root/.ciel/sky130A/libs.ref/sky130_fd_sc_hd/mag
Cell sky130_fd_sc_hd__or4b_4 read from path /root/.ciel/sky130A/libs.ref/sky130_fd_sc_hd/mag
Cell sky130_fd_sc_hd__or3_4 read from path /root/.ciel/sky130A/libs.ref/sky130_fd_sc_hd/mag
Cell sky130_fd_sc_hd__or4_2 read from path /root/.ciel/sky130A/libs.ref/sky130_fd_sc_hd/mag
Cell sky130_fd_sc_hd__nand3b_4 read from path /root/.ciel/sky130A/libs.ref/sky130_fd_sc_hd/mag
Cell sky130_fd_sc_hd__dfxtp_1 read from path /root/.ciel/sky130A/libs.ref/sky130_fd_sc_hd/mag
Cell sky130_fd_sc_hd__dfstp_1 read from path /root/.ciel/sky130A/libs.ref/sky130_fd_sc_hd/mag
Cell sky130_fd_sc_hd__dfrtp_1 read from path /root/.ciel/sky130A/libs.ref/sky130_fd_sc_hd/mag
Cell sky130_fd_sc_hd__dfrtp_2 read from path /root/.ciel/sky130A/libs.ref/sky130_fd_sc_hd/mag
Cell sky130_fd_sc_hd__dfrtp_4 read from path /root/.ciel/sky130A/libs.ref/sky130_fd_sc_hd/mag
Cell sky130_fd_sc_hd__clkbuf_16 read from path /root/.ciel/sky130A/libs.ref/sky130_fd_sc_hd/mag
Cell sky130_fd_sc_hd__clkbuf_8 read from path /root/.ciel/sky130A/libs.ref/sky130_fd_sc_hd/mag
Cell sky130_fd_sc_hd__buf_4 read from path /root/.ciel/sky130A/libs.ref/sky130_fd_sc_hd/mag
Cell sky130_fd_sc_hd__dlygate4sd3_1 read from path /root/.ciel/sky130A/libs.ref/sky130_fd_sc_hd/mag
Cell sky130_fd_sc_hd__dlymetal6s2s_1 read from path /root/.ciel/sky130A/libs.ref/sky130_fd_sc_hd/mag
  Processed 2531 subcell instances total.
  Processed 7 pins total.
  Processed 2 special nets total.
  Processed 931 nets total.
DEF read: Processed 17277 lines.
Moving label "_0017_" from metal1 to via1 in cell bist_top.
Moving label "_0042_" from metal1 to via1 in cell bist_top.
Moving label "_0054_" from metal1 to via1 in cell bist_top.
Moving label "_0055_" from metal1 to viali in cell bist_top.
Moving label "_0058_" from metal1 to via1 in cell bist_top.
Moving label "_0066_" from metal1 to via1 in cell bist_top.
Moving label "_0096_" from metal1 to via1 in cell bist_top.
Moving label "_0097_" from metal1 to via1 in cell bist_top.
Moving label "_0098_" from metal1 to viali in cell bist_top.
Moving label "_0112_" from metal1 to via1 in cell bist_top.
Moving label "_0116_" from metal1 to via1 in cell bist_top.
Moving label "_0124_" from metal1 to via1 in cell bist_top.
Moving label "_0127_" from metal1 to via1 in cell bist_top.
Moving label "_0135_" from metal1 to via1 in cell bist_top.
Moving label "_0140_" from metal1 to via1 in cell bist_top.
Moving label "_0230_" from metal1 to via1 in cell bist_top.
Moving label "_0251_" from metal2 to via2 in cell bist_top.
Moving label "_0305_" from metal1 to via1 in cell bist_top.
Moving label "_0315_" from metal2 to via1 in cell bist_top.
Moving label "_0329_" from metal1 to viali in cell bist_top.
Moving label "_0363_" from metal2 to via2 in cell bist_top.
Moving label "_0366_" from metal2 to via1 in cell bist_top.
Moving label "_0472_" from metal1 to via1 in cell bist_top.
Moving label "_0500_" from metal1 to via1 in cell bist_top.
Moving label "_0524_" from metal2 to via2 in cell bist_top.
Moving label "_0568_" from metal2 to via2 in cell bist_top.
Moving label "_0573_" from metal1 to via1 in cell bist_top.
Moving label "clk" from metal2 to via2 in cell bist_top.
Moving label "net13" from metal2 to via1 in cell bist_top.
Moving label "net7" from metal2 to via2 in cell bist_top.
Moving label "net9" from metal1 to viali in cell bist_top.
Moving label "u_fsm.fail_latch" from metal2 to via1 in cell bist_top.
Moving label "u_sram.mem\[2\]\[1\]" from metal1 to via1 in cell bist_top.
Root cell box:
           width x height  (   llx,  lly  ), (   urx,  ury  )  area (units^2)

microns:  153.565 x 164.285  ( 0.000,  0.000), ( 153.565,  164.285)  25228.424 
lambda:   15356.50 x 16428.50  (  0.00,  0.00 ), ( 15356.50,  16428.50)  252284256.00
internal:  30713 x 32857   (     0,  0    ), ( 30713,  32857)  1009137041
Warning: Calma reading is not undoable!  I hope that's OK.
Library written using GDS-II Release 5.0
Library name: DEFAULT.DB
Reading "sram_64x4".
Warning:  cell sram_64x4 already existed before reading GDS!
CIF file read warning: CIF style sky130(): units rescaled by factor of 2 / 1
CIF file read warning: Input off lambda grid by 1/2; snapped to grid.
Reading "sram_64x4_bank".
CIF file read warning: CIF style sky130(): units rescaled by factor of 5 / 1
Reading "sram_64x4_capped_replica_bitcell_array".
Error while reading cell "sram_64x4_capped_replica_bitcell_array" (byte position 86782): Warning: cell "sram_64x4_contact_6" placed on top of itself.  Ignoring the extra one.
Error while reading cell "sram_64x4_capped_replica_bitcell_array" (byte position 86832): Warning: cell "sram_64x4_contact_7" placed on top of itself.  Ignoring the extra one.
Error while reading cell "sram_64x4_capped_replica_bitcell_array" (byte position 86882): Warning: cell "sram_64x4_contact_8" placed on top of itself.  Ignoring the extra one.
Error while reading cell "sram_64x4_capped_replica_bitcell_array" (byte position 86932): Warning: cell "sram_64x4_contact_6" placed on top of itself.  Ignoring the extra one.
Error while reading cell "sram_64x4_capped_replica_bitcell_array" (byte position 86982): Warning: cell "sram_64x4_contact_7" placed on top of itself.  Ignoring the extra one.
Error while reading cell "sram_64x4_capped_replica_bitcell_array" (byte position 87032): Warning: cell "sram_64x4_contact_8" placed on top of itself.  Ignoring the extra one.
Error while reading cell "sram_64x4_capped_replica_bitcell_array" (byte position 87082): Warning: cell "sram_64x4_contact_6" placed on top of itself.  Ignoring the extra one.
Error while reading cell "sram_64x4_capped_replica_bitcell_array" (byte position 87132): Warning: cell "sram_64x4_contact_7" placed on top of itself.  Ignoring the extra one.
Error while reading cell "sram_64x4_capped_replica_bitcell_array" (byte position 87182): Warning: cell "sram_64x4_contact_8" placed on top of itself.  Ignoring the extra one.
Error while reading cell "sram_64x4_capped_replica_bitcell_array" (byte position 87232): Warning: cell "sram_64x4_contact_6" placed on top of itself.  Ignoring the extra one.
Error while reading cell "sram_64x4_capped_replica_bitcell_array" (byte position 87282): Warning: cell "sram_64x4_contact_7" placed on top of itself.  Ignoring the extra one.
Error while reading cell "sram_64x4_capped_replica_bitcell_array" (byte position 87332): Warning: cell "sram_64x4_contact_8" placed on top of itself.  Ignoring the extra one.
Error while reading cell "sram_64x4_capped_replica_bitcell_array" (byte position 87382): Warning: cell "sram_64x4_contact_6" placed on top of itself.  Ignoring the extra one.
Error while reading cell "sram_64x4_capped_replica_bitcell_array" (byte position 87432): Warning: cell "sram_64x4_contact_7" placed on top of itself.  Ignoring the extra one.
Error while reading cell "sram_64x4_capped_replica_bitcell_array" (byte position 87482): Warning: cell "sram_64x4_contact_8" placed on top of itself.  Ignoring the extra one.
Error while reading cell "sram_64x4_capped_replica_bitcell_array" (byte position 87532): Warning: cell "sram_64x4_contact_6" placed on top of itself.  Ignoring the extra one.
Error while reading cell "sram_64x4_capped_replica_bitcell_array" (byte position 87582): Warning: cell "sram_64x4_contact_7" placed on top of itself.  Ignoring the extra one.
Error while reading cell "sram_64x4_capped_replica_bitcell_array" (byte position 87632): Warning: cell "sram_64x4_contact_8" placed on top of itself.  Ignoring the extra one.
Error while reading cell "sram_64x4_capped_replica_bitcell_array" (byte position 87682): Warning: cell "sram_64x4_contact_6" placed on top of itself.  Ignoring the extra one.
Error while reading cell "sram_64x4_capped_replica_bitcell_array" (byte position 87732): Warning: cell "sram_64x4_contact_7" placed on top of itself.  Ignoring the extra one.
Error while reading cell "sram_64x4_capped_replica_bitcell_array" (byte position 87782): Warning: cell "sram_64x4_contact_8" placed on top of itself.  Ignoring the extra one.
Error while reading cell "sram_64x4_capped_replica_bitcell_array" (byte position 87832): Warning: cell "sram_64x4_contact_6" placed on top of itself.  Ignoring the extra one.
Error while reading cell "sram_64x4_capped_replica_bitcell_array" (byte position 87882): Warning: cell "sram_64x4_contact_7" placed on top of itself.  Ignoring the extra one.
Error while reading cell "sram_64x4_capped_replica_bitcell_array" (byte position 87932): Warning: cell "sram_64x4_contact_8" placed on top of itself.  Ignoring the extra one.
Error while reading cell "sram_64x4_capped_replica_bitcell_array" (byte position 87982): Warning: cell "sram_64x4_contact_6" placed on top of itself.  Ignoring the extra one.
Error while reading cell "sram_64x4_capped_replica_bitcell_array" (byte position 88032): Warning: cell "sram_64x4_contact_7" placed on top of itself.  Ignoring the extra one.
Error while reading cell "sram_64x4_capped_replica_bitcell_array" (byte position 88082): Warning: cell "sram_64x4_contact_8" placed on top of itself.  Ignoring the extra one.
Error while reading cell "sram_64x4_capped_replica_bitcell_array" (byte position 88132): Warning: cell "sram_64x4_contact_6" placed on top of itself.  Ignoring the extra one.
Error while reading cell "sram_64x4_capped_replica_bitcell_array" (byte position 88182): Warning: cell "sram_64x4_contact_7" placed on top of itself.  Ignoring the extra one.
Error while reading cell "sram_64x4_capped_replica_bitcell_array" (byte position 88232): Warning: cell "sram_64x4_contact_8" placed on top of itself.  Ignoring the extra one.
Error while reading cell "sram_64x4_capped_replica_bitcell_array" (byte position 88282): Warning: cell "sram_64x4_contact_6" placed on top of itself.  Ignoring the extra one.
Error while reading cell "sram_64x4_capped_replica_bitcell_array" (byte position 88332): Warning: cell "sram_64x4_contact_7" placed on top of itself.  Ignoring the extra one.
Error while reading cell "sram_64x4_capped_replica_bitcell_array" (byte position 88382): Warning: cell "sram_64x4_contact_8" placed on top of itself.  Ignoring the extra one.
Error while reading cell "sram_64x4_capped_replica_bitcell_array" (byte position 88432): Warning: cell "sram_64x4_contact_6" placed on top of itself.  Ignoring the extra one.
Error while reading cell "sram_64x4_capped_replica_bitcell_array" (byte position 88482): Warning: cell "sram_64x4_contact_7" placed on top of itself.  Ignoring the extra one.
Error while reading cell "sram_64x4_capped_replica_bitcell_array" (byte position 88532): Warning: cell "sram_64x4_contact_8" placed on top of itself.  Ignoring the extra one.
Error while reading cell "sram_64x4_capped_replica_bitcell_array" (byte position 88582): Warning: cell "sram_64x4_contact_6" placed on top of itself.  Ignoring the extra one.
Error while reading cell "sram_64x4_capped_replica_bitcell_array" (byte position 88632): Warning: cell "sram_64x4_contact_7" placed on top of itself.  Ignoring the extra one.
Error while reading cell "sram_64x4_capped_replica_bitcell_array" (byte position 88682): Warning: cell "sram_64x4_contact_8" placed on top of itself.  Ignoring the extra one.
Error while reading cell "sram_64x4_capped_replica_bitcell_array" (byte position 88732): Warning: cell "sram_64x4_contact_6" placed on top of itself.  Ignoring the extra one.
Error while reading cell "sram_64x4_capped_replica_bitcell_array" (byte position 88782): Warning: cell "sram_64x4_contact_7" placed on top of itself.  Ignoring the extra one.
Error while reading cell "sram_64x4_capped_replica_bitcell_array" (byte position 88832): Warning: cell "sram_64x4_contact_8" placed on top of itself.  Ignoring the extra one.
Error while reading cell "sram_64x4_capped_replica_bitcell_array" (byte position 88882): Warning: cell "sram_64x4_contact_6" placed on top of itself.  Ignoring the extra one.
Error while reading cell "sram_64x4_capped_replica_bitcell_array" (byte position 88932): Warning: cell "sram_64x4_contact_7" placed on top of itself.  Ignoring the extra one.
Error while reading cell "sram_64x4_capped_replica_bitcell_array" (byte position 88982): Warning: cell "sram_64x4_contact_8" placed on top of itself.  Ignoring the extra one.
Error while reading cell "sram_64x4_capped_replica_bitcell_array" (byte position 89032): Warning: cell "sram_64x4_contact_6" placed on top of itself.  Ignoring the extra one.
Error while reading cell "sram_64x4_capped_replica_bitcell_array" (byte position 89082): Warning: cell "sram_64x4_contact_7" placed on top of itself.  Ignoring the extra one.
Error while reading cell "sram_64x4_capped_replica_bitcell_array" (byte position 89132): Warning: cell "sram_64x4_contact_8" placed on top of itself.  Ignoring the extra one.
Error while reading cell "sram_64x4_capped_replica_bitcell_array" (byte position 89182): Warning: cell "sram_64x4_contact_6" placed on top of itself.  Ignoring the extra one.
Error while reading cell "sram_64x4_capped_replica_bitcell_array" (byte position 89232): Warning: cell "sram_64x4_contact_7" placed on top of itself.  Ignoring the extra one.
Error while reading cell "sram_64x4_capped_replica_bitcell_array" (byte position 89282): Warning: cell "sram_64x4_contact_8" placed on top of itself.  Ignoring the extra one.
Error while reading cell "sram_64x4_capped_replica_bitcell_array" (byte position 89332): Warning: cell "sram_64x4_contact_6" placed on top of itself.  Ignoring the extra one.
Error while reading cell "sram_64x4_capped_replica_bitcell_array" (byte position 89382): Warning: cell "sram_64x4_contact_7" placed on top of itself.  Ignoring the extra one.
Error while reading cell "sram_64x4_capped_replica_bitcell_array" (byte position 89432): Warning: cell "sram_64x4_contact_8" placed on top of itself.  Ignoring the extra one.
Error while reading cell "sram_64x4_capped_replica_bitcell_array" (byte position 89482): Warning: cell "sram_64x4_contact_6" placed on top of itself.  Ignoring the extra one.
Error while reading cell "sram_64x4_capped_replica_bitcell_array" (byte position 89532): Warning: cell "sram_64x4_contact_7" placed on top of itself.  Ignoring the extra one.
Error while reading cell "sram_64x4_capped_replica_bitcell_array" (byte position 89582): Warning: cell "sram_64x4_contact_8" placed on top of itself.  Ignoring the extra one.
Error while reading cell "sram_64x4_capped_replica_bitcell_array" (byte position 89632): Warning: cell "sram_64x4_contact_6" placed on top of itself.  Ignoring the extra one.
Error while reading cell "sram_64x4_capped_replica_bitcell_array" (byte position 89682): Warning: cell "sram_64x4_contact_7" placed on top of itself.  Ignoring the extra one.
Error while reading cell "sram_64x4_capped_replica_bitcell_array" (byte position 89732): Warning: cell "sram_64x4_contact_8" placed on top of itself.  Ignoring the extra one.
Error while reading cell "sram_64x4_capped_replica_bitcell_array" (byte position 89782): Warning: cell "sram_64x4_contact_6" placed on top of itself.  Ignoring the extra one.
Error while reading cell "sram_64x4_capped_replica_bitcell_array" (byte position 89832): Warning: cell "sram_64x4_contact_7" placed on top of itself.  Ignoring the extra one.
Error while reading cell "sram_64x4_capped_replica_bitcell_array" (byte position 89882): Warning: cell "sram_64x4_contact_8" placed on top of itself.  Ignoring the extra one.
Error while reading cell "sram_64x4_capped_replica_bitcell_array" (byte position 89932): Warning: cell "sram_64x4_contact_6" placed on top of itself.  Ignoring the extra one.
Error while reading cell "sram_64x4_capped_replica_bitcell_array" (byte position 89982): Warning: cell "sram_64x4_contact_7" placed on top of itself.  Ignoring the extra one.
Error while reading cell "sram_64x4_capped_replica_bitcell_array" (byte position 90032): Warning: cell "sram_64x4_contact_8" placed on top of itself.  Ignoring the extra one.
Error while reading cell "sram_64x4_capped_replica_bitcell_array" (byte position 90082): Warning: cell "sram_64x4_contact_6" placed on top of itself.  Ignoring the extra one.
Error while reading cell "sram_64x4_capped_replica_bitcell_array" (byte position 90132): Warning: cell "sram_64x4_contact_7" placed on top of itself.  Ignoring the extra one.
Error while reading cell "sram_64x4_capped_replica_bitcell_array" (byte position 90182): Warning: cell "sram_64x4_contact_8" placed on top of itself.  Ignoring the extra one.
Error while reading cell "sram_64x4_capped_replica_bitcell_array" (byte position 90232): Warning: cell "sram_64x4_contact_6" placed on top of itself.  Ignoring the extra one.
Error while reading cell "sram_64x4_capped_replica_bitcell_array" (byte position 90282): Warning: cell "sram_64x4_contact_7" placed on top of itself.  Ignoring the extra one.
Error while reading cell "sram_64x4_capped_replica_bitcell_array" (byte position 90332): Warning: cell "sram_64x4_contact_8" placed on top of itself.  Ignoring the extra one.
Error while reading cell "sram_64x4_capped_replica_bitcell_array" (byte position 90382): Warning: cell "sram_64x4_contact_6" placed on top of itself.  Ignoring the extra one.
Error while reading cell "sram_64x4_capped_replica_bitcell_array" (byte position 90432): Warning: cell "sram_64x4_contact_7" placed on top of itself.  Ignoring the extra one.
Error while reading cell "sram_64x4_capped_replica_bitcell_array" (byte position 90482): Warning: cell "sram_64x4_contact_8" placed on top of itself.  Ignoring the extra one.
Error while reading cell "sram_64x4_capped_replica_bitcell_array" (byte position 90532): Warning: cell "sram_64x4_contact_6" placed on top of itself.  Ignoring the extra one.
Error while reading cell "sram_64x4_capped_replica_bitcell_array" (byte position 90582): Warning: cell "sram_64x4_contact_7" placed on top of itself.  Ignoring the extra one.
Error while reading cell "sram_64x4_capped_replica_bitcell_array" (byte position 90632): Warning: cell "sram_64x4_contact_8" placed on top of itself.  Ignoring the extra one.
Error while reading cell "sram_64x4_capped_replica_bitcell_array" (byte position 90682): Warning: cell "sram_64x4_contact_6" placed on top of itself.  Ignoring the extra one.
Error while reading cell "sram_64x4_capped_replica_bitcell_array" (byte position 90732): Warning: cell "sram_64x4_contact_7" placed on top of itself.  Ignoring the extra one.
Error while reading cell "sram_64x4_capped_replica_bitcell_array" (byte position 90782): Warning: cell "sram_64x4_contact_8" placed on top of itself.  Ignoring the extra one.
Error while reading cell "sram_64x4_capped_replica_bitcell_array" (byte position 90832): Warning: cell "sram_64x4_contact_6" placed on top of itself.  Ignoring the extra one.
Error while reading cell "sram_64x4_capped_replica_bitcell_array" (byte position 90882): Warning: cell "sram_64x4_contact_7" placed on top of itself.  Ignoring the extra one.
Error while reading cell "sram_64x4_capped_replica_bitcell_array" (byte position 90932): Warning: cell "sram_64x4_contact_8" placed on top of itself.  Ignoring the extra one.
Error while reading cell "sram_64x4_capped_replica_bitcell_array" (byte position 90982): Warning: cell "sram_64x4_contact_6" placed on top of itself.  Ignoring the extra one.
Error while reading cell "sram_64x4_capped_replica_bitcell_array" (byte position 91032): Warning: cell "sram_64x4_contact_7" placed on top of itself.  Ignoring the extra one.
Error while reading cell "sram_64x4_capped_replica_bitcell_array" (byte position 91082): Warning: cell "sram_64x4_contact_8" placed on top of itself.  Ignoring the extra one.
Error while reading cell "sram_64x4_capped_replica_bitcell_array" (byte position 91132): Warning: cell "sram_64x4_contact_6" placed on top of itself.  Ignoring the extra one.
Error while reading cell "sram_64x4_capped_replica_bitcell_array" (byte position 91182): Warning: cell "sram_64x4_contact_7" placed on top of itself.  Ignoring the extra one.
Error while reading cell "sram_64x4_capped_replica_bitcell_array" (byte position 91232): Warning: cell "sram_64x4_contact_8" placed on top of itself.  Ignoring the extra one.
Error while reading cell "sram_64x4_capped_replica_bitcell_array" (byte position 91282): Warning: cell "sram_64x4_contact_6" placed on top of itself.  Ignoring the extra one.
Error while reading cell "sram_64x4_capped_replica_bitcell_array" (byte position 91332): Warning: cell "sram_64x4_contact_7" placed on top of itself.  Ignoring the extra one.
Error while reading cell "sram_64x4_capped_replica_bitcell_array" (byte position 91382): Warning: cell "sram_64x4_contact_8" placed on top of itself.  Ignoring the extra one.
Error while reading cell "sram_64x4_capped_replica_bitcell_array" (byte position 91432): Warning: cell "sram_64x4_contact_6" placed on top of itself.  Ignoring the extra one.
Error while reading cell "sram_64x4_capped_replica_bitcell_array" (byte position 91482): Warning: cell "sram_64x4_contact_7" placed on top of itself.  Ignoring the extra one.
Error while reading cell "sram_64x4_capped_replica_bitcell_array" (byte position 91532): Warning: cell "sram_64x4_contact_8" placed on top of itself.  Ignoring the extra one.
Error while reading cell "sram_64x4_capped_replica_bitcell_array" (byte position 91582): Warning: cell "sram_64x4_contact_6" placed on top of itself.  Ignoring the extra one.
Error while reading cell "sram_64x4_capped_replica_bitcell_array" (byte position 91632): Warning: cell "sram_64x4_contact_7" placed on top of itself.  Ignoring the extra one.
Error while reading cell "sram_64x4_capped_replica_bitcell_array" (byte position 91682): Warning: cell "sram_64x4_contact_8" placed on top of itself.  Ignoring the extra one.
Error limit set:  Remaining errors will not be reported.
Reading "sram_64x4_replica_bitcell_array".
Reading "sram_64x4_bitcell_array".
Reading "cell_1rw".
Reading "sram_64x4_replica_column".
Reading "replica_cell_1rw".
Reading "sram_64x4_dummy_array".
Reading "dummy_cell_1rw".
Reading "sram_64x4_dummy_array_1".
Reading "sram_64x4_dummy_array_0".
Reading "sram_64x4_dummy_array_2".
Reading "sram_64x4_dummy_array_3".
Reading "sram_64x4_contact_6".
Reading "sram_64x4_contact_7".
Reading "sram_64x4_contact_8".
Reading "sram_64x4_port_data".
Reading "sram_64x4_precharge_array".
Reading "sram_64x4_precharge_0".
Reading "sram_64x4_pmos_m1_w0_270_sm1_dm1".
Reading "sram_64x4_contact_11".
Reading "sram_64x4_contact_14".
Reading "sram_64x4_contact_22".
Reading "sram_64x4_contact_17".
Reading "sram_64x4_contact_23".
Reading "sram_64x4_contact_18".
Reading "sram_64x4_sense_amp_array".
Reading "sense_amp".
Reading "sram_64x4_write_driver_array".
Reading "write_driver".
Reading "sram_64x4_column_mux_array".
Reading "sram_64x4_column_mux".
Reading "sram_64x4_nmos_m1_w0_720_sm1_dm1".
Reading "sram_64x4_contact_10".
Reading "sram_64x4_contact_24".
Reading "sram_64x4_contact_25".
Reading "sram_64x4_contact_15".
Reading "sram_64x4_port_address".
Reading "sram_64x4_hierarchical_decoder".
Reading "sram_64x4_hierarchical_predecode2x4".
Reading "sram_64x4_pinv".
Reading "sram_64x4_pmos_m1_w0_270_sm1_dm1_da_p".
Reading "sram_64x4_nmos_m1_w0_090_sm1_dm1_da_p".
Reading "sram_64x4_contact_12".
Reading "sram_64x4_contact_13".
Reading "sram_64x4_and2_dec".
Reading "sram_64x4_pnand2".
Reading "sram_64x4_nmos_m1_w0_180_sm1_dactive".
Reading "sram_64x4_nmos_m1_w0_180_sactive_dm1".
Reading "sram_64x4_contact_20".
Reading "sram_64x4_contact_21".
Reading "sram_64x4_wordline_driver_array".
Reading "sram_64x4_wordline_driver".
Reading "sram_64x4_pinv_0".
Reading "sram_64x4_pmos_m3_w0_360_sm1_dm1_da_p".
Reading "sram_64x4_nmos_m3_w0_120_sm1_dm1_da_p".
Reading "sram_64x4_and2_dec_0".
Reading "sram_64x4_column_decoder".
Reading "sram_64x4_hierarchical_predecode2x4_0".
Reading "sram_64x4_pinv_2".
Reading "sram_64x4_pand2".
Reading "sram_64x4_pnand2_0".
Reading "sram_64x4_pdriver".
Reading "sram_64x4_pinv_1".
Reading "sram_64x4_control_logic_rw".
Reading "sram_64x4_dff_buf_array".
Reading "sram_64x4_dff_buf_0".
Reading "dff".
Reading "sram_64x4_pinv_3".
Reading "sram_64x4_pmos_m1_w0_540_sm1_dm1_da_p".
Reading "sram_64x4_nmos_m1_w0_180_sm1_dm1_da_p".
Reading "sram_64x4_pinv_4".
Reading "sram_64x4_pmos_m2_w0_540_sm1_dm1_da_p".
Reading "sram_64x4_nmos_m2_w0_180_sm1_dm1_da_p".
Reading "sram_64x4_pdriver_1".
Reading "sram_64x4_pinv_7".
Reading "sram_64x4_pmos_m1_w0_810_sm1_dm1_da_p".
Reading "sram_64x4_nmos_m1_w0_270_sm1_dm1_da_p".
Reading "sram_64x4_pinv_8".
Reading "sram_64x4_pmos_m3_w0_720_sm1_dm1_da_p".
Reading "sram_64x4_nmos_m3_w0_240_sm1_dm1_da_p".
Reading "sram_64x4_pinv_9".
Reading "sram_64x4_pmos_m8_w0_845_sm1_dm1_da_p".
Reading "sram_64x4_nmos_m8_w0_280_sm1_dm1_da_p".
Reading "sram_64x4_pand2_0".
Reading "sram_64x4_pdriver_0".
Reading "sram_64x4_pinv_5".
Reading "sram_64x4_pmos_m4_w0_810_sm1_dm1_da_p".
Reading "sram_64x4_nmos_m4_w0_270_sm1_dm1_da_p".
Reading "sram_64x4_pdriver_2".
Reading "sram_64x4_pinv_10".
Reading "sram_64x4_pmos_m2_w0_675_sm1_dm1_da_p".
Reading "sram_64x4_nmos_m2_w0_225_sm1_dm1_da_p".
Reading "sram_64x4_pand3".
Reading "sram_64x4_pnand3_0".
Reading "sram_64x4_nmos_m1_w0_180_sactive_dactive".
Reading "sram_64x4_pand3_0".
Reading "sram_64x4_pdriver_3".
Reading "sram_64x4_pinv_11".
Reading "sram_64x4_delay_chain".
Reading "sram_64x4_pinv_13".
Reading "sram_64x4_pnand2_1".
Reading "sram_64x4_pdriver_4".
Reading "sram_64x4_pinv_12".
Reading "sram_64x4_contact_27".
Reading "sram_64x4_row_addr_dff".
Reading "sram_64x4_col_addr_dff".
Reading "sram_64x4_data_dff".
Reading "sram_64x4_cr_6".
Reading "sram_64x4_cr_7".
Reading "sram_64x4_contact_30".
   Generating output for cell sky130_fd_sc_hd__decap_6
   Generating output for cell sky130_ef_sc_hd__decap_12
   Generating output for cell sky130_fd_sc_hd__decap_3
   Generating output for cell sky130_fd_sc_hd__clkbuf_4
   Generating output for cell sky130_fd_sc_hd__fill_1
   Generating output for cell sky130_fd_sc_hd__tapvpwrvgnd_1
   Generating output for cell sky130_fd_sc_hd__decap_4
   Generating output for cell sky130_fd_sc_hd__decap_8
   Generating output for cell sky130_fd_sc_hd__dfxtp_1
   Generating output for cell sky130_fd_sc_hd__fill_2
   Generating output for cell sky130_fd_sc_hd__dlygate4sd3_1
   Generating output for cell sky130_fd_sc_hd__buf_1
   Generating output for cell sky130_fd_sc_hd__clkbuf_1
   Generating output for cell sky130_fd_sc_hd__mux2_1
   Generating output for cell sky130_fd_sc_hd__a22o_1
   Generating output for cell sky130_fd_sc_hd__a21o_1
   Generating output for cell sky130_fd_sc_hd__a221o_1
   Generating output for cell sky130_fd_sc_hd__dfrtp_1
   Generating output for cell sky130_fd_sc_hd__o31a_1
   Generating output for cell sky130_fd_sc_hd__nor2_1
   Generating output for cell sky130_fd_sc_hd__o21a_1
   Generating output for cell sky130_fd_sc_hd__dfrtp_4
   Generating output for cell sky130_fd_sc_hd__or2_1
   Generating output for cell sky130_fd_sc_hd__or3_1
   Generating output for cell sky130_fd_sc_hd__xnor2_1
   Generating output for cell sky130_fd_sc_hd__buf_2
   Generating output for cell sky130_fd_sc_hd__dfstp_1
   Generating output for cell sky130_fd_sc_hd__xor2_2
   Generating output for cell sky130_fd_sc_hd__clkbuf_8
   Generating output for cell sky130_fd_sc_hd__a21oi_1
   Generating output for cell sky130_fd_sc_hd__inv_2
   Generating output for cell sky130_fd_sc_hd__o21ai_1
   Generating output for cell sky130_fd_sc_hd__or3b_2
   Generating output for cell sky130_fd_sc_hd__a31o_1
   Generating output for cell sky130_fd_sc_hd__and3_1
   Generating output for cell sky130_fd_sc_hd__nand2_1
   Generating output for cell sky130_fd_sc_hd__o221a_1
   Generating output for cell sky130_fd_sc_hd__or3b_1
   Generating output for cell sky130_fd_sc_hd__or2_2
   Generating output for cell sky130_fd_sc_hd__and2_1
   Generating output for cell sky130_fd_sc_hd__a311o_1
   Generating output for cell sky130_fd_sc_hd__or4b_2
   Generating output for cell sky130_fd_sc_hd__a211o_1
   Generating output for cell sky130_fd_sc_hd__and3b_1
   Generating output for cell sky130_fd_sc_hd__and4bb_1
   Generating output for cell sky130_fd_sc_hd__a32o_1
   Generating output for cell sky130_fd_sc_hd__or4_1
   Generating output for cell sky130_fd_sc_hd__a211oi_1
   Generating output for cell sky130_fd_sc_hd__clkbuf_2
   Generating output for cell sky130_fd_sc_hd__o21bai_1
   Generating output for cell sky130_fd_sc_hd__or3b_4
   Generating output for cell sky130_fd_sc_hd__nand3_4
   Generating output for cell sky130_fd_sc_hd__and2_2
   Generating output for cell sky130_fd_sc_hd__nor2b_2
   Generating output for cell sky130_fd_sc_hd__and2b_1
   Generating output for cell sky130_fd_sc_hd__a2111o_1
   Generating output for cell sky130_fd_sc_hd__clkbuf_16
   Generating output for cell sky130_fd_sc_hd__o21ba_2
   Generating output for cell sky130_fd_sc_hd__and4_1
   Generating output for cell sky130_fd_sc_hd__a21bo_1
   Generating output for cell sky130_fd_sc_hd__nand3b_4
   Generating output for cell sky130_fd_sc_hd__a2bb2o_1
   Generating output for cell sky130_fd_sc_hd__or4b_4
   Generating output for cell sky130_fd_sc_hd__nand2_2
   Generating output for cell sky130_fd_sc_hd__or3_2
   Generating output for cell sky130_fd_sc_hd__or3_4
   Generating output for cell sky130_fd_sc_hd__or2b_1
   Generating output for cell sky130_fd_sc_hd__or4_2
   Generating output for cell sky130_fd_sc_hd__nor4b_4
   Generating output for cell sky130_fd_sc_hd__and4bb_4
   Generating output for cell sky130_fd_sc_hd__and4b_4
   Generating output for cell sky130_fd_sc_hd__nor4_2
   Generating output for cell sky130_fd_sc_hd__dfrtp_2
   Generating output for cell sky130_fd_sc_hd__nor4b_2
   Generating output for cell sky130_fd_sc_hd__and4_4
   Generating output for cell sky130_fd_sc_hd__nor4b_1
   Generating output for cell sky130_fd_sc_hd__buf_4
   Generating output for cell sky130_fd_sc_hd__dlymetal6s2s_1
   Generating output for cell bist_top
[INFO]: GDS Write Complete
