OpenROAD 41a51eaf4ca2171c92ff38afb91eb37bbd3f36da 
This program is licensed under the BSD-3 license. See the LICENSE file for details.
Components of this program may be licensed under more restrictive licenses which must be honored.
[INFO]: Reading ODB at '/openlane/designs/bist_top/runs/RUN_2026.07.07_06.59.45/results/placement/bist_top.odb'…
define_corners Slowest Typical Fastest
read_liberty -corner Slowest /openlane/designs/bist_top/runs/RUN_2026.07.07_06.59.45/tmp/cts/cts-slowest.lib
read_liberty -corner Slowest /openlane/designs/bist_top/macros/sram_64x4.lib
read_liberty -corner Typical /openlane/designs/bist_top/runs/RUN_2026.07.07_06.59.45/tmp/cts/cts.lib
read_liberty -corner Typical /openlane/designs/bist_top/macros/sram_64x4.lib
[WARNING STA-0053] /openlane/designs/bist_top/macros/sram_64x4.lib line 1, library sram_64x4_TT_1p0V_25C_lib already exists.
read_liberty -corner Fastest /openlane/designs/bist_top/runs/RUN_2026.07.07_06.59.45/tmp/cts/cts-fastest.lib
read_liberty -corner Fastest /openlane/designs/bist_top/macros/sram_64x4.lib
[WARNING STA-0053] /openlane/designs/bist_top/macros/sram_64x4.lib line 1, library sram_64x4_TT_1p0V_25C_lib already exists.
Using 1e-12 for capacitance...
Using 1e+03 for resistance...
Using 1e-09 for time...
Using 1e+00 for voltage...
Using 1e-03 for current...
Using 1e-09 for power...
Using 1e-06 for distance...
Reading design constraints file at '/openlane/designs/bist_top/runs/RUN_2026.07.07_06.59.45/tmp/placement/12-resizer.sdc'…
[INFO]: Setting RC values...
[INFO]: Configuring cts characterization...
[INFO]: Performing clock tree synthesis...
[INFO]: Looking for the following net(s): clk
[INFO]: Running Clock Tree Synthesis...
[INFO CTS-0049] Characterization buffer is: sky130_fd_sc_hd__clkbuf_8.
[INFO CTS-0038] Number of created patterns = 50000.
[INFO CTS-0038] Number of created patterns = 100000.
[INFO CTS-0039] Number of created patterns = 141984.
[INFO CTS-0084] Compiling LUT.
Min. len    Max. len    Min. cap    Max. cap    Min. slew   Max. slew
2           8           1           35          1           12          
[WARNING CTS-0043] 4896 wires are pure wire and no slew degradation.
TritonCTS forced slew degradation on these wires.
[INFO CTS-0046]     Number of wire segments: 141984.
[INFO CTS-0047]     Number of keys in characterization LUT: 1624.
[INFO CTS-0048]     Actual min input cap: 1.
[INFO CTS-0007] Net "clk" found for clock "clk".
[INFO CTS-0010]  Clock net "clk" has 161 sinks.
[INFO CTS-0008] TritonCTS found 1 clock nets.
[INFO CTS-0097] Characterization used 2 buffer(s) types.
[INFO CTS-0027] Generating H-Tree topology for net clk.
[INFO CTS-0028]  Total number of sinks: 161.
[INFO CTS-0029]  Sinks will be clustered in groups of up to 25 and with maximum cluster diameter of 50.0 um.
[INFO CTS-0030]  Number of static layers: 0.
[INFO CTS-0020]  Wire segment unit: 13000  dbu (13 um).
[INFO CTS-0023]  Original sink region: [(10385, 15020), (144175, 145580)].
[INFO CTS-0024]  Normalized sink region: [(0.798846, 1.15538), (11.0904, 11.1985)].
[INFO CTS-0025]     Width:  10.2915.
[INFO CTS-0026]     Height: 10.0431.
 Level 1
    Direction: Horizontal
    Sinks per sub-region: 81
    Sub-region size: 5.1458 X 10.0431
[INFO CTS-0034]     Segment length (rounded): 2.
    Key: 36 inSlew: 1 inCap: 1 outSlew: 2 load: 1 length: 2 delay: 1
 Level 2
    Direction: Vertical
    Sinks per sub-region: 41
    Sub-region size: 5.1458 X 5.0215
[INFO CTS-0034]     Segment length (rounded): 2.
    Key: 36 inSlew: 1 inCap: 1 outSlew: 2 load: 1 length: 2 delay: 1
[WARNING CTS-0045] Creating fake entries in the LUT.
 Level 3
    Direction: Horizontal
    Sinks per sub-region: 21
    Sub-region size: 2.5729 X 5.0215
[INFO CTS-0034]     Segment length (rounded): 1.
    Key: 142167 inSlew: 2 inCap: 1 outSlew: 3 load: 1 length: 1 delay: 1
 Level 4
    Direction: Vertical
    Sinks per sub-region: 11
    Sub-region size: 2.5729 X 2.5108
[INFO CTS-0034]     Segment length (rounded): 1.
    Key: 141986 inSlew: 3 inCap: 1 outSlew: 1 load: 1 length: 1 delay: 9
      location: 0.5 buffer: sky130_fd_sc_hd__clkbuf_8
 Out of 22 sinks, 1 sinks closer to other cluster.
 Out of 17 sinks, 1 sinks closer to other cluster.
 Out of 14 sinks, 2 sinks closer to other cluster.
[INFO CTS-0032]  Stop criterion found. Max number of sinks is 15.
[INFO CTS-0035]  Number of sinks covered: 161.
[INFO CTS-0018]     Created 17 clock buffers.
[INFO CTS-0012]     Minimum number of buffers in the clock path: 2.
[INFO CTS-0013]     Maximum number of buffers in the clock path: 2.
[INFO CTS-0015]     Created 17 clock nets.
[INFO CTS-0016]     Fanout distribution for the current clock = 6:1, 7:1, 8:2, 9:2, 10:3, 11:3, 12:1, 13:3..
[INFO CTS-0017]     Max level of the clock tree: 4.
[INFO CTS-0098] Clock net "clk"
[INFO CTS-0099]  Sinks 161
[INFO CTS-0100]  Leaf buffers 0
[INFO CTS-0101]  Average sink wire length 207.90 um
[INFO CTS-0102]  Path depth 2 - 2
[INFO]: Repairing long wires on clock nets...
[INFO RSZ-0058] Using max wire length 4508um.
Setting global connections for newly added cells…
Writing OpenROAD database to '/openlane/designs/bist_top/runs/RUN_2026.07.07_06.59.45/results/cts/bist_top.odb'…
Writing layout to '/openlane/designs/bist_top/runs/RUN_2026.07.07_06.59.45/results/cts/bist_top.def'…
Writing timing constraints to '/openlane/designs/bist_top/runs/RUN_2026.07.07_06.59.45/results/cts/bist_top.sdc'…
[INFO]: Legalizing...
Placement Analysis
---------------------------------
total displacement        175.9 u
average displacement        0.2 u
max displacement            7.8 u
original HPWL           16614.8 u
legalized HPWL          17232.9 u
delta HPWL                    4 %

[INFO DPL-0020] Mirrored 272 instances
[INFO DPL-0021] HPWL before           17232.9 u
[INFO DPL-0022] HPWL after            16761.0 u
[INFO DPL-0023] HPWL delta               -2.7 %
Setting global connections for newly added cells…
Writing OpenROAD database to '/openlane/designs/bist_top/runs/RUN_2026.07.07_06.59.45/results/cts/bist_top.odb'…
Writing layout to '/openlane/designs/bist_top/runs/RUN_2026.07.07_06.59.45/results/cts/bist_top.def'…
Writing timing constraints to '/openlane/designs/bist_top/runs/RUN_2026.07.07_06.59.45/results/cts/bist_top.sdc'…
cts_report
[INFO CTS-0003] Total number of Clock Roots: 1.
[INFO CTS-0004] Total number of Buffers Inserted: 17.
[INFO CTS-0005] Total number of Clock Subnets: 17.
[INFO CTS-0006] Total number of Sinks: 161.
cts_report_end
