OpenROAD 41a51eaf4ca2171c92ff38afb91eb37bbd3f36da 
This program is licensed under the BSD-3 license. See the LICENSE file for details.
Components of this program may be licensed under more restrictive licenses which must be honored.
[INFO]: Reading ODB at '/openlane/designs/bist_top/runs/RUN_2026.07.07_06.59.45/results/cts/bist_top.odb'…
define_corners Slowest Typical Fastest
read_liberty -corner Slowest /root/.ciel/sky130A/libs.ref/sky130_fd_sc_hd/lib/sky130_fd_sc_hd__ss_100C_1v60.lib
read_liberty -corner Slowest /openlane/designs/bist_top/macros/sram_64x4.lib
read_liberty -corner Typical /root/.ciel/sky130A/libs.ref/sky130_fd_sc_hd/lib/sky130_fd_sc_hd__tt_025C_1v80.lib
read_liberty -corner Typical /openlane/designs/bist_top/macros/sram_64x4.lib
[WARNING STA-0053] /openlane/designs/bist_top/macros/sram_64x4.lib line 1, library sram_64x4_TT_1p0V_25C_lib already exists.
read_liberty -corner Fastest /root/.ciel/sky130A/libs.ref/sky130_fd_sc_hd/lib/sky130_fd_sc_hd__ff_n40C_1v95.lib
read_liberty -corner Fastest /openlane/designs/bist_top/macros/sram_64x4.lib
[WARNING STA-0053] /openlane/designs/bist_top/macros/sram_64x4.lib line 1, library sram_64x4_TT_1p0V_25C_lib already exists.
Using 1e-12 for capacitance...
Using 1e+03 for resistance...
Using 1e-09 for time...
Using 1e+00 for voltage...
Using 1e-03 for current...
Using 1e-09 for power...
Using 1e-06 for distance...
Reading design constraints file at '/openlane/designs/bist_top/runs/RUN_2026.07.07_06.59.45/results/cts/bist_top.sdc'…
[INFO]: Setting RC values...
[INFO RSZ-0046] Found 147 endpoints with hold violations.
[INFO RSZ-0032] Inserted 146 hold buffers.
Placement Analysis
---------------------------------
total displacement        957.4 u
average displacement        0.7 u
max displacement           10.0 u
original HPWL           17401.0 u
legalized HPWL          18824.5 u
delta HPWL                    8 %

[INFO DPL-0020] Mirrored 407 instances
[INFO DPL-0021] HPWL before           18824.5 u
[INFO DPL-0022] HPWL after            18078.3 u
[INFO DPL-0023] HPWL delta               -4.0 %
Setting global connections for newly added cells…
Writing OpenROAD database to '/openlane/designs/bist_top/runs/RUN_2026.07.07_06.59.45/tmp/cts/17-bist_top.resized.odb'…
Writing netlist to '/openlane/designs/bist_top/runs/RUN_2026.07.07_06.59.45/tmp/cts/17-bist_top.resized.nl.v'…
Writing powered netlist to '/openlane/designs/bist_top/runs/RUN_2026.07.07_06.59.45/tmp/cts/17-bist_top.resized.pnl.v'…
Writing layout to '/openlane/designs/bist_top/runs/RUN_2026.07.07_06.59.45/tmp/cts/17-bist_top.resized.def'…
Writing timing constraints to '/openlane/designs/bist_top/runs/RUN_2026.07.07_06.59.45/tmp/cts/17-bist_top.resized.sdc'…
area_report

===========================================================================
report_design_area
============================================================================
Design area 9882 u^2 49% utilization.
area_report_end
