Instance name,  X location,  Y location,  Voltage 
FILLER_0_51_277, 130.295, 149.6, 1.79935
FILLER_0_49_273, 130.295, 144.16, 1.79935
FILLER_0_47_273, 130.295, 138.72, 1.79934
FILLER_0_45_271, 130.295, 133.28, 1.79934
FILLER_0_43_271, 130.295, 127.84, 1.7993
_1050_, 130.295, 122.4, 1.79934
hold24, 130.295, 122.4, 1.79934
hold35, 130.295, 122.4, 1.79934
FILLER_0_41_269, 130.295, 122.4, 1.79934
FILLER_0_41_277, 130.295, 122.4, 1.79934
FILLER_0_39_271, 130.295, 116.96, 1.79936
FILLER_0_37_270, 130.295, 111.52, 1.7994
FILLER_0_35_272, 130.295, 106.08, 1.7994
_1103_, 130.295, 95.2, 1.79936
hold61, 130.295, 95.2, 1.79936
FILLER_0_31_273, 130.295, 95.2, 1.79936
hold62, 130.295, 78.88, 1.79913
FILLER_0_25_270, 130.295, 78.88, 1.79913
FILLER_0_23_269, 130.295, 73.44, 1.79908
FILLER_0_23_277, 130.295, 73.44, 1.79908
FILLER_0_19_275, 130.295, 62.56, 1.79893
_0687_, 130.295, 57.12, 1.79876
_0689_, 130.295, 57.12, 1.79876
_0690_, 130.295, 57.12, 1.79876
_0692_, 130.295, 57.12, 1.79876
_1330_, 130.295, 57.12, 1.79876
FILLER_0_16_259, 130.295, 57.12, 1.79876
FILLER_0_17_270, 130.295, 57.12, 1.79876
FILLER_0_18_276, 130.295, 57.12, 1.79876
_0691_, 130.295, 51.68, 1.79875
FILLER_0_14_271, 130.295, 51.68, 1.79875
FILLER_0_15_259, 130.295, 51.68, 1.79875
FILLER_0_15_267, 130.295, 51.68, 1.79875
_0713_, 130.295, 46.24, 1.79878
_1309_, 130.295, 46.24, 1.79878
_1323_, 130.295, 46.24, 1.79878
FILLER_0_12_265, 130.295, 46.24, 1.79878
_0701_, 130.295, 40.8, 1.79873
_0712_, 130.295, 40.8, 1.79873
_1326_, 130.295, 40.8, 1.79873
hold16, 130.295, 40.8, 1.79873
FILLER_0_11_272, 130.295, 40.8, 1.79873
_0693_, 130.295, 35.36, 1.7987
_0694_, 130.295, 35.36, 1.7987
_0700_, 130.295, 35.36, 1.7987
_0707_, 130.295, 35.36, 1.7987
_1328_, 130.295, 35.36, 1.7987
_0695_, 130.295, 29.92, 1.79875
_0696_, 130.295, 29.92, 1.79875
_0697_, 130.295, 29.92, 1.79875
_0708_, 130.295, 29.92, 1.79875
_0710_, 130.295, 29.92, 1.79875
FILLER_0_6_261, 130.295, 29.92, 1.79875
FILLER_0_7_277, 130.295, 29.92, 1.79875
_0698_, 130.295, 24.48, 1.79872
_0699_, 130.295, 24.48, 1.79872
_0857_, 130.295, 24.48, 1.79872
_1329_, 130.295, 24.48, 1.79872
FILLER_0_5_259, 130.295, 24.48, 1.79872
FILLER_0_5_274, 130.295, 24.48, 1.79872
_0905_, 130.295, 19.04, 1.79872
_1182_, 130.295, 19.04, 1.79872
hold8, 130.295, 19.04, 1.79872
_1331_, 130.295, 13.6, 1.79873
FILLER_0_0_270, 130.295, 13.6, 1.79873
input1, 94.645, 149.6, 1.79934
FILLER_0_50_186, 94.645, 149.6, 1.79934
FILLER_0_51_181, 94.645, 149.6, 1.79934
FILLER_0_51_188, 94.645, 149.6, 1.79934
_1147_, 94.645, 144.16, 1.79933
_1148_, 94.645, 144.16, 1.79933
_1145_, 94.645, 138.72, 1.7993
_1264_, 94.645, 138.72, 1.7993
hold17, 94.645, 138.72, 1.7993
hold23, 94.645, 138.72, 1.7993
hold37, 94.645, 138.72, 1.7993
_0743_, 94.645, 133.28, 1.7993
_0805_, 94.645, 133.28, 1.7993
_1143_, 94.645, 133.28, 1.7993
_1144_, 94.645, 133.28, 1.7993
_1146_, 94.645, 133.28, 1.7993
_1263_, 94.645, 133.28, 1.7993
_0740_, 94.645, 127.84, 1.7993
_0744_, 94.645, 127.84, 1.7993
_0806_, 94.645, 127.84, 1.7993
FILLER_0_43_200, 94.645, 127.84, 1.7993
_0741_, 94.645, 122.4, 1.7993
_0750_, 94.645, 122.4, 1.7993
_1259_, 94.645, 122.4, 1.7993
hold88, 94.645, 122.4, 1.7993
FILLER_0_40_191, 94.645, 122.4, 1.7993
FILLER_0_41_187, 94.645, 122.4, 1.7993
FILLER_0_42_197, 94.645, 122.4, 1.7993
_1011_, 94.645, 116.96, 1.79933
clkbuf_4_15_0_clk, 94.645, 116.96, 1.79933
hold90, 94.645, 116.96, 1.79933
_0937_, 94.645, 111.52, 1.7994
_1159_, 94.645, 111.52, 1.7994
_1161_, 94.645, 111.52, 1.7994
_1163_, 94.645, 111.52, 1.7994
FILLER_0_36_186, 94.645, 111.52, 1.7994
FILLER_0_37_193, 94.645, 111.52, 1.7994
_1130_, 94.645, 106.08, 1.79942
_1218_, 94.645, 106.08, 1.79942
_1269_, 94.645, 106.08, 1.79942
_1270_, 94.645, 106.08, 1.79942
hold46, 94.645, 106.08, 1.79942
_0822_, 94.645, 100.64, 1.79942
_0823_, 94.645, 100.64, 1.79942
_1022_, 94.645, 100.64, 1.79942
_1023_, 94.645, 100.64, 1.79942
clkbuf_4_13_0_clk, 94.645, 100.64, 1.79942
FILLER_0_32_191, 94.645, 100.64, 1.79942
FILLER_0_33_196, 94.645, 100.64, 1.79942
_0799_, 94.645, 95.2, 1.79939
_1222_, 94.645, 95.2, 1.79939
FILLER_0_31_196, 94.645, 95.2, 1.79939
_0794_, 94.645, 89.76, 1.79932
_0798_, 94.645, 89.76, 1.79932
_0827_, 94.645, 89.76, 1.79932
_1030_, 94.645, 89.76, 1.79932
_1031_, 94.645, 89.76, 1.79932
_1033_, 94.645, 89.76, 1.79932
hold31, 94.645, 89.76, 1.79932
FILLER_0_30_197, 94.645, 89.76, 1.79932
_1013_, 94.645, 84.32, 1.7992
_1016_, 94.645, 84.32, 1.7992
_1017_, 94.645, 84.32, 1.7992
_1216_, 94.645, 84.32, 1.7992
_1221_, 94.645, 84.32, 1.7992
hold56, 94.645, 84.32, 1.7992
_0783_, 94.645, 78.88, 1.79911
_0870_, 94.645, 78.88, 1.79911
_1032_, 94.645, 78.88, 1.79911
wire2, 94.645, 78.88, 1.79911
FILLER_0_24_191, 94.645, 78.88, 1.79911
FILLER_0_25_193, 94.645, 78.88, 1.79911
FILLER_0_26_197, 94.645, 78.88, 1.79911
_0641_, 94.645, 73.44, 1.79907
_0645_, 94.645, 73.44, 1.79907
_0834_, 94.645, 73.44, 1.79907
hold92, 94.645, 73.44, 1.79907
_0642_, 94.645, 68, 1.79897
_0643_, 94.645, 68, 1.79897
_1296_, 94.645, 68, 1.79897
hold65, 94.645, 68, 1.79897
_0639_, 94.645, 62.56, 1.7989
_1295_, 94.645, 62.56, 1.7989
hold70, 94.645, 62.56, 1.7989
FILLER_0_18_188, 94.645, 62.56, 1.7989
FILLER_0_19_183, 94.645, 62.56, 1.7989
FILLER_0_19_205, 94.645, 62.56, 1.7989
_0725_, 94.645, 57.12, 1.79873
_0726_, 94.645, 57.12, 1.79873
_0732_, 94.645, 57.12, 1.79873
clkbuf_4_6_0_clk, 94.645, 57.12, 1.79873
FILLER_0_17_181, 94.645, 57.12, 1.79873
FILLER_0_18_197, 94.645, 57.12, 1.79873
_0723_, 94.645, 51.68, 1.7987
_0728_, 94.645, 51.68, 1.7987
_0739_, 94.645, 51.68, 1.7987
_0742_, 94.645, 51.68, 1.7987
_0963_, 94.645, 51.68, 1.7987
max_cap4, 94.645, 51.68, 1.7987
FILLER_0_14_193, 94.645, 51.68, 1.7987
_0731_, 94.645, 46.24, 1.79874
_0757_, 94.645, 46.24, 1.79874
_0763_, 94.645, 46.24, 1.79874
FILLER_0_12_189, 94.645, 46.24, 1.79874
FILLER_0_13_186, 94.645, 46.24, 1.79874
_0760_, 94.645, 40.8, 1.79868
_1310_, 94.645, 40.8, 1.79868
fanout13, 94.645, 40.8, 1.79868
fanout16, 94.645, 40.8, 1.79868
_1311_, 94.645, 35.36, 1.79869
_1312_, 94.645, 35.36, 1.79869
FILLER_0_9_206, 94.645, 35.36, 1.79869
_1313_, 94.645, 29.92, 1.79871
hold5, 94.645, 29.92, 1.79871
hold6, 94.645, 29.92, 1.79871
hold7, 94.645, 29.92, 1.79871
FILLER_0_6_181, 94.645, 29.92, 1.79871
_0859_, 94.645, 24.48, 1.79868
_0890_, 94.645, 24.48, 1.79868
_0900_, 94.645, 24.48, 1.79868
hold2, 94.645, 24.48, 1.79868
FILLER_0_5_192, 94.645, 24.48, 1.79868
FILLER_0_6_205, 94.645, 24.48, 1.79868
_0899_, 94.645, 19.04, 1.79866
_0902_, 94.645, 19.04, 1.79866
_0904_, 94.645, 19.04, 1.79866
_1180_, 94.645, 19.04, 1.79866
_1179_, 94.645, 13.6, 1.7987
FILLER_0_0_193, 94.645, 13.6, 1.7987
_1067_, 58.995, 149.6, 1.79927
hold29, 58.995, 149.6, 1.79927
hold58, 58.995, 149.6, 1.79927
FILLER_0_51_109, 58.995, 149.6, 1.79927
_1065_, 58.995, 144.16, 1.79925
_1066_, 58.995, 144.16, 1.79925
_1233_, 58.995, 144.16, 1.79925
_0801_, 58.995, 138.72, 1.79923
_1064_, 58.995, 138.72, 1.79923
hold48, 58.995, 138.72, 1.79923
hold91, 58.995, 138.72, 1.79923
FILLER_0_47_107, 58.995, 138.72, 1.79923
_0735_, 58.995, 133.28, 1.79921
_1044_, 58.995, 133.28, 1.79921
_1058_, 58.995, 133.28, 1.79921
_1063_, 58.995, 133.28, 1.79921
_1140_, 58.995, 133.28, 1.79921
_1261_, 58.995, 133.28, 1.79921
FILLER_0_45_108, 58.995, 133.28, 1.79921
_1139_, 58.995, 127.84, 1.79924
hold34, 58.995, 127.84, 1.79924
hold50, 58.995, 127.84, 1.79924
_0751_, 58.995, 122.4, 1.79922
_1165_, 58.995, 122.4, 1.79922
hold85, 58.995, 122.4, 1.79922
FILLER_0_42_118, 58.995, 122.4, 1.79922
_1096_, 58.995, 116.96, 1.79923
_1164_, 58.995, 116.96, 1.79923
_1039_, 58.995, 111.52, 1.79925
_1111_, 58.995, 111.52, 1.79925
_1115_, 58.995, 111.52, 1.79925
hold75, 58.995, 111.52, 1.79925
FILLER_0_37_104, 58.995, 111.52, 1.79925
FILLER_0_37_118, 58.995, 111.52, 1.79925
_0930_, 58.995, 106.08, 1.79927
_1114_, 58.995, 106.08, 1.79927
FILLER_0_36_129, 58.995, 106.08, 1.79927
_0780_, 58.995, 100.64, 1.79926
_0829_, 58.995, 100.64, 1.79926
_1112_, 58.995, 100.64, 1.79926
_1225_, 58.995, 100.64, 1.79926
hold114, 58.995, 100.64, 1.79926
hold116, 58.995, 100.64, 1.79926
_1106_, 58.995, 95.2, 1.79923
_1116_, 58.995, 95.2, 1.79923
_1121_, 58.995, 95.2, 1.79923
FILLER_0_31_104, 58.995, 95.2, 1.79923
_0942_, 58.995, 89.76, 1.7992
_0943_, 58.995, 89.76, 1.7992
_0945_, 58.995, 89.76, 1.7992
_0953_, 58.995, 89.76, 1.7992
_1192_, 58.995, 89.76, 1.7992
FILLER_0_28_109, 58.995, 89.76, 1.7992
FILLER_0_29_106, 58.995, 89.76, 1.7992
FILLER_0_29_113, 58.995, 89.76, 1.7992
FILLER_0_30_120, 58.995, 89.76, 1.7992
_0920_, 58.995, 84.32, 1.79913
_0922_, 58.995, 84.32, 1.79913
_0923_, 58.995, 84.32, 1.79913
_1191_, 58.995, 84.32, 1.79913
hold71, 58.995, 84.32, 1.79913
FILLER_0_26_108, 58.995, 84.32, 1.79913
FILLER_0_27_104, 58.995, 84.32, 1.79913
FILLER_0_27_113, 58.995, 84.32, 1.79913
FILLER_0_27_124, 58.995, 84.32, 1.79913
FILLER_0_28_119, 58.995, 84.32, 1.79913
_0848_, 58.995, 78.88, 1.799
_0919_, 58.995, 78.88, 1.799
_1185_, 58.995, 78.88, 1.799
_1186_, 58.995, 78.88, 1.799
_0873_, 58.995, 73.44, 1.79903
_0964_, 58.995, 73.44, 1.79903
_0967_, 58.995, 73.44, 1.79903
_0968_, 58.995, 73.44, 1.79903
hold30, 58.995, 73.44, 1.79903
hold49, 58.995, 73.44, 1.79903
FILLER_0_23_107, 58.995, 73.44, 1.79903
FILLER_0_23_116, 58.995, 73.44, 1.79903
_0911_, 58.995, 68, 1.79895
_0925_, 58.995, 68, 1.79895
_0934_, 58.995, 68, 1.79895
FILLER_0_20_110, 58.995, 68, 1.79895
FILLER_0_21_128, 58.995, 68, 1.79895
_0637_, 58.995, 62.56, 1.79889
_0651_, 58.995, 62.56, 1.79889
_1294_, 58.995, 62.56, 1.79889
hold32, 58.995, 62.56, 1.79889
hold67, 58.995, 62.56, 1.79889
FILLER_0_20_119, 58.995, 62.56, 1.79889
_0612_, 58.995, 57.12, 1.79882
_0634_, 58.995, 57.12, 1.79882
_0638_, 58.995, 57.12, 1.79882
_1284_, 58.995, 57.12, 1.79882
_0608_, 58.995, 51.68, 1.79876
_0611_, 58.995, 51.68, 1.79876
_0617_, 58.995, 51.68, 1.79876
wire9, 58.995, 51.68, 1.79876
hold100, 58.995, 51.68, 1.79876
_0613_, 58.995, 46.24, 1.79879
_0616_, 58.995, 46.24, 1.79879
_0765_, 58.995, 46.24, 1.79879
_1286_, 58.995, 46.24, 1.79879
hold28, 58.995, 46.24, 1.79879
FILLER_0_12_111, 58.995, 46.24, 1.79879
_0663_, 58.995, 40.8, 1.7987
_1304_, 58.995, 40.8, 1.7987
clkbuf_4_1_0_clk, 58.995, 40.8, 1.7987
hold73, 58.995, 40.8, 1.7987
FILLER_0_11_108, 58.995, 40.8, 1.7987
FILLER_0_12_118, 58.995, 40.8, 1.7987
_0595_, 58.995, 35.36, 1.79875
_0661_, 58.995, 35.36, 1.79875
_0761_, 58.995, 35.36, 1.79875
_0842_, 58.995, 35.36, 1.79875
_0844_, 58.995, 35.36, 1.79875
_1303_, 58.995, 35.36, 1.79875
FILLER_0_10_118, 58.995, 35.36, 1.79875
_0598_, 58.995, 29.92, 1.79875
_0603_, 58.995, 29.92, 1.79875
_0618_, 58.995, 29.92, 1.79875
_0626_, 58.995, 29.92, 1.79875
_0843_, 58.995, 29.92, 1.79875
_1290_, 58.995, 29.92, 1.79875
FILLER_0_7_108, 58.995, 29.92, 1.79875
_0625_, 58.995, 24.48, 1.79874
_1289_, 58.995, 24.48, 1.79874
hold89, 58.995, 24.48, 1.79874
hold134, 58.995, 24.48, 1.79874
hold137, 58.995, 24.48, 1.79874
FILLER_0_5_121, 58.995, 24.48, 1.79874
_0599_, 58.995, 19.04, 1.79874
_0600_, 58.995, 19.04, 1.79874
_0601_, 58.995, 19.04, 1.79874
_0620_, 58.995, 19.04, 1.79874
_1280_, 58.995, 19.04, 1.79874
FILLER_0_4_122, 58.995, 19.04, 1.79874
_0602_, 58.995, 13.6, 1.79875
_1279_, 58.995, 13.6, 1.79875
_1287_, 58.995, 13.6, 1.79875
hold126, 58.995, 13.6, 1.79875
FILLER_0_0_109, 58.995, 13.6, 1.79875
FILLER_0_49_51, 23.345, 144.16, 1.79922
FILLER_0_47_51, 23.345, 138.72, 1.79923
_1090_, 23.345, 133.28, 1.79919
_1243_, 23.345, 133.28, 1.79919
FILLER_0_45_39, 23.345, 133.28, 1.79919
_1080_, 23.345, 127.84, 1.79918
_1082_, 23.345, 127.84, 1.79918
_1239_, 23.345, 127.84, 1.79918
_1240_, 23.345, 127.84, 1.79918
_1244_, 23.345, 127.84, 1.79918
_1079_, 23.345, 122.4, 1.7992
FILLER_0_41_39, 23.345, 122.4, 1.7992
FILLER_0_42_47, 23.345, 122.4, 1.7992
_1084_, 23.345, 116.96, 1.79917
_1087_, 23.345, 116.96, 1.79917
hold111, 23.345, 116.96, 1.79917
hold135, 23.345, 116.96, 1.79917
FILLER_0_40_41, 23.345, 116.96, 1.79917
_1085_, 23.345, 111.52, 1.79913
_1237_, 23.345, 111.52, 1.79913
_1238_, 23.345, 111.52, 1.79913
_1242_, 23.345, 111.52, 1.79913
_1075_, 23.345, 106.08, 1.79921
_1086_, 23.345, 106.08, 1.79921
FILLER_0_35_39, 23.345, 106.08, 1.79921
_1118_, 23.345, 100.64, 1.7992
_1120_, 23.345, 100.64, 1.7992
_1125_, 23.345, 100.64, 1.7992
hold98, 23.345, 100.64, 1.7992
FILLER_0_33_39, 23.345, 100.64, 1.7992
FILLER_0_34_41, 23.345, 100.64, 1.7992
_1253_, 23.345, 95.2, 1.79912
_1254_, 23.345, 95.2, 1.79912
hold123, 23.345, 89.76, 1.79914
FILLER_0_29_47, 23.345, 89.76, 1.79914
_0971_, 23.345, 84.32, 1.79906
_0972_, 23.345, 84.32, 1.79906
_1201_, 23.345, 84.32, 1.79906
_1202_, 23.345, 84.32, 1.79906
hold44, 23.345, 84.32, 1.79906
_0973_, 23.345, 78.88, 1.79903
_0974_, 23.345, 78.88, 1.79903
FILLER_0_25_33, 23.345, 78.88, 1.79903
FILLER_0_25_51, 23.345, 78.88, 1.79903
_0938_, 23.345, 73.44, 1.79901
_0939_, 23.345, 73.44, 1.79901
_1206_, 23.345, 73.44, 1.79901
hold108, 23.345, 73.44, 1.79901
FILLER_0_23_35, 23.345, 73.44, 1.79901
FILLER_0_24_49, 23.345, 73.44, 1.79901
_0936_, 23.345, 68, 1.79894
_0984_, 23.345, 68, 1.79894
hold72, 23.345, 68, 1.79894
FILLER_0_20_36, 23.345, 68, 1.79894
_0935_, 23.345, 62.56, 1.79892
_0983_, 23.345, 62.56, 1.79892
_1205_, 23.345, 62.56, 1.79892
_0769_, 23.345, 57.12, 1.79884
hold115, 23.345, 57.12, 1.79884
_0768_, 23.345, 51.68, 1.79883
_0846_, 23.345, 51.68, 1.79883
_0990_, 23.345, 51.68, 1.79883
hold112, 23.345, 51.68, 1.79883
_0989_, 23.345, 46.24, 1.79883
_0991_, 23.345, 46.24, 1.79883
hold138, 23.345, 46.24, 1.79883
FILLER_0_13_43, 23.345, 46.24, 1.79883
_0992_, 23.345, 40.8, 1.79879
_0998_, 23.345, 40.8, 1.79879
_1208_, 23.345, 40.8, 1.79879
FILLER_0_12_41, 23.345, 40.8, 1.79879
FILLER_0_12_48, 23.345, 40.8, 1.79879
_1210_, 23.345, 35.36, 1.79881
FILLER_0_9_51, 23.345, 35.36, 1.79881
FILLER_0_10_41, 23.345, 35.36, 1.79881
FILLER_0_7_51, 23.345, 29.92, 1.79882
FILLER_0_5_51, 23.345, 24.48, 1.79881
FILLER_0_3_51, 23.345, 19.04, 1.79881
FILLER_0_1_51, 23.345, 13.6, 1.7988
PHY_100, 5.52, 149.6, 1.79923
PHY_102, 5.52, 149.6, 1.79923
PHY_101, 148.12, 149.6, 1.79935
PHY_103, 148.12, 149.6, 1.79935
FILLER_0_50_301, 148.12, 149.6, 1.79935
FILLER_0_51_53, 35.228, 149.6, 1.79924
_1232_, 47.111, 149.6, 1.79925
FILLER_0_50_85, 47.111, 149.6, 1.79925
FILLER_0_51_81, 47.111, 149.6, 1.79925
FILLER_0_50_135, 70.878, 149.6, 1.79929
FILLER_0_51_137, 70.878, 149.6, 1.79929
_1056_, 82.761, 149.6, 1.79931
hold121, 82.761, 149.6, 1.79931
FILLER_0_51_165, 82.761, 149.6, 1.79931
FILLER_0_51_221, 106.528, 149.6, 1.79934
FILLER_0_50_245, 118.411, 149.6, 1.79935
FILLER_0_51_249, 118.411, 149.6, 1.79935
PHY_96, 5.52, 144.16, 1.79922
PHY_98, 5.52, 144.16, 1.79922
PHY_97, 148.12, 144.16, 1.79935
PHY_99, 148.12, 144.16, 1.79935
FILLER_0_48_301, 148.12, 144.16, 1.79935
FILLER_0_50_77, 35.228, 144.16, 1.79922
_1062_, 47.111, 144.16, 1.79922
_1231_, 47.111, 144.16, 1.79922
_1234_, 47.111, 144.16, 1.79922
FILLER_0_48_85, 47.111, 144.16, 1.79922
_1055_, 70.878, 144.16, 1.79927
_1057_, 70.878, 144.16, 1.79927
_1229_, 70.878, 144.16, 1.79927
FILLER_0_48_134, 70.878, 144.16, 1.79927
FILLER_0_48_141, 70.878, 144.16, 1.79927
FILLER_0_50_153, 70.878, 144.16, 1.79927
hold118, 82.761, 144.16, 1.7993
FILLER_0_48_167, 82.761, 144.16, 1.7993
FILLER_0_49_213, 106.528, 144.16, 1.79934
FILLER_0_49_221, 106.528, 144.16, 1.79934
PHY_92, 5.52, 138.72, 1.79923
PHY_94, 5.52, 138.72, 1.79923
PHY_93, 148.12, 138.72, 1.79934
PHY_95, 148.12, 138.72, 1.79934
FILLER_0_46_301, 148.12, 138.72, 1.79934
_1070_, 35.228, 138.72, 1.79923
FILLER_0_47_69, 35.228, 138.72, 1.79923
FILLER_0_48_77, 35.228, 138.72, 1.79923
_1059_, 47.111, 138.72, 1.79923
_1060_, 47.111, 138.72, 1.79923
hold113, 47.111, 138.72, 1.79923
FILLER_0_47_88, 47.111, 138.72, 1.79923
_1040_, 70.878, 138.72, 1.79921
_1156_, 70.878, 138.72, 1.79921
_1158_, 70.878, 138.72, 1.79921
_1230_, 70.878, 138.72, 1.79921
FILLER_0_46_134, 70.878, 138.72, 1.79921
FILLER_0_47_134, 70.878, 138.72, 1.79921
FILLER_0_47_152, 70.878, 138.72, 1.79921
_1054_, 82.761, 138.72, 1.79924
_1152_, 82.761, 138.72, 1.79924
_1265_, 82.761, 138.72, 1.79924
_1266_, 82.761, 138.72, 1.79924
hold78, 82.761, 138.72, 1.79924
hold105, 106.528, 138.72, 1.79932
FILLER_0_47_214, 106.528, 138.72, 1.79932
FILLER_0_46_245, 118.411, 138.72, 1.79933
FILLER_0_48_246, 118.411, 138.72, 1.79933
PHY_88, 5.52, 133.28, 1.79919
PHY_90, 5.52, 133.28, 1.79919
PHY_89, 148.12, 133.28, 1.79934
PHY_91, 148.12, 133.28, 1.79934
FILLER_0_44_301, 148.12, 133.28, 1.79934
_1092_, 35.228, 133.28, 1.79917
_1235_, 35.228, 133.28, 1.79917
_1236_, 35.228, 133.28, 1.79917
hold84, 35.228, 133.28, 1.79917
hold124, 35.228, 133.28, 1.79917
FILLER_0_46_65, 35.228, 133.28, 1.79917
_0729_, 47.111, 133.28, 1.79919
_1061_, 47.111, 133.28, 1.79919
_1069_, 47.111, 133.28, 1.79919
hold60, 47.111, 133.28, 1.79919
FILLER_0_45_91, 47.111, 133.28, 1.79919
FILLER_0_46_93, 47.111, 133.28, 1.79919
_1267_, 70.878, 133.28, 1.79922
_1268_, 70.878, 133.28, 1.79922
FILLER_0_44_134, 70.878, 133.28, 1.79922
FILLER_0_44_141, 70.878, 133.28, 1.79922
FILLER_0_45_132, 70.878, 133.28, 1.79922
_1053_, 82.761, 133.28, 1.79926
_1149_, 82.761, 133.28, 1.79926
_1150_, 82.761, 133.28, 1.79926
_1151_, 82.761, 133.28, 1.79926
_1157_, 82.761, 133.28, 1.79926
hold59, 82.761, 133.28, 1.79926
FILLER_0_44_165, 82.761, 133.28, 1.79926
FILLER_0_45_169, 82.761, 133.28, 1.79926
FILLER_0_46_171, 82.761, 133.28, 1.79926
_0583_, 106.528, 133.28, 1.79928
_0585_, 106.528, 133.28, 1.79928
_1135_, 106.528, 133.28, 1.79928
hold55, 106.528, 133.28, 1.79928
FILLER_0_44_242, 118.411, 133.28, 1.79931
PHY_84, 5.52, 127.84, 1.79918
PHY_86, 5.52, 127.84, 1.79918
PHY_85, 148.12, 127.84, 1.7993
PHY_87, 148.12, 127.84, 1.7993
FILLER_0_42_301, 148.12, 127.84, 1.7993
FILLER_0_43_27, 14.432, 127.84, 1.79918
FILLER_0_44_29, 14.432, 127.84, 1.79918
_0803_, 35.228, 127.84, 1.79918
_1071_, 35.228, 127.84, 1.79918
_1081_, 35.228, 127.84, 1.79918
_1089_, 35.228, 127.84, 1.79918
_1091_, 35.228, 127.84, 1.79918
hold133, 35.228, 127.84, 1.79918
FILLER_0_43_53, 35.228, 127.84, 1.79918
_0804_, 47.111, 127.84, 1.7992
_1068_, 47.111, 127.84, 1.7992
_1141_, 47.111, 127.84, 1.7992
_1142_, 47.111, 127.84, 1.7992
FILLER_0_42_81, 47.111, 127.84, 1.7992
FILLER_0_43_90, 47.111, 127.84, 1.7992
FILLER_0_44_98, 47.111, 127.84, 1.7992
_1029_, 70.878, 127.84, 1.79926
_1138_, 70.878, 127.84, 1.79926
_1155_, 70.878, 127.84, 1.79926
FILLER_0_42_130, 70.878, 127.84, 1.79926
FILLER_0_43_146, 70.878, 127.84, 1.79926
_0748_, 82.761, 127.84, 1.79928
_0749_, 82.761, 127.84, 1.79928
_0810_, 82.761, 127.84, 1.79928
_0811_, 82.761, 127.84, 1.79928
_0814_, 82.761, 127.84, 1.79928
_1154_, 82.761, 127.84, 1.79928
FILLER_0_44_179, 82.761, 127.84, 1.79928
_0584_, 106.528, 127.84, 1.79923
_1137_, 106.528, 127.84, 1.79923
_1260_, 106.528, 127.84, 1.79923
_1273_, 106.528, 127.84, 1.79923
_1274_, 106.528, 127.84, 1.79923
_0745_, 118.411, 127.84, 1.79922
_1021_, 118.411, 127.84, 1.79922
_1024_, 118.411, 127.84, 1.79922
_1170_, 118.411, 127.84, 1.79922
hold79, 118.411, 127.84, 1.79922
PHY_80, 5.52, 122.4, 1.7992
PHY_82, 5.52, 122.4, 1.7992
PHY_81, 148.12, 122.4, 1.79934
PHY_83, 148.12, 122.4, 1.79934
_0733_, 35.228, 122.4, 1.79918
_0734_, 35.228, 122.4, 1.79918
_1072_, 35.228, 122.4, 1.79918
_1078_, 35.228, 122.4, 1.79918
_1088_, 35.228, 122.4, 1.79918
FILLER_0_41_53, 35.228, 122.4, 1.79918
FILLER_0_42_73, 35.228, 122.4, 1.79918
_1099_, 47.111, 122.4, 1.79919
_1166_, 47.111, 122.4, 1.79919
_1167_, 47.111, 122.4, 1.79919
_1168_, 47.111, 122.4, 1.79919
_1262_, 47.111, 122.4, 1.79919
hold96, 47.111, 122.4, 1.79919
FILLER_0_40_81, 47.111, 122.4, 1.79919
FILLER_0_41_83, 47.111, 122.4, 1.79919
_0813_, 70.878, 122.4, 1.79919
_1027_, 70.878, 122.4, 1.79919
_1219_, 70.878, 122.4, 1.79919
_1220_, 70.878, 122.4, 1.79919
hold120, 70.878, 122.4, 1.79919
FILLER_0_41_153, 70.878, 122.4, 1.79919
FILLER_0_42_144, 70.878, 122.4, 1.79919
_0755_, 82.761, 122.4, 1.79919
_0767_, 82.761, 122.4, 1.79919
_0807_, 82.761, 122.4, 1.79919
_0815_, 82.761, 122.4, 1.79919
clkbuf_4_14_0_clk, 82.761, 122.4, 1.79919
FILLER_0_41_165, 82.761, 122.4, 1.79919
FILLER_0_41_175, 82.761, 122.4, 1.79919
FILLER_0_42_169, 82.761, 122.4, 1.79919
FILLER_0_42_177, 82.761, 122.4, 1.79919
_0722_, 106.528, 122.4, 1.79929
_1133_, 106.528, 122.4, 1.79929
_1136_, 106.528, 122.4, 1.79929
_1169_, 106.528, 122.4, 1.79929
hold18, 106.528, 122.4, 1.79929
_1051_, 118.411, 122.4, 1.79931
_1052_, 118.411, 122.4, 1.79931
_1227_, 118.411, 122.4, 1.79931
hold103, 118.411, 122.4, 1.79931
FILLER_0_41_241, 118.411, 122.4, 1.79931
FILLER_0_42_248, 118.411, 122.4, 1.79931
PHY_76, 5.52, 116.96, 1.79917
PHY_78, 5.52, 116.96, 1.79917
PHY_77, 148.12, 116.96, 1.79936
PHY_79, 148.12, 116.96, 1.79936
FILLER_0_38_301, 148.12, 116.96, 1.79936
FILLER_0_39_27, 14.432, 116.96, 1.79917
_0802_, 35.228, 116.96, 1.79915
hold93, 35.228, 116.96, 1.79915
FILLER_0_38_62, 35.228, 116.96, 1.79915
FILLER_0_39_53, 35.228, 116.96, 1.79915
FILLER_0_39_57, 35.228, 116.96, 1.79915
_1098_, 47.111, 116.96, 1.79914
_1100_, 47.111, 116.96, 1.79914
_1246_, 47.111, 116.96, 1.79914
_1271_, 47.111, 116.96, 1.79914
_1272_, 47.111, 116.96, 1.79914
clkbuf_4_11_0_clk, 47.111, 116.96, 1.79914
hold117, 47.111, 116.96, 1.79914
_1026_, 70.878, 116.96, 1.79925
_1028_, 70.878, 116.96, 1.79925
_1038_, 70.878, 116.96, 1.79925
FILLER_0_38_136, 70.878, 116.96, 1.79925
FILLER_0_39_137, 70.878, 116.96, 1.79925
_0754_, 82.761, 116.96, 1.79928
_1010_, 82.761, 116.96, 1.79928
_1012_, 82.761, 116.96, 1.79928
_1213_, 82.761, 116.96, 1.79928
_1214_, 82.761, 116.96, 1.79928
hold97, 82.761, 116.96, 1.79928
_0738_, 106.528, 116.96, 1.79931
_0746_, 106.528, 116.96, 1.79931
_0809_, 106.528, 116.96, 1.79931
_0824_, 106.528, 116.96, 1.79931
_1132_, 106.528, 116.96, 1.79931
_1134_, 106.528, 116.96, 1.79931
FILLER_0_38_209, 106.528, 116.96, 1.79931
FILLER_0_39_215, 106.528, 116.96, 1.79931
_0808_, 118.411, 116.96, 1.79933
_1049_, 118.411, 116.96, 1.79933
_1228_, 118.411, 116.96, 1.79933
FILLER_0_40_297, 139.207, 116.96, 1.79936
PHY_72, 5.52, 111.52, 1.79911
PHY_74, 5.52, 111.52, 1.79911
PHY_73, 148.12, 111.52, 1.7994
PHY_75, 148.12, 111.52, 1.7994
FILLER_0_36_301, 148.12, 111.52, 1.7994
_1241_, 14.432, 111.52, 1.79911
FILLER_0_37_15, 14.432, 111.52, 1.79911
FILLER_0_38_29, 14.432, 111.52, 1.79911
_1074_, 35.228, 111.52, 1.79912
_1076_, 35.228, 111.52, 1.79912
_1083_, 35.228, 111.52, 1.79912
clkbuf_4_10_0_clk, 35.228, 111.52, 1.79912
hold54, 35.228, 111.52, 1.79912
hold139, 35.228, 111.52, 1.79912
_1097_, 47.111, 111.52, 1.79918
_1245_, 47.111, 111.52, 1.79918
hold128, 47.111, 111.52, 1.79918
_1036_, 70.878, 111.52, 1.79928
_1037_, 70.878, 111.52, 1.79928
_1223_, 70.878, 111.52, 1.79928
_1224_, 70.878, 111.52, 1.79928
hold99, 70.878, 111.52, 1.79928
FILLER_0_38_150, 70.878, 111.52, 1.79928
_0812_, 82.761, 111.52, 1.79934
_1007_, 82.761, 111.52, 1.79934
_1008_, 82.761, 111.52, 1.79934
_1009_, 82.761, 111.52, 1.79934
_1025_, 82.761, 111.52, 1.79934
FILLER_0_36_167, 82.761, 111.52, 1.79934
_1047_, 106.528, 111.52, 1.79939
_1048_, 106.528, 111.52, 1.79939
_1095_, 106.528, 111.52, 1.79939
_1160_, 106.528, 111.52, 1.79939
hold26, 106.528, 111.52, 1.79939
FILLER_0_38_220, 106.528, 111.52, 1.79939
FILLER_0_38_229, 106.528, 111.52, 1.79939
_0586_, 118.411, 111.52, 1.79939
_0588_, 118.411, 111.52, 1.79939
hold33, 118.411, 111.52, 1.79939
FILLER_0_37_238, 118.411, 111.52, 1.79939
FILLER_0_38_247, 118.411, 111.52, 1.79939
PHY_68, 5.52, 106.08, 1.79921
PHY_70, 5.52, 106.08, 1.79921
PHY_69, 148.12, 106.08, 1.7994
PHY_71, 148.12, 106.08, 1.7994
FILLER_0_34_301, 148.12, 106.08, 1.7994
FILLER_0_36_29, 14.432, 106.08, 1.79921
_0779_, 35.228, 106.08, 1.79922
_0831_, 35.228, 106.08, 1.79922
_1073_, 35.228, 106.08, 1.79922
_1077_, 35.228, 106.08, 1.79922
_1119_, 35.228, 106.08, 1.79922
FILLER_0_36_77, 35.228, 106.08, 1.79922
_1107_, 47.111, 106.08, 1.79923
_1110_, 47.111, 106.08, 1.79923
_1113_, 47.111, 106.08, 1.79923
_1252_, 47.111, 106.08, 1.79923
hold87, 47.111, 106.08, 1.79923
FILLER_0_34_81, 47.111, 106.08, 1.79923
FILLER_0_36_97, 47.111, 106.08, 1.79923
_1006_, 70.878, 106.08, 1.79931
_1035_, 70.878, 106.08, 1.79931
_1045_, 70.878, 106.08, 1.79931
_1046_, 70.878, 106.08, 1.79931
hold21, 70.878, 106.08, 1.79931
hold80, 70.878, 106.08, 1.79931
FILLER_0_35_134, 70.878, 106.08, 1.79931
_1041_, 82.761, 106.08, 1.79935
_1127_, 82.761, 106.08, 1.79935
_1128_, 82.761, 106.08, 1.79935
_1257_, 82.761, 106.08, 1.79935
hold81, 82.761, 106.08, 1.79935
FILLER_0_34_161, 82.761, 106.08, 1.79935
FILLER_0_35_159, 82.761, 106.08, 1.79935
FILLER_0_36_175, 82.761, 106.08, 1.79935
_0589_, 106.528, 106.08, 1.79939
_0788_, 106.528, 106.08, 1.79939
_0826_, 106.528, 106.08, 1.79939
_1131_, 106.528, 106.08, 1.79939
_1162_, 106.528, 106.08, 1.79939
hold25, 106.528, 106.08, 1.79939
FILLER_0_35_228, 106.528, 106.08, 1.79939
_0587_, 118.411, 106.08, 1.79937
_0590_, 118.411, 106.08, 1.79937
_0786_, 118.411, 106.08, 1.79937
_1275_, 118.411, 106.08, 1.79937
_1276_, 118.411, 106.08, 1.79937
PHY_64, 5.52, 100.64, 1.7992
PHY_66, 5.52, 100.64, 1.7992
PHY_65, 148.12, 100.64, 1.79938
PHY_67, 148.12, 100.64, 1.79938
output4, 148.12, 100.64, 1.79938
_1122_, 35.228, 100.64, 1.7992
_1123_, 35.228, 100.64, 1.7992
_1124_, 35.228, 100.64, 1.7992
_1255_, 35.228, 100.64, 1.7992
hold41, 35.228, 100.64, 1.7992
hold64, 35.228, 100.64, 1.7992
_1109_, 47.111, 100.64, 1.79921
_1249_, 47.111, 100.64, 1.79921
_1250_, 47.111, 100.64, 1.79921
_1251_, 47.111, 100.64, 1.79921
FILLER_0_33_80, 47.111, 100.64, 1.79921
_1042_, 70.878, 100.64, 1.79927
_1043_, 70.878, 100.64, 1.79927
_1226_, 70.878, 100.64, 1.79927
hold20, 70.878, 100.64, 1.79927
FILLER_0_32_137, 70.878, 100.64, 1.79927
_0837_, 82.761, 100.64, 1.7993
_1126_, 82.761, 100.64, 1.7993
_1258_, 82.761, 100.64, 1.7993
clkbuf_4_12_0_clk, 82.761, 100.64, 1.7993
FILLER_0_32_164, 82.761, 100.64, 1.7993
FILLER_0_33_161, 82.761, 100.64, 1.7993
FILLER_0_33_169, 82.761, 100.64, 1.7993
_0825_, 106.528, 100.64, 1.79941
_1094_, 106.528, 100.64, 1.79941
hold22, 106.528, 100.64, 1.79941
FILLER_0_32_209, 106.528, 100.64, 1.79941
FILLER_0_33_209, 106.528, 100.64, 1.79941
FILLER_0_33_219, 106.528, 100.64, 1.79941
FILLER_0_34_225, 106.528, 100.64, 1.79941
_0817_, 118.411, 100.64, 1.79941
_1104_, 118.411, 100.64, 1.79941
hold45, 118.411, 100.64, 1.79941
hold102, 118.411, 100.64, 1.79941
FILLER_0_32_235, 118.411, 100.64, 1.79941
FILLER_0_33_254, 118.411, 100.64, 1.79941
FILLER_0_34_247, 118.411, 100.64, 1.79941
FILLER_0_34_253, 118.411, 100.64, 1.79941
PHY_60, 5.52, 95.2, 1.79912
PHY_62, 5.52, 95.2, 1.79912
PHY_61, 148.12, 95.2, 1.79936
PHY_63, 148.12, 95.2, 1.79936
FILLER_0_32_29, 14.432, 95.2, 1.79912
_0830_, 35.228, 95.2, 1.79909
_1117_, 35.228, 95.2, 1.79909
_1256_, 35.228, 95.2, 1.79909
clkbuf_4_8_0_clk, 35.228, 95.2, 1.79909
hold122, 35.228, 95.2, 1.79909
_0778_, 47.111, 95.2, 1.79913
_1108_, 47.111, 95.2, 1.79913
clkbuf_4_9_0_clk, 47.111, 95.2, 1.79913
_0832_, 70.878, 95.2, 1.79927
_0836_, 70.878, 95.2, 1.79927
hold36, 70.878, 95.2, 1.79927
FILLER_0_31_142, 70.878, 95.2, 1.79927
_0781_, 82.761, 95.2, 1.79932
_0791_, 82.761, 95.2, 1.79932
_1018_, 82.761, 95.2, 1.79932
_1020_, 82.761, 95.2, 1.79932
_1129_, 82.761, 95.2, 1.79932
_1217_, 82.761, 95.2, 1.79932
hold39, 82.761, 95.2, 1.79932
FILLER_0_30_156, 82.761, 95.2, 1.79932
FILLER_0_31_161, 82.761, 95.2, 1.79932
FILLER_0_31_174, 82.761, 95.2, 1.79932
_0737_, 106.528, 95.2, 1.79934
_0819_, 106.528, 95.2, 1.79934
_0828_, 106.528, 95.2, 1.79934
hold38, 106.528, 95.2, 1.79934
FILLER_0_31_220, 106.528, 95.2, 1.79934
FILLER_0_31_230, 106.528, 95.2, 1.79934
FILLER_0_32_227, 106.528, 95.2, 1.79934
_0736_, 118.411, 95.2, 1.79934
_0818_, 118.411, 95.2, 1.79934
_0820_, 118.411, 95.2, 1.79934
_1102_, 118.411, 95.2, 1.79934
_1105_, 118.411, 95.2, 1.79934
_1248_, 118.411, 95.2, 1.79934
FILLER_0_30_237, 118.411, 95.2, 1.79934
FILLER_0_31_245, 118.411, 95.2, 1.79934
FILLER_0_32_293, 139.207, 95.2, 1.79936
PHY_56, 5.52, 89.76, 1.79913
PHY_58, 5.52, 89.76, 1.79913
PHY_57, 148.12, 89.76, 1.79929
PHY_59, 148.12, 89.76, 1.79929
FILLER_0_28_304, 148.12, 89.76, 1.79929
_0955_, 14.432, 89.76, 1.79913
_1195_, 14.432, 89.76, 1.79913
FILLER_0_29_15, 14.432, 89.76, 1.79913
_0960_, 35.228, 89.76, 1.79916
FILLER_0_28_57, 35.228, 89.76, 1.79916
FILLER_0_29_69, 35.228, 89.76, 1.79916
_0962_, 47.111, 89.76, 1.79917
_1198_, 47.111, 89.76, 1.79917
hold47, 47.111, 89.76, 1.79917
FILLER_0_29_80, 47.111, 89.76, 1.79917
FILLER_0_30_97, 47.111, 89.76, 1.79917
_0785_, 70.878, 89.76, 1.79923
_0833_, 70.878, 89.76, 1.79923
_0944_, 70.878, 89.76, 1.79923
hold63, 70.878, 89.76, 1.79923
_0792_, 82.761, 89.76, 1.79927
_1019_, 82.761, 89.76, 1.79927
_1215_, 82.761, 89.76, 1.79927
hold19, 82.761, 89.76, 1.79927
FILLER_0_28_156, 82.761, 89.76, 1.79927
_0789_, 106.528, 89.76, 1.79929
_0790_, 106.528, 89.76, 1.79929
_1034_, 106.528, 89.76, 1.79929
_1101_, 106.528, 89.76, 1.79929
FILLER_0_28_218, 106.528, 89.76, 1.79929
FILLER_0_29_221, 106.528, 89.76, 1.79929
FILLER_0_29_225, 106.528, 89.76, 1.79929
FILLER_0_30_225, 106.528, 89.76, 1.79929
_0721_, 118.411, 89.76, 1.79927
_0776_, 118.411, 89.76, 1.79927
_0816_, 118.411, 89.76, 1.79927
_1247_, 118.411, 89.76, 1.79927
FILLER_0_29_239, 118.411, 89.76, 1.79927
FILLER_0_30_249, 118.411, 89.76, 1.79927
FILLER_0_30_253, 118.411, 89.76, 1.79927
FILLER_0_30_298, 139.207, 89.76, 1.79929
PHY_52, 5.52, 84.32, 1.79905
PHY_54, 5.52, 84.32, 1.79905
FILLER_0_27_3, 5.52, 84.32, 1.79905
FILLER_0_28_3, 5.52, 84.32, 1.79905
PHY_53, 148.12, 84.32, 1.79918
PHY_55, 148.12, 84.32, 1.79918
FILLER_0_26_301, 148.12, 84.32, 1.79918
_0954_, 14.432, 84.32, 1.79905
_0956_, 14.432, 84.32, 1.79905
_0957_, 14.432, 84.32, 1.79905
_1196_, 14.432, 84.32, 1.79905
FILLER_0_27_27, 14.432, 84.32, 1.79905
_0770_, 35.228, 84.32, 1.79907
_0771_, 35.228, 84.32, 1.79907
_1197_, 35.228, 84.32, 1.79907
hold42, 35.228, 84.32, 1.79907
FILLER_0_27_64, 35.228, 84.32, 1.79907
FILLER_0_28_65, 35.228, 84.32, 1.79907
_0849_, 47.111, 84.32, 1.7991
_0958_, 47.111, 84.32, 1.7991
_0959_, 47.111, 84.32, 1.7991
_0961_, 47.111, 84.32, 1.7991
hold52, 47.111, 84.32, 1.7991
FILLER_0_26_85, 47.111, 84.32, 1.7991
FILLER_0_27_96, 47.111, 84.32, 1.7991
_0782_, 70.878, 84.32, 1.79914
_0941_, 70.878, 84.32, 1.79914
hold53, 70.878, 84.32, 1.79914
FILLER_0_26_141, 70.878, 84.32, 1.79914
FILLER_0_27_148, 70.878, 84.32, 1.79914
_0795_, 82.761, 84.32, 1.79916
_0797_, 82.761, 84.32, 1.79916
_1014_, 82.761, 84.32, 1.79916
_1015_, 82.761, 84.32, 1.79916
_0787_, 106.528, 84.32, 1.79912
_1005_, 106.528, 84.32, 1.79912
_1093_, 106.528, 84.32, 1.79912
_1314_, 106.528, 84.32, 1.79912
FILLER_0_27_225, 106.528, 84.32, 1.79912
_0718_, 118.411, 84.32, 1.79912
_0719_, 118.411, 84.32, 1.79912
_1315_, 118.411, 84.32, 1.79912
FILLER_0_26_236, 118.411, 84.32, 1.79912
FILLER_0_28_296, 139.207, 84.32, 1.79918
PHY_48, 5.52, 78.88, 1.79903
PHY_50, 5.52, 78.88, 1.79903
PHY_49, 148.12, 78.88, 1.79913
PHY_51, 148.12, 78.88, 1.79913
hold110, 14.432, 78.88, 1.79903
FILLER_0_24_15, 14.432, 78.88, 1.79903
FILLER_0_25_15, 14.432, 78.88, 1.79903
_0850_, 35.228, 78.88, 1.799
_0970_, 35.228, 78.88, 1.799
_0976_, 35.228, 78.88, 1.799
_0979_, 35.228, 78.88, 1.799
_0980_, 35.228, 78.88, 1.799
_1203_, 35.228, 78.88, 1.799
_1204_, 35.228, 78.88, 1.799
FILLER_0_25_67, 35.228, 78.88, 1.799
_0777_, 47.111, 78.88, 1.799
hold82, 47.111, 78.88, 1.799
FILLER_0_24_80, 47.111, 78.88, 1.799
FILLER_0_25_99, 47.111, 78.88, 1.799
_0796_, 70.878, 78.88, 1.79892
_0921_, 70.878, 78.88, 1.79892
clkbuf_0_clk, 70.878, 78.88, 1.79892
FILLER_0_24_134, 70.878, 78.88, 1.79892
_0784_, 82.761, 78.88, 1.79901
_0950_, 82.761, 78.88, 1.79901
max_cap8, 82.761, 78.88, 1.79901
_0793_, 106.528, 78.88, 1.79909
_0821_, 106.528, 78.88, 1.79909
max_cap6, 106.528, 78.88, 1.79909
fanout17, 106.528, 78.88, 1.79909
FILLER_0_25_221, 106.528, 78.88, 1.79909
FILLER_0_25_232, 106.528, 78.88, 1.79909
_0631_, 118.411, 78.88, 1.79909
_0632_, 118.411, 78.88, 1.79909
_0633_, 118.411, 78.88, 1.79909
_1291_, 118.411, 78.88, 1.79909
hold107, 118.411, 78.88, 1.79909
FILLER_0_26_249, 118.411, 78.88, 1.79909
PHY_44, 5.52, 73.44, 1.79901
PHY_46, 5.52, 73.44, 1.79901
FILLER_0_23_3, 5.52, 73.44, 1.79901
PHY_45, 148.12, 73.44, 1.79908
PHY_47, 148.12, 73.44, 1.79908
FILLER_0_22_301, 148.12, 73.44, 1.79908
_0926_, 14.432, 73.44, 1.79901
_0927_, 14.432, 73.44, 1.79901
_0928_, 14.432, 73.44, 1.79901
hold142, 14.432, 73.44, 1.79901
hold143, 14.432, 73.44, 1.79901
_0977_, 35.228, 73.44, 1.79901
_0978_, 35.228, 73.44, 1.79901
_0985_, 35.228, 73.44, 1.79901
hold57, 35.228, 73.44, 1.79901
hold95, 35.228, 73.44, 1.79901
FILLER_0_23_57, 35.228, 73.44, 1.79901
FILLER_0_23_63, 35.228, 73.44, 1.79901
_0853_, 47.111, 73.44, 1.79901
_1200_, 47.111, 73.44, 1.79901
FILLER_0_22_80, 47.111, 73.44, 1.79901
FILLER_0_22_90, 47.111, 73.44, 1.79901
FILLER_0_23_93, 47.111, 73.44, 1.79901
FILLER_0_23_101, 47.111, 73.44, 1.79901
FILLER_0_24_97, 47.111, 73.44, 1.79901
_0872_, 70.878, 73.44, 1.79903
_0949_, 70.878, 73.44, 1.79903
_0951_, 70.878, 73.44, 1.79903
_1194_, 70.878, 73.44, 1.79903
FILLER_0_22_137, 70.878, 73.44, 1.79903
FILLER_0_22_141, 70.878, 73.44, 1.79903
FILLER_0_23_130, 70.878, 73.44, 1.79903
FILLER_0_23_142, 70.878, 73.44, 1.79903
_0835_, 82.761, 73.44, 1.79905
_0948_, 82.761, 73.44, 1.79905
hold43, 82.761, 73.44, 1.79905
hold66, 82.761, 73.44, 1.79905
_0664_, 106.528, 73.44, 1.79904
_0665_, 106.528, 73.44, 1.79904
_0666_, 106.528, 73.44, 1.79904
_0668_, 106.528, 73.44, 1.79904
_1305_, 106.528, 73.44, 1.79904
FILLER_0_23_217, 106.528, 73.44, 1.79904
FILLER_0_24_221, 106.528, 73.44, 1.79904
_0630_, 118.411, 73.44, 1.79904
_1292_, 118.411, 73.44, 1.79904
hold27, 118.411, 73.44, 1.79904
_1187_, 5.52, 68, 1.79889
_1188_, 5.52, 68, 1.79889
PHY_40, 5.52, 68, 1.79889
PHY_42, 5.52, 68, 1.79889
FILLER_0_21_3, 5.52, 68, 1.79889
FILLER_0_22_3, 5.52, 68, 1.79889
PHY_41, 148.12, 68, 1.79901
PHY_43, 148.12, 68, 1.79901
FILLER_0_20_301, 148.12, 68, 1.79901
_0929_, 14.432, 68, 1.79891
_1190_, 14.432, 68, 1.79891
FILLER_0_22_22, 14.432, 68, 1.79891
_0773_, 35.228, 68, 1.79893
_0851_, 35.228, 68, 1.79893
_0852_, 35.228, 68, 1.79893
_0982_, 35.228, 68, 1.79893
_0986_, 35.228, 68, 1.79893
hold69, 35.228, 68, 1.79893
FILLER_0_21_57, 35.228, 68, 1.79893
FILLER_0_22_69, 35.228, 68, 1.79893
_0772_, 47.111, 68, 1.79893
_0775_, 47.111, 68, 1.79893
_0854_, 47.111, 68, 1.79893
_0965_, 47.111, 68, 1.79893
_0966_, 47.111, 68, 1.79893
_1199_, 47.111, 68, 1.79893
hold83, 47.111, 68, 1.79893
FILLER_0_20_85, 47.111, 68, 1.79893
FILLER_0_21_86, 47.111, 68, 1.79893
_0650_, 70.878, 68, 1.79891
_0652_, 70.878, 68, 1.79891
_1193_, 70.878, 68, 1.79891
_1299_, 70.878, 68, 1.79891
hold140, 70.878, 68, 1.79891
_0644_, 82.761, 68, 1.79892
_0646_, 82.761, 68, 1.79892
_0647_, 82.761, 68, 1.79892
_0649_, 82.761, 68, 1.79892
_0653_, 82.761, 68, 1.79892
_0947_, 82.761, 68, 1.79892
_1298_, 82.761, 68, 1.79892
FILLER_0_20_166, 82.761, 68, 1.79892
FILLER_0_21_161, 82.761, 68, 1.79892
_0640_, 106.528, 68, 1.79894
_0667_, 106.528, 68, 1.79894
_0855_, 106.528, 68, 1.79894
_1306_, 106.528, 68, 1.79894
hold130, 106.528, 68, 1.79894
_0720_, 118.411, 68, 1.79896
hold10, 118.411, 68, 1.79896
hold101, 118.411, 68, 1.79896
PHY_36, 5.52, 62.56, 1.7989
PHY_38, 5.52, 62.56, 1.7989
FILLER_0_20_3, 5.52, 62.56, 1.7989
PHY_37, 148.12, 62.56, 1.79892
PHY_39, 148.12, 62.56, 1.79892
FILLER_0_18_303, 148.12, 62.56, 1.79892
_1002_, 14.432, 62.56, 1.7989
_1189_, 14.432, 62.56, 1.7989
FILLER_0_19_15, 14.432, 62.56, 1.7989
FILLER_0_20_29, 14.432, 62.56, 1.7989
_0774_, 35.228, 62.56, 1.79889
_0879_, 35.228, 62.56, 1.79889
_1171_, 35.228, 62.56, 1.79889
FILLER_0_18_57, 35.228, 62.56, 1.79889
FILLER_0_19_57, 35.228, 62.56, 1.79889
FILLER_0_20_67, 35.228, 62.56, 1.79889
FILLER_0_20_74, 35.228, 62.56, 1.79889
_0874_, 47.111, 62.56, 1.79889
_0875_, 47.111, 62.56, 1.79889
_0876_, 47.111, 62.56, 1.79889
_0878_, 47.111, 62.56, 1.79889
_0840_, 70.878, 62.56, 1.79884
_0841_, 70.878, 62.56, 1.79884
_0856_, 70.878, 62.56, 1.79884
_1300_, 70.878, 62.56, 1.79884
hold106, 70.878, 62.56, 1.79884
FILLER_0_18_137, 70.878, 62.56, 1.79884
_0648_, 82.761, 62.56, 1.79885
_0747_, 82.761, 62.56, 1.79885
_1297_, 82.761, 62.56, 1.79885
FILLER_0_18_159, 82.761, 62.56, 1.79885
FILLER_0_19_157, 82.761, 62.56, 1.79885
FILLER_0_19_165, 82.761, 62.56, 1.79885
FILLER_0_19_169, 82.761, 62.56, 1.79885
FILLER_0_19_177, 82.761, 62.56, 1.79885
_0669_, 106.528, 62.56, 1.79887
_0670_, 106.528, 62.56, 1.79887
_0673_, 106.528, 62.56, 1.79887
_0800_, 106.528, 62.56, 1.79887
_1307_, 106.528, 62.56, 1.79887
FILLER_0_20_221, 106.528, 62.56, 1.79887
_0671_, 118.411, 62.56, 1.79888
_1318_, 118.411, 62.56, 1.79888
hold109, 118.411, 62.56, 1.79888
FILLER_0_20_246, 118.411, 62.56, 1.79888
_1325_, 139.207, 62.56, 1.79892
_1211_, 5.52, 57.12, 1.79881
PHY_32, 5.52, 57.12, 1.79881
PHY_34, 5.52, 57.12, 1.79881
FILLER_0_17_3, 5.52, 57.12, 1.79881
FILLER_0_18_3, 5.52, 57.12, 1.79881
PHY_33, 148.12, 57.12, 1.79875
PHY_35, 148.12, 57.12, 1.79875
FILLER_0_16_302, 148.12, 57.12, 1.79875
_1001_, 14.432, 57.12, 1.79882
_1183_, 14.432, 57.12, 1.79882
hold132, 14.432, 57.12, 1.79882
_0994_, 35.228, 57.12, 1.79877
_0996_, 35.228, 57.12, 1.79877
_1000_, 35.228, 57.12, 1.79877
_1172_, 35.228, 57.12, 1.79877
clkbuf_4_2_0_clk, 35.228, 57.12, 1.79877
FILLER_0_17_69, 35.228, 57.12, 1.79877
_0636_, 47.111, 57.12, 1.79878
_1293_, 47.111, 57.12, 1.79878
hold136, 47.111, 57.12, 1.79878
FILLER_0_16_80, 47.111, 57.12, 1.79878
FILLER_0_16_85, 47.111, 57.12, 1.79878
FILLER_0_17_84, 47.111, 57.12, 1.79878
_0845_, 70.878, 57.12, 1.79876
hold68, 70.878, 57.12, 1.79876
FILLER_0_16_141, 70.878, 57.12, 1.79876
_0727_, 82.761, 57.12, 1.79871
_0753_, 82.761, 57.12, 1.79871
_0907_, 82.761, 57.12, 1.79871
max_cap3, 82.761, 57.12, 1.79871
FILLER_0_17_160, 82.761, 57.12, 1.79871
FILLER_0_17_169, 82.761, 57.12, 1.79871
_0672_, 106.528, 57.12, 1.79865
_1308_, 106.528, 57.12, 1.79865
max_cap12, 106.528, 57.12, 1.79865
FILLER_0_16_214, 106.528, 57.12, 1.79865
FILLER_0_17_215, 106.528, 57.12, 1.79865
_0688_, 118.411, 57.12, 1.79862
_0865_, 118.411, 57.12, 1.79862
_0914_, 118.411, 57.12, 1.79862
_1153_, 118.411, 57.12, 1.79862
_1317_, 118.411, 57.12, 1.79862
hold11, 118.411, 57.12, 1.79862
FILLER_0_17_234, 118.411, 57.12, 1.79862
FILLER_0_18_247, 118.411, 57.12, 1.79862
_0685_, 139.207, 57.12, 1.79875
_0686_, 139.207, 57.12, 1.79875
hold145, 139.207, 57.12, 1.79875
FILLER_0_16_290, 139.207, 57.12, 1.79875
FILLER_0_17_281, 139.207, 57.12, 1.79875
PHY_28, 5.52, 51.68, 1.79882
PHY_30, 5.52, 51.68, 1.79882
FILLER_0_16_3, 5.52, 51.68, 1.79882
_0684_, 148.12, 51.68, 1.79874
PHY_29, 148.12, 51.68, 1.79874
PHY_31, 148.12, 51.68, 1.79874
_0912_, 14.432, 51.68, 1.79882
_0913_, 14.432, 51.68, 1.79882
_0916_, 14.432, 51.68, 1.79882
_1184_, 14.432, 51.68, 1.79882
hold119, 14.432, 51.68, 1.79882
_0995_, 35.228, 51.68, 1.79876
_1209_, 35.228, 51.68, 1.79876
hold129, 35.228, 51.68, 1.79876
FILLER_0_14_54, 35.228, 51.68, 1.79876
_0610_, 47.111, 51.68, 1.79872
_0635_, 47.111, 51.68, 1.79872
_0762_, 47.111, 51.68, 1.79872
_1283_, 47.111, 51.68, 1.79872
_1285_, 47.111, 51.68, 1.79872
clkbuf_4_3_0_clk, 47.111, 51.68, 1.79872
FILLER_0_15_81, 47.111, 51.68, 1.79872
_0766_, 70.878, 51.68, 1.79868
_0839_, 70.878, 51.68, 1.79868
_0975_, 70.878, 51.68, 1.79868
max_cap7, 70.878, 51.68, 1.79868
wire11, 70.878, 51.68, 1.79868
max_cap1, 70.878, 51.68, 1.79868
FILLER_0_14_137, 70.878, 51.68, 1.79868
FILLER_0_15_140, 70.878, 51.68, 1.79868
FILLER_0_16_150, 70.878, 51.68, 1.79868
_0730_, 82.761, 51.68, 1.79867
_0752_, 82.761, 51.68, 1.79867
max_cap5, 82.761, 51.68, 1.79867
FILLER_0_16_175, 82.761, 51.68, 1.79867
_0716_, 106.528, 51.68, 1.79857
_0717_, 106.528, 51.68, 1.79857
_0724_, 106.528, 51.68, 1.79857
max_cap10, 106.528, 51.68, 1.79857
clkbuf_4_7_0_clk, 106.528, 51.68, 1.79857
hold15, 106.528, 51.68, 1.79857
FILLER_0_14_217, 106.528, 51.68, 1.79857
_0864_, 118.411, 51.68, 1.79859
_0877_, 118.411, 51.68, 1.79859
_0906_, 118.411, 51.68, 1.79859
_0915_, 118.411, 51.68, 1.79859
FILLER_0_16_248, 118.411, 51.68, 1.79859
_0675_, 139.207, 51.68, 1.79874
_0681_, 139.207, 51.68, 1.79874
_0683_, 139.207, 51.68, 1.79874
hold3, 139.207, 51.68, 1.79874
hold4, 139.207, 51.68, 1.79874
_0917_, 5.52, 46.24, 1.79881
_1004_, 5.52, 46.24, 1.79881
PHY_24, 5.52, 46.24, 1.79881
PHY_26, 5.52, 46.24, 1.79881
FILLER_0_13_3, 5.52, 46.24, 1.79881
FILLER_0_14_3, 5.52, 46.24, 1.79881
PHY_25, 148.12, 46.24, 1.79877
PHY_27, 148.12, 46.24, 1.79877
FILLER_0_12_303, 148.12, 46.24, 1.79877
FILLER_0_13_301, 148.12, 46.24, 1.79877
_1003_, 14.432, 46.24, 1.79881
_1207_, 14.432, 46.24, 1.79881
_1212_, 14.432, 46.24, 1.79881
_0847_, 35.228, 46.24, 1.79881
_0988_, 35.228, 46.24, 1.79881
_0997_, 35.228, 46.24, 1.79881
hold94, 35.228, 46.24, 1.79881
hold104, 35.228, 46.24, 1.79881
FILLER_0_14_74, 35.228, 46.24, 1.79881
_0609_, 47.111, 46.24, 1.79879
_0614_, 47.111, 46.24, 1.79879
_0615_, 47.111, 46.24, 1.79879
_0654_, 47.111, 46.24, 1.79879
_0764_, 47.111, 46.24, 1.79879
FILLER_0_12_85, 47.111, 46.24, 1.79879
FILLER_0_13_83, 47.111, 46.24, 1.79879
_0659_, 70.878, 46.24, 1.79872
_0838_, 70.878, 46.24, 1.79872
_0952_, 70.878, 46.24, 1.79872
_0999_, 70.878, 46.24, 1.79872
hold51, 70.878, 46.24, 1.79872
FILLER_0_13_143, 70.878, 46.24, 1.79872
FILLER_0_13_151, 70.878, 46.24, 1.79872
FILLER_0_14_147, 70.878, 46.24, 1.79872
_0924_, 82.761, 46.24, 1.7987
_0969_, 82.761, 46.24, 1.7987
_0993_, 82.761, 46.24, 1.7987
FILLER_0_13_178, 82.761, 46.24, 1.7987
_0592_, 106.528, 46.24, 1.79871
_0628_, 106.528, 46.24, 1.79871
_0629_, 106.528, 46.24, 1.79871
_0676_, 106.528, 46.24, 1.79871
_0756_, 106.528, 46.24, 1.79871
_1320_, 106.528, 46.24, 1.79871
FILLER_0_13_219, 106.528, 46.24, 1.79871
FILLER_0_14_224, 106.528, 46.24, 1.79871
_0677_, 118.411, 46.24, 1.79872
_0678_, 118.411, 46.24, 1.79872
_1319_, 118.411, 46.24, 1.79872
fanout14, 118.411, 46.24, 1.79872
FILLER_0_12_244, 118.411, 46.24, 1.79872
_0674_, 139.207, 46.24, 1.79877
_1324_, 139.207, 46.24, 1.79877
FILLER_0_14_300, 139.207, 46.24, 1.79877
PHY_20, 5.52, 40.8, 1.79879
PHY_22, 5.52, 40.8, 1.79879
PHY_21, 148.12, 40.8, 1.79872
PHY_23, 148.12, 40.8, 1.79872
FILLER_0_10_302, 148.12, 40.8, 1.79872
FILLER_0_11_304, 148.12, 40.8, 1.79872
_1301_, 35.228, 40.8, 1.79872
FILLER_0_11_69, 35.228, 40.8, 1.79872
_0593_, 47.111, 40.8, 1.79868
_0655_, 47.111, 40.8, 1.79868
_0656_, 47.111, 40.8, 1.79868
_0658_, 47.111, 40.8, 1.79868
clkbuf_4_0_0_clk, 47.111, 40.8, 1.79868
hold40, 47.111, 40.8, 1.79868
hold77, 47.111, 40.8, 1.79868
FILLER_0_10_85, 47.111, 40.8, 1.79868
FILLER_0_12_100, 47.111, 40.8, 1.79868
_0660_, 70.878, 40.8, 1.79866
_0662_, 70.878, 40.8, 1.79866
_0758_, 70.878, 40.8, 1.79866
_0759_, 70.878, 40.8, 1.79866
hold74, 70.878, 40.8, 1.79866
_0940_, 82.761, 40.8, 1.79865
_0946_, 82.761, 40.8, 1.79865
_0981_, 82.761, 40.8, 1.79865
_0987_, 82.761, 40.8, 1.79865
FILLER_0_11_179, 82.761, 40.8, 1.79865
clkbuf_4_4_0_clk, 106.528, 40.8, 1.7986
clkbuf_4_5_0_clk, 106.528, 40.8, 1.7986
hold1, 106.528, 40.8, 1.7986
FILLER_0_11_219, 106.528, 40.8, 1.7986
FILLER_0_12_231, 106.528, 40.8, 1.7986
_1321_, 118.411, 40.8, 1.79865
fanout15, 118.411, 40.8, 1.79865
FILLER_0_11_253, 118.411, 40.8, 1.79865
_0682_, 139.207, 40.8, 1.79872
hold12, 139.207, 40.8, 1.79872
FILLER_0_11_284, 139.207, 40.8, 1.79872
FILLER_0_11_296, 139.207, 40.8, 1.79872
PHY_16, 5.52, 35.36, 1.79881
PHY_18, 5.52, 35.36, 1.79881
PHY_17, 148.12, 35.36, 1.79869
PHY_19, 148.12, 35.36, 1.79869
FILLER_0_8_302, 148.12, 35.36, 1.79869
_1302_, 35.228, 35.36, 1.79877
FILLER_0_9_69, 35.228, 35.36, 1.79877
FILLER_0_10_75, 35.228, 35.36, 1.79877
_0596_, 47.111, 35.36, 1.79875
_0597_, 47.111, 35.36, 1.79875
_0657_, 47.111, 35.36, 1.79875
_1278_, 47.111, 35.36, 1.79875
hold86, 47.111, 35.36, 1.79875
FILLER_0_10_98, 47.111, 35.36, 1.79875
_0623_, 70.878, 35.36, 1.79872
_0627_, 70.878, 35.36, 1.79872
hold76, 70.878, 35.36, 1.79872
FILLER_0_9_133, 70.878, 35.36, 1.79872
FILLER_0_10_149, 70.878, 35.36, 1.79872
_0869_, 82.761, 35.36, 1.79869
_0908_, 82.761, 35.36, 1.79869
_0909_, 82.761, 35.36, 1.79869
_0910_, 82.761, 35.36, 1.79869
_0918_, 82.761, 35.36, 1.79869
_0931_, 82.761, 35.36, 1.79869
_0932_, 82.761, 35.36, 1.79869
_0933_, 82.761, 35.36, 1.79869
FILLER_0_8_157, 82.761, 35.36, 1.79869
FILLER_0_9_156, 82.761, 35.36, 1.79869
_0591_, 106.528, 35.36, 1.79863
_1316_, 106.528, 35.36, 1.79863
_1327_, 106.528, 35.36, 1.79863
FILLER_0_9_218, 106.528, 35.36, 1.79863
FILLER_0_9_225, 106.528, 35.36, 1.79863
_0703_, 118.411, 35.36, 1.79863
_0704_, 118.411, 35.36, 1.79863
_0714_, 118.411, 35.36, 1.79863
_0715_, 118.411, 35.36, 1.79863
_0871_, 118.411, 35.36, 1.79863
FILLER_0_10_249, 118.411, 35.36, 1.79863
_0711_, 139.207, 35.36, 1.79869
FILLER_0_9_300, 139.207, 35.36, 1.79869
PHY_12, 5.52, 29.92, 1.79882
PHY_14, 5.52, 29.92, 1.79882
PHY_13, 148.12, 29.92, 1.79875
PHY_15, 148.12, 29.92, 1.79875
FILLER_0_7_69, 35.228, 29.92, 1.79879
FILLER_0_7_77, 35.228, 29.92, 1.79879
FILLER_0_8_77, 35.228, 29.92, 1.79879
_0594_, 47.111, 29.92, 1.79876
_1277_, 47.111, 29.92, 1.79876
hold131, 47.111, 29.92, 1.79876
FILLER_0_7_96, 47.111, 29.92, 1.79876
_0624_, 70.878, 29.92, 1.7987
hold125, 70.878, 29.92, 1.7987
FILLER_0_8_149, 70.878, 29.92, 1.7987
_0866_, 82.761, 29.92, 1.79867
_0867_, 82.761, 29.92, 1.79867
_0888_, 82.761, 29.92, 1.79867
_0897_, 82.761, 29.92, 1.79867
FILLER_0_7_179, 82.761, 29.92, 1.79867
_0883_, 106.528, 29.92, 1.79871
FILLER_0_7_214, 106.528, 29.92, 1.79871
FILLER_0_8_232, 106.528, 29.92, 1.79871
_0680_, 118.411, 29.92, 1.79871
_0702_, 118.411, 29.92, 1.79871
hold146, 118.411, 29.92, 1.79871
FILLER_0_6_236, 118.411, 29.92, 1.79871
FILLER_0_7_237, 118.411, 29.92, 1.79871
FILLER_0_7_253, 118.411, 29.92, 1.79871
FILLER_0_8_247, 118.411, 29.92, 1.79871
PHY_8, 5.52, 24.48, 1.79881
PHY_10, 5.52, 24.48, 1.79881
PHY_9, 148.12, 24.48, 1.79872
PHY_11, 148.12, 24.48, 1.79872
FILLER_0_6_77, 35.228, 24.48, 1.79878
_0605_, 47.111, 24.48, 1.79875
_0606_, 47.111, 24.48, 1.79875
_0607_, 47.111, 24.48, 1.79875
_1282_, 47.111, 24.48, 1.79875
FILLER_0_5_81, 47.111, 24.48, 1.79875
FILLER_0_4_131, 70.878, 24.48, 1.79869
FILLER_0_4_141, 70.878, 24.48, 1.79869
FILLER_0_6_153, 70.878, 24.48, 1.79869
_0868_, 82.761, 24.48, 1.79864
_0880_, 82.761, 24.48, 1.79864
_0886_, 82.761, 24.48, 1.79864
_0891_, 82.761, 24.48, 1.79864
_0894_, 82.761, 24.48, 1.79864
_0898_, 82.761, 24.48, 1.79864
_1178_, 82.761, 24.48, 1.79864
_0679_, 106.528, 24.48, 1.79865
_0884_, 106.528, 24.48, 1.79865
_0885_, 106.528, 24.48, 1.79865
_0903_, 106.528, 24.48, 1.79865
_1322_, 106.528, 24.48, 1.79865
FILLER_0_5_221, 106.528, 24.48, 1.79865
_0861_, 118.411, 24.48, 1.79867
hold13, 118.411, 24.48, 1.79867
hold14, 118.411, 24.48, 1.79867
FILLER_0_6_249, 118.411, 24.48, 1.79867
FILLER_0_6_253, 118.411, 24.48, 1.79867
FILLER_0_6_299, 139.207, 24.48, 1.79872
PHY_4, 5.52, 19.04, 1.79881
PHY_6, 5.52, 19.04, 1.79881
PHY_5, 148.12, 19.04, 1.79871
PHY_7, 148.12, 19.04, 1.79871
FILLER_0_3_301, 148.12, 19.04, 1.79871
FILLER_0_4_77, 35.228, 19.04, 1.79878
_0604_, 47.111, 19.04, 1.79875
_0621_, 47.111, 19.04, 1.79875
_1281_, 47.111, 19.04, 1.79875
FILLER_0_2_85, 47.111, 19.04, 1.79875
FILLER_0_3_81, 47.111, 19.04, 1.79875
_0619_, 70.878, 19.04, 1.79867
_0892_, 70.878, 19.04, 1.79867
hold127, 70.878, 19.04, 1.79867
hold141, 70.878, 19.04, 1.79867
FILLER_0_3_150, 70.878, 19.04, 1.79867
FILLER_0_4_149, 70.878, 19.04, 1.79867
_0887_, 82.761, 19.04, 1.79863
_0893_, 82.761, 19.04, 1.79863
_0895_, 82.761, 19.04, 1.79863
_0896_, 82.761, 19.04, 1.79863
_1175_, 82.761, 19.04, 1.79863
_1176_, 82.761, 19.04, 1.79863
_0860_, 106.528, 19.04, 1.79865
_0862_, 106.528, 19.04, 1.79865
_0882_, 106.528, 19.04, 1.79865
_0901_, 106.528, 19.04, 1.79865
_1173_, 106.528, 19.04, 1.79865
_1181_, 118.411, 19.04, 1.79867
hold144, 118.411, 19.04, 1.79867
_0709_, 139.207, 19.04, 1.79871
hold9, 139.207, 19.04, 1.79871
FILLER_0_4_298, 139.207, 19.04, 1.79871
PHY_0, 5.52, 13.6, 1.79878
PHY_2, 5.52, 13.6, 1.79878
output3, 5.52, 13.6, 1.79878
PHY_1, 148.12, 13.6, 1.79873
PHY_3, 148.12, 13.6, 1.79873
FILLER_0_0_21, 14.432, 13.6, 1.79879
FILLER_0_0_53, 35.228, 13.6, 1.79878
FILLER_0_2_77, 35.228, 13.6, 1.79878
_0622_, 47.111, 13.6, 1.79876
_1288_, 47.111, 13.6, 1.79876
FILLER_0_0_81, 47.111, 13.6, 1.79876
FILLER_0_1_93, 47.111, 13.6, 1.79876
FILLER_0_1_103, 47.111, 13.6, 1.79876
FILLER_0_0_137, 70.878, 13.6, 1.79873
_1177_, 82.761, 13.6, 1.7987
FILLER_0_0_165, 82.761, 13.6, 1.7987
FILLER_0_1_163, 82.761, 13.6, 1.7987
_0863_, 106.528, 13.6, 1.79867
_0881_, 106.528, 13.6, 1.79867
_0889_, 106.528, 13.6, 1.79867
_1174_, 106.528, 13.6, 1.79867
FILLER_0_0_221, 106.528, 13.6, 1.79867
FILLER_0_1_213, 106.528, 13.6, 1.79867
FILLER_0_1_221, 106.528, 13.6, 1.79867
FILLER_0_1_225, 106.528, 13.6, 1.79867
FILLER_0_2_220, 106.528, 13.6, 1.79867
_0705_, 118.411, 13.6, 1.79869
_0706_, 118.411, 13.6, 1.79869
_0858_, 118.411, 13.6, 1.79869
input2, 118.411, 13.6, 1.79869
FILLER_0_0_249, 118.411, 13.6, 1.79869
FILLER_0_2_253, 118.411, 13.6, 1.79869
FILLER_0_2_297, 139.207, 13.6, 1.79873

