Instance name,  X location,  Y location,  Voltage 
FILLER_0_51_277, 133.595, 152.32, 0.000920957
FILLER_0_49_273, 133.595, 146.88, 0.000921966
FILLER_0_47_273, 133.595, 141.44, 0.000930327
FILLER_0_45_271, 133.595, 136, 0.000927188
FILLER_0_43_271, 133.595, 130.56, 0.000970795
FILLER_0_41_269, 133.595, 125.12, 0.000956495
FILLER_0_41_277, 133.595, 125.12, 0.000956495
_1050_, 133.595, 119.68, 0.000945764
FILLER_0_39_271, 133.595, 119.68, 0.000945764
FILLER_0_37_270, 133.595, 114.24, 0.000922154
FILLER_0_35_272, 133.595, 108.8, 0.000911314
FILLER_0_31_273, 133.595, 97.92, 0.000915934
FILLER_0_25_270, 133.595, 81.6, 0.00087982
FILLER_0_23_269, 133.595, 76.16, 0.00085912
FILLER_0_23_277, 133.595, 76.16, 0.00085912
FILLER_0_19_275, 133.595, 65.28, 0.000844781
_0687_, 133.595, 59.84, 0.000952252
_0690_, 133.595, 59.84, 0.000952252
_1325_, 133.595, 59.84, 0.000952252
FILLER_0_17_270, 133.595, 59.84, 0.000952252
FILLER_0_18_276, 133.595, 59.84, 0.000952252
_0686_, 133.595, 54.4, 0.00102261
_0691_, 133.595, 54.4, 0.00102261
_0692_, 133.595, 54.4, 0.00102261
_1330_, 133.595, 54.4, 0.00102261
FILLER_0_15_267, 133.595, 54.4, 0.00102261
FILLER_0_17_281, 133.595, 54.4, 0.00102261
_0675_, 133.595, 48.96, 0.000961798
_0683_, 133.595, 48.96, 0.000961798
_1309_, 133.595, 48.96, 0.000961798
FILLER_0_14_271, 133.595, 48.96, 0.000961798
_0712_, 133.595, 43.52, 0.00096736
_0713_, 133.595, 43.52, 0.00096736
_1323_, 133.595, 43.52, 0.00096736
_1324_, 133.595, 43.52, 0.00096736
FILLER_0_11_272, 133.595, 43.52, 0.00096736
_0682_, 133.595, 38.08, 0.00100035
_0694_, 133.595, 38.08, 0.00100035
_0707_, 133.595, 38.08, 0.00100035
_1326_, 133.595, 38.08, 0.00100035
FILLER_0_11_284, 133.595, 38.08, 0.00100035
_0708_, 133.595, 32.64, 0.00100219
_0711_, 133.595, 32.64, 0.00100219
_1328_, 133.595, 32.64, 0.00100219
FILLER_0_7_277, 133.595, 32.64, 0.00100219
_0699_, 133.595, 27.2, 0.000960694
_0710_, 133.595, 27.2, 0.000960694
FILLER_0_5_274, 133.595, 27.2, 0.000960694
_0905_, 133.595, 21.76, 0.00101903
_1329_, 133.595, 21.76, 0.00101903
hold8, 133.595, 21.76, 0.00101903
_0709_, 133.595, 16.32, 0.000970424
hold9, 133.595, 16.32, 0.000970424
FILLER_0_0_270, 133.595, 10.88, 0.00094735
_1145_, 97.945, 141.44, 0.000962134
_1147_, 97.945, 141.44, 0.000962134
_1148_, 97.945, 141.44, 0.000962134
_1264_, 97.945, 141.44, 0.000962134
hold17, 97.945, 141.44, 0.000962134
FILLER_0_49_213, 97.945, 141.44, 0.000962134
_1143_, 97.945, 136, 0.000945214
_1146_, 97.945, 136, 0.000945214
_1263_, 97.945, 136, 0.000945214
hold37, 97.945, 136, 0.000945214
hold105, 97.945, 136, 0.000945214
_0743_, 97.945, 130.56, 0.000974469
_0806_, 97.945, 130.56, 0.000974469
_1144_, 97.945, 130.56, 0.000974469
FILLER_0_43_200, 97.945, 130.56, 0.000974469
_0740_, 97.945, 125.12, 0.000957305
_1137_, 97.945, 125.12, 0.000957305
_1259_, 97.945, 125.12, 0.000957305
hold88, 97.945, 125.12, 0.000957305
FILLER_0_42_197, 97.945, 125.12, 0.000957305
_0722_, 97.945, 119.68, 0.00101765
_0741_, 97.945, 119.68, 0.00101765
_1011_, 97.945, 119.68, 0.00101765
_1133_, 97.945, 119.68, 0.00101765
clkbuf_4_15_0_clk, 97.945, 119.68, 0.00101765
FILLER_0_40_191, 97.945, 119.68, 0.00101765
_0937_, 97.945, 114.24, 0.00094155
_1134_, 97.945, 114.24, 0.00094155
FILLER_0_37_193, 97.945, 114.24, 0.00094155
FILLER_0_38_209, 97.945, 114.24, 0.00094155
_1159_, 97.945, 108.8, 0.000915414
_1160_, 97.945, 108.8, 0.000915414
_1161_, 97.945, 108.8, 0.000915414
_1163_, 97.945, 108.8, 0.000915414
_1269_, 97.945, 108.8, 0.000915414
hold46, 97.945, 108.8, 0.000915414
_0822_, 97.945, 103.36, 0.000932883
_1130_, 97.945, 103.36, 0.000932883
_1270_, 97.945, 103.36, 0.000932883
clkbuf_4_13_0_clk, 97.945, 103.36, 0.000932883
FILLER_0_33_196, 97.945, 103.36, 0.000932883
_0823_, 97.945, 97.92, 0.000909992
_0825_, 97.945, 97.92, 0.000909992
hold22, 97.945, 97.92, 0.000909992
FILLER_0_31_196, 97.945, 97.92, 0.000909992
FILLER_0_32_191, 97.945, 97.92, 0.000909992
FILLER_0_32_209, 97.945, 97.92, 0.000909992
FILLER_0_33_209, 97.945, 97.92, 0.000909992
_0827_, 97.945, 92.48, 0.000873689
_1030_, 97.945, 92.48, 0.000873689
_1033_, 97.945, 92.48, 0.000873689
_1222_, 97.945, 92.48, 0.000873689
hold38, 97.945, 92.48, 0.000873689
FILLER_0_30_197, 97.945, 92.48, 0.000873689
_0789_, 97.945, 87.04, 0.000860314
_0798_, 97.945, 87.04, 0.000860314
_1013_, 97.945, 87.04, 0.000860314
_1031_, 97.945, 87.04, 0.000860314
_1221_, 97.945, 87.04, 0.000860314
hold56, 97.945, 87.04, 0.000860314
_0870_, 97.945, 81.6, 0.000879258
_1005_, 97.945, 81.6, 0.000879258
_1032_, 97.945, 81.6, 0.000879258
FILLER_0_25_193, 97.945, 81.6, 0.000879258
FILLER_0_26_197, 97.945, 81.6, 0.000879258
_0834_, 97.945, 76.16, 0.000790177
fanout17, 97.945, 76.16, 0.000790177
wire2, 97.945, 76.16, 0.000790177
FILLER_0_24_191, 97.945, 76.16, 0.000790177
_0641_, 97.945, 70.72, 0.000782265
_0642_, 97.945, 70.72, 0.000782265
_1296_, 97.945, 70.72, 0.000782265
hold65, 97.945, 70.72, 0.000782265
_0639_, 97.945, 65.28, 0.000796993
_0640_, 97.945, 65.28, 0.000796993
_0643_, 97.945, 65.28, 0.000796993
_1295_, 97.945, 65.28, 0.000796993
hold70, 97.945, 65.28, 0.000796993
hold130, 97.945, 65.28, 0.000796993
_0673_, 97.945, 59.84, 0.000890331
_0725_, 97.945, 59.84, 0.000890331
clkbuf_4_6_0_clk, 97.945, 59.84, 0.000890331
FILLER_0_18_197, 97.945, 59.84, 0.000890331
FILLER_0_19_205, 97.945, 59.84, 0.000890331
_0723_, 97.945, 54.4, 0.000993361
_0728_, 97.945, 54.4, 0.000993361
_0739_, 97.945, 54.4, 0.000993361
max_cap12, 97.945, 54.4, 0.000993361
max_cap4, 97.945, 54.4, 0.000993361
_0716_, 97.945, 48.96, 0.000972942
_0717_, 97.945, 48.96, 0.000972942
_0731_, 97.945, 48.96, 0.000972942
_0757_, 97.945, 48.96, 0.000972942
_0763_, 97.945, 48.96, 0.000972942
FILLER_0_14_193, 97.945, 48.96, 0.000972942
_0592_, 97.945, 43.52, 0.000955534
_0756_, 97.945, 43.52, 0.000955534
_0760_, 97.945, 43.52, 0.000955534
FILLER_0_12_189, 97.945, 43.52, 0.000955534
_1312_, 97.945, 38.08, 0.000989591
fanout13, 97.945, 38.08, 0.000989591
clkbuf_4_4_0_clk, 97.945, 38.08, 0.000989591
_0591_, 97.945, 32.64, 0.000996093
_1313_, 97.945, 32.64, 0.000996093
hold5, 97.945, 32.64, 0.000996093
FILLER_0_9_206, 97.945, 32.64, 0.000996093
_0883_, 97.945, 27.2, 0.000939443
hold2, 97.945, 27.2, 0.000939443
FILLER_0_5_192, 97.945, 27.2, 0.000939443
FILLER_0_6_205, 97.945, 27.2, 0.000939443
_0890_, 97.945, 21.76, 0.00103819
_0899_, 97.945, 21.76, 0.00103819
_0900_, 97.945, 21.76, 0.00103819
_0902_, 97.945, 21.76, 0.00103819
_0903_, 97.945, 21.76, 0.00103819
_0904_, 97.945, 21.76, 0.00103819
_1180_, 97.945, 21.76, 0.00103819
_1179_, 97.945, 16.32, 0.00097934
FILLER_0_0_193, 97.945, 10.88, 0.000912721
FILLER_0_1_213, 97.945, 10.88, 0.000912721
_1066_, 62.295, 146.88, 0.000917953
_1067_, 62.295, 146.88, 0.000917953
hold58, 62.295, 146.88, 0.000917953
FILLER_0_50_135, 62.295, 146.88, 0.000917953
_1064_, 62.295, 141.44, 0.000954876
hold48, 62.295, 141.44, 0.000954876
FILLER_0_48_134, 62.295, 141.44, 0.000954876
_0735_, 62.295, 136, 0.000951899
_0801_, 62.295, 136, 0.000951899
_1044_, 62.295, 136, 0.000951899
_1058_, 62.295, 136, 0.000951899
_1063_, 62.295, 136, 0.000951899
FILLER_0_46_134, 62.295, 136, 0.000951899
FILLER_0_47_134, 62.295, 136, 0.000951899
_1139_, 62.295, 130.56, 0.000919266
hold34, 62.295, 130.56, 0.000919266
hold50, 62.295, 130.56, 0.000919266
FILLER_0_44_134, 62.295, 130.56, 0.000919266
FILLER_0_45_132, 62.295, 130.56, 0.000919266
_0751_, 62.295, 125.12, 0.000920224
_1138_, 62.295, 125.12, 0.000920224
_1165_, 62.295, 125.12, 0.000920224
hold85, 62.295, 125.12, 0.000920224
FILLER_0_42_118, 62.295, 125.12, 0.000920224
FILLER_0_42_130, 62.295, 125.12, 0.000920224
_0813_, 62.295, 119.68, 0.000946641
_1164_, 62.295, 119.68, 0.000946641
_1111_, 62.295, 114.24, 0.000909219
FILLER_0_37_118, 62.295, 114.24, 0.000909219
FILLER_0_38_136, 62.295, 114.24, 0.000909219
_0930_, 62.295, 108.8, 0.000898296
_1037_, 62.295, 108.8, 0.000898296
_1039_, 62.295, 108.8, 0.000898296
_1114_, 62.295, 108.8, 0.000898296
_1115_, 62.295, 108.8, 0.000898296
_1223_, 62.295, 108.8, 0.000898296
hold75, 62.295, 108.8, 0.000898296
FILLER_0_36_129, 62.295, 108.8, 0.000898296
_0829_, 62.295, 103.36, 0.000845
_1046_, 62.295, 103.36, 0.000845
_1112_, 62.295, 103.36, 0.000845
hold114, 62.295, 103.36, 0.000845
hold116, 62.295, 103.36, 0.000845
FILLER_0_35_134, 62.295, 103.36, 0.000845
_0780_, 62.295, 97.92, 0.000865271
_1043_, 62.295, 97.92, 0.000865271
_1106_, 62.295, 97.92, 0.000865271
_1121_, 62.295, 97.92, 0.000865271
_1225_, 62.295, 97.92, 0.000865271
_0942_, 62.295, 92.48, 0.000758105
_0943_, 62.295, 92.48, 0.000758105
_0945_, 62.295, 92.48, 0.000758105
_1192_, 62.295, 92.48, 0.000758105
FILLER_0_29_113, 62.295, 92.48, 0.000758105
FILLER_0_30_120, 62.295, 92.48, 0.000758105
_0953_, 62.295, 87.04, 0.00072036
_1191_, 62.295, 87.04, 0.00072036
hold71, 62.295, 87.04, 0.00072036
FILLER_0_27_113, 62.295, 87.04, 0.00072036
FILLER_0_28_119, 62.295, 87.04, 0.00072036
_0920_, 62.295, 81.6, 0.000757806
_0922_, 62.295, 81.6, 0.000757806
_0923_, 62.295, 81.6, 0.000757806
_1185_, 62.295, 81.6, 0.000757806
_1186_, 62.295, 81.6, 0.000757806
FILLER_0_27_124, 62.295, 81.6, 0.000757806
_0919_, 62.295, 76.16, 0.000600008
_0921_, 62.295, 76.16, 0.000600008
_0964_, 62.295, 76.16, 0.000600008
_0967_, 62.295, 76.16, 0.000600008
hold49, 62.295, 76.16, 0.000600008
FILLER_0_23_116, 62.295, 76.16, 0.000600008
FILLER_0_24_134, 62.295, 76.16, 0.000600008
_0873_, 62.295, 70.72, 0.000572258
_0925_, 62.295, 70.72, 0.000572258
_0934_, 62.295, 70.72, 0.000572258
hold30, 62.295, 70.72, 0.000572258
FILLER_0_23_130, 62.295, 70.72, 0.000572258
_0637_, 62.295, 65.28, 0.000555683
_0651_, 62.295, 65.28, 0.000555683
_0652_, 62.295, 65.28, 0.000555683
_0911_, 62.295, 65.28, 0.000555683
FILLER_0_20_119, 62.295, 65.28, 0.000555683
FILLER_0_21_128, 62.295, 65.28, 0.000555683
_0638_, 62.295, 59.84, 0.000680054
_0840_, 62.295, 59.84, 0.000680054
_1284_, 62.295, 59.84, 0.000680054
_1294_, 62.295, 59.84, 0.000680054
_1300_, 62.295, 59.84, 0.000680054
hold32, 62.295, 59.84, 0.000680054
_0611_, 62.295, 54.4, 0.000785369
_0634_, 62.295, 54.4, 0.000785369
wire9, 62.295, 54.4, 0.000785369
hold68, 62.295, 54.4, 0.000785369
hold100, 62.295, 54.4, 0.000785369
_0608_, 62.295, 48.96, 0.000780861
_0616_, 62.295, 48.96, 0.000780861
_0617_, 62.295, 48.96, 0.000780861
_0765_, 62.295, 48.96, 0.000780861
_1286_, 62.295, 48.96, 0.000780861
max_cap7, 62.295, 48.96, 0.000780861
_0613_, 62.295, 43.52, 0.000831572
_0838_, 62.295, 43.52, 0.000831572
_1304_, 62.295, 43.52, 0.000831572
clkbuf_4_1_0_clk, 62.295, 43.52, 0.000831572
hold28, 62.295, 43.52, 0.000831572
FILLER_0_12_111, 62.295, 43.52, 0.000831572
FILLER_0_12_118, 62.295, 43.52, 0.000831572
_0662_, 62.295, 38.08, 0.000833246
_0663_, 62.295, 38.08, 0.000833246
_0761_, 62.295, 38.08, 0.000833246
_0844_, 62.295, 38.08, 0.000833246
_1303_, 62.295, 38.08, 0.000833246
FILLER_0_10_118, 62.295, 38.08, 0.000833246
_0598_, 62.295, 32.64, 0.000858454
_0603_, 62.295, 32.64, 0.000858454
_0618_, 62.295, 32.64, 0.000858454
_0626_, 62.295, 32.64, 0.000858454
_0627_, 62.295, 32.64, 0.000858454
_0661_, 62.295, 32.64, 0.000858454
_0843_, 62.295, 32.64, 0.000858454
_1290_, 62.295, 32.64, 0.000858454
FILLER_0_9_133, 62.295, 32.64, 0.000858454
_1289_, 62.295, 27.2, 0.000835669
hold137, 62.295, 27.2, 0.000835669
FILLER_0_5_121, 62.295, 27.2, 0.000835669
_0600_, 62.295, 21.76, 0.000877474
_0601_, 62.295, 21.76, 0.000877474
_0620_, 62.295, 21.76, 0.000877474
_0625_, 62.295, 21.76, 0.000877474
hold134, 62.295, 21.76, 0.000877474
FILLER_0_4_122, 62.295, 21.76, 0.000877474
FILLER_0_4_131, 62.295, 21.76, 0.000877474
_0599_, 62.295, 16.32, 0.000873624
_0619_, 62.295, 16.32, 0.000873624
_1279_, 62.295, 16.32, 0.000873624
_1287_, 62.295, 16.32, 0.000873624
hold126, 62.295, 16.32, 0.000873624
FILLER_0_51_53, 26.645, 146.88, 0.00090112
FILLER_0_49_51, 26.645, 141.44, 0.00090828
FILLER_0_45_39, 26.645, 136, 0.000911851
FILLER_0_47_51, 26.645, 136, 0.000911851
_1090_, 26.645, 130.56, 0.000927557
_1092_, 26.645, 130.56, 0.000927557
_1240_, 26.645, 130.56, 0.000927557
_1244_, 26.645, 130.56, 0.000927557
hold84, 26.645, 130.56, 0.000927557
_1079_, 26.645, 125.12, 0.000914925
_1089_, 26.645, 125.12, 0.000914925
_1091_, 26.645, 125.12, 0.000914925
FILLER_0_41_39, 26.645, 125.12, 0.000914925
FILLER_0_42_47, 26.645, 125.12, 0.000914925
FILLER_0_43_53, 26.645, 125.12, 0.000914925
_0733_, 26.645, 119.68, 0.000912139
_0734_, 26.645, 119.68, 0.000912139
_1084_, 26.645, 119.68, 0.000912139
hold111, 26.645, 119.68, 0.000912139
hold135, 26.645, 119.68, 0.000912139
FILLER_0_40_41, 26.645, 119.68, 0.000912139
FILLER_0_41_53, 26.645, 119.68, 0.000912139
_1085_, 26.645, 114.24, 0.000933273
_1087_, 26.645, 114.24, 0.000933273
_1237_, 26.645, 114.24, 0.000933273
_1238_, 26.645, 114.24, 0.000933273
FILLER_0_39_53, 26.645, 114.24, 0.000933273
FILLER_0_39_57, 26.645, 114.24, 0.000933273
_1074_, 26.645, 108.8, 0.000886028
_1075_, 26.645, 108.8, 0.000886028
_1076_, 26.645, 108.8, 0.000886028
_1086_, 26.645, 108.8, 0.000886028
FILLER_0_35_39, 26.645, 108.8, 0.000886028
_1118_, 26.645, 103.36, 0.000817189
_1119_, 26.645, 103.36, 0.000817189
_1120_, 26.645, 103.36, 0.000817189
_1125_, 26.645, 103.36, 0.000817189
FILLER_0_33_39, 26.645, 103.36, 0.000817189
FILLER_0_34_41, 26.645, 103.36, 0.000817189
_1253_, 26.645, 97.92, 0.000858159
_1254_, 26.645, 97.92, 0.000858159
_1255_, 26.645, 97.92, 0.000858159
hold98, 26.645, 97.92, 0.000858159
_1117_, 26.645, 92.48, 0.000748209
_1256_, 26.645, 92.48, 0.000748209
_0972_, 26.645, 87.04, 0.000722336
hold44, 26.645, 87.04, 0.000722336
hold123, 26.645, 87.04, 0.000722336
FILLER_0_28_57, 26.645, 87.04, 0.000722336
FILLER_0_29_47, 26.645, 87.04, 0.000722336
_0770_, 26.645, 81.6, 0.000721931
_0971_, 26.645, 81.6, 0.000721931
_0973_, 26.645, 81.6, 0.000721931
_0974_, 26.645, 81.6, 0.000721931
hold42, 26.645, 81.6, 0.000721931
_0850_, 26.645, 76.16, 0.000632739
_0938_, 26.645, 76.16, 0.000632739
_1203_, 26.645, 76.16, 0.000632739
FILLER_0_23_35, 26.645, 76.16, 0.000632739
FILLER_0_24_49, 26.645, 76.16, 0.000632739
FILLER_0_25_51, 26.645, 76.16, 0.000632739
_0985_, 26.645, 70.72, 0.000603994
_1206_, 26.645, 70.72, 0.000603994
hold72, 26.645, 70.72, 0.000603994
hold108, 26.645, 70.72, 0.000603994
FILLER_0_23_57, 26.645, 70.72, 0.000603994
_0935_, 26.645, 65.28, 0.000597371
_0983_, 26.645, 65.28, 0.000597371
_0984_, 26.645, 65.28, 0.000597371
_0986_, 26.645, 65.28, 0.000597371
_1205_, 26.645, 65.28, 0.000597371
FILLER_0_20_36, 26.645, 65.28, 0.000597371
FILLER_0_21_57, 26.645, 65.28, 0.000597371
_0769_, 26.645, 59.84, 0.000653675
FILLER_0_18_57, 26.645, 59.84, 0.000653675
FILLER_0_19_57, 26.645, 59.84, 0.000653675
_0768_, 26.645, 54.4, 0.000740668
_0846_, 26.645, 54.4, 0.000740668
_0990_, 26.645, 54.4, 0.000740668
_0996_, 26.645, 54.4, 0.000740668
_1000_, 26.645, 54.4, 0.000740668
hold115, 26.645, 54.4, 0.000740668
_0989_, 26.645, 48.96, 0.000731819
_0995_, 26.645, 48.96, 0.000731819
_1209_, 26.645, 48.96, 0.000731819
hold112, 26.645, 48.96, 0.000731819
hold138, 26.645, 48.96, 0.000731819
FILLER_0_13_43, 26.645, 48.96, 0.000731819
FILLER_0_14_54, 26.645, 48.96, 0.000731819
_0991_, 26.645, 43.52, 0.000754878
_0992_, 26.645, 43.52, 0.000754878
_0997_, 26.645, 43.52, 0.000754878
_0998_, 26.645, 43.52, 0.000754878
_1208_, 26.645, 43.52, 0.000754878
hold94, 26.645, 43.52, 0.000754878
FILLER_0_12_41, 26.645, 43.52, 0.000754878
FILLER_0_12_48, 26.645, 43.52, 0.000754878
_1210_, 26.645, 38.08, 0.000767917
FILLER_0_10_41, 26.645, 38.08, 0.000767917
FILLER_0_9_51, 26.645, 32.64, 0.000773695
FILLER_0_7_51, 26.645, 27.2, 0.000767428
FILLER_0_5_51, 26.645, 21.76, 0.000781123
FILLER_0_3_51, 26.645, 16.32, 0.00078243
FILLER_0_0_53, 26.645, 10.88, 0.000771666
FILLER_0_1_51, 26.645, 10.88, 0.000771666
PHY_102, 5.52, 152.32, 0.000891675
PHY_103, 148.12, 152.32, 0.000920957
FILLER_0_51_137, 74.178, 152.32, 0.000908393
FILLER_0_51_165, 86.061, 152.32, 0.000913914
FILLER_0_51_221, 109.828, 152.32, 0.000919943
FILLER_0_51_249, 121.711, 152.32, 0.00092045
PHY_98, 5.52, 146.88, 0.00090112
PHY_100, 5.52, 146.88, 0.00090112
PHY_99, 148.12, 146.88, 0.000921966
PHY_101, 148.12, 146.88, 0.000921966
FILLER_0_50_77, 38.528, 146.88, 0.000916301
FILLER_0_51_81, 38.528, 146.88, 0.000916301
_1062_, 50.411, 146.88, 0.000931483
_1232_, 50.411, 146.88, 0.000931483
_1234_, 50.411, 146.88, 0.000931483
hold29, 50.411, 146.88, 0.000931483
FILLER_0_50_85, 50.411, 146.88, 0.000931483
FILLER_0_51_109, 50.411, 146.88, 0.000931483
_1055_, 74.178, 146.88, 0.00092207
_1056_, 74.178, 146.88, 0.00092207
_1057_, 74.178, 146.88, 0.00092207
FILLER_0_50_153, 74.178, 146.88, 0.00092207
input1, 86.061, 146.88, 0.000924646
hold118, 86.061, 146.88, 0.000924646
hold121, 86.061, 146.88, 0.000924646
FILLER_0_50_186, 86.061, 146.88, 0.000924646
FILLER_0_51_181, 86.061, 146.88, 0.000924646
FILLER_0_51_188, 86.061, 146.88, 0.000924646
FILLER_0_49_221, 109.828, 146.88, 0.000923287
FILLER_0_50_245, 121.711, 146.88, 0.000922627
FILLER_0_50_301, 140.857, 146.88, 0.000921966
PHY_94, 5.52, 141.44, 0.00090828
PHY_96, 5.52, 141.44, 0.00090828
PHY_95, 148.12, 141.44, 0.000930328
PHY_97, 148.12, 141.44, 0.000930328
FILLER_0_47_69, 38.528, 141.44, 0.000933127
FILLER_0_48_77, 38.528, 141.44, 0.000933127
_1060_, 50.411, 141.44, 0.000957975
_1065_, 50.411, 141.44, 0.000957975
_1231_, 50.411, 141.44, 0.000957975
_1233_, 50.411, 141.44, 0.000957975
FILLER_0_47_88, 50.411, 141.44, 0.000957975
FILLER_0_48_85, 50.411, 141.44, 0.000957975
_1040_, 74.178, 141.44, 0.00101496
_1156_, 74.178, 141.44, 0.00101496
_1158_, 74.178, 141.44, 0.00101496
_1229_, 74.178, 141.44, 0.00101496
_1230_, 74.178, 141.44, 0.00101496
FILLER_0_48_141, 74.178, 141.44, 0.00101496
_1152_, 86.061, 141.44, 0.00100225
_1265_, 86.061, 141.44, 0.00100225
_1266_, 86.061, 141.44, 0.00100225
FILLER_0_48_167, 86.061, 141.44, 0.00100225
FILLER_0_47_214, 109.828, 141.44, 0.000951532
FILLER_0_48_246, 121.711, 141.44, 0.00094093
FILLER_0_48_301, 140.857, 141.44, 0.000930328
PHY_90, 5.52, 136, 0.000911852
PHY_92, 5.52, 136, 0.000911852
PHY_91, 148.12, 136, 0.000927188
PHY_93, 148.12, 136, 0.000927188
_1070_, 38.528, 136, 0.000944615
_1235_, 38.528, 136, 0.000944615
_1236_, 38.528, 136, 0.000944615
FILLER_0_46_65, 38.528, 136, 0.000944615
_1059_, 50.411, 136, 0.000949999
_1061_, 50.411, 136, 0.000949999
hold91, 50.411, 136, 0.000949999
hold113, 50.411, 136, 0.000949999
FILLER_0_45_91, 50.411, 136, 0.000949999
FILLER_0_46_93, 50.411, 136, 0.000949999
FILLER_0_47_107, 50.411, 136, 0.000949999
_1054_, 74.178, 136, 0.000969589
_1267_, 74.178, 136, 0.000969589
_1268_, 74.178, 136, 0.000969589
hold78, 74.178, 136, 0.000969589
FILLER_0_47_152, 74.178, 136, 0.000969589
_1053_, 86.061, 136, 0.000958509
_1150_, 86.061, 136, 0.000958509
_1151_, 86.061, 136, 0.000958509
hold23, 86.061, 136, 0.000958509
FILLER_0_45_169, 86.061, 136, 0.000958509
FILLER_0_46_171, 86.061, 136, 0.000958509
_0583_, 109.828, 136, 0.000941551
FILLER_0_46_245, 121.711, 136, 0.00093437
FILLER_0_46_301, 140.857, 136, 0.000927188
PHY_86, 5.52, 130.56, 0.000943522
PHY_88, 5.52, 130.56, 0.000943522
PHY_87, 148.12, 130.56, 0.000970795
PHY_89, 148.12, 130.56, 0.000970795
_1243_, 16.082, 130.56, 0.000943522
FILLER_0_44_29, 16.082, 130.56, 0.000943522
_1069_, 38.528, 130.56, 0.00093295
_1071_, 38.528, 130.56, 0.00093295
_1081_, 38.528, 130.56, 0.00093295
hold124, 38.528, 130.56, 0.00093295
_0729_, 50.411, 130.56, 0.000935129
_1068_, 50.411, 130.56, 0.000935129
_1140_, 50.411, 130.56, 0.000935129
_1261_, 50.411, 130.56, 0.000935129
hold60, 50.411, 130.56, 0.000935129
FILLER_0_43_90, 50.411, 130.56, 0.000935129
FILLER_0_44_98, 50.411, 130.56, 0.000935129
FILLER_0_45_108, 50.411, 130.56, 0.000935129
_1155_, 74.178, 130.56, 0.000940265
_1157_, 74.178, 130.56, 0.000940265
hold59, 74.178, 130.56, 0.000940265
FILLER_0_43_146, 74.178, 130.56, 0.000940265
FILLER_0_44_141, 74.178, 130.56, 0.000940265
_0748_, 86.061, 130.56, 0.000958727
_0749_, 86.061, 130.56, 0.000958727
_0805_, 86.061, 130.56, 0.000958727
_0810_, 86.061, 130.56, 0.000958727
_1149_, 86.061, 130.56, 0.000958727
FILLER_0_44_165, 86.061, 130.56, 0.000958727
FILLER_0_44_179, 86.061, 130.56, 0.000958727
_0584_, 109.828, 130.56, 0.00105016
_0585_, 109.828, 130.56, 0.00105016
_1135_, 109.828, 130.56, 0.00105016
_1273_, 109.828, 130.56, 0.00105016
_1274_, 109.828, 130.56, 0.00105016
hold55, 109.828, 130.56, 0.00105016
_1021_, 121.711, 130.56, 0.0010299
hold79, 121.711, 130.56, 0.0010299
FILLER_0_44_242, 121.711, 130.56, 0.0010299
FILLER_0_44_301, 140.857, 130.56, 0.000970795
PHY_82, 5.52, 125.12, 0.000927673
PHY_84, 5.52, 125.12, 0.000927673
PHY_83, 148.12, 125.12, 0.000956495
PHY_85, 148.12, 125.12, 0.000956495
_1080_, 16.082, 125.12, 0.000927673
_1082_, 16.082, 125.12, 0.000927673
_1239_, 16.082, 125.12, 0.000927673
FILLER_0_43_27, 16.082, 125.12, 0.000927673
_0803_, 38.528, 125.12, 0.000950431
_0804_, 38.528, 125.12, 0.000950431
_1072_, 38.528, 125.12, 0.000950431
_1078_, 38.528, 125.12, 0.000950431
hold133, 38.528, 125.12, 0.000950431
FILLER_0_42_73, 38.528, 125.12, 0.000950431
FILLER_0_42_81, 38.528, 125.12, 0.000950431
_1141_, 50.411, 125.12, 0.000943637
_1142_, 50.411, 125.12, 0.000943637
_1166_, 50.411, 125.12, 0.000943637
_1168_, 50.411, 125.12, 0.000943637
_1262_, 50.411, 125.12, 0.000943637
hold96, 50.411, 125.12, 0.000943637
_0811_, 74.178, 125.12, 0.000945594
_0814_, 74.178, 125.12, 0.000945594
_1029_, 74.178, 125.12, 0.000945594
_1154_, 74.178, 125.12, 0.000945594
_1220_, 74.178, 125.12, 0.000945594
hold120, 74.178, 125.12, 0.000945594
FILLER_0_42_144, 74.178, 125.12, 0.000945594
_0744_, 86.061, 125.12, 0.000953815
_0807_, 86.061, 125.12, 0.000953815
_0815_, 86.061, 125.12, 0.000953815
FILLER_0_41_165, 86.061, 125.12, 0.000953815
FILLER_0_41_175, 86.061, 125.12, 0.000953815
FILLER_0_42_169, 86.061, 125.12, 0.000953815
FILLER_0_42_177, 86.061, 125.12, 0.000953815
_1169_, 109.828, 125.12, 0.000990278
_1170_, 109.828, 125.12, 0.000990278
_1260_, 109.828, 125.12, 0.000990278
hold18, 109.828, 125.12, 0.000990278
_0745_, 121.711, 125.12, 0.00100236
_1024_, 121.711, 125.12, 0.00100236
_1227_, 121.711, 125.12, 0.00100236
FILLER_0_41_241, 121.711, 125.12, 0.00100236
FILLER_0_42_248, 121.711, 125.12, 0.00100236
FILLER_0_42_301, 140.857, 125.12, 0.000956495
PHY_78, 5.52, 119.68, 0.000912139
PHY_80, 5.52, 119.68, 0.000912139
PHY_79, 148.12, 119.68, 0.000945764
PHY_81, 148.12, 119.68, 0.000945764
_0802_, 38.528, 119.68, 0.000939773
_1088_, 38.528, 119.68, 0.000939773
hold93, 38.528, 119.68, 0.000939773
FILLER_0_40_81, 38.528, 119.68, 0.000939773
FILLER_0_41_83, 38.528, 119.68, 0.000939773
_1099_, 50.411, 119.68, 0.000957997
_1167_, 50.411, 119.68, 0.000957997
_1271_, 50.411, 119.68, 0.000957997
_1272_, 50.411, 119.68, 0.000957997
hold117, 50.411, 119.68, 0.000957997
_0755_, 74.178, 119.68, 0.00103464
_0767_, 74.178, 119.68, 0.00103464
_1026_, 74.178, 119.68, 0.00103464
_1027_, 74.178, 119.68, 0.00103464
_1219_, 74.178, 119.68, 0.00103464
FILLER_0_39_137, 74.178, 119.68, 0.00103464
FILLER_0_41_153, 74.178, 119.68, 0.00103464
_0750_, 86.061, 119.68, 0.00107299
_1010_, 86.061, 119.68, 0.00107299
_1012_, 86.061, 119.68, 0.00107299
_1213_, 86.061, 119.68, 0.00107299
_1214_, 86.061, 119.68, 0.00107299
clkbuf_4_14_0_clk, 86.061, 119.68, 0.00107299
FILLER_0_41_187, 86.061, 119.68, 0.00107299
_0746_, 109.828, 119.68, 0.0010046
_0809_, 109.828, 119.68, 0.0010046
_0824_, 109.828, 119.68, 0.0010046
_1136_, 109.828, 119.68, 0.0010046
hold103, 109.828, 119.68, 0.0010046
FILLER_0_39_215, 109.828, 119.68, 0.0010046
_1049_, 121.711, 119.68, 0.000984739
_1051_, 121.711, 119.68, 0.000984739
_1052_, 121.711, 119.68, 0.000984739
_1228_, 121.711, 119.68, 0.000984739
hold24, 121.711, 119.68, 0.000984739
hold35, 121.711, 119.68, 0.000984739
FILLER_0_40_297, 140.857, 119.68, 0.000945764
PHY_74, 5.52, 114.24, 0.000933273
PHY_76, 5.52, 114.24, 0.000933273
PHY_75, 148.12, 114.24, 0.000922154
PHY_77, 148.12, 114.24, 0.000922154
FILLER_0_37_15, 16.082, 114.24, 0.000933273
FILLER_0_38_29, 16.082, 114.24, 0.000933273
FILLER_0_39_27, 16.082, 114.24, 0.000933273
_1098_, 38.528, 114.24, 0.00100831
_1100_, 38.528, 114.24, 0.00100831
clkbuf_4_10_0_clk, 38.528, 114.24, 0.00100831
clkbuf_4_11_0_clk, 38.528, 114.24, 0.00100831
hold54, 38.528, 114.24, 0.00100831
FILLER_0_38_62, 38.528, 114.24, 0.00100831
_1096_, 50.411, 114.24, 0.000966531
_1097_, 50.411, 114.24, 0.000966531
_1246_, 50.411, 114.24, 0.000966531
hold128, 50.411, 114.24, 0.000966531
_0754_, 74.178, 114.24, 0.000933584
_1028_, 74.178, 114.24, 0.000933584
_1038_, 74.178, 114.24, 0.000933584
_1224_, 74.178, 114.24, 0.000933584
hold97, 74.178, 114.24, 0.000933584
hold99, 74.178, 114.24, 0.000933584
FILLER_0_38_150, 74.178, 114.24, 0.000933584
_0812_, 86.061, 114.24, 0.000939178
_1008_, 86.061, 114.24, 0.000939178
_1009_, 86.061, 114.24, 0.000939178
hold90, 86.061, 114.24, 0.000939178
_0738_, 109.828, 114.24, 0.00096019
_0808_, 109.828, 114.24, 0.00096019
_1047_, 109.828, 114.24, 0.00096019
_1048_, 109.828, 114.24, 0.00096019
_1095_, 109.828, 114.24, 0.00096019
_1132_, 109.828, 114.24, 0.00096019
hold26, 109.828, 114.24, 0.00096019
FILLER_0_38_220, 109.828, 114.24, 0.00096019
FILLER_0_38_229, 109.828, 114.24, 0.00096019
_0588_, 121.711, 114.24, 0.000942766
FILLER_0_38_247, 121.711, 114.24, 0.000942766
FILLER_0_38_301, 140.857, 114.24, 0.000922154
PHY_70, 5.52, 108.8, 0.000926585
PHY_72, 5.52, 108.8, 0.000926585
PHY_71, 148.12, 108.8, 0.000911314
PHY_73, 148.12, 108.8, 0.000911314
_1241_, 16.082, 108.8, 0.000926585
_1242_, 16.082, 108.8, 0.000926585
FILLER_0_36_29, 16.082, 108.8, 0.000926585
_0779_, 38.528, 108.8, 0.000912365
_1073_, 38.528, 108.8, 0.000912365
_1077_, 38.528, 108.8, 0.000912365
_1083_, 38.528, 108.8, 0.000912365
_1245_, 38.528, 108.8, 0.000912365
hold139, 38.528, 108.8, 0.000912365
FILLER_0_36_77, 38.528, 108.8, 0.000912365
_1113_, 50.411, 108.8, 0.000913056
_1252_, 50.411, 108.8, 0.000913056
hold87, 50.411, 108.8, 0.000913056
FILLER_0_36_97, 50.411, 108.8, 0.000913056
FILLER_0_37_104, 50.411, 108.8, 0.000913056
_1025_, 74.178, 108.8, 0.000911846
_1035_, 74.178, 108.8, 0.000911846
_1036_, 74.178, 108.8, 0.000911846
hold21, 74.178, 108.8, 0.000911846
hold80, 74.178, 108.8, 0.000911846
_1007_, 86.061, 108.8, 0.000922229
_1128_, 86.061, 108.8, 0.000922229
_1257_, 86.061, 108.8, 0.000922229
hold81, 86.061, 108.8, 0.000922229
FILLER_0_36_167, 86.061, 108.8, 0.000922229
FILLER_0_36_175, 86.061, 108.8, 0.000922229
FILLER_0_36_186, 86.061, 108.8, 0.000922229
_0586_, 109.828, 108.8, 0.000927289
_0826_, 109.828, 108.8, 0.000927289
_1131_, 109.828, 108.8, 0.000927289
_1162_, 109.828, 108.8, 0.000927289
hold25, 109.828, 108.8, 0.000927289
hold33, 109.828, 108.8, 0.000927289
FILLER_0_37_238, 109.828, 108.8, 0.000927289
_0590_, 121.711, 108.8, 0.000929304
_1276_, 121.711, 108.8, 0.000929304
FILLER_0_36_301, 140.857, 108.8, 0.000911314
PHY_66, 5.52, 103.36, 0.000817189
PHY_68, 5.52, 103.36, 0.000817189
PHY_67, 148.12, 103.36, 0.000910695
PHY_69, 148.12, 103.36, 0.000910695
_0831_, 38.528, 103.36, 0.000842009
_1122_, 38.528, 103.36, 0.000842009
_1123_, 38.528, 103.36, 0.000842009
_1124_, 38.528, 103.36, 0.000842009
hold41, 38.528, 103.36, 0.000842009
hold64, 38.528, 103.36, 0.000842009
FILLER_0_34_81, 38.528, 103.36, 0.000842009
_1107_, 50.411, 103.36, 0.00085787
_1110_, 50.411, 103.36, 0.00085787
_1250_, 50.411, 103.36, 0.00085787
_1251_, 50.411, 103.36, 0.00085787
_1006_, 74.178, 103.36, 0.000894237
_1041_, 74.178, 103.36, 0.000894237
_1045_, 74.178, 103.36, 0.000894237
_1226_, 74.178, 103.36, 0.000894237
hold20, 74.178, 103.36, 0.000894237
FILLER_0_34_161, 74.178, 103.36, 0.000894237
FILLER_0_35_159, 74.178, 103.36, 0.000894237
_1126_, 86.061, 103.36, 0.000927559
_1127_, 86.061, 103.36, 0.000927559
_1218_, 86.061, 103.36, 0.000927559
_1258_, 86.061, 103.36, 0.000927559
FILLER_0_33_169, 86.061, 103.36, 0.000927559
_0587_, 109.828, 103.36, 0.00094062
_0589_, 109.828, 103.36, 0.00094062
_0786_, 109.828, 103.36, 0.00094062
_0788_, 109.828, 103.36, 0.00094062
_1094_, 109.828, 103.36, 0.00094062
FILLER_0_33_219, 109.828, 103.36, 0.00094062
FILLER_0_34_225, 109.828, 103.36, 0.00094062
FILLER_0_35_228, 109.828, 103.36, 0.00094062
_1275_, 121.711, 103.36, 0.00093931
hold102, 121.711, 103.36, 0.00093931
FILLER_0_34_247, 121.711, 103.36, 0.00093931
FILLER_0_34_253, 121.711, 103.36, 0.00093931
FILLER_0_34_301, 140.857, 103.36, 0.000910695
PHY_62, 5.52, 97.92, 0.000858159
PHY_64, 5.52, 97.92, 0.000858159
PHY_63, 148.12, 97.92, 0.00094214
PHY_65, 148.12, 97.92, 0.00094214
output4, 148.12, 97.92, 0.00094214
FILLER_0_32_29, 16.082, 97.92, 0.000858159
clkbuf_4_8_0_clk, 38.528, 97.92, 0.000925852
FILLER_0_33_80, 38.528, 97.92, 0.000925852
_0778_, 50.411, 97.92, 0.000932596
_1109_, 50.411, 97.92, 0.000932596
_1249_, 50.411, 97.92, 0.000932596
clkbuf_4_9_0_clk, 50.411, 97.92, 0.000932596
_0832_, 74.178, 97.92, 0.000919832
_0836_, 74.178, 97.92, 0.000919832
_0837_, 74.178, 97.92, 0.000919832
_1042_, 74.178, 97.92, 0.000919832
FILLER_0_31_142, 74.178, 97.92, 0.000919832
FILLER_0_32_137, 74.178, 97.92, 0.000919832
FILLER_0_33_161, 74.178, 97.92, 0.000919832
_1018_, 86.061, 97.92, 0.00094124
_1022_, 86.061, 97.92, 0.00094124
_1023_, 86.061, 97.92, 0.00094124
_1129_, 86.061, 97.92, 0.00094124
clkbuf_4_12_0_clk, 86.061, 97.92, 0.00094124
hold39, 86.061, 97.92, 0.00094124
FILLER_0_31_174, 86.061, 97.92, 0.00094124
FILLER_0_32_164, 86.061, 97.92, 0.00094124
_0737_, 109.828, 97.92, 0.00094206
_0817_, 109.828, 97.92, 0.00094206
_0819_, 109.828, 97.92, 0.00094206
_0828_, 109.828, 97.92, 0.00094206
FILLER_0_31_220, 109.828, 97.92, 0.00094206
FILLER_0_32_227, 109.828, 97.92, 0.00094206
FILLER_0_32_235, 109.828, 97.92, 0.00094206
_0818_, 121.711, 97.92, 0.000937027
_1104_, 121.711, 97.92, 0.000937027
_1105_, 121.711, 97.92, 0.000937027
_1248_, 121.711, 97.92, 0.000937027
hold45, 121.711, 97.92, 0.000937027
FILLER_0_31_245, 121.711, 97.92, 0.000937027
FILLER_0_33_254, 121.711, 97.92, 0.000937027
FILLER_0_32_293, 140.857, 97.92, 0.000929036
PHY_58, 5.52, 92.48, 0.000748716
PHY_60, 5.52, 92.48, 0.000748716
PHY_59, 148.12, 92.48, 0.000898907
PHY_61, 148.12, 92.48, 0.000898907
_0955_, 16.082, 92.48, 0.000748716
FILLER_0_29_15, 16.082, 92.48, 0.000748716
_0830_, 38.528, 92.48, 0.000753741
_1108_, 38.528, 92.48, 0.000753741
hold122, 38.528, 92.48, 0.000753741
FILLER_0_29_69, 38.528, 92.48, 0.000753741
_0962_, 50.411, 92.48, 0.000756176
_1116_, 50.411, 92.48, 0.000756176
FILLER_0_30_97, 50.411, 92.48, 0.000756176
FILLER_0_31_104, 50.411, 92.48, 0.000756176
_0781_, 74.178, 92.48, 0.000815288
_0785_, 74.178, 92.48, 0.000815288
_0833_, 74.178, 92.48, 0.000815288
_0944_, 74.178, 92.48, 0.000815288
_1020_, 74.178, 92.48, 0.000815288
hold36, 74.178, 92.48, 0.000815288
FILLER_0_30_156, 74.178, 92.48, 0.000815288
FILLER_0_31_161, 74.178, 92.48, 0.000815288
_0791_, 86.061, 92.48, 0.000864201
_0799_, 86.061, 92.48, 0.000864201
_1019_, 86.061, 92.48, 0.000864201
_1217_, 86.061, 92.48, 0.000864201
hold19, 86.061, 92.48, 0.000864201
_0790_, 109.828, 92.48, 0.000904851
_0820_, 109.828, 92.48, 0.000904851
_1034_, 109.828, 92.48, 0.000904851
_1101_, 109.828, 92.48, 0.000904851
FILLER_0_29_221, 109.828, 92.48, 0.000904851
FILLER_0_29_225, 109.828, 92.48, 0.000904851
FILLER_0_30_225, 109.828, 92.48, 0.000904851
FILLER_0_30_237, 109.828, 92.48, 0.000904851
FILLER_0_31_230, 109.828, 92.48, 0.000904851
_0721_, 121.711, 92.48, 0.000930609
_0736_, 121.711, 92.48, 0.000930609
_0776_, 121.711, 92.48, 0.000930609
_1102_, 121.711, 92.48, 0.000930609
_1103_, 121.711, 92.48, 0.000930609
_1247_, 121.711, 92.48, 0.000930609
hold61, 121.711, 92.48, 0.000930609
FILLER_0_30_249, 121.711, 92.48, 0.000930609
FILLER_0_30_253, 121.711, 92.48, 0.000930609
FILLER_0_30_298, 140.857, 92.48, 0.000898907
PHY_54, 5.52, 87.04, 0.000735521
PHY_56, 5.52, 87.04, 0.000735521
FILLER_0_28_3, 5.52, 87.04, 0.000735521
PHY_55, 148.12, 87.04, 0.000893061
PHY_57, 148.12, 87.04, 0.000893061
FILLER_0_28_304, 148.12, 87.04, 0.000893061
_0954_, 16.082, 87.04, 0.000735521
_1195_, 16.082, 87.04, 0.000735521
_0960_, 38.528, 87.04, 0.00073677
_1197_, 38.528, 87.04, 0.00073677
hold47, 38.528, 87.04, 0.00073677
FILLER_0_27_64, 38.528, 87.04, 0.00073677
FILLER_0_28_65, 38.528, 87.04, 0.00073677
FILLER_0_29_80, 38.528, 87.04, 0.00073677
_0961_, 50.411, 87.04, 0.000736203
_1198_, 50.411, 87.04, 0.000736203
hold52, 50.411, 87.04, 0.000736203
FILLER_0_27_96, 50.411, 87.04, 0.000736203
FILLER_0_28_109, 50.411, 87.04, 0.000736203
FILLER_0_29_106, 50.411, 87.04, 0.000736203
_0782_, 74.178, 87.04, 0.000777703
_0941_, 74.178, 87.04, 0.000777703
hold53, 74.178, 87.04, 0.000777703
hold63, 74.178, 87.04, 0.000777703
FILLER_0_27_148, 74.178, 87.04, 0.000777703
FILLER_0_28_156, 74.178, 87.04, 0.000777703
_0792_, 86.061, 87.04, 0.000832266
_0794_, 86.061, 87.04, 0.000832266
_0795_, 86.061, 87.04, 0.000832266
_1014_, 86.061, 87.04, 0.000832266
_1015_, 86.061, 87.04, 0.000832266
_1215_, 86.061, 87.04, 0.000832266
hold31, 86.061, 87.04, 0.000832266
_0787_, 109.828, 87.04, 0.000911677
_0816_, 109.828, 87.04, 0.000911677
_1314_, 109.828, 87.04, 0.000911677
FILLER_0_27_225, 109.828, 87.04, 0.000911677
FILLER_0_28_218, 109.828, 87.04, 0.000911677
FILLER_0_29_239, 109.828, 87.04, 0.000911677
_0718_, 121.711, 87.04, 0.00092916
_0719_, 121.711, 87.04, 0.00092916
FILLER_0_28_296, 140.857, 87.04, 0.000893061
_1196_, 5.52, 81.6, 0.000771993
PHY_50, 5.52, 81.6, 0.000771993
PHY_52, 5.52, 81.6, 0.000771993
FILLER_0_27_3, 5.52, 81.6, 0.000771993
PHY_51, 148.12, 81.6, 0.00087982
PHY_53, 148.12, 81.6, 0.00087982
_0956_, 16.082, 81.6, 0.000759559
_0957_, 16.082, 81.6, 0.000759559
_1201_, 16.082, 81.6, 0.000759559
_1202_, 16.082, 81.6, 0.000759559
FILLER_0_25_15, 16.082, 81.6, 0.000759559
FILLER_0_27_27, 16.082, 81.6, 0.000759559
_0771_, 38.528, 81.6, 0.000749116
_0959_, 38.528, 81.6, 0.000749116
_0970_, 38.528, 81.6, 0.000749116
_0976_, 38.528, 81.6, 0.000749116
_0980_, 38.528, 81.6, 0.000749116
_1204_, 38.528, 81.6, 0.000749116
FILLER_0_25_67, 38.528, 81.6, 0.000749116
_0777_, 50.411, 81.6, 0.000756675
_0849_, 50.411, 81.6, 0.000756675
_0958_, 50.411, 81.6, 0.000756675
FILLER_0_26_85, 50.411, 81.6, 0.000756675
FILLER_0_26_108, 50.411, 81.6, 0.000756675
FILLER_0_27_104, 50.411, 81.6, 0.000756675
_0796_, 74.178, 81.6, 0.00093
_0797_, 74.178, 81.6, 0.00093
clkbuf_0_clk, 74.178, 81.6, 0.00093
FILLER_0_26_141, 74.178, 81.6, 0.00093
_1016_, 86.061, 81.6, 0.000917815
_1017_, 86.061, 81.6, 0.000917815
_1216_, 86.061, 81.6, 0.000917815
max_cap8, 86.061, 81.6, 0.000917815
_0793_, 109.828, 81.6, 0.000922025
_1093_, 109.828, 81.6, 0.000922025
_1315_, 109.828, 81.6, 0.000922025
max_cap6, 109.828, 81.6, 0.000922025
FILLER_0_25_221, 109.828, 81.6, 0.000922025
FILLER_0_26_236, 109.828, 81.6, 0.000922025
_0631_, 121.711, 81.6, 0.000913744
_1291_, 121.711, 81.6, 0.000913744
FILLER_0_26_249, 121.711, 81.6, 0.000913744
FILLER_0_26_301, 140.857, 81.6, 0.00087982
PHY_46, 5.52, 76.16, 0.000637149
PHY_48, 5.52, 76.16, 0.000637149
PHY_47, 148.12, 76.16, 0.00085912
PHY_49, 148.12, 76.16, 0.00085912
_0926_, 16.082, 76.16, 0.000637149
_0927_, 16.082, 76.16, 0.000637149
hold110, 16.082, 76.16, 0.000637149
hold142, 16.082, 76.16, 0.000637149
hold143, 16.082, 76.16, 0.000637149
FILLER_0_24_15, 16.082, 76.16, 0.000637149
FILLER_0_25_33, 16.082, 76.16, 0.000637149
_0977_, 38.528, 76.16, 0.000628921
_0978_, 38.528, 76.16, 0.000628921
_0979_, 38.528, 76.16, 0.000628921
hold82, 38.528, 76.16, 0.000628921
FILLER_0_23_63, 38.528, 76.16, 0.000628921
FILLER_0_24_80, 38.528, 76.16, 0.000628921
_0848_, 50.411, 76.16, 0.000622169
_1200_, 50.411, 76.16, 0.000622169
FILLER_0_23_93, 50.411, 76.16, 0.000622169
FILLER_0_24_97, 50.411, 76.16, 0.000622169
FILLER_0_25_99, 50.411, 76.16, 0.000622169
_0872_, 74.178, 76.16, 0.000668311
_0949_, 74.178, 76.16, 0.000668311
_0950_, 74.178, 76.16, 0.000668311
_0951_, 74.178, 76.16, 0.000668311
FILLER_0_23_142, 74.178, 76.16, 0.000668311
_0783_, 86.061, 76.16, 0.000734792
_0784_, 86.061, 76.16, 0.000734792
_0948_, 86.061, 76.16, 0.000734792
hold43, 86.061, 76.16, 0.000734792
_0632_, 109.828, 76.16, 0.000858638
_0633_, 109.828, 76.16, 0.000858638
_0665_, 109.828, 76.16, 0.000858638
_0668_, 109.828, 76.16, 0.000858638
_0821_, 109.828, 76.16, 0.000858638
_1305_, 109.828, 76.16, 0.000858638
FILLER_0_23_217, 109.828, 76.16, 0.000858638
FILLER_0_24_221, 109.828, 76.16, 0.000858638
FILLER_0_25_232, 109.828, 76.16, 0.000858638
_1292_, 121.711, 76.16, 0.000884088
hold27, 121.711, 76.16, 0.000884088
hold62, 121.711, 76.16, 0.000884088
hold107, 121.711, 76.16, 0.000884088
_1187_, 5.52, 70.72, 0.000629694
PHY_42, 5.52, 70.72, 0.000629694
PHY_44, 5.52, 70.72, 0.000629694
FILLER_0_22_3, 5.52, 70.72, 0.000629694
FILLER_0_23_3, 5.52, 70.72, 0.000629694
PHY_43, 148.12, 70.72, 0.000827078
PHY_45, 148.12, 70.72, 0.000827078
_0928_, 16.082, 70.72, 0.000617402
_0939_, 16.082, 70.72, 0.000617402
FILLER_0_22_22, 16.082, 70.72, 0.000617402
_0851_, 38.528, 70.72, 0.000608073
_0852_, 38.528, 70.72, 0.000608073
_0982_, 38.528, 70.72, 0.000608073
hold57, 38.528, 70.72, 0.000608073
hold95, 38.528, 70.72, 0.000608073
FILLER_0_22_69, 38.528, 70.72, 0.000608073
FILLER_0_22_80, 38.528, 70.72, 0.000608073
_0772_, 50.411, 70.72, 0.000602415
_0853_, 50.411, 70.72, 0.000602415
_0965_, 50.411, 70.72, 0.000602415
_0966_, 50.411, 70.72, 0.000602415
_0968_, 50.411, 70.72, 0.000602415
_1199_, 50.411, 70.72, 0.000602415
FILLER_0_21_86, 50.411, 70.72, 0.000602415
FILLER_0_22_90, 50.411, 70.72, 0.000602415
FILLER_0_23_101, 50.411, 70.72, 0.000602415
FILLER_0_23_107, 50.411, 70.72, 0.000602415
_1193_, 74.178, 70.72, 0.000686076
_1194_, 74.178, 70.72, 0.000686076
_1299_, 74.178, 70.72, 0.000686076
FILLER_0_22_137, 74.178, 70.72, 0.000686076
FILLER_0_22_141, 74.178, 70.72, 0.000686076
_0644_, 86.061, 70.72, 0.000749817
_0645_, 86.061, 70.72, 0.000749817
_0646_, 86.061, 70.72, 0.000749817
_0647_, 86.061, 70.72, 0.000749817
_0835_, 86.061, 70.72, 0.000749817
_0947_, 86.061, 70.72, 0.000749817
hold66, 86.061, 70.72, 0.000749817
hold92, 86.061, 70.72, 0.000749817
_0664_, 109.828, 70.72, 0.000830114
_0666_, 109.828, 70.72, 0.000830114
_0667_, 109.828, 70.72, 0.000830114
_0855_, 109.828, 70.72, 0.000830114
_1306_, 109.828, 70.72, 0.000830114
_0630_, 121.711, 70.72, 0.000831148
FILLER_0_22_301, 140.857, 70.72, 0.000827078
_1188_, 5.52, 65.28, 0.000635071
PHY_38, 5.52, 65.28, 0.000635071
PHY_40, 5.52, 65.28, 0.000635071
FILLER_0_20_3, 5.52, 65.28, 0.000635071
FILLER_0_21_3, 5.52, 65.28, 0.000635071
PHY_39, 148.12, 65.28, 0.000844781
PHY_41, 148.12, 65.28, 0.000844781
_0929_, 16.082, 65.28, 0.000622715
_0936_, 16.082, 65.28, 0.000622715
_1190_, 16.082, 65.28, 0.000622715
FILLER_0_19_15, 16.082, 65.28, 0.000622715
FILLER_0_20_29, 16.082, 65.28, 0.000622715
_0773_, 38.528, 65.28, 0.000596898
_0774_, 38.528, 65.28, 0.000596898
_0775_, 38.528, 65.28, 0.000596898
_0854_, 38.528, 65.28, 0.000596898
_0879_, 38.528, 65.28, 0.000596898
hold69, 38.528, 65.28, 0.000596898
FILLER_0_20_67, 38.528, 65.28, 0.000596898
FILLER_0_20_74, 38.528, 65.28, 0.000596898
_0874_, 50.411, 65.28, 0.000577198
_0875_, 50.411, 65.28, 0.000577198
hold83, 50.411, 65.28, 0.000577198
FILLER_0_20_85, 50.411, 65.28, 0.000577198
FILLER_0_20_110, 50.411, 65.28, 0.000577198
_0649_, 74.178, 65.28, 0.000668896
_0650_, 74.178, 65.28, 0.000668896
hold106, 74.178, 65.28, 0.000668896
hold140, 74.178, 65.28, 0.000668896
FILLER_0_21_161, 74.178, 65.28, 0.000668896
_0653_, 86.061, 65.28, 0.000757774
_1297_, 86.061, 65.28, 0.000757774
_1298_, 86.061, 65.28, 0.000757774
FILLER_0_19_165, 86.061, 65.28, 0.000757774
FILLER_0_19_169, 86.061, 65.28, 0.000757774
FILLER_0_20_166, 86.061, 65.28, 0.000757774
_0670_, 109.828, 65.28, 0.000862955
_0800_, 109.828, 65.28, 0.000862955
_1307_, 109.828, 65.28, 0.000862955
hold10, 109.828, 65.28, 0.000862955
hold101, 109.828, 65.28, 0.000862955
FILLER_0_20_221, 109.828, 65.28, 0.000862955
_0720_, 121.711, 65.28, 0.000867434
_1318_, 121.711, 65.28, 0.000867434
FILLER_0_20_246, 121.711, 65.28, 0.000867434
FILLER_0_20_301, 140.857, 65.28, 0.000844781
PHY_34, 5.52, 59.84, 0.000667117
PHY_36, 5.52, 59.84, 0.000667117
FILLER_0_18_3, 5.52, 59.84, 0.000667117
PHY_35, 148.12, 59.84, 0.000955629
PHY_37, 148.12, 59.84, 0.000955629
FILLER_0_18_303, 148.12, 59.84, 0.000955629
_1002_, 16.082, 59.84, 0.000667117
_1189_, 16.082, 59.84, 0.000667117
hold132, 16.082, 59.84, 0.000667117
_0876_, 38.528, 59.84, 0.000693241
_1171_, 38.528, 59.84, 0.000693241
_1172_, 38.528, 59.84, 0.000693241
FILLER_0_17_69, 38.528, 59.84, 0.000693241
_0636_, 50.411, 59.84, 0.000705291
_0878_, 50.411, 59.84, 0.000705291
_1293_, 50.411, 59.84, 0.000705291
hold67, 50.411, 59.84, 0.000705291
hold136, 50.411, 59.84, 0.000705291
_0841_, 74.178, 59.84, 0.00078491
_0845_, 74.178, 59.84, 0.00078491
_0856_, 74.178, 59.84, 0.00078491
FILLER_0_18_137, 74.178, 59.84, 0.00078491
FILLER_0_18_159, 74.178, 59.84, 0.00078491
FILLER_0_19_157, 74.178, 59.84, 0.00078491
_0648_, 86.061, 59.84, 0.000856549
_0727_, 86.061, 59.84, 0.000856549
_0747_, 86.061, 59.84, 0.000856549
max_cap3, 86.061, 59.84, 0.000856549
FILLER_0_17_169, 86.061, 59.84, 0.000856549
FILLER_0_18_188, 86.061, 59.84, 0.000856549
FILLER_0_19_177, 86.061, 59.84, 0.000856549
FILLER_0_19_183, 86.061, 59.84, 0.000856549
_0669_, 109.828, 59.84, 0.000977804
_0672_, 109.828, 59.84, 0.000977804
_1308_, 109.828, 59.84, 0.000977804
hold109, 109.828, 59.84, 0.000977804
FILLER_0_17_215, 109.828, 59.84, 0.000977804
_0671_, 121.711, 59.84, 0.00102663
_0865_, 121.711, 59.84, 0.00102663
_1153_, 121.711, 59.84, 0.00102663
_1317_, 121.711, 59.84, 0.00102663
FILLER_0_18_247, 121.711, 59.84, 0.00102663
_0685_, 140.857, 59.84, 0.000955629
_1183_, 5.52, 54.4, 0.00079124
_1211_, 5.52, 54.4, 0.00079124
PHY_30, 5.52, 54.4, 0.00079124
PHY_32, 5.52, 54.4, 0.00079124
FILLER_0_16_3, 5.52, 54.4, 0.00079124
FILLER_0_17_3, 5.52, 54.4, 0.00079124
_0684_, 148.12, 54.4, 0.00103183
PHY_31, 148.12, 54.4, 0.00103183
PHY_33, 148.12, 54.4, 0.00103183
_0912_, 16.082, 54.4, 0.000767161
_0913_, 16.082, 54.4, 0.000767161
_0916_, 16.082, 54.4, 0.000767161
_1001_, 16.082, 54.4, 0.000767161
_0994_, 38.528, 54.4, 0.000826343
clkbuf_4_2_0_clk, 38.528, 54.4, 0.000826343
FILLER_0_16_80, 38.528, 54.4, 0.000826343
FILLER_0_17_84, 38.528, 54.4, 0.000826343
_0610_, 50.411, 54.4, 0.000843618
_0612_, 50.411, 54.4, 0.000843618
_0762_, 50.411, 54.4, 0.000843618
_1283_, 50.411, 54.4, 0.000843618
clkbuf_4_3_0_clk, 50.411, 54.4, 0.000843618
FILLER_0_16_85, 50.411, 54.4, 0.000843618
_0753_, 74.178, 54.4, 0.000946957
_0766_, 74.178, 54.4, 0.000946957
_0907_, 74.178, 54.4, 0.000946957
wire11, 74.178, 54.4, 0.000946957
max_cap1, 74.178, 54.4, 0.000946957
FILLER_0_15_140, 74.178, 54.4, 0.000946957
FILLER_0_16_141, 74.178, 54.4, 0.000946957
FILLER_0_16_150, 74.178, 54.4, 0.000946957
FILLER_0_17_160, 74.178, 54.4, 0.000946957
_0726_, 86.061, 54.4, 0.00100846
_0732_, 86.061, 54.4, 0.00100846
_0752_, 86.061, 54.4, 0.00100846
max_cap5, 86.061, 54.4, 0.00100846
FILLER_0_16_175, 86.061, 54.4, 0.00100846
FILLER_0_17_181, 86.061, 54.4, 0.00100846
_0724_, 109.828, 54.4, 0.00111903
clkbuf_4_7_0_clk, 109.828, 54.4, 0.00111903
hold11, 109.828, 54.4, 0.00111903
hold15, 109.828, 54.4, 0.00111903
FILLER_0_16_214, 109.828, 54.4, 0.00111903
FILLER_0_17_234, 109.828, 54.4, 0.00111903
_0688_, 121.711, 54.4, 0.00113588
_0689_, 121.711, 54.4, 0.00113588
_0864_, 121.711, 54.4, 0.00113588
_0906_, 121.711, 54.4, 0.00113588
_0914_, 121.711, 54.4, 0.00113588
FILLER_0_16_248, 121.711, 54.4, 0.00113588
FILLER_0_16_259, 121.711, 54.4, 0.00113588
hold3, 140.857, 54.4, 0.00103123
hold4, 140.857, 54.4, 0.00103123
hold145, 140.857, 54.4, 0.00103123
FILLER_0_16_290, 140.857, 54.4, 0.00103123
FILLER_0_16_302, 140.857, 54.4, 0.00103123
_0917_, 5.52, 48.96, 0.000758465
_1004_, 5.52, 48.96, 0.000758465
PHY_26, 5.52, 48.96, 0.000758465
PHY_28, 5.52, 48.96, 0.000758465
FILLER_0_14_3, 5.52, 48.96, 0.000758465
PHY_27, 148.12, 48.96, 0.000963818
PHY_29, 148.12, 48.96, 0.000963818
_1184_, 16.082, 48.96, 0.000757678
_1207_, 16.082, 48.96, 0.000757678
hold119, 16.082, 48.96, 0.000757678
_0847_, 38.528, 48.96, 0.000764098
_0988_, 38.528, 48.96, 0.000764098
hold129, 38.528, 48.96, 0.000764098
FILLER_0_14_74, 38.528, 48.96, 0.000764098
FILLER_0_15_81, 38.528, 48.96, 0.000764098
_0609_, 50.411, 48.96, 0.000784374
_0615_, 50.411, 48.96, 0.000784374
_0635_, 50.411, 48.96, 0.000784374
_0764_, 50.411, 48.96, 0.000784374
_1285_, 50.411, 48.96, 0.000784374
_0659_, 74.178, 48.96, 0.000915809
_0730_, 74.178, 48.96, 0.000915809
_0839_, 74.178, 48.96, 0.000915809
_0975_, 74.178, 48.96, 0.000915809
_0999_, 74.178, 48.96, 0.000915809
FILLER_0_13_143, 74.178, 48.96, 0.000915809
FILLER_0_14_137, 74.178, 48.96, 0.000915809
FILLER_0_14_147, 74.178, 48.96, 0.000915809
_0742_, 86.061, 48.96, 0.00097512
_0963_, 86.061, 48.96, 0.00097512
_0993_, 86.061, 48.96, 0.00097512
_0628_, 109.828, 48.96, 0.001036
_0629_, 109.828, 48.96, 0.001036
_0676_, 109.828, 48.96, 0.001036
_0915_, 109.828, 48.96, 0.001036
_1320_, 109.828, 48.96, 0.001036
max_cap10, 109.828, 48.96, 0.001036
FILLER_0_13_219, 109.828, 48.96, 0.001036
FILLER_0_14_217, 109.828, 48.96, 0.001036
FILLER_0_14_224, 109.828, 48.96, 0.001036
_0678_, 121.711, 48.96, 0.00101794
_0877_, 121.711, 48.96, 0.00101794
fanout14, 121.711, 48.96, 0.00101794
FILLER_0_15_259, 121.711, 48.96, 0.00101794
_0674_, 140.857, 48.96, 0.000963818
_0681_, 140.857, 48.96, 0.000963818
FILLER_0_14_300, 140.857, 48.96, 0.000963818
_1212_, 5.52, 43.52, 0.000779491
PHY_22, 5.52, 43.52, 0.000779491
PHY_24, 5.52, 43.52, 0.000779491
FILLER_0_13_3, 5.52, 43.52, 0.000779491
PHY_23, 148.12, 43.52, 0.000967581
PHY_25, 148.12, 43.52, 0.000967581
FILLER_0_11_304, 148.12, 43.52, 0.000967581
FILLER_0_12_303, 148.12, 43.52, 0.000967581
_1003_, 16.082, 43.52, 0.000767507
hold104, 38.528, 43.52, 0.000799325
FILLER_0_11_69, 38.528, 43.52, 0.000799325
FILLER_0_13_83, 38.528, 43.52, 0.000799325
_0593_, 50.411, 43.52, 0.000842705
_0614_, 50.411, 43.52, 0.000842705
_0654_, 50.411, 43.52, 0.000842705
clkbuf_4_0_0_clk, 50.411, 43.52, 0.000842705
hold40, 50.411, 43.52, 0.000842705
FILLER_0_12_85, 50.411, 43.52, 0.000842705
FILLER_0_12_100, 50.411, 43.52, 0.000842705
_0660_, 74.178, 43.52, 0.000917121
_0758_, 74.178, 43.52, 0.000917121
_0924_, 74.178, 43.52, 0.000917121
_0952_, 74.178, 43.52, 0.000917121
_0969_, 74.178, 43.52, 0.000917121
hold51, 74.178, 43.52, 0.000917121
hold74, 74.178, 43.52, 0.000917121
FILLER_0_13_151, 74.178, 43.52, 0.000917121
_0981_, 86.061, 43.52, 0.000948051
FILLER_0_13_178, 86.061, 43.52, 0.000948051
FILLER_0_13_186, 86.061, 43.52, 0.000948051
_0677_, 109.828, 43.52, 0.00104155
_1319_, 109.828, 43.52, 0.00104155
clkbuf_4_5_0_clk, 109.828, 43.52, 0.00104155
hold1, 109.828, 43.52, 0.00104155
FILLER_0_11_219, 109.828, 43.52, 0.00104155
FILLER_0_12_231, 109.828, 43.52, 0.00104155
FILLER_0_12_244, 121.711, 43.52, 0.00100446
FILLER_0_12_265, 121.711, 43.52, 0.00100446
hold12, 140.857, 43.52, 0.00096758
FILLER_0_13_301, 140.857, 43.52, 0.00096758
PHY_18, 5.52, 38.08, 0.000767917
PHY_20, 5.52, 38.08, 0.000767917
PHY_19, 148.12, 38.08, 0.00100035
PHY_21, 148.12, 38.08, 0.00100035
_0656_, 38.528, 38.08, 0.000819489
_0658_, 38.528, 38.08, 0.000819489
_1301_, 38.528, 38.08, 0.000819489
FILLER_0_9_69, 38.528, 38.08, 0.000819489
FILLER_0_10_75, 38.528, 38.08, 0.000819489
_0655_, 50.411, 38.08, 0.000841283
_0657_, 50.411, 38.08, 0.000841283
hold73, 50.411, 38.08, 0.000841283
hold77, 50.411, 38.08, 0.000841283
hold86, 50.411, 38.08, 0.000841283
FILLER_0_10_85, 50.411, 38.08, 0.000841283
FILLER_0_10_98, 50.411, 38.08, 0.000841283
FILLER_0_11_108, 50.411, 38.08, 0.000841283
_0623_, 74.178, 38.08, 0.000915189
_0759_, 74.178, 38.08, 0.000915189
_0940_, 74.178, 38.08, 0.000915189
_0987_, 74.178, 38.08, 0.000915189
FILLER_0_10_149, 74.178, 38.08, 0.000915189
_0908_, 86.061, 38.08, 0.000973271
_0910_, 86.061, 38.08, 0.000973271
_0931_, 86.061, 38.08, 0.000973271
_0933_, 86.061, 38.08, 0.000973271
_0946_, 86.061, 38.08, 0.000973271
_1310_, 86.061, 38.08, 0.000973271
fanout16, 86.061, 38.08, 0.000973271
FILLER_0_11_179, 86.061, 38.08, 0.000973271
_1316_, 109.828, 38.08, 0.00104539
_1321_, 109.828, 38.08, 0.00104539
FILLER_0_9_218, 109.828, 38.08, 0.00104539
FILLER_0_9_225, 109.828, 38.08, 0.00104539
_0701_, 121.711, 38.08, 0.00105775
_0703_, 121.711, 38.08, 0.00105775
_0715_, 121.711, 38.08, 0.00105775
_0871_, 121.711, 38.08, 0.00105775
fanout15, 121.711, 38.08, 0.00105775
hold16, 121.711, 38.08, 0.00105775
FILLER_0_10_249, 121.711, 38.08, 0.00105775
FILLER_0_11_253, 121.711, 38.08, 0.00105775
FILLER_0_10_302, 140.857, 38.08, 0.00100035
FILLER_0_11_296, 140.857, 38.08, 0.00100035
PHY_14, 5.52, 32.64, 0.000773695
PHY_16, 5.52, 32.64, 0.000773695
PHY_15, 148.12, 32.64, 0.00100219
PHY_17, 148.12, 32.64, 0.00100219
_0597_, 38.528, 32.64, 0.000823795
_1302_, 38.528, 32.64, 0.000823795
FILLER_0_7_69, 38.528, 32.64, 0.000823795
FILLER_0_8_77, 38.528, 32.64, 0.000823795
_0594_, 50.411, 32.64, 0.000850462
_0595_, 50.411, 32.64, 0.000850462
_0596_, 50.411, 32.64, 0.000850462
_0842_, 50.411, 32.64, 0.000850462
_1278_, 50.411, 32.64, 0.000850462
FILLER_0_7_96, 50.411, 32.64, 0.000850462
_0624_, 74.178, 32.64, 0.000949377
_0869_, 74.178, 32.64, 0.000949377
_0918_, 74.178, 32.64, 0.000949377
hold76, 74.178, 32.64, 0.000949377
hold125, 74.178, 32.64, 0.000949377
FILLER_0_8_149, 74.178, 32.64, 0.000949377
FILLER_0_8_157, 74.178, 32.64, 0.000949377
FILLER_0_9_156, 74.178, 32.64, 0.000949377
_0866_, 86.061, 32.64, 0.00101377
_0867_, 86.061, 32.64, 0.00101377
_0909_, 86.061, 32.64, 0.00101377
_0932_, 86.061, 32.64, 0.00101377
_1311_, 86.061, 32.64, 0.00101377
_0714_, 109.828, 32.64, 0.00103774
_1327_, 109.828, 32.64, 0.00103774
FILLER_0_7_214, 109.828, 32.64, 0.00103774
FILLER_0_8_232, 109.828, 32.64, 0.00103774
_0693_, 121.711, 32.64, 0.00104554
_0700_, 121.711, 32.64, 0.00104554
_0702_, 121.711, 32.64, 0.00104554
_0704_, 121.711, 32.64, 0.00104554
hold146, 121.711, 32.64, 0.00104554
FILLER_0_8_247, 121.711, 32.64, 0.00104554
FILLER_0_8_302, 140.857, 32.64, 0.00100219
FILLER_0_9_300, 140.857, 32.64, 0.00100219
PHY_10, 5.52, 27.2, 0.000767428
PHY_12, 5.52, 27.2, 0.000767428
PHY_11, 148.12, 27.2, 0.000960694
PHY_13, 148.12, 27.2, 0.000960694
_1277_, 38.528, 27.2, 0.000800025
FILLER_0_6_77, 38.528, 27.2, 0.000800025
FILLER_0_7_77, 38.528, 27.2, 0.000800025
_0606_, 50.411, 27.2, 0.000818955
_0607_, 50.411, 27.2, 0.000818955
hold131, 50.411, 27.2, 0.000818955
FILLER_0_7_108, 50.411, 27.2, 0.000818955
_0897_, 74.178, 27.2, 0.000900594
FILLER_0_6_153, 74.178, 27.2, 0.000900594
_0868_, 86.061, 27.2, 0.000953681
_0888_, 86.061, 27.2, 0.000953681
_0891_, 86.061, 27.2, 0.000953681
_0894_, 86.061, 27.2, 0.000953681
hold6, 86.061, 27.2, 0.000953681
hold7, 86.061, 27.2, 0.000953681
FILLER_0_6_181, 86.061, 27.2, 0.000953681
FILLER_0_7_179, 86.061, 27.2, 0.000953681
_0884_, 109.828, 27.2, 0.000957819
FILLER_0_5_221, 109.828, 27.2, 0.000957819
FILLER_0_6_236, 109.828, 27.2, 0.000957819
FILLER_0_7_237, 109.828, 27.2, 0.000957819
_0680_, 121.711, 27.2, 0.000973303
_0695_, 121.711, 27.2, 0.000973303
_0696_, 121.711, 27.2, 0.000973303
_0697_, 121.711, 27.2, 0.000973303
hold13, 121.711, 27.2, 0.000973303
FILLER_0_6_249, 121.711, 27.2, 0.000973303
FILLER_0_6_253, 121.711, 27.2, 0.000973303
FILLER_0_6_261, 121.711, 27.2, 0.000973303
FILLER_0_7_253, 121.711, 27.2, 0.000973303
FILLER_0_6_299, 140.857, 27.2, 0.000960694
PHY_6, 5.52, 21.76, 0.000781123
PHY_8, 5.52, 21.76, 0.000781123
PHY_7, 148.12, 21.76, 0.00101903
PHY_9, 148.12, 21.76, 0.00101903
_0605_, 38.528, 21.76, 0.000823391
FILLER_0_4_77, 38.528, 21.76, 0.000823391
FILLER_0_5_81, 38.528, 21.76, 0.000823391
_0604_, 50.411, 21.76, 0.000865193
_1281_, 50.411, 21.76, 0.000865193
_1282_, 50.411, 21.76, 0.000865193
hold89, 50.411, 21.76, 0.000865193
_0880_, 74.178, 21.76, 0.000991476
_0892_, 74.178, 21.76, 0.000991476
_0898_, 74.178, 21.76, 0.000991476
_1178_, 74.178, 21.76, 0.000991476
hold127, 74.178, 21.76, 0.000991476
FILLER_0_4_141, 74.178, 21.76, 0.000991476
FILLER_0_4_149, 74.178, 21.76, 0.000991476
_0859_, 86.061, 21.76, 0.00103568
_0886_, 86.061, 21.76, 0.00103568
_0895_, 86.061, 21.76, 0.00103568
_1176_, 86.061, 21.76, 0.00103568
_0679_, 109.828, 21.76, 0.00111228
_0860_, 109.828, 21.76, 0.00111228
_0861_, 109.828, 21.76, 0.00111228
_0862_, 109.828, 21.76, 0.00111228
_0882_, 109.828, 21.76, 0.00111228
_0885_, 109.828, 21.76, 0.00111228
_0901_, 109.828, 21.76, 0.00111228
_1173_, 109.828, 21.76, 0.00111228
_1322_, 109.828, 21.76, 0.00111228
_0698_, 121.711, 21.76, 0.00108409
_0857_, 121.711, 21.76, 0.00108409
_1181_, 121.711, 21.76, 0.00108409
hold14, 121.711, 21.76, 0.00108409
hold144, 121.711, 21.76, 0.00108409
FILLER_0_5_259, 121.711, 21.76, 0.00108409
FILLER_0_4_298, 140.857, 21.76, 0.00101903
PHY_2, 5.52, 16.32, 0.00078243
PHY_4, 5.52, 16.32, 0.00078243
PHY_3, 148.12, 16.32, 0.000970424
PHY_5, 148.12, 16.32, 0.000970424
FILLER_0_2_77, 38.528, 16.32, 0.000822247
FILLER_0_3_81, 38.528, 16.32, 0.000822247
_0621_, 50.411, 16.32, 0.000862064
_1280_, 50.411, 16.32, 0.000862064
_1288_, 50.411, 16.32, 0.000862064
FILLER_0_1_93, 50.411, 16.32, 0.000862064
FILLER_0_2_85, 50.411, 16.32, 0.000862064
_0887_, 74.178, 16.32, 0.000951296
_0893_, 74.178, 16.32, 0.000951296
_0896_, 74.178, 16.32, 0.000951296
_1175_, 74.178, 16.32, 0.000951296
hold141, 74.178, 16.32, 0.000951296
FILLER_0_3_150, 74.178, 16.32, 0.000951296
_1177_, 86.061, 16.32, 0.000977039
FILLER_0_1_163, 86.061, 16.32, 0.000977039
_0881_, 109.828, 16.32, 0.00101222
_0889_, 109.828, 16.32, 0.00101222
_1174_, 109.828, 16.32, 0.00101222
FILLER_0_1_221, 109.828, 16.32, 0.00101222
FILLER_0_1_225, 109.828, 16.32, 0.00101222
FILLER_0_2_220, 109.828, 16.32, 0.00101222
_0705_, 121.711, 16.32, 0.00100232
_0706_, 121.711, 16.32, 0.00100232
_1182_, 121.711, 16.32, 0.00100232
FILLER_0_2_253, 121.711, 16.32, 0.00100232
FILLER_0_2_297, 140.857, 16.32, 0.000970424
FILLER_0_3_301, 140.857, 16.32, 0.000970424
PHY_0, 5.52, 10.88, 0.000792841
output3, 5.52, 10.88, 0.000792841
PHY_1, 148.12, 10.88, 0.00094735
FILLER_0_0_21, 16.082, 10.88, 0.000782254
FILLER_0_0_81, 38.528, 10.88, 0.000785222
_0602_, 50.411, 10.88, 0.000798779
_0622_, 50.411, 10.88, 0.000798779
FILLER_0_0_109, 50.411, 10.88, 0.000798779
FILLER_0_1_103, 50.411, 10.88, 0.000798779
FILLER_0_0_137, 74.178, 10.88, 0.000845165
FILLER_0_0_165, 86.061, 10.88, 0.000878941
_0858_, 109.828, 10.88, 0.000940564
_0863_, 109.828, 10.88, 0.000940564
FILLER_0_0_221, 109.828, 10.88, 0.000940564
_1331_, 121.711, 10.88, 0.000953955
input2, 121.711, 10.88, 0.000953955
FILLER_0_0_249, 121.711, 10.88, 0.000953955

