
===========================================================================
 report_power
============================================================================
======================= Fastest Corner ===================================

Group                  Internal  Switching    Leakage      Total
                          Power      Power      Power      Power (Watts)
----------------------------------------------------------------
Sequential             9.08e-04   1.44e-04   1.64e-07   1.05e-03  37.4%
Combinational          7.70e-04   9.91e-04   8.16e-09   1.76e-03  62.6%
Macro                  0.00e+00   0.00e+00   0.00e+00   0.00e+00   0.0%
Pad                    0.00e+00   0.00e+00   0.00e+00   0.00e+00   0.0%
----------------------------------------------------------------
Total                  1.68e-03   1.14e-03   1.72e-07   2.81e-03 100.0%
                          59.6%      40.3%       0.0%

======================= Slowest Corner ===================================

Group                  Internal  Switching    Leakage      Total
                          Power      Power      Power      Power (Watts)
----------------------------------------------------------------
Sequential             6.12e-04   9.40e-05   2.52e-06   7.09e-04  37.1%
Combinational          5.54e-04   6.46e-04   3.88e-06   1.20e-03  62.9%
Macro                  0.00e+00   0.00e+00   0.00e+00   0.00e+00   0.0%
Pad                    0.00e+00   0.00e+00   0.00e+00   0.00e+00   0.0%
----------------------------------------------------------------
Total                  1.17e-03   7.40e-04   6.40e-06   1.91e-03 100.0%
                          61.0%      38.7%       0.3%

======================= Typical Corner ===================================

Group                  Internal  Switching    Leakage      Total
                          Power      Power      Power      Power (Watts)
----------------------------------------------------------------
Sequential             7.86e-04   1.21e-04   1.63e-07   9.06e-04  37.4%
Combinational          6.85e-04   8.32e-04   4.07e-09   1.52e-03  62.6%
Macro                  0.00e+00   0.00e+00   0.00e+00   0.00e+00   0.0%
Pad                    0.00e+00   0.00e+00   0.00e+00   0.00e+00   0.0%
----------------------------------------------------------------
Total                  1.47e-03   9.53e-04   1.67e-07   2.42e-03 100.0%
                          60.7%      39.3%       0.0%

