
===========================================================================
report_checks -unconstrained
===========================================================================
======================= Fastest Corner ===================================

Startpoint: rst_n (input port clocked by clk)
Endpoint: _1328_ (recovery check against rising-edge clock clk)
Path Group: asynchronous
Path Type: max
Corner: Fastest

Fanout     Cap    Slew   Delay    Time   Description
-----------------------------------------------------------------------------
                          0.00    0.00   clock clk (rise edge)
                          0.00    0.00   clock network delay (propagated)
                          2.00    2.00 ^ input external delay
                  0.02    0.01    2.01 ^ rst_n (in)
     1    0.00                           rst_n (net)
                  0.02    0.00    2.01 ^ input1/A (sky130_fd_sc_hd__clkbuf_2)
                  0.12    0.13    2.14 ^ input1/X (sky130_fd_sc_hd__clkbuf_2)
     3    0.03                           net1 (net)
                  0.12    0.00    2.14 ^ fanout14/A (sky130_fd_sc_hd__clkbuf_4)
                  0.10    0.17    2.31 ^ fanout14/X (sky130_fd_sc_hd__clkbuf_4)
     8    0.04                           net14 (net)
                  0.10    0.00    2.32 ^ fanout12/A (sky130_fd_sc_hd__clkbuf_4)
                  0.11    0.17    2.49 ^ fanout12/X (sky130_fd_sc_hd__clkbuf_4)
    10    0.05                           net12 (net)
                  0.11    0.00    2.50 ^ _1328_/SET_B (sky130_fd_sc_hd__dfstp_1)
                                  2.50   data arrival time

                         10.00   10.00   clock clk (rise edge)
                          0.00   10.00   clock source latency
                  0.09    0.06   10.06 ^ clk (in)
     1    0.03                           clk (net)
                  0.09    0.00   10.06 ^ clkbuf_0_clk/A (sky130_fd_sc_hd__clkbuf_16)
                  0.11    0.15   10.21 ^ clkbuf_0_clk/X (sky130_fd_sc_hd__clkbuf_16)
    16    0.13                           clknet_0_clk (net)
                  0.11    0.01   10.22 ^ clkbuf_4_10_0_clk/A (sky130_fd_sc_hd__clkbuf_8)
                  0.07    0.13   10.35 ^ clkbuf_4_10_0_clk/X (sky130_fd_sc_hd__clkbuf_8)
    15    0.05                           clknet_4_10_0_clk (net)
                  0.07    0.00   10.35 ^ _1328_/CLK (sky130_fd_sc_hd__dfstp_1)
                         -0.25   10.10   clock uncertainty
                          0.00   10.10   clock reconvergence pessimism
                          0.09   10.19   library recovery time
                                 10.19   data required time
-----------------------------------------------------------------------------
                                 10.19   data required time
                                 -2.50   data arrival time
-----------------------------------------------------------------------------
                                  7.70   slack (MET)


Startpoint: rst_n (input port clocked by clk)
Endpoint: _1304_ (rising edge-triggered flip-flop clocked by clk)
Path Group: clk
Path Type: max
Corner: Fastest

Fanout     Cap    Slew   Delay    Time   Description
-----------------------------------------------------------------------------
                          0.00    0.00   clock clk (rise edge)
                          0.00    0.00   clock network delay (propagated)
                          2.00    2.00 ^ input external delay
                  0.02    0.01    2.01 ^ rst_n (in)
     1    0.00                           rst_n (net)
                  0.02    0.00    2.01 ^ input1/A (sky130_fd_sc_hd__clkbuf_2)
                  0.12    0.13    2.14 ^ input1/X (sky130_fd_sc_hd__clkbuf_2)
     3    0.03                           net1 (net)
                  0.12    0.00    2.14 ^ fanout14/A (sky130_fd_sc_hd__clkbuf_4)
                  0.10    0.17    2.31 ^ fanout14/X (sky130_fd_sc_hd__clkbuf_4)
     8    0.04                           net14 (net)
                  0.10    0.00    2.31 ^ _0590_/C_N (sky130_fd_sc_hd__or3b_4)
                  0.08    0.29    2.61 v _0590_/X (sky130_fd_sc_hd__or3b_4)
     8    0.04                           _0519_ (net)
                  0.08    0.00    2.61 v _0591_/B (sky130_fd_sc_hd__or2_2)
                  0.10    0.27    2.88 v _0591_/X (sky130_fd_sc_hd__or2_2)
     9    0.04                           _0520_ (net)
                  0.10    0.00    2.88 v _0662_/B (sky130_fd_sc_hd__or2_1)
                  0.06    0.19    3.07 v _0662_/X (sky130_fd_sc_hd__or2_1)
     2    0.01                           _0563_ (net)
                  0.06    0.00    3.07 v _0665_/S (sky130_fd_sc_hd__mux2_1)
                  0.04    0.20    3.27 v _0665_/X (sky130_fd_sc_hd__mux2_1)
     1    0.00                           _0565_ (net)
                  0.04    0.00    3.27 v _0666_/A (sky130_fd_sc_hd__clkbuf_1)
                  0.02    0.06    3.33 v _0666_/X (sky130_fd_sc_hd__clkbuf_1)
     1    0.00                           _0138_ (net)
                  0.02    0.00    3.33 v _1304_/D (sky130_fd_sc_hd__dfxtp_1)
                                  3.33   data arrival time

                         10.00   10.00   clock clk (rise edge)
                          0.00   10.00   clock source latency
                  0.09    0.06   10.06 ^ clk (in)
     1    0.03                           clk (net)
                  0.09    0.00   10.06 ^ clkbuf_0_clk/A (sky130_fd_sc_hd__clkbuf_16)
                  0.11    0.15   10.21 ^ clkbuf_0_clk/X (sky130_fd_sc_hd__clkbuf_16)
    16    0.13                           clknet_0_clk (net)
                  0.11    0.01   10.22 ^ clkbuf_4_9_0_clk/A (sky130_fd_sc_hd__clkbuf_8)
                  0.05    0.12   10.33 ^ clkbuf_4_9_0_clk/X (sky130_fd_sc_hd__clkbuf_8)
     8    0.03                           clknet_4_9_0_clk (net)
                  0.05    0.00   10.33 ^ _1304_/CLK (sky130_fd_sc_hd__dfxtp_1)
                         -0.25   10.08   clock uncertainty
                          0.00   10.08   clock reconvergence pessimism
                         -0.06   10.02   library setup time
                                 10.02   data required time
-----------------------------------------------------------------------------
                                 10.02   data required time
                                 -3.33   data arrival time
-----------------------------------------------------------------------------
                                  6.69   slack (MET)



======================= Slowest Corner ===================================

Startpoint: rst_n (input port clocked by clk)
Endpoint: _1328_ (recovery check against rising-edge clock clk)
Path Group: asynchronous
Path Type: max
Corner: Slowest

Fanout     Cap    Slew   Delay    Time   Description
-----------------------------------------------------------------------------
                          0.00    0.00   clock clk (rise edge)
                          0.00    0.00   clock network delay (propagated)
                          2.00    2.00 ^ input external delay
                  0.04    0.02    2.02 ^ rst_n (in)
     1    0.00                           rst_n (net)
                  0.04    0.00    2.02 ^ input1/A (sky130_fd_sc_hd__clkbuf_2)
                  0.24    0.31    2.33 ^ input1/X (sky130_fd_sc_hd__clkbuf_2)
     3    0.03                           net1 (net)
                  0.24    0.00    2.34 ^ fanout14/A (sky130_fd_sc_hd__clkbuf_4)
                  0.21    0.45    2.79 ^ fanout14/X (sky130_fd_sc_hd__clkbuf_4)
     8    0.04                           net14 (net)
                  0.21    0.00    2.79 ^ fanout12/A (sky130_fd_sc_hd__clkbuf_4)
                  0.22    0.45    3.24 ^ fanout12/X (sky130_fd_sc_hd__clkbuf_4)
    10    0.04                           net12 (net)
                  0.22    0.00    3.24 ^ _1328_/SET_B (sky130_fd_sc_hd__dfstp_1)
                                  3.24   data arrival time

                         10.00   10.00   clock clk (rise edge)
                          0.00   10.00   clock source latency
                  0.19    0.12   10.12 ^ clk (in)
     1    0.03                           clk (net)
                  0.19    0.00   10.12 ^ clkbuf_0_clk/A (sky130_fd_sc_hd__clkbuf_16)
                  0.22    0.38   10.50 ^ clkbuf_0_clk/X (sky130_fd_sc_hd__clkbuf_16)
    16    0.13                           clknet_0_clk (net)
                  0.22    0.01   10.51 ^ clkbuf_4_10_0_clk/A (sky130_fd_sc_hd__clkbuf_8)
                  0.14    0.34   10.85 ^ clkbuf_4_10_0_clk/X (sky130_fd_sc_hd__clkbuf_8)
    15    0.04                           clknet_4_10_0_clk (net)
                  0.14    0.00   10.85 ^ _1328_/CLK (sky130_fd_sc_hd__dfstp_1)
                         -0.25   10.60   clock uncertainty
                          0.00   10.60   clock reconvergence pessimism
                          0.27   10.87   library recovery time
                                 10.87   data required time
-----------------------------------------------------------------------------
                                 10.87   data required time
                                 -3.24   data arrival time
-----------------------------------------------------------------------------
                                  7.63   slack (MET)


Startpoint: _1326_ (rising edge-triggered flip-flop clocked by clk)
Endpoint: _1288_ (rising edge-triggered flip-flop clocked by clk)
Path Group: clk
Path Type: max
Corner: Slowest

Fanout     Cap    Slew   Delay    Time   Description
-----------------------------------------------------------------------------
                          0.00    0.00   clock clk (rise edge)
                          0.00    0.00   clock source latency
                  0.19    0.14    0.14 ^ clk (in)
     1    0.03                           clk (net)
                  0.19    0.00    0.14 ^ clkbuf_0_clk/A (sky130_fd_sc_hd__clkbuf_16)
                  0.22    0.42    0.55 ^ clkbuf_0_clk/X (sky130_fd_sc_hd__clkbuf_16)
    16    0.13                           clknet_0_clk (net)
                  0.22    0.01    0.57 ^ clkbuf_4_11_0_clk/A (sky130_fd_sc_hd__clkbuf_8)
                  0.12    0.36    0.92 ^ clkbuf_4_11_0_clk/X (sky130_fd_sc_hd__clkbuf_8)
    12    0.04                           clknet_4_11_0_clk (net)
                  0.12    0.00    0.92 ^ _1326_/CLK (sky130_fd_sc_hd__dfrtp_4)
                  0.17    1.15    2.07 v _1326_/Q (sky130_fd_sc_hd__dfrtp_4)
    10    0.03                           u_fsm.state[2] (net)
                  0.17    0.00    2.08 v _0870_/A (sky130_fd_sc_hd__or4b_2)
                  0.34    1.91    3.99 v _0870_/X (sky130_fd_sc_hd__or4b_2)
     3    0.02                           _0315_ (net)
                  0.34    0.00    3.99 v _0932_/A (sky130_fd_sc_hd__buf_2)
                  0.17    0.50    4.49 v _0932_/X (sky130_fd_sc_hd__buf_2)
    10    0.04                           _0362_ (net)
                  0.17    0.00    4.49 v _0946_/B (sky130_fd_sc_hd__or4b_2)
                  0.34    1.85    6.34 v _0946_/X (sky130_fd_sc_hd__or4b_2)
     4    0.02                           _0372_ (net)
                  0.34    0.00    6.34 v _0622_/A (sky130_fd_sc_hd__or2_1)
                  0.16    0.72    7.06 v _0622_/X (sky130_fd_sc_hd__or2_1)
     2    0.01                           _0539_ (net)
                  0.16    0.00    7.06 v _0625_/S (sky130_fd_sc_hd__mux2_1)
                  0.11    0.77    7.83 v _0625_/X (sky130_fd_sc_hd__mux2_1)
     1    0.00                           _0541_ (net)
                  0.11    0.00    7.83 v _0626_/A (sky130_fd_sc_hd__clkbuf_1)
                  0.04    0.18    8.01 v _0626_/X (sky130_fd_sc_hd__clkbuf_1)
     1    0.00                           _0122_ (net)
                  0.04    0.00    8.01 v _1288_/D (sky130_fd_sc_hd__dfxtp_1)
                                  8.01   data arrival time

                         10.00   10.00   clock clk (rise edge)
                          0.00   10.00   clock source latency
                  0.19    0.12   10.12 ^ clk (in)
     1    0.03                           clk (net)
                  0.19    0.00   10.12 ^ clkbuf_0_clk/A (sky130_fd_sc_hd__clkbuf_16)
                  0.22    0.38   10.50 ^ clkbuf_0_clk/X (sky130_fd_sc_hd__clkbuf_16)
    16    0.13                           clknet_0_clk (net)
                  0.22    0.01   10.51 ^ clkbuf_4_1_0_clk/A (sky130_fd_sc_hd__clkbuf_8)
                  0.11    0.32   10.83 ^ clkbuf_4_1_0_clk/X (sky130_fd_sc_hd__clkbuf_8)
    10    0.03                           clknet_4_1_0_clk (net)
                  0.11    0.00   10.83 ^ _1288_/CLK (sky130_fd_sc_hd__dfxtp_1)
                         -0.25   10.58   clock uncertainty
                          0.05   10.63   clock reconvergence pessimism
                         -0.25   10.38   library setup time
                                 10.38   data required time
-----------------------------------------------------------------------------
                                 10.38   data required time
                                 -8.01   data arrival time
-----------------------------------------------------------------------------
                                  2.37   slack (MET)



======================= Typical Corner ===================================

Startpoint: rst_n (input port clocked by clk)
Endpoint: _1328_ (recovery check against rising-edge clock clk)
Path Group: asynchronous
Path Type: max
Corner: Typical

Fanout     Cap    Slew   Delay    Time   Description
-----------------------------------------------------------------------------
                          0.00    0.00   clock clk (rise edge)
                          0.00    0.00   clock network delay (propagated)
                          2.00    2.00 ^ input external delay
                  0.02    0.01    2.01 ^ rst_n (in)
     1    0.00                           rst_n (net)
                  0.02    0.00    2.01 ^ input1/A (sky130_fd_sc_hd__clkbuf_2)
                  0.16    0.18    2.19 ^ input1/X (sky130_fd_sc_hd__clkbuf_2)
     3    0.03                           net1 (net)
                  0.16    0.00    2.20 ^ fanout14/A (sky130_fd_sc_hd__clkbuf_4)
                  0.14    0.25    2.45 ^ fanout14/X (sky130_fd_sc_hd__clkbuf_4)
     8    0.04                           net14 (net)
                  0.14    0.00    2.46 ^ fanout12/A (sky130_fd_sc_hd__clkbuf_4)
                  0.15    0.26    2.71 ^ fanout12/X (sky130_fd_sc_hd__clkbuf_4)
    10    0.05                           net12 (net)
                  0.15    0.00    2.72 ^ _1328_/SET_B (sky130_fd_sc_hd__dfstp_1)
                                  2.72   data arrival time

                         10.00   10.00   clock clk (rise edge)
                          0.00   10.00   clock source latency
                  0.12    0.08   10.08 ^ clk (in)
     1    0.03                           clk (net)
                  0.12    0.00   10.08 ^ clkbuf_0_clk/A (sky130_fd_sc_hd__clkbuf_16)
                  0.14    0.22   10.30 ^ clkbuf_0_clk/X (sky130_fd_sc_hd__clkbuf_16)
    16    0.13                           clknet_0_clk (net)
                  0.14    0.01   10.31 ^ clkbuf_4_10_0_clk/A (sky130_fd_sc_hd__clkbuf_8)
                  0.09    0.19   10.50 ^ clkbuf_4_10_0_clk/X (sky130_fd_sc_hd__clkbuf_8)
    15    0.05                           clknet_4_10_0_clk (net)
                  0.09    0.00   10.50 ^ _1328_/CLK (sky130_fd_sc_hd__dfstp_1)
                         -0.25   10.25   clock uncertainty
                          0.00   10.25   clock reconvergence pessimism
                          0.14   10.39   library recovery time
                                 10.39   data required time
-----------------------------------------------------------------------------
                                 10.39   data required time
                                 -2.72   data arrival time
-----------------------------------------------------------------------------
                                  7.67   slack (MET)


Startpoint: rst_n (input port clocked by clk)
Endpoint: _1304_ (rising edge-triggered flip-flop clocked by clk)
Path Group: clk
Path Type: max
Corner: Typical

Fanout     Cap    Slew   Delay    Time   Description
-----------------------------------------------------------------------------
                          0.00    0.00   clock clk (rise edge)
                          0.00    0.00   clock network delay (propagated)
                          2.00    2.00 ^ input external delay
                  0.02    0.01    2.01 ^ rst_n (in)
     1    0.00                           rst_n (net)
                  0.02    0.00    2.01 ^ input1/A (sky130_fd_sc_hd__clkbuf_2)
                  0.16    0.18    2.19 ^ input1/X (sky130_fd_sc_hd__clkbuf_2)
     3    0.03                           net1 (net)
                  0.16    0.00    2.20 ^ fanout14/A (sky130_fd_sc_hd__clkbuf_4)
                  0.14    0.25    2.45 ^ fanout14/X (sky130_fd_sc_hd__clkbuf_4)
     8    0.04                           net14 (net)
                  0.14    0.00    2.45 ^ _0590_/C_N (sky130_fd_sc_hd__or3b_4)
                  0.12    0.49    2.94 v _0590_/X (sky130_fd_sc_hd__or3b_4)
     8    0.03                           _0519_ (net)
                  0.12    0.00    2.94 v _0591_/B (sky130_fd_sc_hd__or2_2)
                  0.15    0.44    3.38 v _0591_/X (sky130_fd_sc_hd__or2_2)
     9    0.04                           _0520_ (net)
                  0.15    0.00    3.38 v _0662_/B (sky130_fd_sc_hd__or2_1)
                  0.08    0.30    3.68 v _0662_/X (sky130_fd_sc_hd__or2_1)
     2    0.01                           _0563_ (net)
                  0.08    0.00    3.68 v _0665_/S (sky130_fd_sc_hd__mux2_1)
                  0.06    0.34    4.03 v _0665_/X (sky130_fd_sc_hd__mux2_1)
     1    0.00                           _0565_ (net)
                  0.06    0.00    4.03 v _0666_/A (sky130_fd_sc_hd__clkbuf_1)
                  0.03    0.10    4.12 v _0666_/X (sky130_fd_sc_hd__clkbuf_1)
     1    0.00                           _0138_ (net)
                  0.03    0.00    4.12 v _1304_/D (sky130_fd_sc_hd__dfxtp_1)
                                  4.12   data arrival time

                         10.00   10.00   clock clk (rise edge)
                          0.00   10.00   clock source latency
                  0.12    0.08   10.08 ^ clk (in)
     1    0.03                           clk (net)
                  0.12    0.00   10.08 ^ clkbuf_0_clk/A (sky130_fd_sc_hd__clkbuf_16)
                  0.14    0.22   10.30 ^ clkbuf_0_clk/X (sky130_fd_sc_hd__clkbuf_16)
    16    0.13                           clknet_0_clk (net)
                  0.14    0.01   10.31 ^ clkbuf_4_9_0_clk/A (sky130_fd_sc_hd__clkbuf_8)
                  0.07    0.17   10.48 ^ clkbuf_4_9_0_clk/X (sky130_fd_sc_hd__clkbuf_8)
     8    0.03                           clknet_4_9_0_clk (net)
                  0.07    0.00   10.48 ^ _1304_/CLK (sky130_fd_sc_hd__dfxtp_1)
                         -0.25   10.23   clock uncertainty
                          0.00   10.23   clock reconvergence pessimism
                         -0.10   10.13   library setup time
                                 10.13   data required time
-----------------------------------------------------------------------------
                                 10.13   data required time
                                 -4.12   data arrival time
-----------------------------------------------------------------------------
                                  6.01   slack (MET)




===========================================================================
report_checks --slack_max -0.01
============================================================================
======================= Fastest Corner ===================================

No paths found.

======================= Slowest Corner ===================================

No paths found.

======================= Typical Corner ===================================

No paths found.


===========================================================================
 report_check_types -max_slew -max_cap -max_fanout -violators
============================================================================
======================= Fastest Corner ===================================

max fanout

Pin                                   Limit Fanout  Slack
---------------------------------------------------------
clkbuf_0_clk/X                           10     16     -6 (VIOLATED)
clkbuf_4_10_0_clk/X                      10     15     -5 (VIOLATED)
clkbuf_4_2_0_clk/X                       10     14     -4 (VIOLATED)
clkbuf_4_7_0_clk/X                       10     13     -3 (VIOLATED)
clkbuf_4_11_0_clk/X                      10     12     -2 (VIOLATED)
clkbuf_4_5_0_clk/X                       10     11        (VIOLATED)


======================= Slowest Corner ===================================

max slew

Pin                                    Limit    Slew   Slack
------------------------------------------------------------
_0715_/Y                                0.75    0.92   -0.17 (VIOLATED)
_0732_/A2                               0.75    0.92   -0.17 (VIOLATED)
_0801_/A2                               0.75    0.92   -0.17 (VIOLATED)
max_cap1/A                              0.75    0.92   -0.17 (VIOLATED)
_0738_/C                                0.75    0.92   -0.17 (VIOLATED)
_0807_/A3                               0.75    0.92   -0.17 (VIOLATED)
_0806_/C                                0.75    0.92   -0.17 (VIOLATED)
max_cap5/A                              0.75    0.92   -0.17 (VIOLATED)
_0737_/Y                                0.75    0.92   -0.17 (VIOLATED)

max fanout

Pin                                   Limit Fanout  Slack
---------------------------------------------------------
clkbuf_0_clk/X                           10     16     -6 (VIOLATED)
clkbuf_4_10_0_clk/X                      10     15     -5 (VIOLATED)
clkbuf_4_2_0_clk/X                       10     14     -4 (VIOLATED)
clkbuf_4_7_0_clk/X                       10     13     -3 (VIOLATED)
clkbuf_4_11_0_clk/X                      10     12     -2 (VIOLATED)
clkbuf_4_5_0_clk/X                       10     11        (VIOLATED)


======================= Typical Corner ===================================

max fanout

Pin                                   Limit Fanout  Slack
---------------------------------------------------------
clkbuf_0_clk/X                           10     16     -6 (VIOLATED)
clkbuf_4_10_0_clk/X                      10     15     -5 (VIOLATED)
clkbuf_4_2_0_clk/X                       10     14     -4 (VIOLATED)
clkbuf_4_7_0_clk/X                       10     13     -3 (VIOLATED)
clkbuf_4_11_0_clk/X                      10     12     -2 (VIOLATED)
clkbuf_4_5_0_clk/X                       10     11        (VIOLATED)



===========================================================================
report_parasitic_annotation -report_unannotated
============================================================================
Found 0 unannotated drivers.
Found 0 partially unannotated drivers.

===========================================================================
max slew violation count 9
max fanout violation count 6
max cap violation count 0
============================================================================

===========================================================================
check_setup -verbose -unconstrained_endpoints -multiple_clock -no_clock -no_input_delay -loops -generated_clocks
===========================================================================
