
===========================================================================
 report_power
============================================================================
======================= Fastest Corner ===================================

Group                  Internal  Switching    Leakage      Total
                          Power      Power      Power      Power (Watts)
----------------------------------------------------------------
Sequential             9.09e-04   1.40e-04   1.64e-07   1.05e-03  38.0%
Combinational          7.69e-04   9.43e-04   8.16e-09   1.71e-03  62.0%
Macro                  0.00e+00   0.00e+00   0.00e+00   0.00e+00   0.0%
Pad                    0.00e+00   0.00e+00   0.00e+00   0.00e+00   0.0%
----------------------------------------------------------------
Total                  1.68e-03   1.08e-03   1.72e-07   2.76e-03 100.0%
                          60.8%      39.2%       0.0%

======================= Slowest Corner ===================================

Group                  Internal  Switching    Leakage      Total
                          Power      Power      Power      Power (Watts)
----------------------------------------------------------------
Sequential             6.12e-04   9.08e-05   2.52e-06   7.06e-04  37.6%
Combinational          5.53e-04   6.13e-04   3.88e-06   1.17e-03  62.4%
Macro                  0.00e+00   0.00e+00   0.00e+00   0.00e+00   0.0%
Pad                    0.00e+00   0.00e+00   0.00e+00   0.00e+00   0.0%
----------------------------------------------------------------
Total                  1.17e-03   7.04e-04   6.40e-06   1.88e-03 100.0%
                          62.1%      37.5%       0.3%

======================= Typical Corner ===================================

Group                  Internal  Switching    Leakage      Total
                          Power      Power      Power      Power (Watts)
----------------------------------------------------------------
Sequential             7.86e-04   1.17e-04   1.63e-07   9.03e-04  38.0%
Combinational          6.85e-04   7.91e-04   4.07e-09   1.48e-03  62.0%
Macro                  0.00e+00   0.00e+00   0.00e+00   0.00e+00   0.0%
Pad                    0.00e+00   0.00e+00   0.00e+00   0.00e+00   0.0%
----------------------------------------------------------------
Total                  1.47e-03   9.08e-04   1.67e-07   2.38e-03 100.0%
                          61.8%      38.2%       0.0%

