OpenROAD 41a51eaf4ca2171c92ff38afb91eb37bbd3f36da 
This program is licensed under the BSD-3 license. See the LICENSE file for details.
Components of this program may be licensed under more restrictive licenses which must be honored.
[INFO]: Reading ODB at '/openlane/designs/bist_top/runs/RUN_2026.08.03_14.45.44/results/floorplan/bist_top.odb'…
define_corners Typical
read_liberty -corner Typical /home/varun/.ciel/sky130A/libs.ref/sky130_fd_sc_hd/lib/sky130_fd_sc_hd__tt_025C_1v80.lib
Using 1e-12 for capacitance...
Using 1e+03 for resistance...
Using 1e-09 for time...
Using 1e+00 for voltage...
Using 1e-03 for current...
Using 1e-09 for power...
Using 1e-06 for distance...
Reading design constraints file at '/openlane/designs/bist_top/runs/RUN_2026.08.03_14.45.44/tmp/floorplan/3-initial_fp.sdc'…
[INFO]: Setting RC values...
[INFO]: Setting signal min routing layer to: met1 and clock min routing layer to met3. 
[INFO]: Setting signal max routing layer to: met5 and clock max routing layer to met5. 
[INFO GPL-0002] DBU: 1000
[INFO GPL-0003] SiteSize: 460 2720
[INFO GPL-0004] CoreAreaLxLy: 5520 10880
[INFO GPL-0005] CoreAreaUxUy: 147660 152320
[INFO GPL-0006] NumInstances: 1122
[INFO GPL-0007] NumPlaceInstances: 748
[INFO GPL-0008] NumFixedInstances: 374
[INFO GPL-0009] NumDummyInstances: 0
[INFO GPL-0010] NumNets: 751
[INFO GPL-0011] NumPins: 2546
[INFO GPL-0012] DieAreaLxLy: 0 0
[INFO GPL-0013] DieAreaUxUy: 153565 164285
[INFO GPL-0014] CoreAreaLxLy: 5520 10880
[INFO GPL-0015] CoreAreaUxUy: 147660 152320
[INFO GPL-0016] CoreArea: 20104281600
[INFO GPL-0017] NonPlaceInstsArea: 728198400
[INFO GPL-0018] PlaceInstsArea: 8125292800
[INFO GPL-0019] Util(%): 41.93
[INFO GPL-0020] StdInstsArea: 8125292800
[INFO GPL-0021] MacroInstsArea: 0
[InitialPlace]  Iter: 1 CG residual: 0.00000007 HPWL: 7075770
[InitialPlace]  Iter: 2 CG residual: 0.00000012 HPWL: 7350707
[InitialPlace]  Iter: 3 CG residual: 0.00000009 HPWL: 7435464
[InitialPlace]  Iter: 4 CG residual: 0.00000010 HPWL: 7463491
[InitialPlace]  Iter: 5 CG residual: 0.00000010 HPWL: 7460001
[INFO GPL-0031] FillerInit: NumGCells: 990
[INFO GPL-0032] FillerInit: NumGNets: 751
[INFO GPL-0033] FillerInit: NumGPins: 2546
[INFO GPL-0023] TargetDensity: 0.55
[INFO GPL-0024] AveragePlaceInstArea: 10862690
[INFO GPL-0025] IdealBinArea: 19750346
[INFO GPL-0026] IdealBinCnt: 1017
[INFO GPL-0027] TotalBinArea: 20104281600
[INFO GPL-0028] BinCnt: 16 16
[INFO GPL-0029] BinSize: 8884 8840
[INFO GPL-0030] NumBins: 256
[NesterovSolve] Iter: 1 overflow: 0.965928 HPWL: 2292090
[NesterovSolve] Iter: 10 overflow: 0.940724 HPWL: 2406965
[NesterovSolve] Iter: 20 overflow: 0.928007 HPWL: 2534119
[NesterovSolve] Iter: 30 overflow: 0.921102 HPWL: 2598094
[NesterovSolve] Iter: 40 overflow: 0.918142 HPWL: 2564727
[NesterovSolve] Iter: 50 overflow: 0.931544 HPWL: 2519716
[NesterovSolve] Iter: 60 overflow: 0.92869 HPWL: 2504471
[NesterovSolve] Iter: 70 overflow: 0.924639 HPWL: 2499001
[NesterovSolve] Iter: 80 overflow: 0.932819 HPWL: 2477826
[NesterovSolve] Iter: 90 overflow: 0.928753 HPWL: 2450902
[NesterovSolve] Iter: 100 overflow: 0.940275 HPWL: 2430582
[NesterovSolve] Iter: 110 overflow: 0.93205 HPWL: 2419996
[NesterovSolve] Iter: 120 overflow: 0.943864 HPWL: 2413498
[NesterovSolve] Iter: 130 overflow: 0.936762 HPWL: 2421755
[NesterovSolve] Iter: 140 overflow: 0.928925 HPWL: 2476722
[NesterovSolve] Iter: 150 overflow: 0.926953 HPWL: 2591432
[NesterovSolve] Iter: 160 overflow: 0.919624 HPWL: 2866746
[NesterovSolve] Iter: 170 overflow: 0.894129 HPWL: 3300237
[NesterovSolve] Iter: 180 overflow: 0.883216 HPWL: 4102902
[NesterovSolve] Iter: 190 overflow: 0.851897 HPWL: 5004631
[NesterovSolve] Iter: 200 overflow: 0.822535 HPWL: 5760389
[NesterovSolve] Iter: 210 overflow: 0.793349 HPWL: 6539264
[INFO GPL-0100] worst slack 5.87e-09
[INFO GPL-0103] Weighted 74 nets.
[NesterovSolve] Iter: 220 overflow: 0.766876 HPWL: 7151460
[NesterovSolve] Iter: 230 overflow: 0.721865 HPWL: 8106787
[NesterovSolve] Iter: 240 overflow: 0.679994 HPWL: 8821314
[NesterovSolve] Iter: 250 overflow: 0.630766 HPWL: 9560430
[INFO GPL-0100] worst slack 5.14e-09
[INFO GPL-0103] Weighted 73 nets.
[NesterovSolve] Snapshot saved at iter = 255
[NesterovSolve] Iter: 260 overflow: 0.578692 HPWL: 10369518
[NesterovSolve] Iter: 270 overflow: 0.530934 HPWL: 11102861
[INFO GPL-0100] worst slack 5.79e-09
[INFO GPL-0103] Weighted 74 nets.
[NesterovSolve] Iter: 280 overflow: 0.478624 HPWL: 11797829
[NesterovSolve] Iter: 290 overflow: 0.4222 HPWL: 12386119
[NesterovSolve] Iter: 300 overflow: 0.363473 HPWL: 12839302
[NesterovSolve] Iter: 310 overflow: 0.303514 HPWL: 13083239
[INFO GPL-0100] worst slack 5.78e-09
[INFO GPL-0103] Weighted 74 nets.
[NesterovSolve] Iter: 320 overflow: 0.260439 HPWL: 13237881
[NesterovSolve] Iter: 330 overflow: 0.230043 HPWL: 13397047
[NesterovSolve] Iter: 340 overflow: 0.204052 HPWL: 13530795
[INFO GPL-0100] worst slack 5.75e-09
[INFO GPL-0103] Weighted 74 nets.
[INFO GPL-0075] Routability numCall: 1 inflationIterCnt: 1 bloatIterCnt: 0
[INFO GPL-0036] TileLxLy: 0 0
[INFO GPL-0037] TileSize: 6900 6900
[INFO GPL-0038] TileCnt: 22 23
[INFO GPL-0039] numRoutingLayers: 6
[INFO GPL-0040] NumTiles: 506
[INFO GPL-0063] TotalRouteOverflowH2: 0.0
[INFO GPL-0064] TotalRouteOverflowV2: 0.13333332538604736
[INFO GPL-0065] OverflowTileCnt2: 1
[INFO GPL-0066] 0.5%RC: 1.0266666650772094
[INFO GPL-0067] 1.0%RC: 1.0133333325386047
[INFO GPL-0068] 2.0%RC: 1.0070175434413708
[INFO GPL-0069] 5.0%RC: 0.9521739158941351
[INFO GPL-0070] 0.5rcK: 1.0
[INFO GPL-0071] 1.0rcK: 1.0
[INFO GPL-0072] 2.0rcK: 0.0
[INFO GPL-0073] 5.0rcK: 0.0
[INFO GPL-0074] FinalRC: 1.02
[NesterovSolve] Iter: 350 overflow: 0.17753 HPWL: 13615848
[INFO GPL-0100] worst slack 5.74e-09
[INFO GPL-0103] Weighted 74 nets.
[NesterovSolve] Iter: 360 overflow: 0.144912 HPWL: 13610194
[NesterovSolve] Iter: 370 overflow: 0.123919 HPWL: 13721390
[NesterovSolve] Finished with Overflow: 0.098647
Setting global connections for newly added cells…
Writing OpenROAD database to '/openlane/designs/bist_top/runs/RUN_2026.08.03_14.45.44/tmp/placement/7-global.odb'…
Writing netlist to '/openlane/designs/bist_top/runs/RUN_2026.08.03_14.45.44/tmp/placement/7-global.nl.v'…
Writing powered netlist to '/openlane/designs/bist_top/runs/RUN_2026.08.03_14.45.44/tmp/placement/7-global.pnl.v'…
Writing layout to '/openlane/designs/bist_top/runs/RUN_2026.08.03_14.45.44/tmp/placement/7-global.def'…
