OpenROAD 41a51eaf4ca2171c92ff38afb91eb37bbd3f36da 
This program is licensed under the BSD-3 license. See the LICENSE file for details.
Components of this program may be licensed under more restrictive licenses which must be honored.
[INFO]: Reading ODB at '/openlane/designs/bist_top/runs/RUN_2026.07.07_06.59.45/tmp/placement/10-global.odb'…
define_corners Slowest Typical Fastest
read_liberty -corner Slowest /root/.ciel/sky130A/libs.ref/sky130_fd_sc_hd/lib/sky130_fd_sc_hd__ss_100C_1v60.lib
read_liberty -corner Slowest /openlane/designs/bist_top/macros/sram_64x4.lib
read_liberty -corner Typical /root/.ciel/sky130A/libs.ref/sky130_fd_sc_hd/lib/sky130_fd_sc_hd__tt_025C_1v80.lib
read_liberty -corner Typical /openlane/designs/bist_top/macros/sram_64x4.lib
[WARNING STA-0053] /openlane/designs/bist_top/macros/sram_64x4.lib line 1, library sram_64x4_TT_1p0V_25C_lib already exists.
read_liberty -corner Fastest /root/.ciel/sky130A/libs.ref/sky130_fd_sc_hd/lib/sky130_fd_sc_hd__ff_n40C_1v95.lib
read_liberty -corner Fastest /openlane/designs/bist_top/macros/sram_64x4.lib
[WARNING STA-0053] /openlane/designs/bist_top/macros/sram_64x4.lib line 1, library sram_64x4_TT_1p0V_25C_lib already exists.
Using 1e-12 for capacitance...
Using 1e+03 for resistance...
Using 1e-09 for time...
Using 1e+00 for voltage...
Using 1e-03 for current...
Using 1e-09 for power...
Using 1e-06 for distance...
Reading design constraints file at '/openlane/designs/bist_top/runs/RUN_2026.07.07_06.59.45/tmp/floorplan/3-initial_fp.sdc'…
[INFO]: Setting RC values...
[INFO RSZ-0027] Inserted 2 input buffers.
[INFO RSZ-0028] Inserted 2 output buffers.
[INFO RSZ-0058] Using max wire length 4508um.
[INFO RSZ-0034] Found 5 slew violations.
[INFO RSZ-0035] Found 1 fanout violations.
[INFO RSZ-0038] Inserted 11 buffers in 6 nets.
[INFO RSZ-0039] Resized 726 instances.
Placement Analysis
---------------------------------
total displacement       2270.0 u
average displacement        2.0 u
max displacement           13.1 u
original HPWL           13972.8 u
legalized HPWL          16143.0 u
delta HPWL                   16 %

[INFO DPL-0020] Mirrored 269 instances
[INFO DPL-0021] HPWL before           16143.0 u
[INFO DPL-0022] HPWL after            15711.1 u
[INFO DPL-0023] HPWL delta               -2.7 %
Setting global connections for newly added cells…
Writing OpenROAD database to '/openlane/designs/bist_top/runs/RUN_2026.07.07_06.59.45/tmp/placement/12-resizer.odb'…
Writing netlist to '/openlane/designs/bist_top/runs/RUN_2026.07.07_06.59.45/tmp/placement/12-resizer.nl.v'…
Writing powered netlist to '/openlane/designs/bist_top/runs/RUN_2026.07.07_06.59.45/tmp/placement/12-resizer.pnl.v'…
Writing layout to '/openlane/designs/bist_top/runs/RUN_2026.07.07_06.59.45/tmp/placement/12-resizer.def'…
Writing timing constraints to '/openlane/designs/bist_top/runs/RUN_2026.07.07_06.59.45/tmp/placement/12-resizer.sdc'…
area_report

===========================================================================
report_design_area
============================================================================
Design area 8175 u^2 41% utilization.
area_report_end
