OpenROAD 41a51eaf4ca2171c92ff38afb91eb37bbd3f36da 
This program is licensed under the BSD-3 license. See the LICENSE file for details.
Components of this program may be licensed under more restrictive licenses which must be honored.
[INFO]: Reading ODB at '/openlane/designs/bist_top/runs/RUN_2026.07.07_06.59.45/tmp/placement/12-resizer.odb'…
define_corners Typical
read_liberty -corner Typical /root/.ciel/sky130A/libs.ref/sky130_fd_sc_hd/lib/sky130_fd_sc_hd__tt_025C_1v80.lib
read_liberty -corner Typical /openlane/designs/bist_top/macros/sram_64x4.lib
Using 1e-12 for capacitance...
Using 1e+03 for resistance...
Using 1e-09 for time...
Using 1e+00 for voltage...
Using 1e-03 for current...
Using 1e-09 for power...
Using 1e-06 for distance...
Reading design constraints file at '/openlane/designs/bist_top/runs/RUN_2026.07.07_06.59.45/tmp/placement/12-resizer.sdc'…
Placement Analysis
---------------------------------
total displacement          0.0 u
average displacement        0.0 u
max displacement            0.0 u
original HPWL           15711.1 u
legalized HPWL          16143.0 u
delta HPWL                    3 %

[INFO DPL-0020] Mirrored 269 instances
[INFO DPL-0021] HPWL before           16143.0 u
[INFO DPL-0022] HPWL after            15711.1 u
[INFO DPL-0023] HPWL delta               -2.7 %
Setting global connections for newly added cells…
Writing OpenROAD database to '/openlane/designs/bist_top/runs/RUN_2026.07.07_06.59.45/results/placement/bist_top.odb'…
Writing netlist to '/openlane/designs/bist_top/runs/RUN_2026.07.07_06.59.45/results/placement/bist_top.nl.v'…
Writing powered netlist to '/openlane/designs/bist_top/runs/RUN_2026.07.07_06.59.45/results/placement/bist_top.pnl.v'…
Writing layout to '/openlane/designs/bist_top/runs/RUN_2026.07.07_06.59.45/results/placement/bist_top.def'…
