OpenROAD 41a51eaf4ca2171c92ff38afb91eb37bbd3f36da 
This program is licensed under the BSD-3 license. See the LICENSE file for details.
Components of this program may be licensed under more restrictive licenses which must be honored.
[INFO]: Reading ODB at '/openlane/designs/bist_top/runs/RUN_2026.07.07_06.59.45/tmp/floorplan/4-io.odb'…
define_corners Typical
read_liberty -corner Typical /root/.ciel/sky130A/libs.ref/sky130_fd_sc_hd/lib/sky130_fd_sc_hd__tt_025C_1v80.lib
read_liberty -corner Typical /openlane/designs/bist_top/macros/sram_64x4.lib
Using 1e-12 for capacitance...
Using 1e+03 for resistance...
Using 1e-09 for time...
Using 1e+00 for voltage...
Using 1e-03 for current...
Using 1e-09 for power...
Using 1e-06 for distance...
Reading design constraints file at '/openlane/designs/bist_top/runs/RUN_2026.07.07_06.59.45/tmp/floorplan/3-initial_fp.sdc'…
[INFO]: Setting RC values...
[INFO]: Setting signal min routing layer to: met1 and clock min routing layer to met3. 
[INFO]: Setting signal max routing layer to: met5 and clock max routing layer to met5. 
[INFO GPL-0002] DBU: 1000
[INFO GPL-0003] SiteSize: 460 2720
[INFO GPL-0004] CoreAreaLxLy: 5520 10880
[INFO GPL-0005] CoreAreaUxUy: 147660 152320
[INFO GPL-0006] NumInstances: 748
[INFO GPL-0007] NumPlaceInstances: 748
[INFO GPL-0008] NumFixedInstances: 0
[INFO GPL-0009] NumDummyInstances: 0
[INFO GPL-0010] NumNets: 751
[INFO GPL-0011] NumPins: 2546
[INFO GPL-0012] DieAreaLxLy: 0 0
[INFO GPL-0013] DieAreaUxUy: 153565 164285
[INFO GPL-0014] CoreAreaLxLy: 5520 10880
[INFO GPL-0015] CoreAreaUxUy: 147660 152320
[INFO GPL-0016] CoreArea: 20104281600
[INFO GPL-0017] NonPlaceInstsArea: 0
[INFO GPL-0018] PlaceInstsArea: 8125292800
[INFO GPL-0019] Util(%): 40.42
[INFO GPL-0020] StdInstsArea: 8125292800
[INFO GPL-0021] MacroInstsArea: 0
[InitialPlace]  Iter: 1 CG residual: 0.00000002 HPWL: 7075770
[InitialPlace]  Iter: 2 CG residual: 0.00000005 HPWL: 7351630
[InitialPlace]  Iter: 3 CG residual: 0.00000010 HPWL: 7437016
[InitialPlace]  Iter: 4 CG residual: 0.00000011 HPWL: 7468342
[InitialPlace]  Iter: 5 CG residual: 0.00000011 HPWL: 7460739
[INFO GPL-0031] FillerInit: NumGCells: 1029
[INFO GPL-0032] FillerInit: NumGNets: 751
[INFO GPL-0033] FillerInit: NumGPins: 2546
[INFO GPL-0023] TargetDensity: 0.55
[INFO GPL-0024] AveragePlaceInstArea: 10862690
[INFO GPL-0025] IdealBinArea: 19750346
[INFO GPL-0026] IdealBinCnt: 1017
[INFO GPL-0027] TotalBinArea: 20104281600
[INFO GPL-0028] BinCnt: 16 16
[INFO GPL-0029] BinSize: 8884 8840
[INFO GPL-0030] NumBins: 256
[NesterovSolve] Iter: 1 overflow: 0.964876 HPWL: 2260787
[NesterovSolve] Iter: 10 overflow: 0.93973 HPWL: 2408210
[NesterovSolve] Iter: 20 overflow: 0.927042 HPWL: 2534823
[NesterovSolve] Iter: 30 overflow: 0.920128 HPWL: 2597668
[NesterovSolve] Iter: 40 overflow: 0.917187 HPWL: 2564572
[NesterovSolve] Iter: 50 overflow: 0.930834 HPWL: 2520391
[NesterovSolve] Iter: 60 overflow: 0.927711 HPWL: 2505061
[NesterovSolve] Iter: 70 overflow: 0.923901 HPWL: 2499200
[NesterovSolve] Iter: 80 overflow: 0.931949 HPWL: 2478264
[NesterovSolve] Iter: 90 overflow: 0.927785 HPWL: 2451233
[NesterovSolve] Iter: 100 overflow: 0.939601 HPWL: 2430554
[NesterovSolve] Iter: 110 overflow: 0.931521 HPWL: 2419943
[NesterovSolve] Iter: 120 overflow: 0.943222 HPWL: 2413745
[NesterovSolve] Iter: 130 overflow: 0.936362 HPWL: 2421713
[NesterovSolve] Iter: 140 overflow: 0.927894 HPWL: 2475549
[NesterovSolve] Iter: 150 overflow: 0.926131 HPWL: 2585809
[NesterovSolve] Iter: 160 overflow: 0.919378 HPWL: 2852159
[NesterovSolve] Iter: 170 overflow: 0.894172 HPWL: 3280536
[NesterovSolve] Iter: 180 overflow: 0.882349 HPWL: 4013690
[NesterovSolve] Iter: 190 overflow: 0.851121 HPWL: 4968714
[NesterovSolve] Iter: 200 overflow: 0.824898 HPWL: 5759763
[NesterovSolve] Iter: 210 overflow: 0.787653 HPWL: 6380246
[INFO GPL-0100] worst slack 5.75e-09
[INFO GPL-0103] Weighted 73 nets.
[NesterovSolve] Iter: 220 overflow: 0.766213 HPWL: 7116402
[NesterovSolve] Iter: 230 overflow: 0.719667 HPWL: 8014814
[NesterovSolve] Iter: 240 overflow: 0.677797 HPWL: 8759664
[INFO GPL-0100] worst slack 5.62e-09
[INFO GPL-0103] Weighted 73 nets.
[NesterovSolve] Iter: 250 overflow: 0.62945 HPWL: 9423578
[NesterovSolve] Snapshot saved at iter = 256
[NesterovSolve] Iter: 260 overflow: 0.574763 HPWL: 10325548
[NesterovSolve] Iter: 270 overflow: 0.533583 HPWL: 11030552
[INFO GPL-0100] worst slack 5.74e-09
[INFO GPL-0103] Weighted 74 nets.
[NesterovSolve] Iter: 280 overflow: 0.47836 HPWL: 11698149
[NesterovSolve] Iter: 290 overflow: 0.42008 HPWL: 12171734
[NesterovSolve] Iter: 300 overflow: 0.361988 HPWL: 12734667
[NesterovSolve] Iter: 310 overflow: 0.307703 HPWL: 12966258
[INFO GPL-0100] worst slack 5.76e-09
[INFO GPL-0103] Weighted 74 nets.
[NesterovSolve] Iter: 320 overflow: 0.25683 HPWL: 13143024
[NesterovSolve] Iter: 330 overflow: 0.227484 HPWL: 13337785
[INFO GPL-0100] worst slack 5.78e-09
[INFO GPL-0103] Weighted 74 nets.
[INFO GPL-0075] Routability numCall: 1 inflationIterCnt: 1 bloatIterCnt: 0
[INFO GPL-0036] TileLxLy: 0 0
[INFO GPL-0037] TileSize: 6900 6900
[INFO GPL-0038] TileCnt: 22 23
[INFO GPL-0039] numRoutingLayers: 6
[INFO GPL-0040] NumTiles: 506
[INFO GPL-0063] TotalRouteOverflowH2: 0.6000000238418579
[INFO GPL-0064] TotalRouteOverflowV2: 0.0
[INFO GPL-0065] OverflowTileCnt2: 2
[INFO GPL-0066] 0.5%RC: 1.0857142891202654
[INFO GPL-0067] 1.0%RC: 1.0428571445601327
[INFO GPL-0068] 2.0%RC: 1.0214285722800664
[INFO GPL-0069] 5.0%RC: 0.9557970978211665
[INFO GPL-0070] 0.5rcK: 1.0
[INFO GPL-0071] 1.0rcK: 1.0
[INFO GPL-0072] 2.0rcK: 0.0
[INFO GPL-0073] 5.0rcK: 0.0
[INFO GPL-0074] FinalRC: 1.0642858
[NesterovSolve] Iter: 340 overflow: 0.194885 HPWL: 13390664
[NesterovSolve] Iter: 350 overflow: 0.169646 HPWL: 13480121
[NesterovSolve] Iter: 360 overflow: 0.141778 HPWL: 13609483
[INFO GPL-0100] worst slack 5.77e-09
[INFO GPL-0103] Weighted 74 nets.
[NesterovSolve] Iter: 370 overflow: 0.11722 HPWL: 13605984
[NesterovSolve] Iter: 380 overflow: 0.104827 HPWL: 13676315
[NesterovSolve] Finished with Overflow: 0.095580
Writing OpenROAD database to '/openlane/designs/bist_top/runs/RUN_2026.07.07_06.59.45/tmp/placement/5-global.odb'…
Writing netlist to '/openlane/designs/bist_top/runs/RUN_2026.07.07_06.59.45/tmp/placement/5-global.nl.v'…
Writing powered netlist to '/openlane/designs/bist_top/runs/RUN_2026.07.07_06.59.45/tmp/placement/5-global.pnl.v'…
Writing layout to '/openlane/designs/bist_top/runs/RUN_2026.07.07_06.59.45/tmp/placement/5-global.def'…
