Tue Jul 07 06:59:45 UTC 2026 - Executing "openroad -exit -no_init -python /openlane/scripts/odbpy/lefutil.py get_metal_layers -o /openlane/designs/bist_top/runs/RUN_2026.07.07_06.59.45/tmp/layers.list /root/.ciel/sky130A/libs.ref/sky130_fd_sc_hd/techlef/sky130_fd_sc_hd__nom.tlef"

Tue Jul 07 06:59:45 UTC 2026 - Executing "/openlane/scripts/mergeLef.py -o /openlane/designs/bist_top/runs/RUN_2026.07.07_06.59.45/tmp/merged.nom.lef -i /root/.ciel/sky130A/libs.ref/sky130_fd_sc_hd/techlef/sky130_fd_sc_hd__nom.tlef {/root/.ciel/sky130A/libs.ref/sky130_fd_sc_hd/lef/sky130_ef_sc_hd.lef /root/.ciel/sky130A/libs.ref/sky130_fd_sc_hd/lef/sky130_fd_sc_hd.lef} |& tee /dev/null"

Tue Jul 07 06:59:45 UTC 2026 - Executing "/openlane/scripts/mergeLef.py -o /openlane/designs/bist_top/runs/RUN_2026.07.07_06.59.45/tmp/merged.nom.lef -i /openlane/designs/bist_top/runs/RUN_2026.07.07_06.59.45/tmp/merged.nom.lef /openlane/designs/bist_top/macros/sram_64x4.lef |& tee /dev/null"

Tue Jul 07 06:59:45 UTC 2026 - Executing "/openlane/scripts/mergeLef.py -o /openlane/designs/bist_top/runs/RUN_2026.07.07_06.59.45/tmp/merged.min.lef -i /root/.ciel/sky130A/libs.ref/sky130_fd_sc_hd/techlef/sky130_fd_sc_hd__min.tlef {/root/.ciel/sky130A/libs.ref/sky130_fd_sc_hd/lef/sky130_ef_sc_hd.lef /root/.ciel/sky130A/libs.ref/sky130_fd_sc_hd/lef/sky130_fd_sc_hd.lef} |& tee /dev/null"

Tue Jul 07 06:59:45 UTC 2026 - Executing "/openlane/scripts/mergeLef.py -o /openlane/designs/bist_top/runs/RUN_2026.07.07_06.59.45/tmp/merged.min.lef -i /openlane/designs/bist_top/runs/RUN_2026.07.07_06.59.45/tmp/merged.min.lef /openlane/designs/bist_top/macros/sram_64x4.lef |& tee /dev/null"

Tue Jul 07 06:59:45 UTC 2026 - Executing "/openlane/scripts/mergeLef.py -o /openlane/designs/bist_top/runs/RUN_2026.07.07_06.59.45/tmp/merged.max.lef -i /root/.ciel/sky130A/libs.ref/sky130_fd_sc_hd/techlef/sky130_fd_sc_hd__max.tlef {/root/.ciel/sky130A/libs.ref/sky130_fd_sc_hd/lef/sky130_ef_sc_hd.lef /root/.ciel/sky130A/libs.ref/sky130_fd_sc_hd/lef/sky130_fd_sc_hd.lef} |& tee /dev/null"

Tue Jul 07 06:59:45 UTC 2026 - Executing "/openlane/scripts/mergeLef.py -o /openlane/designs/bist_top/runs/RUN_2026.07.07_06.59.45/tmp/merged.max.lef -i /openlane/designs/bist_top/runs/RUN_2026.07.07_06.59.45/tmp/merged.max.lef /openlane/designs/bist_top/macros/sram_64x4.lef |& tee /dev/null"

Tue Jul 07 06:59:46 UTC 2026 - Executing "python3 /openlane/scripts/mergeLib.py --output /openlane/designs/bist_top/runs/RUN_2026.07.07_06.59.45/tmp/synthesis/merged.lib --name sky130A_merged /root/.ciel/sky130A/libs.ref/sky130_fd_sc_hd/lib/sky130_fd_sc_hd__tt_025C_1v80.lib"

Tue Jul 07 06:59:46 UTC 2026 - Executing "python3 /openlane/scripts/libtrim.py --cell-file /openlane/designs/bist_top/runs/RUN_2026.07.07_06.59.45/tmp/synthesis/trimmed.lib.exclude.list --output /openlane/designs/bist_top/runs/RUN_2026.07.07_06.59.45/tmp/synthesis/trimmed.lib /openlane/designs/bist_top/runs/RUN_2026.07.07_06.59.45/tmp/synthesis/merged.lib"

Tue Jul 07 06:59:46 UTC 2026 - Executing "python3 /openlane/scripts/libtrim.py --cell-file /openlane/designs/bist_top/runs/RUN_2026.07.07_06.59.45/tmp/cts/cts.lib.exclude.list --output /openlane/designs/bist_top/runs/RUN_2026.07.07_06.59.45/tmp/cts/cts.lib /root/.ciel/sky130A/libs.ref/sky130_fd_sc_hd/lib/sky130_fd_sc_hd__tt_025C_1v80.lib"

Tue Jul 07 06:59:46 UTC 2026 - Executing "python3 /openlane/scripts/libtrim.py --cell-file /openlane/designs/bist_top/runs/RUN_2026.07.07_06.59.45/tmp/cts/cts-fastest.lib.exclude.list --output /openlane/designs/bist_top/runs/RUN_2026.07.07_06.59.45/tmp/cts/cts-fastest.lib /root/.ciel/sky130A/libs.ref/sky130_fd_sc_hd/lib/sky130_fd_sc_hd__ff_n40C_1v95.lib"

Tue Jul 07 06:59:47 UTC 2026 - Executing "python3 /openlane/scripts/libtrim.py --cell-file /openlane/designs/bist_top/runs/RUN_2026.07.07_06.59.45/tmp/cts/cts-slowest.lib.exclude.list --output /openlane/designs/bist_top/runs/RUN_2026.07.07_06.59.45/tmp/cts/cts-slowest.lib /root/.ciel/sky130A/libs.ref/sky130_fd_sc_hd/lib/sky130_fd_sc_hd__ss_100C_1v60.lib"

Tue Jul 07 06:59:47 UTC 2026 - Executing "python3 /openlane/scripts/new_tracks.py -i /root/.ciel/sky130A/libs.tech/openlane/sky130_fd_sc_hd/tracks.info -o /openlane/designs/bist_top/runs/RUN_2026.07.07_06.59.45/tmp/routing/config.tracks"

Tue Jul 07 06:59:47 UTC 2026 - Executing "echo {OpenLane ff5509f65b17bfa4068d5336495ab1718987ff69} > /openlane/designs/bist_top/runs/RUN_2026.07.07_06.59.45/OPENLANE_COMMIT"

Tue Jul 07 06:59:47 UTC 2026 - Executing "bash -c {verilator  --lint-only  -Wall  --Wno-DECLFILENAME  --top-module bist_top  /openlane/designs/bist_top/src/pattern_generator.v /openlane/designs/bist_top/src/test_engine.v /openlane/designs/bist_top/src/data_comparator.v /openlane/designs/bist_top/src/bist_top.v /openlane/designs/bist_top/src/sram_wrapper.v /openlane/designs/bist_top/src/add_gen.v /openlane/designs/bist_top/macros/sram_64x4.v -Wno-fatal --relative-includes |& tee /openlane/designs/bist_top/runs/RUN_2026.07.07_06.59.45/logs/synthesis/linter.log /dev/null}"

Tue Jul 07 06:59:47 UTC 2026 - Executing "sed -E {s/^([[:space:]]+)pg_pin(.*)/\1pin\2\n\1    direction : "inout";/g} /root/.ciel/sky130A/libs.ref/sky130_fd_sc_hd/lib/sky130_fd_sc_hd__tt_025C_1v80.lib > /openlane/designs/bist_top/runs/RUN_2026.07.07_06.59.45/tmp/synthesis/1-sky130_fd_sc_hd__tt_025C_1v80.no_pg.lib"

Tue Jul 07 06:59:47 UTC 2026 - Executing "sed -E {s/^([[:space:]]+)pg_pin(.*)/\1pin\2\n\1    direction : "inout";/g} /openlane/designs/bist_top/runs/RUN_2026.07.07_06.59.45/tmp/synthesis/trimmed.lib > /openlane/designs/bist_top/runs/RUN_2026.07.07_06.59.45/tmp/synthesis/1-trimmed.no_pg.lib"

Tue Jul 07 06:59:47 UTC 2026 - Executing "yosys -c /openlane/scripts/yosys/synth.tcl |& tee /dev/null /openlane/designs/bist_top/runs/RUN_2026.07.07_06.59.45/logs/synthesis/1-synthesis.log"

Tue Jul 07 06:59:49 UTC 2026 - Executing "sed -i.bak -e {s/\(set ::env(CURRENT_NETLIST)\).*/\1 \/openlane\/designs\/bist_top\/runs\/RUN_2026.07.07_06.59.45\/results\/synthesis\/bist_top.v/} /openlane/designs/bist_top/runs/RUN_2026.07.07_06.59.45/config.tcl"

Tue Jul 07 06:59:49 UTC 2026 - Executing "sed -i.bak /defparam/d /openlane/designs/bist_top/runs/RUN_2026.07.07_06.59.45/results/synthesis/bist_top.v"

Tue Jul 07 06:59:49 UTC 2026 - Executing "sta -exit -no_init /openlane/scripts/openroad/sta/multi_corner.tcl |& tee /dev/null /openlane/designs/bist_top/runs/RUN_2026.07.07_06.59.45/logs/synthesis/2-sta.log"

Tue Jul 07 06:59:50 UTC 2026 - Executing "openroad -exit /openlane/scripts/openroad/floorplan.tcl |& tee /dev/null /openlane/designs/bist_top/runs/RUN_2026.07.07_06.59.45/logs/floorplan/3-initial_fp.log"

Tue Jul 07 06:59:50 UTC 2026 - Executing "openroad -exit -no_init -python /openlane/scripts/odbpy/snap_to_grid.py --output /openlane/designs/bist_top/runs/RUN_2026.07.07_06.59.45/tmp/floorplan/3-minimized_pdn.txt --input-lef /openlane/designs/bist_top/runs/RUN_2026.07.07_06.59.45/tmp/merged.nom.lef 17.7675 17.68 35.535 35.36"

Tue Jul 07 06:59:51 UTC 2026 - Executing "openroad -exit -no_init -python /openlane/scripts/odbpy/defutil.py extract_core_dims --output-data /openlane/designs/bist_top/runs/RUN_2026.07.07_06.59.45/tmp/dimensions.txt --input-lef /openlane/designs/bist_top/runs/RUN_2026.07.07_06.59.45/tmp/merged.nom.lef /openlane/designs/bist_top/runs/RUN_2026.07.07_06.59.45/tmp/floorplan/3-initial_fp.def"

Tue Jul 07 06:59:51 UTC 2026 - Executing "openroad -exit /openlane/scripts/openroad/ioplacer.tcl |& tee /dev/null /openlane/designs/bist_top/runs/RUN_2026.07.07_06.59.45/logs/floorplan/4-io.log"

Tue Jul 07 06:59:52 UTC 2026 - Executing "openroad -exit /openlane/scripts/openroad/gpl.tcl |& tee /dev/null /openlane/designs/bist_top/runs/RUN_2026.07.07_06.59.45/logs/placement/5-global.log"

Tue Jul 07 06:59:53 UTC 2026 - Executing "sed -i.bak -e {s/\(set ::env(CURRENT_NETLIST)\).*/\1 \/openlane\/designs\/bist_top\/runs\/RUN_2026.07.07_06.59.45\/tmp\/placement\/5-global.nl.v/} /openlane/designs/bist_top/runs/RUN_2026.07.07_06.59.45/config.tcl"

Tue Jul 07 06:59:54 UTC 2026 - Executing "openroad -exit /openlane/scripts/openroad/sta/multi_corner.tcl |& tee /dev/null /openlane/designs/bist_top/runs/RUN_2026.07.07_06.59.45/logs/placement/6-gpl_sta.log"

Tue Jul 07 06:59:54 UTC 2026 - Executing "openroad -exit /openlane/scripts/openroad/basic_mp.tcl |& tee /dev/null /openlane/designs/bist_top/runs/RUN_2026.07.07_06.59.45/logs/placement/7-basic_mp.log"

Tue Jul 07 06:59:55 UTC 2026 - Executing "openroad -exit /openlane/scripts/openroad/tapcell.tcl |& tee /dev/null /openlane/designs/bist_top/runs/RUN_2026.07.07_06.59.45/logs/floorplan/8-tap.log"

Tue Jul 07 06:59:56 UTC 2026 - Executing "openroad -exit /openlane/scripts/openroad/pdn.tcl |& tee /dev/null /openlane/designs/bist_top/runs/RUN_2026.07.07_06.59.45/logs/floorplan/9-pdn.log"

Tue Jul 07 06:59:56 UTC 2026 - Executing "openroad -exit /openlane/scripts/openroad/gpl.tcl |& tee /dev/null /openlane/designs/bist_top/runs/RUN_2026.07.07_06.59.45/logs/placement/10-global.log"

Tue Jul 07 06:59:58 UTC 2026 - Executing "sed -i.bak -e {s/\(set ::env(CURRENT_NETLIST)\).*/\1 \/openlane\/designs\/bist_top\/runs\/RUN_2026.07.07_06.59.45\/tmp\/placement\/10-global.nl.v/} /openlane/designs/bist_top/runs/RUN_2026.07.07_06.59.45/config.tcl"

Tue Jul 07 06:59:58 UTC 2026 - Executing "openroad -exit /openlane/scripts/openroad/sta/multi_corner.tcl |& tee /dev/null /openlane/designs/bist_top/runs/RUN_2026.07.07_06.59.45/logs/placement/11-gpl_sta.log"

Tue Jul 07 06:59:59 UTC 2026 - Executing "openroad -exit /openlane/scripts/openroad/resizer.tcl |& tee /dev/null /openlane/designs/bist_top/runs/RUN_2026.07.07_06.59.45/logs/placement/12-resizer.log"

Tue Jul 07 07:00:01 UTC 2026 - Executing "sed -i.bak -e {s/\(set ::env(CURRENT_NETLIST)\).*/\1 \/openlane\/designs\/bist_top\/runs\/RUN_2026.07.07_06.59.45\/tmp\/placement\/12-resizer.nl.v/} /openlane/designs/bist_top/runs/RUN_2026.07.07_06.59.45/config.tcl"

Tue Jul 07 07:00:01 UTC 2026 - Executing "openroad -exit /openlane/scripts/openroad/dpl.tcl |& tee /dev/null /openlane/designs/bist_top/runs/RUN_2026.07.07_06.59.45/logs/placement/13-detailed.log"

Tue Jul 07 07:00:01 UTC 2026 - Executing "sed -i.bak -e {s/\(set ::env(CURRENT_NETLIST)\).*/\1 \/openlane\/designs\/bist_top\/runs\/RUN_2026.07.07_06.59.45\/results\/placement\/bist_top.nl.v/} /openlane/designs/bist_top/runs/RUN_2026.07.07_06.59.45/config.tcl"

Tue Jul 07 07:00:02 UTC 2026 - Executing "openroad -exit /openlane/scripts/openroad/sta/multi_corner.tcl |& tee /dev/null /openlane/designs/bist_top/runs/RUN_2026.07.07_06.59.45/logs/placement/14-dpl_sta.log"

Tue Jul 07 07:00:02 UTC 2026 - Executing "openroad -exit /openlane/scripts/openroad/cts.tcl |& tee /dev/null /openlane/designs/bist_top/runs/RUN_2026.07.07_06.59.45/logs/cts/15-cts.log"

Tue Jul 07 07:00:40 UTC 2026 - Executing "openroad -exit /openlane/scripts/openroad/sta/multi_corner.tcl |& tee /dev/null /openlane/designs/bist_top/runs/RUN_2026.07.07_06.59.45/logs/cts/16-cts_sta.log"

Tue Jul 07 07:00:41 UTC 2026 - Executing "openroad -exit /openlane/scripts/openroad/resizer_timing.tcl |& tee /dev/null /openlane/designs/bist_top/runs/RUN_2026.07.07_06.59.45/logs/cts/17-resizer.log"

Tue Jul 07 07:00:43 UTC 2026 - Executing "sed -i.bak -e {s/\(set ::env(CURRENT_NETLIST)\).*/\1 \/openlane\/designs\/bist_top\/runs\/RUN_2026.07.07_06.59.45\/tmp\/cts\/17-bist_top.resized.nl.v/} /openlane/designs/bist_top/runs/RUN_2026.07.07_06.59.45/config.tcl"

Tue Jul 07 07:00:43 UTC 2026 - Executing "openroad -exit /openlane/scripts/openroad/resizer_routing_design.tcl |& tee /dev/null /openlane/designs/bist_top/runs/RUN_2026.07.07_06.59.45/logs/routing/18-resizer_design.log"

Tue Jul 07 07:00:44 UTC 2026 - Executing "sed -i.bak -e {s/\(set ::env(CURRENT_NETLIST)\).*/\1 \/openlane\/designs\/bist_top\/runs\/RUN_2026.07.07_06.59.45\/tmp\/18-bist_top.nl.v/} /openlane/designs/bist_top/runs/RUN_2026.07.07_06.59.45/config.tcl"

Tue Jul 07 07:00:44 UTC 2026 - Executing "openroad -exit /openlane/scripts/openroad/sta/multi_corner.tcl |& tee /dev/null /openlane/designs/bist_top/runs/RUN_2026.07.07_06.59.45/logs/routing/19-rsz_design_sta.log"

Tue Jul 07 07:00:45 UTC 2026 - Executing "openroad -exit /openlane/scripts/openroad/resizer_routing_timing.tcl |& tee /dev/null /openlane/designs/bist_top/runs/RUN_2026.07.07_06.59.45/logs/routing/20-resizer_timing.log"

Tue Jul 07 07:00:47 UTC 2026 - Executing "sed -i.bak -e {s/\(set ::env(CURRENT_NETLIST)\).*/\1 \/openlane\/designs\/bist_top\/runs\/RUN_2026.07.07_06.59.45\/tmp\/20-bist_top.nl.v/} /openlane/designs/bist_top/runs/RUN_2026.07.07_06.59.45/config.tcl"

Tue Jul 07 07:00:47 UTC 2026 - Executing "openroad -exit /openlane/scripts/openroad/sta/multi_corner.tcl |& tee /dev/null /openlane/designs/bist_top/runs/RUN_2026.07.07_06.59.45/logs/routing/21-rsz_timing_sta.log"

Tue Jul 07 07:00:49 UTC 2026 - Executing "openroad -exit /openlane/scripts/openroad/groute.tcl |& tee /dev/null /openlane/designs/bist_top/runs/RUN_2026.07.07_06.59.45/logs/routing/22-global.log"

Tue Jul 07 07:00:49 UTC 2026 - Executing "openroad -exit /openlane/scripts/openroad/write_views.tcl |& tee /dev/null /openlane/designs/bist_top/runs/RUN_2026.07.07_06.59.45/logs/routing/22-global_write_netlist.log"

Tue Jul 07 07:00:50 UTC 2026 - Executing "sed -i.bak -e {s/\(set ::env(CURRENT_NETLIST)\).*/\1 \/openlane\/designs\/bist_top\/runs\/RUN_2026.07.07_06.59.45\/tmp\/routing\/global.nl.v/} /openlane/designs/bist_top/runs/RUN_2026.07.07_06.59.45/config.tcl"

Tue Jul 07 07:00:50 UTC 2026 - Executing "openroad -exit /openlane/scripts/openroad/sta/multi_corner.tcl |& tee /dev/null /openlane/designs/bist_top/runs/RUN_2026.07.07_06.59.45/logs/routing/24-grt_sta.log"

Tue Jul 07 07:00:51 UTC 2026 - Executing "openroad -exit /openlane/scripts/openroad/fill.tcl |& tee /dev/null /openlane/designs/bist_top/runs/RUN_2026.07.07_06.59.45/logs/routing/25-fill.log"

Tue Jul 07 07:00:52 UTC 2026 - Executing "sed -i.bak -e {s/\(set ::env(CURRENT_NETLIST)\).*/\1 \/openlane\/designs\/bist_top\/runs\/RUN_2026.07.07_06.59.45\/tmp\/routing\/25-fill.nl.v/} /openlane/designs/bist_top/runs/RUN_2026.07.07_06.59.45/config.tcl"

Tue Jul 07 07:00:52 UTC 2026 - Executing "openroad -exit /openlane/scripts/openroad/droute.tcl |& tee /dev/null /openlane/designs/bist_top/runs/RUN_2026.07.07_06.59.45/logs/routing/26-detailed.log"

Tue Jul 07 07:02:17 UTC 2026 - Executing "sed -i.bak -e {s/\(set ::env(CURRENT_NETLIST)\).*/\1 \/openlane\/designs\/bist_top\/runs\/RUN_2026.07.07_06.59.45\/results\/routing\/bist_top.nl.v/} /openlane/designs/bist_top/runs/RUN_2026.07.07_06.59.45/config.tcl"

Tue Jul 07 07:02:17 UTC 2026 - Executing "python3 /openlane/scripts/drc_rosetta.py tr to_klayout -o /openlane/designs/bist_top/runs/RUN_2026.07.07_06.59.45/reports/routing/drt.klayout.xml --design-name bist_top /openlane/designs/bist_top/runs/RUN_2026.07.07_06.59.45/reports/routing/drt.drc"

Tue Jul 07 07:02:17 UTC 2026 - Executing "openroad -exit -no_init -python /openlane/scripts/odbpy/wire_lengths.py --report-out /openlane/designs/bist_top/runs/RUN_2026.07.07_06.59.45/reports/routing/27-wire_lengths.csv --input-lef /openlane/designs/bist_top/runs/RUN_2026.07.07_06.59.45/tmp/merged.nom.lef --output-def /dev/null --output /openlane/designs/bist_top/runs/RUN_2026.07.07_06.59.45/results/routing/bist_top.odb /openlane/designs/bist_top/runs/RUN_2026.07.07_06.59.45/results/routing/bist_top.odb |& tee /dev/null /openlane/designs/bist_top/runs/RUN_2026.07.07_06.59.45/logs/routing/27-wire_lengths.log"

Tue Jul 07 07:02:18 UTC 2026 - Executing "openroad -exit /openlane/scripts/openroad/rcx.tcl |& tee /dev/null /openlane/designs/bist_top/runs/RUN_2026.07.07_06.59.45/logs/signoff/28-parasitics_extraction.min.log"

Tue Jul 07 07:02:19 UTC 2026 - Executing "sta -exit -no_init /openlane/scripts/openroad/sta/multi_corner.tcl |& tee /dev/null /openlane/designs/bist_top/runs/RUN_2026.07.07_06.59.45/logs/signoff/29-rcx_mcsta.min.log"

Tue Jul 07 07:02:22 UTC 2026 - Executing "openroad -exit /openlane/scripts/openroad/rcx.tcl |& tee /dev/null /openlane/designs/bist_top/runs/RUN_2026.07.07_06.59.45/logs/signoff/30-parasitics_extraction.max.log"

Tue Jul 07 07:02:23 UTC 2026 - Executing "sta -exit -no_init /openlane/scripts/openroad/sta/multi_corner.tcl |& tee /dev/null /openlane/designs/bist_top/runs/RUN_2026.07.07_06.59.45/logs/signoff/31-rcx_mcsta.max.log"

Tue Jul 07 07:02:26 UTC 2026 - Executing "openroad -exit /openlane/scripts/openroad/rcx.tcl |& tee /dev/null /openlane/designs/bist_top/runs/RUN_2026.07.07_06.59.45/logs/signoff/32-parasitics_extraction.nom.log"

Tue Jul 07 07:02:27 UTC 2026 - Executing "sta -exit -no_init /openlane/scripts/openroad/sta/multi_corner.tcl |& tee /dev/null /openlane/designs/bist_top/runs/RUN_2026.07.07_06.59.45/logs/signoff/33-rcx_mcsta.nom.log"

Tue Jul 07 07:02:30 UTC 2026 - Executing "sta -exit -no_init /openlane/scripts/openroad/sta/multi_corner.tcl |& tee /dev/null /openlane/designs/bist_top/runs/RUN_2026.07.07_06.59.45/logs/signoff/34-rcx_sta.log"

Tue Jul 07 07:02:31 UTC 2026 - Executing "openroad -exit /openlane/scripts/openroad/irdrop.tcl |& tee /dev/null /openlane/designs/bist_top/runs/RUN_2026.07.07_06.59.45/logs/signoff/35-irdrop.log"

Tue Jul 07 07:02:32 UTC 2026 - Executing "magic -noconsole -dnull -rcfile /root/.ciel/sky130A/libs.tech/magic/sky130A.magicrc < /openlane/scripts/magic/wrapper.tcl |& tee /dev/null /openlane/designs/bist_top/runs/RUN_2026.07.07_06.59.45/logs/signoff/36-gdsii.log"

Tue Jul 07 07:02:33 UTC 2026 - Executing "magic -noconsole -dnull -rcfile /root/.ciel/sky130A/libs.tech/magic/sky130A.magicrc < /openlane/scripts/magic/wrapper.tcl |& tee /dev/null /openlane/designs/bist_top/runs/RUN_2026.07.07_06.59.45/logs/signoff/36-gds_ptrs.log"

Tue Jul 07 07:02:33 UTC 2026 - Executing "sed -i.bak -n {/^<< properties >>/,/^<< end >>/p} /openlane/designs/bist_top/runs/RUN_2026.07.07_06.59.45/tmp/signoff/gds_ptrs.mag"

Tue Jul 07 07:02:34 UTC 2026 - Executing "magic -noconsole -dnull -rcfile /root/.ciel/sky130A/libs.tech/magic/sky130A.magicrc < /openlane/scripts/magic/wrapper.tcl |& tee /dev/null /openlane/designs/bist_top/runs/RUN_2026.07.07_06.59.45/logs/signoff/36-lef.log"

Tue Jul 07 07:02:34 UTC 2026 - Executing "magic -noconsole -dnull -rcfile /root/.ciel/sky130A/libs.tech/magic/sky130A.magicrc < /openlane/scripts/magic/wrapper.tcl |& tee /dev/null /openlane/designs/bist_top/runs/RUN_2026.07.07_06.59.45/logs/signoff/36-maglef.log"

Tue Jul 07 07:02:35 UTC 2026 - Executing "python3 /openlane/scripts/klayout/stream_out.py --output /openlane/designs/bist_top/runs/RUN_2026.07.07_06.59.45/results/signoff/bist_top.klayout.gds --lyt /root/.ciel/sky130A/libs.tech/klayout/tech/sky130A.lyt --lym /root/.ciel/sky130A/libs.tech/klayout/tech/sky130A.map --lyp /root/.ciel/sky130A/libs.tech/klayout/tech/sky130A.lyp --top bist_top --with-gds-file /root/.ciel/sky130A/libs.ref/sky130_fd_sc_hd/gds/sky130_fd_sc_hd.gds --with-gds-file /openlane/designs/bist_top/macros/sram_64x4.gds --input-lef /openlane/designs/bist_top/runs/RUN_2026.07.07_06.59.45/tmp/merged.nom.lef /openlane/designs/bist_top/runs/RUN_2026.07.07_06.59.45/results/routing/bist_top.def |& tee /dev/null /openlane/designs/bist_top/runs/RUN_2026.07.07_06.59.45/logs/signoff/37-gdsii-klayout.log"

Tue Jul 07 07:02:36 UTC 2026 - Executing "klayout -b -r /openlane/scripts/klayout/xor.drc -rd a=/openlane/designs/bist_top/runs/RUN_2026.07.07_06.59.45/results/signoff/bist_top.gds -rd b=/openlane/designs/bist_top/runs/RUN_2026.07.07_06.59.45/results/signoff/bist_top.klayout.gds -rd jobs=1 -rd rdb_out=/openlane/designs/bist_top/runs/RUN_2026.07.07_06.59.45/reports/signoff/38-xor.xml -rd ignore=81/14 -rd rpt_out=/openlane/designs/bist_top/runs/RUN_2026.07.07_06.59.45/reports/signoff/38-xor.rpt |& tee /dev/null /openlane/designs/bist_top/runs/RUN_2026.07.07_06.59.45/logs/signoff/38-xor.log"

