[INFO]: Run Directory: /openlane/designs/bist_top/runs/RUN_2026.07.07_06.59.45
[INFO]: Saving runtime environment...
[INFO]: Preparing LEF files for the nom corner...
[INFO]: Preparing LEF files for the min corner...
[INFO]: Preparing LEF files for the max corner...
[INFO]: Running linter (Verilator) (log: runs/RUN_2026.07.07_06.59.45/logs/synthesis/linter.log)...
[INFO]: 0 errors found by linter
[INFO]: 0 warnings found by linter
[INFO]: Running Synthesis (log: runs/RUN_2026.07.07_06.59.45/logs/synthesis/1-synthesis.log)...
[INFO]: Running Single-Corner Static Timing Analysis (log: runs/RUN_2026.07.07_06.59.45/logs/synthesis/2-sta.log)...
[INFO]: Running Initial Floorplanning (log: runs/RUN_2026.07.07_06.59.45/logs/floorplan/3-initial_fp.log)...
[WARNING]: Current core area is too small for the power grid settings chosen. The power grid will be scaled down.
[INFO]: Floorplanned with width 142.14 and height 141.44.
[INFO]: Running IO Placement...
[INFO]: Running Global Placement (log: runs/RUN_2026.07.07_06.59.45/logs/placement/5-global.log)...
[INFO]: Running Single-Corner Static Timing Analysis (log: runs/RUN_2026.07.07_06.59.45/logs/placement/6-gpl_sta.log)...
[INFO]: Running basic macro placement (log: runs/RUN_2026.07.07_06.59.45/logs/placement/7-basic_mp.log)...
[INFO]: Running Tap/Decap Insertion (log: runs/RUN_2026.07.07_06.59.45/logs/floorplan/8-tap.log)...
[INFO]: Power planning with power {VPWR} and ground {VGND}...
[INFO]: Generating PDN (log: runs/RUN_2026.07.07_06.59.45/logs/floorplan/9-pdn.log)...
[INFO]: Running Global Placement (log: runs/RUN_2026.07.07_06.59.45/logs/placement/10-global.log)...
[INFO]: Running Single-Corner Static Timing Analysis (log: runs/RUN_2026.07.07_06.59.45/logs/placement/11-gpl_sta.log)...
[INFO]: Running Placement Resizer Design Optimizations (log: runs/RUN_2026.07.07_06.59.45/logs/placement/12-resizer.log)...
[INFO]: Running Detailed Placement (log: runs/RUN_2026.07.07_06.59.45/logs/placement/13-detailed.log)...
[INFO]: Running Single-Corner Static Timing Analysis (log: runs/RUN_2026.07.07_06.59.45/logs/placement/14-dpl_sta.log)...
[INFO]: Running Clock Tree Synthesis (log: runs/RUN_2026.07.07_06.59.45/logs/cts/15-cts.log)...
[INFO]: Running Single-Corner Static Timing Analysis (log: runs/RUN_2026.07.07_06.59.45/logs/cts/16-cts_sta.log)...
[INFO]: Running Placement Resizer Timing Optimizations (log: runs/RUN_2026.07.07_06.59.45/logs/cts/17-resizer.log)...
[INFO]: Running Global Routing Resizer Design Optimizations (log: runs/RUN_2026.07.07_06.59.45/logs/routing/18-resizer_design.log)...
[INFO]: Running Single-Corner Static Timing Analysis (log: runs/RUN_2026.07.07_06.59.45/logs/routing/19-rsz_design_sta.log)...
[INFO]: Running Global Routing Resizer Timing Optimizations (log: runs/RUN_2026.07.07_06.59.45/logs/routing/20-resizer_timing.log)...
[INFO]: Running Single-Corner Static Timing Analysis (log: runs/RUN_2026.07.07_06.59.45/logs/routing/21-rsz_timing_sta.log)...
[INFO]: Running Global Routing (log: runs/RUN_2026.07.07_06.59.45/logs/routing/22-global.log)...
[INFO]: Starting OpenROAD Antenna Repair Iterations...
[INFO]: Writing Verilog (log: runs/RUN_2026.07.07_06.59.45/logs/routing/22-global_write_netlist.log)...
[INFO]: Running Single-Corner Static Timing Analysis (log: runs/RUN_2026.07.07_06.59.45/logs/routing/24-grt_sta.log)...
[INFO]: Running Fill Insertion (log: runs/RUN_2026.07.07_06.59.45/logs/routing/25-fill.log)...
[INFO]: Running Detailed Routing (log: runs/RUN_2026.07.07_06.59.45/logs/routing/26-detailed.log)...
[INFO]: No DRC violations after detailed routing.
[INFO]: Checking Wire Lengths (log: runs/RUN_2026.07.07_06.59.45/logs/routing/27-wire_lengths.log)...
[INFO]: Running SPEF Extraction at the min process corner (log: runs/RUN_2026.07.07_06.59.45/logs/signoff/28-parasitics_extraction.min.log)...
[INFO]: Running Multi-Corner Static Timing Analysis at the min process corner (log: runs/RUN_2026.07.07_06.59.45/logs/signoff/29-rcx_mcsta.min.log)...
[INFO]: Running SPEF Extraction at the max process corner (log: runs/RUN_2026.07.07_06.59.45/logs/signoff/30-parasitics_extraction.max.log)...
[INFO]: Running Multi-Corner Static Timing Analysis at the max process corner (log: runs/RUN_2026.07.07_06.59.45/logs/signoff/31-rcx_mcsta.max.log)...
[INFO]: Running SPEF Extraction at the nom process corner (log: runs/RUN_2026.07.07_06.59.45/logs/signoff/32-parasitics_extraction.nom.log)...
[INFO]: Running Multi-Corner Static Timing Analysis at the nom process corner (log: runs/RUN_2026.07.07_06.59.45/logs/signoff/33-rcx_mcsta.nom.log)...
[INFO]: Running Single-Corner Static Timing Analysis at the nom process corner (log: runs/RUN_2026.07.07_06.59.45/logs/signoff/34-rcx_sta.log)...
[WARNING]: Module sky130_fd_sc_hd__tapvpwrvgnd_1 blackboxed during sta
[WARNING]: Module sky130_ef_sc_hd__decap_12 blackboxed during sta
[WARNING]: Module sky130_fd_sc_hd__fill_1 blackboxed during sta
[WARNING]: Module sky130_fd_sc_hd__fill_2 blackboxed during sta
[INFO]: Creating IR Drop Report (log: runs/RUN_2026.07.07_06.59.45/logs/signoff/35-irdrop.log)...
[WARNING]: VSRC_LOC_FILES is not defined. The IR drop analysis will run, but the values may be inaccurate.
[INFO]: Running Magic to generate various views...
[INFO]: Streaming out GDSII with Magic (log: runs/RUN_2026.07.07_06.59.45/logs/signoff/36-gdsii.log)...
[INFO]: Generating MAGLEF views...
[INFO]: Generating lef with Magic (/openlane/designs/bist_top/runs/RUN_2026.07.07_06.59.45/logs/signoff/36-lef.log)...
[INFO]: Streaming out GDSII with KLayout (log: runs/RUN_2026.07.07_06.59.45/logs/signoff/37-gdsii-klayout.log)...
[INFO]: Running XOR on the layouts using KLayout (log: runs/RUN_2026.07.07_06.59.45/logs/signoff/38-xor.log)...
[ERROR]: There are XOR differences in the design: See 'runs/RUN_2026.07.07_06.59.45/reports/signoff/38-xor.rpt' for details.
[ERROR]: Step 38 (gds_klayout) failed with error:
-code 1 -level 0 -errorcode NONE -errorinfo {
    while executing
"throw_error"
    (procedure "quit_on_xor_error" line 11)
    invoked from within
"quit_on_xor_error  -log $report"
    (procedure "run_klayout_gds_xor" line 28)
    invoked from within
"run_klayout_gds_xor"
    (procedure "run_klayout_step" line 6)
    invoked from within
"run_klayout_step"} -errorline 1
[INFO]: Saving current set of views in 'runs/RUN_2026.07.07_06.59.45/results/final'...
[INFO]: Generating final set of reports...
[ERROR]: Failed to create manufacturability and metric reports:
[ERROR]: Traceback (most recent call last):
  File "/openlane/scripts/generate_reports.py", line 23, in <module>
    from report.report import Report
  File "/openlane/scripts/report/report.py", line 26, in <module>
    from config.config import ConfigHandler  # noqa E402
ModuleNotFoundError: No module named 'config.config'; 'config' is not a package
[INFO]: Saving runtime environment...
[ERROR]: Flow failed.
[INFO]: The failure may have been because of the following warnings:
